Timestamp               Ty Process[PID:TID]
2026-09-25 04:53:27.105 Df meeterm[31416:3adb1] (Foundation) MEETERM_SMOKE_STARTUP phase=js_module_loaded
2026-09-25 04:53:27.111 Df meeterm[31416:3adb1] (Foundation) MEETERM_SMOKE_STARTUP phase=root_effect
2026-09-25 04:53:27.121 Df meeterm[31416:3adb1] (Foundation) MEETERM_SMOKE_STARTUP phase=initial_url_requested
2026-09-25 04:53:27.124 Df meeterm[31416:3adb1] (Foundation) MEETERM_SMOKE_STARTUP phase=initial_url_null
2026-09-25 04:53:27.151 Df meeterm[31416:3adb1] (Foundation) MEETERM_SMOKE_STARTUP phase=app_content_mounted
2026-09-25 04:53:27.151 Df meeterm[31416:3adb1] (Foundation) MEETERM_SMOKE_STARTUP phase=profiles_requested
2026-09-25 04:53:27.164 Df meeterm[31416:3adb1] (Foundation) MEETERM_SMOKE_STARTUP phase=profiles_succeeded
2026-09-25 04:53:30.912 Df meeterm[31419:3ae1d] (Foundation) MEETERM_SMOKE_STARTUP phase=js_module_loaded
2026-09-25 04:53:30.915 Df meeterm[31419:3ae1d] (Foundation) MEETERM_SMOKE_STARTUP phase=root_effect
2026-09-25 04:53:30.922 Df meeterm[31419:3ae1d] (Foundation) MEETERM_SMOKE_STARTUP phase=initial_url_requested
2026-09-25 04:53:30.926 Df meeterm[31419:3ae1d] (Foundation) MEETERM_SMOKE_STARTUP phase=initial_url_allowed_fixture
2026-09-25 04:53:30.972 Df meeterm[31419:3ae1d] (Foundation) MEETERM_SMOKE_STARTUP phase=app_content_mounted
2026-09-25 04:53:30.972 Df meeterm[31419:3adbe] (Foundation) MEETERM_SMOKE_INPUT_RESIGN focused=0 result=0
2026-09-25 04:53:30.972 Df meeterm[31419:3ae1d] (Foundation) MEETERM_SMOKE_STARTUP phase=profiles_requested
2026-09-25 04:53:30.973 Df meeterm[31419:3adbe] (Foundation) MEETERM_SMOKE_INPUT_RESIGN focused=0 result=0
2026-09-25 04:53:30.976 Df meeterm[31419:3ae1d] (Foundation) MEETERM_SMOKE_STARTUP phase=profiles_succeeded
2026-09-25 04:53:31.140 Df meeterm[31419:3adbe] (Foundation) MEETERM_SMOKE_INPUT_BINDING_CANCEL
2026-09-25 04:53:31.142 Df meeterm[31419:3adbe] (Foundation) MEETERM_SMOKE_INPUT_RESIGN focused=0 result=0
2026-09-25 04:53:31.149 Df meeterm[31419:3adbe] (Foundation) MEETERM_SMOKE_NATIVE_READY
2026-09-25 04:53:31.163 Df meeterm[31419:3adbe] (Foundation) MEETERM_SMOKE_INPUT_WINDOW attached=1
2026-09-25 04:53:31.217 Df meeterm[31419:3adbe] (Foundation) MEETERM_SMOKE_FIRST_FRAME_METAL
