Timestamp               Ty Process[PID:TID]
2026-09-27 17:14:14.198 Df meeterm[29094:3cc79] (Foundation) MEETERM_SMOKE_STARTUP phase=js_module_loaded
2026-09-27 17:14:14.210 Df meeterm[29094:3cc79] (Foundation) MEETERM_SMOKE_STARTUP phase=root_effect
2026-09-27 17:14:14.210 Df meeterm[29094:3cc79] (Foundation) MEETERM_SMOKE_STARTUP phase=initial_url_requested
2026-09-27 17:14:14.212 Df meeterm[29094:3cc79] (Foundation) MEETERM_SMOKE_STARTUP phase=initial_url_null
2026-09-27 17:14:14.255 Df meeterm[29094:3cc79] (Foundation) MEETERM_SMOKE_STARTUP phase=app_content_mounted
2026-09-27 17:14:14.255 Df meeterm[29094:3cc79] (Foundation) MEETERM_SMOKE_STARTUP phase=profiles_requested
2026-09-27 17:14:14.267 Df meeterm[29094:3cc79] (Foundation) MEETERM_SMOKE_STARTUP phase=profiles_succeeded
2026-09-27 17:15:31.984 Df meeterm[29094:3cc01] (Foundation) MEETERM_SMOKE_INPUT_RESIGN focused=0 result=0
2026-09-27 17:15:31.984 Df meeterm[29094:3cc01] (Foundation) MEETERM_SMOKE_INPUT_RESIGN focused=0 result=0
2026-09-27 17:15:32.628 Df meeterm[29094:3cc01] (Foundation) MEETERM_SMOKE_INPUT_BINDING_CANCEL
2026-09-27 17:15:32.628 Df meeterm[29094:3cc01] (Foundation) MEETERM_SMOKE_INPUT_RESIGN focused=0 result=0
2026-09-27 17:15:32.629 Df meeterm[29094:3cc01] (Foundation) MEETERM_SMOKE_THEME dark
2026-09-27 17:15:32.629 Df meeterm[29094:3cc01] (Foundation) MEETERM_SMOKE_NATIVE_READY
2026-09-27 17:15:32.629 Df meeterm[29094:3cc01] (Foundation) MEETERM_SMOKE_INPUT_BINDING_CANCEL
2026-09-27 17:15:32.629 Df meeterm[29094:3cc01] (Foundation) MEETERM_SMOKE_INPUT_RESIGN focused=0 result=0
2026-09-27 17:15:32.639 Df meeterm[29094:3cc01] (Foundation) MEETERM_SMOKE_INPUT_WINDOW attached=1
2026-09-27 17:15:32.664 Df meeterm[29094:3cc01] (Foundation) MEETERM_SMOKE_FIRST_FRAME_METAL
2026-09-27 17:15:33.520 Df meeterm[29094:3cc01] (Foundation) MEETERM_SMOKE_INPUT_WINDOW attached=0
2026-09-27 17:15:33.521 Df meeterm[29094:3cc01] (Foundation) MEETERM_SMOKE_INPUT_BINDING_CANCEL
2026-09-27 17:15:33.521 Df meeterm[29094:3cc01] (Foundation) MEETERM_SMOKE_INPUT_RESIGN focused=0 result=0
2026-09-27 17:15:34.763 Df meeterm[29094:3cc01] (Foundation) MEETERM_SMOKE_INPUT_RESIGN focused=0 result=0
2026-09-27 17:15:34.763 Df meeterm[29094:3cc01] (Foundation) MEETERM_SMOKE_INPUT_RESIGN focused=0 result=0
2026-09-27 17:15:34.770 Df meeterm[29094:3cc01] (Foundation) MEETERM_SMOKE_INPUT_BINDING_CANCEL
2026-09-27 17:15:34.771 Df meeterm[29094:3cc01] (Foundation) MEETERM_SMOKE_INPUT_RESIGN focused=0 result=0
2026-09-27 17:15:34.771 Df meeterm[29094:3cc01] (Foundation) MEETERM_SMOKE_THEME dark
2026-09-27 17:15:34.771 Df meeterm[29094:3cc01] (Foundation) MEETERM_SMOKE_NATIVE_READY
2026-09-27 17:15:34.772 Df meeterm[29094:3cc01] (Foundation) MEETERM_SMOKE_INPUT_WINDOW attached=1
2026-09-27 17:15:34.793 Df meeterm[29094:3cc01] (Foundation) MEETERM_SMOKE_FIRST_FRAME_METAL
2026-09-27 17:15:35.687 Df meeterm[29094:3cc01] (Foundation) MEETERM_SMOKE_INPUT_FOCUS result=1 window=1
2026-09-27 17:15:47.685 Df meeterm[29094:3cc01] (Foundation) MEETERM_SMOKE_INPUT_FOCUS result=1 window=1
2026-09-27 17:15:47.685 Df meeterm[29094:3cc01] (Foundation) MEETERM_SMOKE_PASTE_REQUEST
2026-09-27 17:15:47.698 Df meeterm[29094:3d14e] (Foundation) MEETERM_SMOKE_PASTE_PROVIDER_COMPLETION
2026-09-27 17:15:47.698 Df meeterm[29094:3cc01] (Foundation) MEETERM_SMOKE_PASTE_DELIVERY_ATTEMPT
2026-09-27 17:15:47.699 Df meeterm[29094:3cc01] (Foundation) MEETERM_SMOKE_PASTE_RESULT accepted=1
2026-09-27 17:16:03.401 Df meeterm[29094:3cc01] (Foundation) MEETERM_SMOKE_INPUT_FOCUS result=1 window=1
2026-09-27 17:16:03.402 Df meeterm[29094:3cc01] (Foundation) MEETERM_SMOKE_PASTE_REQUEST
2026-09-27 17:16:03.408 Df meeterm[29094:3d234] (Foundation) MEETERM_SMOKE_PASTE_PROVIDER_COMPLETION
2026-09-27 17:16:03.408 Df meeterm[29094:3cc01] (Foundation) MEETERM_SMOKE_PASTE_DELIVERY_ATTEMPT
2026-09-27 17:16:03.409 Df meeterm[29094:3cc01] (Foundation) MEETERM_SMOKE_PASTE_RESULT accepted=1
2026-09-27 17:16:07.782 Df meeterm[29094:3cc01] (Foundation) MEETERM_SMOKE_INPUT_RESIGN focused=1 result=1
2026-09-27 17:16:07.782 Df meeterm[29094:3cc01] (Foundation) MEETERM_SMOKE_INPUT_WINDOW attached=0
2026-09-27 17:16:07.783 Df meeterm[29094:3cc01] (Foundation) MEETERM_SMOKE_INPUT_BINDING_CANCEL
2026-09-27 17:16:07.783 Df meeterm[29094:3cc01] (Foundation) MEETERM_SMOKE_INPUT_RESIGN focused=0 result=0
2026-09-27 17:16:12.251 Df meeterm[29094:3cc01] (Foundation) MEETERM_SMOKE_INPUT_RESIGN focused=0 result=0
2026-09-27 17:16:12.251 Df meeterm[29094:3cc01] (Foundation) MEETERM_SMOKE_INPUT_RESIGN focused=0 result=0
2026-09-27 17:16:12.261 Df meeterm[29094:3cc01] (Foundation) MEETERM_SMOKE_INPUT_BINDING_CANCEL
2026-09-27 17:16:12.262 Df meeterm[29094:3cc01] (Foundation) MEETERM_SMOKE_INPUT_RESIGN focused=0 result=0
2026-09-27 17:16:12.262 Df meeterm[29094:3cc01] (Foundation) MEETERM_SMOKE_INPUT_BINDING_CANCEL
2026-09-27 17:16:12.262 Df meeterm[29094:3cc01] (Foundation) MEETERM_SMOKE_INPUT_RESIGN focused=0 result=0
2026-09-27 17:16:12.262 Df meeterm[29094:3cc01] (Foundation) MEETERM_SMOKE_THEME dark
2026-09-27 17:16:12.262 Df meeterm[29094:3cc01] (Foundation) MEETERM_SMOKE_NATIVE_READY
2026-09-27 17:16:12.269 Df meeterm[29094:3cc01] (Foundation) MEETERM_SMOKE_INPUT_WINDOW attached=1
2026-09-27 17:16:12.283 Df meeterm[29094:3cc01] (Foundation) MEETERM_SMOKE_FIRST_FRAME_METAL
2026-09-27 17:16:14.274 Df meeterm[29094:3cc01] (Foundation) MEETERM_SMOKE_INPUT_FOCUS result=1 window=1
2026-09-27 17:16:26.284 Df meeterm[29094:3cc01] (Foundation) MEETERM_SMOKE_INPUT_FOCUS result=1 window=1
2026-09-27 17:16:26.284 Df meeterm[29094:3cc01] (Foundation) MEETERM_SMOKE_PASTE_REQUEST
2026-09-27 17:16:26.291 Df meeterm[29094:3d18c] (Foundation) MEETERM_SMOKE_PASTE_PROVIDER_COMPLETION
2026-09-27 17:16:26.291 Df meeterm[29094:3cc01] (Foundation) MEETERM_SMOKE_PASTE_DELIVERY_ATTEMPT
2026-09-27 17:16:26.291 Df meeterm[29094:3cc01] (Foundation) MEETERM_SMOKE_PASTE_RESULT accepted=1
2026-09-27 17:16:30.789 Df meeterm[29094:3cc01] (Foundation) MEETERM_SMOKE_INPUT_RESIGN focused=1 result=1
2026-09-27 17:16:30.790 Df meeterm[29094:3cc01] (Foundation) MEETERM_SMOKE_INPUT_WINDOW attached=0
2026-09-27 17:16:30.790 Df meeterm[29094:3cc01] (Foundation) MEETERM_SMOKE_INPUT_BINDING_CANCEL
2026-09-27 17:16:30.790 Df meeterm[29094:3cc01] (Foundation) MEETERM_SMOKE_INPUT_RESIGN focused=0 result=0
2026-09-27 17:16:34.449 Df meeterm[29094:3cc01] (Foundation) MEETERM_SMOKE_INPUT_RESIGN focused=0 result=0
2026-09-27 17:16:34.449 Df meeterm[29094:3cc01] (Foundation) MEETERM_SMOKE_INPUT_RESIGN focused=0 result=0
2026-09-27 17:16:34.458 Df meeterm[29094:3cc01] (Foundation) MEETERM_SMOKE_INPUT_BINDING_CANCEL
2026-09-27 17:16:34.458 Df meeterm[29094:3cc01] (Foundation) MEETERM_SMOKE_INPUT_RESIGN focused=0 result=0
2026-09-27 17:16:34.458 Df meeterm[29094:3cc01] (Foundation) MEETERM_SMOKE_INPUT_BINDING_CANCEL
2026-09-27 17:16:34.458 Df meeterm[29094:3cc01] (Foundation) MEETERM_SMOKE_INPUT_RESIGN focused=0 result=0
2026-09-27 17:16:34.458 Df meeterm[29094:3cc01] (Foundation) MEETERM_SMOKE_THEME dark
2026-09-27 17:16:34.458 Df meeterm[29094:3cc01] (Foundation) MEETERM_SMOKE_NATIVE_READY
2026-09-27 17:16:34.463 Df meeterm[29094:3cc01] (Foundation) MEETERM_SMOKE_INPUT_WINDOW attached=1
2026-09-27 17:16:34.474 Df meeterm[29094:3cc01] (Foundation) MEETERM_SMOKE_FIRST_FRAME_METAL
2026-09-27 17:16:36.434 Df meeterm[29094:3cc01] (Foundation) MEETERM_SMOKE_INPUT_FOCUS result=1 window=1
2026-09-27 17:16:45.502 Df meeterm[29094:3cc01] (Foundation) MEETERM_SMOKE_INPUT_FOCUS result=1 window=1
2026-09-27 17:16:45.502 Df meeterm[29094:3cc01] (Foundation) MEETERM_SMOKE_PASTE_REQUEST
2026-09-27 17:16:45.511 Df meeterm[29094:3d48f] (Foundation) MEETERM_SMOKE_PASTE_PROVIDER_COMPLETION
2026-09-27 17:16:45.511 Df meeterm[29094:3cc01] (Foundation) MEETERM_SMOKE_PASTE_DELIVERY_ATTEMPT
2026-09-27 17:16:45.511 Df meeterm[29094:3cc01] (Foundation) MEETERM_SMOKE_PASTE_RESULT accepted=1
2026-09-27 17:16:49.973 Df meeterm[29094:3cc01] (Foundation) MEETERM_SMOKE_INPUT_RESIGN focused=1 result=1
2026-09-27 17:16:49.974 Df meeterm[29094:3cc01] (Foundation) MEETERM_SMOKE_INPUT_WINDOW attached=0
2026-09-27 17:16:49.974 Df meeterm[29094:3cc01] (Foundation) MEETERM_SMOKE_INPUT_BINDING_CANCEL
2026-09-27 17:16:49.974 Df meeterm[29094:3cc01] (Foundation) MEETERM_SMOKE_INPUT_RESIGN focused=0 result=0
2026-09-27 17:18:15.646 Df meeterm[29094:3cc01] (Foundation) MEETERM_SMOKE_INPUT_RESIGN focused=0 result=0
2026-09-27 17:18:15.646 Df meeterm[29094:3cc01] (Foundation) MEETERM_SMOKE_INPUT_RESIGN focused=0 result=0
2026-09-27 17:18:15.652 Df meeterm[29094:3cc01] (Foundation) MEETERM_SMOKE_INPUT_BINDING_CANCEL
2026-09-27 17:18:15.653 Df meeterm[29094:3cc01] (Foundation) MEETERM_SMOKE_INPUT_RESIGN focused=0 result=0
2026-09-27 17:18:15.653 Df meeterm[29094:3cc01] (Foundation) MEETERM_SMOKE_INPUT_BINDING_CANCEL
2026-09-27 17:18:15.653 Df meeterm[29094:3cc01] (Foundation) MEETERM_SMOKE_INPUT_RESIGN focused=0 result=0
2026-09-27 17:18:15.653 Df meeterm[29094:3cc01] (Foundation) MEETERM_SMOKE_THEME dark
2026-09-27 17:18:15.653 Df meeterm[29094:3cc01] (Foundation) MEETERM_SMOKE_NATIVE_READY
2026-09-27 17:18:15.657 Df meeterm[29094:3cc01] (Foundation) MEETERM_SMOKE_INPUT_WINDOW attached=1
2026-09-27 17:18:15.668 Df meeterm[29094:3cc01] (Foundation) MEETERM_SMOKE_FIRST_FRAME_METAL
2026-09-27 17:18:17.650 Df meeterm[29094:3cc01] (Foundation) MEETERM_SMOKE_INPUT_FOCUS result=1 window=1
2026-09-27 17:18:29.602 Df meeterm[29094:3cc01] (Foundation) MEETERM_SMOKE_INPUT_FOCUS result=1 window=1
2026-09-27 17:18:29.602 Df meeterm[29094:3cc01] (Foundation) MEETERM_SMOKE_PASTE_REQUEST
2026-09-27 17:18:29.609 Df meeterm[29094:3d79e] (Foundation) MEETERM_SMOKE_PASTE_PROVIDER_COMPLETION
2026-09-27 17:18:29.609 Df meeterm[29094:3cc01] (Foundation) MEETERM_SMOKE_PASTE_DELIVERY_ATTEMPT
2026-09-27 17:18:29.609 Df meeterm[29094:3cc01] (Foundation) MEETERM_SMOKE_PASTE_RESULT accepted=1
2026-09-27 17:18:34.139 Df meeterm[29094:3cc01] (Foundation) MEETERM_SMOKE_INPUT_RESIGN focused=1 result=1
2026-09-27 17:18:34.140 Df meeterm[29094:3cc01] (Foundation) MEETERM_SMOKE_INPUT_WINDOW attached=0
2026-09-27 17:18:34.140 Df meeterm[29094:3cc01] (Foundation) MEETERM_SMOKE_INPUT_BINDING_CANCEL
2026-09-27 17:18:34.140 Df meeterm[29094:3cc01] (Foundation) MEETERM_SMOKE_INPUT_RESIGN focused=0 result=0
2026-09-27 17:18:37.897 Df meeterm[29094:3cc01] (Foundation) MEETERM_SMOKE_INPUT_RESIGN focused=0 result=0
2026-09-27 17:18:37.898 Df meeterm[29094:3cc01] (Foundation) MEETERM_SMOKE_INPUT_RESIGN focused=0 result=0
2026-09-27 17:18:37.907 Df meeterm[29094:3cc01] (Foundation) MEETERM_SMOKE_INPUT_BINDING_CANCEL
2026-09-27 17:18:37.907 Df meeterm[29094:3cc01] (Foundation) MEETERM_SMOKE_INPUT_RESIGN focused=0 result=0
2026-09-27 17:18:37.908 Df meeterm[29094:3cc01] (Foundation) MEETERM_SMOKE_INPUT_BINDING_CANCEL
2026-09-27 17:18:37.908 Df meeterm[29094:3cc01] (Foundation) MEETERM_SMOKE_INPUT_RESIGN focused=0 result=0
2026-09-27 17:18:37.908 Df meeterm[29094:3cc01] (Foundation) MEETERM_SMOKE_THEME dark
2026-09-27 17:18:37.908 Df meeterm[29094:3cc01] (Foundation) MEETERM_SMOKE_NATIVE_READY
2026-09-27 17:18:37.912 Df meeterm[29094:3cc01] (Foundation) MEETERM_SMOKE_INPUT_WINDOW attached=1
2026-09-27 17:18:37.924 Df meeterm[29094:3cc01] (Foundation) MEETERM_SMOKE_FIRST_FRAME_METAL
2026-09-27 17:18:39.886 Df meeterm[29094:3cc01] (Foundation) MEETERM_SMOKE_INPUT_FOCUS result=1 window=1
2026-09-27 17:18:48.886 Df meeterm[29094:3cc01] (Foundation) MEETERM_SMOKE_INPUT_FOCUS result=1 window=1
2026-09-27 17:18:48.886 Df meeterm[29094:3cc01] (Foundation) MEETERM_SMOKE_PASTE_REQUEST
2026-09-27 17:18:48.893 Df meeterm[29094:3dcea] (Foundation) MEETERM_SMOKE_PASTE_PROVIDER_COMPLETION
2026-09-27 17:18:48.893 Df meeterm[29094:3cc01] (Foundation) MEETERM_SMOKE_PASTE_DELIVERY_ATTEMPT
2026-09-27 17:18:48.893 Df meeterm[29094:3cc01] (Foundation) MEETERM_SMOKE_PASTE_RESULT accepted=1
2026-09-27 17:18:54.134 Df meeterm[29094:3cc01] (Foundation) MEETERM_SMOKE_INPUT_FOCUS result=1 window=1
2026-09-27 17:19:05.818 Df meeterm[29094:3cc01] (Foundation) MEETERM_SMOKE_INPUT_FOCUS result=1 window=1
2026-09-27 17:19:05.818 Df meeterm[29094:3cc01] (Foundation) MEETERM_SMOKE_PASTE_REQUEST
2026-09-27 17:19:05.825 Df meeterm[29094:3dcea] (Foundation) MEETERM_SMOKE_PASTE_PROVIDER_COMPLETION
2026-09-27 17:19:05.825 Df meeterm[29094:3cc01] (Foundation) MEETERM_SMOKE_PASTE_DELIVERY_ATTEMPT
2026-09-27 17:19:05.826 Df meeterm[29094:3cc01] (Foundation) MEETERM_SMOKE_PASTE_RESULT accepted=1
2026-09-27 17:19:10.024 Df meeterm[29094:3cc01] (Foundation) MEETERM_SMOKE_INPUT_BINDING_CANCEL
2026-09-27 17:19:10.024 Df meeterm[29094:3cc01] (Foundation) MEETERM_SMOKE_INPUT_FOCUS result=1 window=1
2026-09-27 17:19:10.053 Df meeterm[29094:3cc01] (Foundation) MEETERM_SMOKE_INPUT_RESIGN focused=1 result=1
2026-09-27 17:19:10.217 Df meeterm[29094:3cc01] (Foundation) MEETERM_SMOKE_INPUT_BINDING_CANCEL
2026-09-27 17:19:10.218 Df meeterm[29094:3cc01] (Foundation) MEETERM_SMOKE_INPUT_RESIGN focused=0 result=0
2026-09-27 17:19:15.467 Df meeterm[29094:3cc01] (Foundation) MEETERM_SMOKE_INPUT_FOCUS result=1 window=1
2026-09-27 17:19:27.519 Df meeterm[29094:3cc01] (Foundation) MEETERM_SMOKE_INPUT_FOCUS result=1 window=1
2026-09-27 17:19:27.519 Df meeterm[29094:3cc01] (Foundation) MEETERM_SMOKE_PASTE_REQUEST
2026-09-27 17:19:27.527 Df meeterm[29094:3dcea] (Foundation) MEETERM_SMOKE_PASTE_PROVIDER_COMPLETION
2026-09-27 17:19:27.528 Df meeterm[29094:3cc01] (Foundation) MEETERM_SMOKE_PASTE_DELIVERY_ATTEMPT
2026-09-27 17:19:27.528 Df meeterm[29094:3cc01] (Foundation) MEETERM_SMOKE_PASTE_RESULT accepted=1
2026-09-27 17:19:32.751 Df meeterm[29094:3cc01] (Foundation) MEETERM_SMOKE_INPUT_RESIGN focused=1 result=1
2026-09-27 17:19:32.751 Df meeterm[29094:3cc01] (Foundation) MEETERM_SMOKE_INPUT_WINDOW attached=0
2026-09-27 17:19:32.752 Df meeterm[29094:3cc01] (Foundation) MEETERM_SMOKE_INPUT_BINDING_CANCEL
2026-09-27 17:19:32.752 Df meeterm[29094:3cc01] (Foundation) MEETERM_SMOKE_INPUT_RESIGN focused=0 result=0
2026-09-27 17:19:37.912 Df meeterm[29094:3cc01] (Foundation) MEETERM_SMOKE_INPUT_RESIGN focused=0 result=0
2026-09-27 17:19:37.912 Df meeterm[29094:3cc01] (Foundation) MEETERM_SMOKE_INPUT_RESIGN focused=0 result=0
2026-09-27 17:19:37.920 Df meeterm[29094:3cc01] (Foundation) MEETERM_SMOKE_THEME light
2026-09-27 17:19:37.921 Df meeterm[29094:3cc01] (Foundation) MEETERM_SMOKE_INPUT_BINDING_CANCEL
2026-09-27 17:19:37.921 Df meeterm[29094:3cc01] (Foundation) MEETERM_SMOKE_INPUT_RESIGN focused=0 result=0
2026-09-27 17:19:37.921 Df meeterm[29094:3cc01] (Foundation) MEETERM_SMOKE_INPUT_BINDING_CANCEL
2026-09-27 17:19:37.921 Df meeterm[29094:3cc01] (Foundation) MEETERM_SMOKE_INPUT_RESIGN focused=0 result=0
2026-09-27 17:19:37.921 Df meeterm[29094:3cc01] (Foundation) MEETERM_SMOKE_THEME light
2026-09-27 17:19:37.921 Df meeterm[29094:3cc01] (Foundation) MEETERM_SMOKE_NATIVE_READY
2026-09-27 17:19:37.922 Df meeterm[29094:3cc01] (Foundation) MEETERM_SMOKE_INPUT_WINDOW attached=1
2026-09-27 17:19:37.933 Df meeterm[29094:3cc01] (Foundation) MEETERM_SMOKE_FIRST_FRAME_METAL
2026-09-27 17:19:39.387 Df meeterm[29094:3cc01] (Foundation) MEETERM_SMOKE_INPUT_FOCUS result=1 window=1
2026-09-27 17:19:49.819 Df meeterm[29094:3cc01] (Foundation) MEETERM_SMOKE_INPUT_FOCUS result=1 window=1
2026-09-27 17:19:49.820 Df meeterm[29094:3cc01] (Foundation) MEETERM_SMOKE_PASTE_REQUEST
2026-09-27 17:19:49.827 Df meeterm[29094:3e163] (Foundation) MEETERM_SMOKE_PASTE_PROVIDER_COMPLETION
2026-09-27 17:19:49.827 Df meeterm[29094:3cc01] (Foundation) MEETERM_SMOKE_PASTE_DELIVERY_ATTEMPT
2026-09-27 17:19:49.827 Df meeterm[29094:3cc01] (Foundation) MEETERM_SMOKE_PASTE_RESULT accepted=1
2026-09-27 17:19:54.222 Df meeterm[29094:3cc01] (Foundation) MEETERM_SMOKE_INPUT_BINDING_CANCEL
2026-09-27 17:19:54.222 Df meeterm[29094:3cc01] (Foundation) MEETERM_SMOKE_INPUT_FOCUS result=1 window=1
2026-09-27 17:19:54.250 Df meeterm[29094:3cc01] (Foundation) MEETERM_SMOKE_INPUT_RESIGN focused=1 result=1
2026-09-27 17:19:54.962 Df meeterm[29094:3cc01] (Foundation) MEETERM_SMOKE_INPUT_WINDOW attached=0
2026-09-27 17:19:54.962 Df meeterm[29094:3cc01] (Foundation) MEETERM_SMOKE_INPUT_BINDING_CANCEL
2026-09-27 17:19:54.962 Df meeterm[29094:3cc01] (Foundation) MEETERM_SMOKE_INPUT_RESIGN focused=0 result=0
2026-09-27 17:20:00.149 Df meeterm[29094:3cc01] (Foundation) MEETERM_SMOKE_INPUT_RESIGN focused=0 result=0
2026-09-27 17:20:00.149 Df meeterm[29094:3cc01] (Foundation) MEETERM_SMOKE_INPUT_RESIGN focused=0 result=0
2026-09-27 17:20:00.155 Df meeterm[29094:3cc01] (Foundation) MEETERM_SMOKE_INPUT_BINDING_CANCEL
2026-09-27 17:20:00.156 Df meeterm[29094:3cc01] (Foundation) MEETERM_SMOKE_INPUT_RESIGN focused=0 result=0
2026-09-27 17:20:00.156 Df meeterm[29094:3cc01] (Foundation) MEETERM_SMOKE_INPUT_BINDING_CANCEL
2026-09-27 17:20:00.156 Df meeterm[29094:3cc01] (Foundation) MEETERM_SMOKE_INPUT_RESIGN focused=0 result=0
2026-09-27 17:20:00.156 Df meeterm[29094:3cc01] (Foundation) MEETERM_SMOKE_THEME dark
2026-09-27 17:20:00.156 Df meeterm[29094:3cc01] (Foundation) MEETERM_SMOKE_NATIVE_READY
2026-09-27 17:20:00.157 Df meeterm[29094:3cc01] (Foundation) MEETERM_SMOKE_INPUT_WINDOW attached=1
2026-09-27 17:20:00.168 Df meeterm[29094:3cc01] (Foundation) MEETERM_SMOKE_FIRST_FRAME_METAL
2026-09-27 17:20:01.555 Df meeterm[29094:3cc01] (Foundation) MEETERM_SMOKE_INPUT_FOCUS result=1 window=1
2026-09-27 17:20:12.054 Df meeterm[29094:3cc01] (Foundation) MEETERM_SMOKE_INPUT_FOCUS result=1 window=1
2026-09-27 17:20:12.054 Df meeterm[29094:3cc01] (Foundation) MEETERM_SMOKE_PASTE_REQUEST
2026-09-27 17:20:12.061 Df meeterm[29094:3e165] (Foundation) MEETERM_SMOKE_PASTE_PROVIDER_COMPLETION
2026-09-27 17:20:12.061 Df meeterm[29094:3cc01] (Foundation) MEETERM_SMOKE_PASTE_DELIVERY_ATTEMPT
2026-09-27 17:20:12.061 Df meeterm[29094:3cc01] (Foundation) MEETERM_SMOKE_PASTE_RESULT accepted=1
2026-09-27 17:20:16.418 Df meeterm[29094:3cc01] (Foundation) MEETERM_SMOKE_INPUT_BINDING_CANCEL
2026-09-27 17:20:16.418 Df meeterm[29094:3cc01] (Foundation) MEETERM_SMOKE_INPUT_FOCUS result=1 window=1
2026-09-27 17:20:16.445 Df meeterm[29094:3cc01] (Foundation) MEETERM_SMOKE_INPUT_RESIGN focused=1 result=1
2026-09-27 17:20:58.497 Df meeterm[29094:3cc01] (Foundation) MEETERM_SMOKE_INPUT_WINDOW attached=0
2026-09-27 17:20:58.498 Df meeterm[29094:3cc01] (Foundation) MEETERM_SMOKE_INPUT_BINDING_CANCEL
2026-09-27 17:20:58.498 Df meeterm[29094:3cc01] (Foundation) MEETERM_SMOKE_INPUT_RESIGN focused=0 result=0
