Timestamp               Ty Process[PID:TID]
2026-09-29 03:55:23.036 Df meeterm[13962:2c84e] (Foundation) MEETERM_SMOKE_STARTUP phase=js_module_loaded
2026-09-29 03:55:23.048 Df meeterm[13962:2c84e] (Foundation) MEETERM_SMOKE_STARTUP phase=root_effect
2026-09-29 03:55:23.048 Df meeterm[13962:2c84e] (Foundation) MEETERM_SMOKE_STARTUP phase=initial_url_requested
2026-09-29 03:55:23.050 Df meeterm[13962:2c84e] (Foundation) MEETERM_SMOKE_STARTUP phase=initial_url_null
2026-09-29 03:55:23.092 Df meeterm[13962:2c84e] (Foundation) MEETERM_SMOKE_STARTUP phase=app_content_mounted
2026-09-29 03:55:23.093 Df meeterm[13962:2c84e] (Foundation) MEETERM_SMOKE_STARTUP phase=profiles_requested
2026-09-29 03:55:23.097 Df meeterm[13962:2c84e] (Foundation) MEETERM_SMOKE_STARTUP phase=profiles_succeeded
2026-09-29 03:56:39.823 Df meeterm[13962:2c7c3] (Foundation) MEETERM_SMOKE_INPUT_RESIGN focused=0 result=0
2026-09-29 03:56:39.824 Df meeterm[13962:2c7c3] (Foundation) MEETERM_SMOKE_INPUT_RESIGN focused=0 result=0
2026-09-29 03:56:40.585 Df meeterm[13962:2c7c3] (Foundation) MEETERM_SMOKE_INPUT_BINDING_CANCEL
2026-09-29 03:56:40.585 Df meeterm[13962:2c7c3] (Foundation) MEETERM_SMOKE_INPUT_RESIGN focused=0 result=0
2026-09-29 03:56:40.585 Df meeterm[13962:2c7c3] (Foundation) MEETERM_SMOKE_INPUT_BINDING_CANCEL
2026-09-29 03:56:40.585 Df meeterm[13962:2c7c3] (Foundation) MEETERM_SMOKE_INPUT_RESIGN focused=0 result=0
2026-09-29 03:56:40.586 Df meeterm[13962:2c7c3] (Foundation) MEETERM_SMOKE_THEME dark
2026-09-29 03:56:40.586 Df meeterm[13962:2c7c3] (Foundation) MEETERM_SMOKE_NATIVE_READY
2026-09-29 03:56:40.606 Df meeterm[13962:2c7c3] (Foundation) MEETERM_SMOKE_INPUT_WINDOW attached=1
2026-09-29 03:56:40.648 Df meeterm[13962:2c7c3] (Foundation) MEETERM_SMOKE_FIRST_FRAME_METAL
2026-09-29 03:56:41.635 Df meeterm[13962:2c7c3] (Foundation) MEETERM_SMOKE_INPUT_WINDOW attached=0
2026-09-29 03:56:41.635 Df meeterm[13962:2c7c3] (Foundation) MEETERM_SMOKE_INPUT_BINDING_CANCEL
2026-09-29 03:56:41.636 Df meeterm[13962:2c7c3] (Foundation) MEETERM_SMOKE_INPUT_RESIGN focused=0 result=0
2026-09-29 03:56:42.875 Df meeterm[13962:2c7c3] (Foundation) MEETERM_SMOKE_INPUT_RESIGN focused=0 result=0
2026-09-29 03:56:42.875 Df meeterm[13962:2c7c3] (Foundation) MEETERM_SMOKE_INPUT_RESIGN focused=0 result=0
2026-09-29 03:56:42.884 Df meeterm[13962:2c7c3] (Foundation) MEETERM_SMOKE_INPUT_BINDING_CANCEL
2026-09-29 03:56:42.884 Df meeterm[13962:2c7c3] (Foundation) MEETERM_SMOKE_INPUT_RESIGN focused=0 result=0
2026-09-29 03:56:42.884 Df meeterm[13962:2c7c3] (Foundation) MEETERM_SMOKE_THEME dark
2026-09-29 03:56:42.884 Df meeterm[13962:2c7c3] (Foundation) MEETERM_SMOKE_NATIVE_READY
2026-09-29 03:56:42.885 Df meeterm[13962:2c7c3] (Foundation) MEETERM_SMOKE_INPUT_WINDOW attached=1
2026-09-29 03:56:42.909 Df meeterm[13962:2c7c3] (Foundation) MEETERM_SMOKE_FIRST_FRAME_METAL
2026-09-29 03:56:43.794 Df meeterm[13962:2c7c3] (Foundation) MEETERM_SMOKE_INPUT_FOCUS result=1 window=1
2026-09-29 03:56:55.793 Df meeterm[13962:2c7c3] (Foundation) MEETERM_SMOKE_INPUT_FOCUS result=1 window=1
2026-09-29 03:56:55.793 Df meeterm[13962:2c7c3] (Foundation) MEETERM_SMOKE_PASTE_REQUEST
2026-09-29 03:56:55.825 Df meeterm[13962:2cb73] (Foundation) MEETERM_SMOKE_PASTE_PROVIDER_COMPLETION
2026-09-29 03:56:55.825 Df meeterm[13962:2c7c3] (Foundation) MEETERM_SMOKE_PASTE_DELIVERY_ATTEMPT
2026-09-29 03:56:55.825 Df meeterm[13962:2c7c3] (Foundation) MEETERM_SMOKE_PASTE_RESULT accepted=1
2026-09-29 03:57:11.443 Df meeterm[13962:2c7c3] (Foundation) MEETERM_SMOKE_INPUT_FOCUS result=1 window=1
2026-09-29 03:57:11.443 Df meeterm[13962:2c7c3] (Foundation) MEETERM_SMOKE_PASTE_REQUEST
2026-09-29 03:57:11.451 Df meeterm[13962:2cc32] (Foundation) MEETERM_SMOKE_PASTE_PROVIDER_COMPLETION
2026-09-29 03:57:11.451 Df meeterm[13962:2c7c3] (Foundation) MEETERM_SMOKE_PASTE_DELIVERY_ATTEMPT
2026-09-29 03:57:11.452 Df meeterm[13962:2c7c3] (Foundation) MEETERM_SMOKE_PASTE_RESULT accepted=1
2026-09-29 03:57:15.823 Df meeterm[13962:2c7c3] (Foundation) MEETERM_SMOKE_INPUT_RESIGN focused=1 result=1
2026-09-29 03:57:15.823 Df meeterm[13962:2c7c3] (Foundation) MEETERM_SMOKE_INPUT_WINDOW attached=0
2026-09-29 03:57:15.824 Df meeterm[13962:2c7c3] (Foundation) MEETERM_SMOKE_INPUT_BINDING_CANCEL
2026-09-29 03:57:15.824 Df meeterm[13962:2c7c3] (Foundation) MEETERM_SMOKE_INPUT_RESIGN focused=0 result=0
2026-09-29 03:57:20.000 Df meeterm[13962:2c7c3] (Foundation) MEETERM_SMOKE_INPUT_RESIGN focused=0 result=0
2026-09-29 03:57:20.000 Df meeterm[13962:2c7c3] (Foundation) MEETERM_SMOKE_INPUT_RESIGN focused=0 result=0
2026-09-29 03:57:20.010 Df meeterm[13962:2c7c3] (Foundation) MEETERM_SMOKE_INPUT_BINDING_CANCEL
2026-09-29 03:57:20.010 Df meeterm[13962:2c7c3] (Foundation) MEETERM_SMOKE_INPUT_RESIGN focused=0 result=0
2026-09-29 03:57:20.010 Df meeterm[13962:2c7c3] (Foundation) MEETERM_SMOKE_INPUT_BINDING_CANCEL
2026-09-29 03:57:20.010 Df meeterm[13962:2c7c3] (Foundation) MEETERM_SMOKE_INPUT_RESIGN focused=0 result=0
2026-09-29 03:57:20.011 Df meeterm[13962:2c7c3] (Foundation) MEETERM_SMOKE_THEME dark
2026-09-29 03:57:20.011 Df meeterm[13962:2c7c3] (Foundation) MEETERM_SMOKE_NATIVE_READY
2026-09-29 03:57:20.015 Df meeterm[13962:2c7c3] (Foundation) MEETERM_SMOKE_INPUT_WINDOW attached=1
2026-09-29 03:57:20.026 Df meeterm[13962:2c7c3] (Foundation) MEETERM_SMOKE_FIRST_FRAME_METAL
2026-09-29 03:57:21.975 Df meeterm[13962:2c7c3] (Foundation) MEETERM_SMOKE_INPUT_FOCUS result=1 window=1
2026-09-29 03:57:33.908 Df meeterm[13962:2c7c3] (Foundation) MEETERM_SMOKE_INPUT_FOCUS result=1 window=1
2026-09-29 03:57:33.909 Df meeterm[13962:2c7c3] (Foundation) MEETERM_SMOKE_PASTE_REQUEST
2026-09-29 03:57:33.916 Df meeterm[13962:2ce2b] (Foundation) MEETERM_SMOKE_PASTE_PROVIDER_COMPLETION
2026-09-29 03:57:33.917 Df meeterm[13962:2c7c3] (Foundation) MEETERM_SMOKE_PASTE_DELIVERY_ATTEMPT
2026-09-29 03:57:33.917 Df meeterm[13962:2c7c3] (Foundation) MEETERM_SMOKE_PASTE_RESULT accepted=1
2026-09-29 03:57:38.409 Df meeterm[13962:2c7c3] (Foundation) MEETERM_SMOKE_INPUT_RESIGN focused=1 result=1
2026-09-29 03:57:38.410 Df meeterm[13962:2c7c3] (Foundation) MEETERM_SMOKE_INPUT_WINDOW attached=0
2026-09-29 03:57:38.410 Df meeterm[13962:2c7c3] (Foundation) MEETERM_SMOKE_INPUT_BINDING_CANCEL
2026-09-29 03:57:38.410 Df meeterm[13962:2c7c3] (Foundation) MEETERM_SMOKE_INPUT_RESIGN focused=0 result=0
2026-09-29 03:57:42.319 Df meeterm[13962:2c7c3] (Foundation) MEETERM_SMOKE_INPUT_RESIGN focused=0 result=0
2026-09-29 03:57:42.319 Df meeterm[13962:2c7c3] (Foundation) MEETERM_SMOKE_INPUT_RESIGN focused=0 result=0
2026-09-29 03:57:42.328 Df meeterm[13962:2c7c3] (Foundation) MEETERM_SMOKE_INPUT_BINDING_CANCEL
2026-09-29 03:57:42.328 Df meeterm[13962:2c7c3] (Foundation) MEETERM_SMOKE_INPUT_RESIGN focused=0 result=0
2026-09-29 03:57:42.328 Df meeterm[13962:2c7c3] (Foundation) MEETERM_SMOKE_INPUT_BINDING_CANCEL
2026-09-29 03:57:42.328 Df meeterm[13962:2c7c3] (Foundation) MEETERM_SMOKE_INPUT_RESIGN focused=0 result=0
2026-09-29 03:57:42.328 Df meeterm[13962:2c7c3] (Foundation) MEETERM_SMOKE_THEME dark
2026-09-29 03:57:42.328 Df meeterm[13962:2c7c3] (Foundation) MEETERM_SMOKE_NATIVE_READY
2026-09-29 03:57:42.333 Df meeterm[13962:2c7c3] (Foundation) MEETERM_SMOKE_INPUT_WINDOW attached=1
2026-09-29 03:57:42.346 Df meeterm[13962:2c7c3] (Foundation) MEETERM_SMOKE_FIRST_FRAME_METAL
2026-09-29 03:57:44.293 Df meeterm[13962:2c7c3] (Foundation) MEETERM_SMOKE_INPUT_FOCUS result=1 window=1
2026-09-29 03:57:53.325 Df meeterm[13962:2c7c3] (Foundation) MEETERM_SMOKE_INPUT_FOCUS result=1 window=1
2026-09-29 03:57:53.325 Df meeterm[13962:2c7c3] (Foundation) MEETERM_SMOKE_PASTE_REQUEST
2026-09-29 03:57:53.333 Df meeterm[13962:2ce2b] (Foundation) MEETERM_SMOKE_PASTE_PROVIDER_COMPLETION
2026-09-29 03:57:53.333 Df meeterm[13962:2c7c3] (Foundation) MEETERM_SMOKE_PASTE_DELIVERY_ATTEMPT
2026-09-29 03:57:53.334 Df meeterm[13962:2c7c3] (Foundation) MEETERM_SMOKE_PASTE_RESULT accepted=1
2026-09-29 03:57:57.906 Df meeterm[13962:2c7c3] (Foundation) MEETERM_SMOKE_INPUT_RESIGN focused=1 result=1
2026-09-29 03:57:57.907 Df meeterm[13962:2c7c3] (Foundation) MEETERM_SMOKE_INPUT_WINDOW attached=0
2026-09-29 03:57:57.907 Df meeterm[13962:2c7c3] (Foundation) MEETERM_SMOKE_INPUT_BINDING_CANCEL
2026-09-29 03:57:57.907 Df meeterm[13962:2c7c3] (Foundation) MEETERM_SMOKE_INPUT_RESIGN focused=0 result=0
2026-09-29 03:59:22.201 Df meeterm[13962:2c7c3] (Foundation) MEETERM_SMOKE_INPUT_RESIGN focused=0 result=0
2026-09-29 03:59:22.202 Df meeterm[13962:2c7c3] (Foundation) MEETERM_SMOKE_INPUT_RESIGN focused=0 result=0
2026-09-29 03:59:22.208 Df meeterm[13962:2c7c3] (Foundation) MEETERM_SMOKE_INPUT_BINDING_CANCEL
2026-09-29 03:59:22.208 Df meeterm[13962:2c7c3] (Foundation) MEETERM_SMOKE_INPUT_RESIGN focused=0 result=0
2026-09-29 03:59:22.208 Df meeterm[13962:2c7c3] (Foundation) MEETERM_SMOKE_INPUT_BINDING_CANCEL
2026-09-29 03:59:22.208 Df meeterm[13962:2c7c3] (Foundation) MEETERM_SMOKE_INPUT_RESIGN focused=0 result=0
2026-09-29 03:59:22.209 Df meeterm[13962:2c7c3] (Foundation) MEETERM_SMOKE_THEME dark
2026-09-29 03:59:22.209 Df meeterm[13962:2c7c3] (Foundation) MEETERM_SMOKE_NATIVE_READY
2026-09-29 03:59:22.213 Df meeterm[13962:2c7c3] (Foundation) MEETERM_SMOKE_INPUT_WINDOW attached=1
2026-09-29 03:59:22.223 Df meeterm[13962:2c7c3] (Foundation) MEETERM_SMOKE_FIRST_FRAME_METAL
2026-09-29 03:59:24.174 Df meeterm[13962:2c7c3] (Foundation) MEETERM_SMOKE_INPUT_FOCUS result=1 window=1
2026-09-29 03:59:36.159 Df meeterm[13962:2c7c3] (Foundation) MEETERM_SMOKE_INPUT_FOCUS result=1 window=1
2026-09-29 03:59:36.159 Df meeterm[13962:2c7c3] (Foundation) MEETERM_SMOKE_PASTE_REQUEST
2026-09-29 03:59:36.166 Df meeterm[13962:2d37f] (Foundation) MEETERM_SMOKE_PASTE_PROVIDER_COMPLETION
2026-09-29 03:59:36.166 Df meeterm[13962:2c7c3] (Foundation) MEETERM_SMOKE_PASTE_DELIVERY_ATTEMPT
2026-09-29 03:59:36.166 Df meeterm[13962:2c7c3] (Foundation) MEETERM_SMOKE_PASTE_RESULT accepted=1
2026-09-29 03:59:40.689 Df meeterm[13962:2c7c3] (Foundation) MEETERM_SMOKE_INPUT_RESIGN focused=1 result=1
2026-09-29 03:59:40.689 Df meeterm[13962:2c7c3] (Foundation) MEETERM_SMOKE_INPUT_WINDOW attached=0
2026-09-29 03:59:40.689 Df meeterm[13962:2c7c3] (Foundation) MEETERM_SMOKE_INPUT_BINDING_CANCEL
2026-09-29 03:59:40.689 Df meeterm[13962:2c7c3] (Foundation) MEETERM_SMOKE_INPUT_RESIGN focused=0 result=0
2026-09-29 03:59:44.588 Df meeterm[13962:2c7c3] (Foundation) MEETERM_SMOKE_INPUT_RESIGN focused=0 result=0
2026-09-29 03:59:44.588 Df meeterm[13962:2c7c3] (Foundation) MEETERM_SMOKE_INPUT_RESIGN focused=0 result=0
2026-09-29 03:59:44.598 Df meeterm[13962:2c7c3] (Foundation) MEETERM_SMOKE_INPUT_BINDING_CANCEL
2026-09-29 03:59:44.598 Df meeterm[13962:2c7c3] (Foundation) MEETERM_SMOKE_INPUT_RESIGN focused=0 result=0
2026-09-29 03:59:44.599 Df meeterm[13962:2c7c3] (Foundation) MEETERM_SMOKE_THEME dark
2026-09-29 03:59:44.599 Df meeterm[13962:2c7c3] (Foundation) MEETERM_SMOKE_NATIVE_READY
2026-09-29 03:59:44.599 Df meeterm[13962:2c7c3] (Foundation) MEETERM_SMOKE_INPUT_BINDING_CANCEL
2026-09-29 03:59:44.599 Df meeterm[13962:2c7c3] (Foundation) MEETERM_SMOKE_INPUT_RESIGN focused=0 result=0
2026-09-29 03:59:44.603 Df meeterm[13962:2c7c3] (Foundation) MEETERM_SMOKE_INPUT_WINDOW attached=1
2026-09-29 03:59:44.617 Df meeterm[13962:2c7c3] (Foundation) MEETERM_SMOKE_FIRST_FRAME_METAL
2026-09-29 03:59:46.559 Df meeterm[13962:2c7c3] (Foundation) MEETERM_SMOKE_INPUT_FOCUS result=1 window=1
2026-09-29 03:59:55.713 Df meeterm[13962:2c7c3] (Foundation) MEETERM_SMOKE_INPUT_FOCUS result=1 window=1
2026-09-29 03:59:55.713 Df meeterm[13962:2c7c3] (Foundation) MEETERM_SMOKE_PASTE_REQUEST
2026-09-29 03:59:55.722 Df meeterm[13962:2d2e7] (Foundation) MEETERM_SMOKE_PASTE_PROVIDER_COMPLETION
2026-09-29 03:59:55.722 Df meeterm[13962:2c7c3] (Foundation) MEETERM_SMOKE_PASTE_DELIVERY_ATTEMPT
2026-09-29 03:59:55.723 Df meeterm[13962:2c7c3] (Foundation) MEETERM_SMOKE_PASTE_RESULT accepted=1
2026-09-29 04:00:00.959 Df meeterm[13962:2c7c3] (Foundation) MEETERM_SMOKE_INPUT_FOCUS result=1 window=1
2026-09-29 04:00:12.641 Df meeterm[13962:2c7c3] (Foundation) MEETERM_SMOKE_INPUT_FOCUS result=1 window=1
2026-09-29 04:00:12.641 Df meeterm[13962:2c7c3] (Foundation) MEETERM_SMOKE_PASTE_REQUEST
2026-09-29 04:00:12.648 Df meeterm[13962:2d524] (Foundation) MEETERM_SMOKE_PASTE_PROVIDER_COMPLETION
2026-09-29 04:00:12.648 Df meeterm[13962:2c7c3] (Foundation) MEETERM_SMOKE_PASTE_DELIVERY_ATTEMPT
2026-09-29 04:00:12.649 Df meeterm[13962:2c7c3] (Foundation) MEETERM_SMOKE_PASTE_RESULT accepted=1
2026-09-29 04:00:16.751 Df meeterm[13962:2c7c3] (Foundation) MEETERM_SMOKE_INPUT_BINDING_CANCEL
2026-09-29 04:00:16.752 Df meeterm[13962:2c7c3] (Foundation) MEETERM_SMOKE_INPUT_FOCUS result=1 window=1
2026-09-29 04:00:16.779 Df meeterm[13962:2c7c3] (Foundation) MEETERM_SMOKE_INPUT_RESIGN focused=1 result=1
2026-09-29 04:00:16.866 Df meeterm[13962:2c7c3] (Foundation) MEETERM_SMOKE_INPUT_BINDING_CANCEL
2026-09-29 04:00:16.866 Df meeterm[13962:2c7c3] (Foundation) MEETERM_SMOKE_INPUT_RESIGN focused=0 result=0
2026-09-29 04:00:22.141 Df meeterm[13962:2c7c3] (Foundation) MEETERM_SMOKE_INPUT_FOCUS result=1 window=1
2026-09-29 04:00:34.175 Df meeterm[13962:2c7c3] (Foundation) MEETERM_SMOKE_INPUT_FOCUS result=1 window=1
2026-09-29 04:00:34.175 Df meeterm[13962:2c7c3] (Foundation) MEETERM_SMOKE_PASTE_REQUEST
2026-09-29 04:00:34.182 Df meeterm[13962:2d527] (Foundation) MEETERM_SMOKE_PASTE_PROVIDER_COMPLETION
2026-09-29 04:00:34.182 Df meeterm[13962:2c7c3] (Foundation) MEETERM_SMOKE_PASTE_DELIVERY_ATTEMPT
2026-09-29 04:00:34.183 Df meeterm[13962:2c7c3] (Foundation) MEETERM_SMOKE_PASTE_RESULT accepted=1
2026-09-29 04:00:39.457 Df meeterm[13962:2c7c3] (Foundation) MEETERM_SMOKE_INPUT_RESIGN focused=1 result=1
2026-09-29 04:00:39.457 Df meeterm[13962:2c7c3] (Foundation) MEETERM_SMOKE_INPUT_WINDOW attached=0
2026-09-29 04:00:39.458 Df meeterm[13962:2c7c3] (Foundation) MEETERM_SMOKE_INPUT_BINDING_CANCEL
2026-09-29 04:00:39.458 Df meeterm[13962:2c7c3] (Foundation) MEETERM_SMOKE_INPUT_RESIGN focused=0 result=0
2026-09-29 04:00:44.634 Df meeterm[13962:2c7c3] (Foundation) MEETERM_SMOKE_INPUT_RESIGN focused=0 result=0
2026-09-29 04:00:44.635 Df meeterm[13962:2c7c3] (Foundation) MEETERM_SMOKE_INPUT_RESIGN focused=0 result=0
2026-09-29 04:00:44.641 Df meeterm[13962:2c7c3] (Foundation) MEETERM_SMOKE_THEME light
2026-09-29 04:00:44.641 Df meeterm[13962:2c7c3] (Foundation) MEETERM_SMOKE_INPUT_BINDING_CANCEL
2026-09-29 04:00:44.641 Df meeterm[13962:2c7c3] (Foundation) MEETERM_SMOKE_INPUT_RESIGN focused=0 result=0
2026-09-29 04:00:44.641 Df meeterm[13962:2c7c3] (Foundation) MEETERM_SMOKE_INPUT_BINDING_CANCEL
2026-09-29 04:00:44.641 Df meeterm[13962:2c7c3] (Foundation) MEETERM_SMOKE_INPUT_RESIGN focused=0 result=0
2026-09-29 04:00:44.641 Df meeterm[13962:2c7c3] (Foundation) MEETERM_SMOKE_THEME light
2026-09-29 04:00:44.641 Df meeterm[13962:2c7c3] (Foundation) MEETERM_SMOKE_NATIVE_READY
2026-09-29 04:00:44.642 Df meeterm[13962:2c7c3] (Foundation) MEETERM_SMOKE_INPUT_WINDOW attached=1
2026-09-29 04:00:44.653 Df meeterm[13962:2c7c3] (Foundation) MEETERM_SMOKE_FIRST_FRAME_METAL
2026-09-29 04:00:46.076 Df meeterm[13962:2c7c3] (Foundation) MEETERM_SMOKE_INPUT_FOCUS result=1 window=1
2026-09-29 04:00:56.496 Df meeterm[13962:2c7c3] (Foundation) MEETERM_SMOKE_INPUT_FOCUS result=1 window=1
2026-09-29 04:00:56.496 Df meeterm[13962:2c7c3] (Foundation) MEETERM_SMOKE_PASTE_REQUEST
2026-09-29 04:00:56.507 Df meeterm[13962:2d933] (Foundation) MEETERM_SMOKE_PASTE_PROVIDER_COMPLETION
2026-09-29 04:00:56.507 Df meeterm[13962:2c7c3] (Foundation) MEETERM_SMOKE_PASTE_DELIVERY_ATTEMPT
2026-09-29 04:00:56.507 Df meeterm[13962:2c7c3] (Foundation) MEETERM_SMOKE_PASTE_RESULT accepted=1
2026-09-29 04:01:00.955 Df meeterm[13962:2c7c3] (Foundation) MEETERM_SMOKE_INPUT_BINDING_CANCEL
2026-09-29 04:01:00.956 Df meeterm[13962:2c7c3] (Foundation) MEETERM_SMOKE_INPUT_FOCUS result=1 window=1
2026-09-29 04:01:00.987 Df meeterm[13962:2c7c3] (Foundation) MEETERM_SMOKE_INPUT_RESIGN focused=1 result=1
2026-09-29 04:01:01.702 Df meeterm[13962:2c7c3] (Foundation) MEETERM_SMOKE_INPUT_WINDOW attached=0
2026-09-29 04:01:01.702 Df meeterm[13962:2c7c3] (Foundation) MEETERM_SMOKE_INPUT_BINDING_CANCEL
2026-09-29 04:01:01.702 Df meeterm[13962:2c7c3] (Foundation) MEETERM_SMOKE_INPUT_RESIGN focused=0 result=0
2026-09-29 04:01:06.902 Df meeterm[13962:2c7c3] (Foundation) MEETERM_SMOKE_INPUT_RESIGN focused=0 result=0
2026-09-29 04:01:06.902 Df meeterm[13962:2c7c3] (Foundation) MEETERM_SMOKE_INPUT_RESIGN focused=0 result=0
2026-09-29 04:01:06.909 Df meeterm[13962:2c7c3] (Foundation) MEETERM_SMOKE_INPUT_BINDING_CANCEL
2026-09-29 04:01:06.909 Df meeterm[13962:2c7c3] (Foundation) MEETERM_SMOKE_INPUT_RESIGN focused=0 result=0
2026-09-29 04:01:06.910 Df meeterm[13962:2c7c3] (Foundation) MEETERM_SMOKE_THEME dark
2026-09-29 04:01:06.910 Df meeterm[13962:2c7c3] (Foundation) MEETERM_SMOKE_NATIVE_READY
2026-09-29 04:01:06.910 Df meeterm[13962:2c7c3] (Foundation) MEETERM_SMOKE_INPUT_BINDING_CANCEL
2026-09-29 04:01:06.910 Df meeterm[13962:2c7c3] (Foundation) MEETERM_SMOKE_INPUT_RESIGN focused=0 result=0
2026-09-29 04:01:06.911 Df meeterm[13962:2c7c3] (Foundation) MEETERM_SMOKE_INPUT_WINDOW attached=1
2026-09-29 04:01:06.926 Df meeterm[13962:2c7c3] (Foundation) MEETERM_SMOKE_FIRST_FRAME_METAL
2026-09-29 04:01:08.306 Df meeterm[13962:2c7c3] (Foundation) MEETERM_SMOKE_INPUT_FOCUS result=1 window=1
2026-09-29 04:01:18.710 Df meeterm[13962:2c7c3] (Foundation) MEETERM_SMOKE_INPUT_FOCUS result=1 window=1
2026-09-29 04:01:18.710 Df meeterm[13962:2c7c3] (Foundation) MEETERM_SMOKE_PASTE_REQUEST
2026-09-29 04:01:18.717 Df meeterm[13962:2d761] (Foundation) MEETERM_SMOKE_PASTE_PROVIDER_COMPLETION
2026-09-29 04:01:18.717 Df meeterm[13962:2c7c3] (Foundation) MEETERM_SMOKE_PASTE_DELIVERY_ATTEMPT
2026-09-29 04:01:18.717 Df meeterm[13962:2c7c3] (Foundation) MEETERM_SMOKE_PASTE_RESULT accepted=1
2026-09-29 04:01:23.141 Df meeterm[13962:2c7c3] (Foundation) MEETERM_SMOKE_INPUT_BINDING_CANCEL
2026-09-29 04:01:23.141 Df meeterm[13962:2c7c3] (Foundation) MEETERM_SMOKE_INPUT_FOCUS result=1 window=1
2026-09-29 04:01:23.168 Df meeterm[13962:2c7c3] (Foundation) MEETERM_SMOKE_INPUT_RESIGN focused=1 result=1
2026-09-29 04:02:05.203 Df meeterm[13962:2c7c3] (Foundation) MEETERM_SMOKE_INPUT_WINDOW attached=0
2026-09-29 04:02:05.203 Df meeterm[13962:2c7c3] (Foundation) MEETERM_SMOKE_INPUT_BINDING_CANCEL
2026-09-29 04:02:05.204 Df meeterm[13962:2c7c3] (Foundation) MEETERM_SMOKE_INPUT_RESIGN focused=0 result=0
