Timestamp               Ty Process[PID:TID]
2026-09-25 14:04:26.267 Df meeterm[6982:eef0] (Foundation) MEETERM_SMOKE_STARTUP phase=js_module_loaded
2026-09-25 14:04:26.291 Df meeterm[6982:eef0] (Foundation) MEETERM_SMOKE_STARTUP phase=root_effect
2026-09-25 14:04:26.292 Df meeterm[6982:eef0] (Foundation) MEETERM_SMOKE_STARTUP phase=initial_url_requested
2026-09-25 14:04:26.316 Df meeterm[6982:eef0] (Foundation) MEETERM_SMOKE_STARTUP phase=initial_url_null
2026-09-25 14:04:26.354 Df meeterm[6982:eef0] (Foundation) MEETERM_SMOKE_STARTUP phase=app_content_mounted
2026-09-25 14:04:26.356 Df meeterm[6982:eef0] (Foundation) MEETERM_SMOKE_STARTUP phase=profiles_requested
2026-09-25 14:04:26.371 Df meeterm[6982:eef0] (Foundation) MEETERM_SMOKE_STARTUP phase=profiles_succeeded
2026-09-25 14:06:06.430 Df meeterm[6982:ee5a] (Foundation) MEETERM_SMOKE_INPUT_RESIGN focused=0 result=0
2026-09-25 14:06:06.431 Df meeterm[6982:ee5a] (Foundation) MEETERM_SMOKE_INPUT_RESIGN focused=0 result=0
2026-09-25 14:06:07.405 Df meeterm[6982:ee5a] (Foundation) MEETERM_SMOKE_INPUT_BINDING_CANCEL
2026-09-25 14:06:07.406 Df meeterm[6982:ee5a] (Foundation) MEETERM_SMOKE_INPUT_RESIGN focused=0 result=0
2026-09-25 14:06:07.406 Df meeterm[6982:ee5a] (Foundation) MEETERM_SMOKE_INPUT_BINDING_CANCEL
2026-09-25 14:06:07.406 Df meeterm[6982:ee5a] (Foundation) MEETERM_SMOKE_INPUT_RESIGN focused=0 result=0
2026-09-25 14:06:07.406 Df meeterm[6982:ee5a] (Foundation) MEETERM_SMOKE_NATIVE_READY
2026-09-25 14:06:07.421 Df meeterm[6982:ee5a] (Foundation) MEETERM_SMOKE_INPUT_WINDOW attached=1
2026-09-25 14:06:07.494 Df meeterm[6982:ee5a] (Foundation) MEETERM_SMOKE_FIRST_FRAME_METAL
2026-09-25 14:06:08.414 Df meeterm[6982:ee5a] (Foundation) MEETERM_SMOKE_INPUT_WINDOW attached=0
2026-09-25 14:06:08.414 Df meeterm[6982:ee5a] (Foundation) MEETERM_SMOKE_INPUT_BINDING_CANCEL
2026-09-25 14:06:08.415 Df meeterm[6982:ee5a] (Foundation) MEETERM_SMOKE_INPUT_RESIGN focused=0 result=0
2026-09-25 14:06:09.672 Df meeterm[6982:ee5a] (Foundation) MEETERM_SMOKE_INPUT_RESIGN focused=0 result=0
2026-09-25 14:06:09.673 Df meeterm[6982:ee5a] (Foundation) MEETERM_SMOKE_INPUT_RESIGN focused=0 result=0
2026-09-25 14:06:09.692 Df meeterm[6982:ee5a] (Foundation) MEETERM_SMOKE_INPUT_BINDING_CANCEL
2026-09-25 14:06:09.693 Df meeterm[6982:ee5a] (Foundation) MEETERM_SMOKE_INPUT_RESIGN focused=0 result=0
2026-09-25 14:06:09.693 Df meeterm[6982:ee5a] (Foundation) MEETERM_SMOKE_NATIVE_READY
2026-09-25 14:06:09.696 Df meeterm[6982:ee5a] (Foundation) MEETERM_SMOKE_INPUT_WINDOW attached=1
2026-09-25 14:06:09.733 Df meeterm[6982:ee5a] (Foundation) MEETERM_SMOKE_FIRST_FRAME_METAL
2026-09-25 14:06:10.618 Df meeterm[6982:ee5a] (Foundation) MEETERM_SMOKE_INPUT_FOCUS result=1 window=1
2026-09-25 14:06:22.817 Df meeterm[6982:ee5a] (Foundation) MEETERM_SMOKE_INPUT_FOCUS result=1 window=1
2026-09-25 14:06:22.817 Df meeterm[6982:ee5a] (Foundation) MEETERM_SMOKE_PASTE_REQUEST
2026-09-25 14:06:22.835 Df meeterm[6982:f7b0] (Foundation) MEETERM_SMOKE_PASTE_PROVIDER_COMPLETION
2026-09-25 14:06:22.835 Df meeterm[6982:ee5a] (Foundation) MEETERM_SMOKE_PASTE_DELIVERY_ATTEMPT
2026-09-25 14:06:22.835 Df meeterm[6982:ee5a] (Foundation) MEETERM_SMOKE_PASTE_RESULT accepted=1
2026-09-25 14:06:38.205 Df meeterm[6982:ee5a] (Foundation) MEETERM_SMOKE_INPUT_FOCUS result=1 window=1
2026-09-25 14:06:38.205 Df meeterm[6982:ee5a] (Foundation) MEETERM_SMOKE_PASTE_REQUEST
2026-09-25 14:06:38.213 Df meeterm[6982:f6b9] (Foundation) MEETERM_SMOKE_PASTE_PROVIDER_COMPLETION
2026-09-25 14:06:38.213 Df meeterm[6982:ee5a] (Foundation) MEETERM_SMOKE_PASTE_DELIVERY_ATTEMPT
2026-09-25 14:06:38.213 Df meeterm[6982:ee5a] (Foundation) MEETERM_SMOKE_PASTE_RESULT accepted=1
2026-09-25 14:06:42.372 Df meeterm[6982:ee5a] (Foundation) MEETERM_SMOKE_INPUT_RESIGN focused=1 result=1
2026-09-25 14:06:42.372 Df meeterm[6982:ee5a] (Foundation) MEETERM_SMOKE_INPUT_WINDOW attached=0
2026-09-25 14:06:42.372 Df meeterm[6982:ee5a] (Foundation) MEETERM_SMOKE_INPUT_BINDING_CANCEL
2026-09-25 14:06:42.373 Df meeterm[6982:ee5a] (Foundation) MEETERM_SMOKE_INPUT_RESIGN focused=0 result=0
2026-09-25 14:06:46.580 Df meeterm[6982:ee5a] (Foundation) MEETERM_SMOKE_INPUT_RESIGN focused=0 result=0
2026-09-25 14:06:46.581 Df meeterm[6982:ee5a] (Foundation) MEETERM_SMOKE_INPUT_RESIGN focused=0 result=0
2026-09-25 14:06:46.595 Df meeterm[6982:ee5a] (Foundation) MEETERM_SMOKE_INPUT_BINDING_CANCEL
2026-09-25 14:06:46.595 Df meeterm[6982:ee5a] (Foundation) MEETERM_SMOKE_INPUT_RESIGN focused=0 result=0
2026-09-25 14:06:46.595 Df meeterm[6982:ee5a] (Foundation) MEETERM_SMOKE_NATIVE_READY
2026-09-25 14:06:46.595 Df meeterm[6982:ee5a] (Foundation) MEETERM_SMOKE_INPUT_BINDING_CANCEL
2026-09-25 14:06:46.596 Df meeterm[6982:ee5a] (Foundation) MEETERM_SMOKE_INPUT_RESIGN focused=0 result=0
2026-09-25 14:06:46.601 Df meeterm[6982:ee5a] (Foundation) MEETERM_SMOKE_INPUT_WINDOW attached=1
2026-09-25 14:06:46.614 Df meeterm[6982:ee5a] (Foundation) MEETERM_SMOKE_FIRST_FRAME_METAL
2026-09-25 14:06:48.571 Df meeterm[6982:ee5a] (Foundation) MEETERM_SMOKE_INPUT_FOCUS result=1 window=1
2026-09-25 14:07:00.534 Df meeterm[6982:ee5a] (Foundation) MEETERM_SMOKE_INPUT_FOCUS result=1 window=1
2026-09-25 14:07:00.534 Df meeterm[6982:ee5a] (Foundation) MEETERM_SMOKE_PASTE_REQUEST
2026-09-25 14:07:00.542 Df meeterm[6982:f6b1] (Foundation) MEETERM_SMOKE_PASTE_PROVIDER_COMPLETION
2026-09-25 14:07:00.542 Df meeterm[6982:ee5a] (Foundation) MEETERM_SMOKE_PASTE_DELIVERY_ATTEMPT
2026-09-25 14:07:00.543 Df meeterm[6982:ee5a] (Foundation) MEETERM_SMOKE_PASTE_RESULT accepted=1
2026-09-25 14:07:04.856 Df meeterm[6982:ee5a] (Foundation) MEETERM_SMOKE_INPUT_RESIGN focused=1 result=1
2026-09-25 14:07:04.857 Df meeterm[6982:ee5a] (Foundation) MEETERM_SMOKE_INPUT_WINDOW attached=0
2026-09-25 14:07:04.857 Df meeterm[6982:ee5a] (Foundation) MEETERM_SMOKE_INPUT_BINDING_CANCEL
2026-09-25 14:07:04.857 Df meeterm[6982:ee5a] (Foundation) MEETERM_SMOKE_INPUT_RESIGN focused=0 result=0
2026-09-25 14:07:08.852 Df meeterm[6982:ee5a] (Foundation) MEETERM_SMOKE_INPUT_RESIGN focused=0 result=0
2026-09-25 14:07:08.853 Df meeterm[6982:ee5a] (Foundation) MEETERM_SMOKE_INPUT_RESIGN focused=0 result=0
2026-09-25 14:07:08.862 Df meeterm[6982:ee5a] (Foundation) MEETERM_SMOKE_INPUT_BINDING_CANCEL
2026-09-25 14:07:08.862 Df meeterm[6982:ee5a] (Foundation) MEETERM_SMOKE_INPUT_RESIGN focused=0 result=0
2026-09-25 14:07:08.862 Df meeterm[6982:ee5a] (Foundation) MEETERM_SMOKE_INPUT_BINDING_CANCEL
2026-09-25 14:07:08.862 Df meeterm[6982:ee5a] (Foundation) MEETERM_SMOKE_INPUT_RESIGN focused=0 result=0
2026-09-25 14:07:08.862 Df meeterm[6982:ee5a] (Foundation) MEETERM_SMOKE_NATIVE_READY
2026-09-25 14:07:08.869 Df meeterm[6982:ee5a] (Foundation) MEETERM_SMOKE_INPUT_WINDOW attached=1
2026-09-25 14:07:08.888 Df meeterm[6982:ee5a] (Foundation) MEETERM_SMOKE_FIRST_FRAME_METAL
2026-09-25 14:07:10.801 Df meeterm[6982:ee5a] (Foundation) MEETERM_SMOKE_INPUT_FOCUS result=1 window=1
2026-09-25 14:07:19.687 Df meeterm[6982:ee5a] (Foundation) MEETERM_SMOKE_INPUT_FOCUS result=1 window=1
2026-09-25 14:07:19.687 Df meeterm[6982:ee5a] (Foundation) MEETERM_SMOKE_PASTE_REQUEST
2026-09-25 14:07:19.694 Df meeterm[6982:f405] (Foundation) MEETERM_SMOKE_PASTE_PROVIDER_COMPLETION
2026-09-25 14:07:19.694 Df meeterm[6982:ee5a] (Foundation) MEETERM_SMOKE_PASTE_DELIVERY_ATTEMPT
2026-09-25 14:07:19.694 Df meeterm[6982:ee5a] (Foundation) MEETERM_SMOKE_PASTE_RESULT accepted=1
2026-09-25 14:07:24.209 Df meeterm[6982:ee5a] (Foundation) MEETERM_SMOKE_INPUT_RESIGN focused=1 result=1
2026-09-25 14:07:24.209 Df meeterm[6982:ee5a] (Foundation) MEETERM_SMOKE_INPUT_WINDOW attached=0
2026-09-25 14:07:24.210 Df meeterm[6982:ee5a] (Foundation) MEETERM_SMOKE_INPUT_BINDING_CANCEL
2026-09-25 14:07:24.210 Df meeterm[6982:ee5a] (Foundation) MEETERM_SMOKE_INPUT_RESIGN focused=0 result=0
2026-09-25 14:08:46.945 Df meeterm[6982:ee5a] (Foundation) MEETERM_SMOKE_INPUT_RESIGN focused=0 result=0
2026-09-25 14:08:46.945 Df meeterm[6982:ee5a] (Foundation) MEETERM_SMOKE_INPUT_RESIGN focused=0 result=0
2026-09-25 14:08:46.952 Df meeterm[6982:ee5a] (Foundation) MEETERM_SMOKE_INPUT_BINDING_CANCEL
2026-09-25 14:08:46.952 Df meeterm[6982:ee5a] (Foundation) MEETERM_SMOKE_INPUT_RESIGN focused=0 result=0
2026-09-25 14:08:46.952 Df meeterm[6982:ee5a] (Foundation) MEETERM_SMOKE_NATIVE_READY
2026-09-25 14:08:46.952 Df meeterm[6982:ee5a] (Foundation) MEETERM_SMOKE_INPUT_BINDING_CANCEL
2026-09-25 14:08:46.953 Df meeterm[6982:ee5a] (Foundation) MEETERM_SMOKE_INPUT_RESIGN focused=0 result=0
2026-09-25 14:08:46.956 Df meeterm[6982:ee5a] (Foundation) MEETERM_SMOKE_INPUT_WINDOW attached=1
2026-09-25 14:08:46.970 Df meeterm[6982:ee5a] (Foundation) MEETERM_SMOKE_FIRST_FRAME_METAL
2026-09-25 14:08:48.881 Df meeterm[6982:ee5a] (Foundation) MEETERM_SMOKE_INPUT_FOCUS result=1 window=1
2026-09-25 14:09:00.766 Df meeterm[6982:ee5a] (Foundation) MEETERM_SMOKE_INPUT_FOCUS result=1 window=1
2026-09-25 14:09:00.766 Df meeterm[6982:ee5a] (Foundation) MEETERM_SMOKE_PASTE_REQUEST
2026-09-25 14:09:00.773 Df meeterm[6982:101eb] (Foundation) MEETERM_SMOKE_PASTE_PROVIDER_COMPLETION
2026-09-25 14:09:00.773 Df meeterm[6982:ee5a] (Foundation) MEETERM_SMOKE_PASTE_DELIVERY_ATTEMPT
2026-09-25 14:09:00.774 Df meeterm[6982:ee5a] (Foundation) MEETERM_SMOKE_PASTE_RESULT accepted=1
2026-09-25 14:09:05.147 Df meeterm[6982:ee5a] (Foundation) MEETERM_SMOKE_INPUT_RESIGN focused=1 result=1
2026-09-25 14:09:05.148 Df meeterm[6982:ee5a] (Foundation) MEETERM_SMOKE_INPUT_WINDOW attached=0
2026-09-25 14:09:05.149 Df meeterm[6982:ee5a] (Foundation) MEETERM_SMOKE_INPUT_BINDING_CANCEL
2026-09-25 14:09:05.149 Df meeterm[6982:ee5a] (Foundation) MEETERM_SMOKE_INPUT_RESIGN focused=0 result=0
2026-09-25 14:09:09.148 Df meeterm[6982:ee5a] (Foundation) MEETERM_SMOKE_INPUT_RESIGN focused=0 result=0
2026-09-25 14:09:09.148 Df meeterm[6982:ee5a] (Foundation) MEETERM_SMOKE_INPUT_RESIGN focused=0 result=0
2026-09-25 14:09:09.158 Df meeterm[6982:ee5a] (Foundation) MEETERM_SMOKE_INPUT_BINDING_CANCEL
2026-09-25 14:09:09.158 Df meeterm[6982:ee5a] (Foundation) MEETERM_SMOKE_INPUT_RESIGN focused=0 result=0
2026-09-25 14:09:09.158 Df meeterm[6982:ee5a] (Foundation) MEETERM_SMOKE_NATIVE_READY
2026-09-25 14:09:09.158 Df meeterm[6982:ee5a] (Foundation) MEETERM_SMOKE_INPUT_BINDING_CANCEL
2026-09-25 14:09:09.158 Df meeterm[6982:ee5a] (Foundation) MEETERM_SMOKE_INPUT_RESIGN focused=0 result=0
2026-09-25 14:09:09.169 Df meeterm[6982:ee5a] (Foundation) MEETERM_SMOKE_INPUT_WINDOW attached=1
2026-09-25 14:09:09.188 Df meeterm[6982:ee5a] (Foundation) MEETERM_SMOKE_FIRST_FRAME_METAL
2026-09-25 14:09:11.321 Df meeterm[6982:ee5a] (Foundation) MEETERM_SMOKE_INPUT_FOCUS result=1 window=1
2026-09-25 14:09:20.251 Df meeterm[6982:ee5a] (Foundation) MEETERM_SMOKE_INPUT_FOCUS result=1 window=1
2026-09-25 14:09:20.251 Df meeterm[6982:ee5a] (Foundation) MEETERM_SMOKE_PASTE_REQUEST
2026-09-25 14:09:20.259 Df meeterm[6982:101eb] (Foundation) MEETERM_SMOKE_PASTE_PROVIDER_COMPLETION
2026-09-25 14:09:20.259 Df meeterm[6982:ee5a] (Foundation) MEETERM_SMOKE_PASTE_DELIVERY_ATTEMPT
2026-09-25 14:09:20.260 Df meeterm[6982:ee5a] (Foundation) MEETERM_SMOKE_PASTE_RESULT accepted=1
2026-09-25 14:09:25.303 Df meeterm[6982:ee5a] (Foundation) MEETERM_SMOKE_INPUT_FOCUS result=1 window=1
2026-09-25 14:09:36.950 Df meeterm[6982:ee5a] (Foundation) MEETERM_SMOKE_INPUT_FOCUS result=1 window=1
2026-09-25 14:09:36.950 Df meeterm[6982:ee5a] (Foundation) MEETERM_SMOKE_PASTE_REQUEST
2026-09-25 14:09:36.957 Df meeterm[6982:fd92] (Foundation) MEETERM_SMOKE_PASTE_PROVIDER_COMPLETION
2026-09-25 14:09:36.958 Df meeterm[6982:ee5a] (Foundation) MEETERM_SMOKE_PASTE_DELIVERY_ATTEMPT
2026-09-25 14:09:36.958 Df meeterm[6982:ee5a] (Foundation) MEETERM_SMOKE_PASTE_RESULT accepted=1
2026-09-25 14:09:41.050 Df meeterm[6982:ee5a] (Foundation) MEETERM_SMOKE_INPUT_BINDING_CANCEL
2026-09-25 14:09:41.052 Df meeterm[6982:ee5a] (Foundation) MEETERM_SMOKE_INPUT_FOCUS result=1 window=1
2026-09-25 14:09:41.111 Df meeterm[6982:ee5a] (Foundation) MEETERM_SMOKE_INPUT_RESIGN focused=1 result=1
2026-09-25 14:09:41.428 Df meeterm[6982:ee5a] (Foundation) MEETERM_SMOKE_INPUT_BINDING_CANCEL
2026-09-25 14:09:41.428 Df meeterm[6982:ee5a] (Foundation) MEETERM_SMOKE_INPUT_RESIGN focused=0 result=0
2026-09-25 14:09:46.823 Df meeterm[6982:ee5a] (Foundation) MEETERM_SMOKE_INPUT_FOCUS result=1 window=1
2026-09-25 14:09:58.753 Df meeterm[6982:ee5a] (Foundation) MEETERM_SMOKE_INPUT_FOCUS result=1 window=1
2026-09-25 14:09:58.753 Df meeterm[6982:ee5a] (Foundation) MEETERM_SMOKE_PASTE_REQUEST
2026-09-25 14:09:58.760 Df meeterm[6982:10306] (Foundation) MEETERM_SMOKE_PASTE_PROVIDER_COMPLETION
2026-09-25 14:09:58.761 Df meeterm[6982:ee5a] (Foundation) MEETERM_SMOKE_PASTE_DELIVERY_ATTEMPT
2026-09-25 14:09:58.761 Df meeterm[6982:ee5a] (Foundation) MEETERM_SMOKE_PASTE_RESULT accepted=1
2026-09-25 14:10:44.591 Df meeterm[6982:ee5a] (Foundation) MEETERM_SMOKE_INPUT_RESIGN focused=1 result=1
2026-09-25 14:10:44.591 Df meeterm[6982:ee5a] (Foundation) MEETERM_SMOKE_INPUT_WINDOW attached=0
2026-09-25 14:10:44.592 Df meeterm[6982:ee5a] (Foundation) MEETERM_SMOKE_INPUT_BINDING_CANCEL
2026-09-25 14:10:44.592 Df meeterm[6982:ee5a] (Foundation) MEETERM_SMOKE_INPUT_RESIGN focused=0 result=0
