Command line invocation:
    /Applications/Xcode.app/Contents/Developer/usr/bin/xcodebuild test-without-building -xctestrun /Users/devin/runner-temp/meeterm-derived-data/Build/Products/.meeterm-8l2fye62.xctestrun -destination "platform=iOS Simulator,id=7EE2EBC1-0640-4950-AAFF-B4CDF455F377" CODE_SIGNING_ALLOWED=NO CODE_SIGNING_REQUIRED=NO "-only-testing:meetermTests/MeetermSmokeUITests/testShortSshInputAndDisconnect" -resultBundlePath /Users/devin/runner-temp/meeterm-ios-ssh.xcresult

Build settings from command line:
    CODE_SIGNING_ALLOWED = NO
    CODE_SIGNING_REQUIRED = NO

2026-09-24 21:17:17.268 xcodebuild[25212:191715] [MT] IDERunDestination: Supported platforms for the buildables in the current scheme is empty.
Writing result bundle at path:
	/Users/devin/runner-temp/meeterm-ios-ssh.xcresult

2026-09-24 21:17:17.273 xcodebuild[25212:191715] [MT] IDERunDestination: Supported platforms for the buildables in the current scheme is empty.
2026-09-24 21:17:17.490 xcodebuild[25212:191715] [MT] IDERunDestination: Supported platforms for the buildables in the current scheme is empty.
2026-09-24 21:17:19.720686-0700 meetermTests-Runner[25219:191882] [Default] Running tests...
    t =      nans Interface orientation changed to Portrait
Test Suite 'Selected tests' started at 2026-09-24 21:17:21.749.
Test Suite 'meetermTests.xctest' started at 2026-09-24 21:17:21.750.
Test Suite 'MeetermSmokeUITests' started at 2026-09-24 21:17:21.750.
Test Case '-[meetermTests.MeetermSmokeUITests testShortSshInputAndDisconnect]' started.
    t =     0.00s Start Test at 2026-09-24 21:17:21.754
    t =     0.02s Set Up
    t =     0.04s     Open dev.meeterm.app
    t =     0.04s         Launch dev.meeterm.app
2026-09-24 21:17:21.825 xcodebuild[25212:191715] [MT] IDELaunchParametersSnapshot: The operation couldn’t be completed. (DebuggerLLDB.DebuggerVersionStore.StoreError error 0.)
2026-09-24 21:17:21.825 xcodebuild[25212:191715] [MT] IDELaunchParametersSnapshot: no debugger version
objc[25219]: Class UIAccessibilityLoaderWebShared is implemented in both /Library/Developer/CoreSimulator/Profiles/Runtimes/iOS 27.0.simruntime/Contents/Resources/RuntimeRoot/System/Library/AccessibilityBundles/WebKit.axbundle/WebKit (0x10655c398) and /Library/Developer/CoreSimulator/Profiles/Runtimes/iOS 27.0.simruntime/Contents/Resources/RuntimeRoot/System/Library/AccessibilityBundles/WebCore.axbundle/WebCore (0x1066ec310). This may cause spurious casting failures and mysterious crashes. One of the duplicates must be removed or renamed.
    t =     1.18s             Setting up automation session
    t =     3.83s             Wait for dev.meeterm.app to idle
    t =     5.80s     Wait for dev.meeterm.app to become Running Foreground
    t =     5.80s     Checking existence of `Window (First Match)`
    t =     5.86s     Find the Window (First Match)
    t =     5.89s     Find the Window at {{0.0, 0.0}, {440.0, 956.0}}
    t =     5.95s     Checking existence of `Button (First Match)`
    t =     5.99s     Find the Button (First Match)
    t =     6.08s     Find the "open-settings" Button
    t =     6.12s     Checking existence of `Button (First Match)`
    t =     6.14s     Find the Button (First Match)
    t =     6.17s     Find the "Connect" Button
    t =     6.25s     Checking existence of `Button (First Match)`
    t =     6.28s     Checking existence of `TextField (First Match)`
    t =     6.31s     Checking existence of `StaticText (First Match)`
    t =     6.36s     Checking existence of `StaticText (First Match)`
    t =     6.39s     Checking existence of `StaticText (First Match)`
    t =     6.42s     Checking existence of `StaticText (First Match)`
    t =     6.46s     Checking existence of `StaticText (First Match)`
    t =     6.50s     Checking existence of `StaticText (First Match)`
    t =     6.55s     Checking existence of `StaticText (First Match)`
    t =     6.59s     Checking existence of `StaticText (First Match)`
    t =     6.92s     Find the Target Application 'dev.meeterm.app'
    t =     7.05s Get number of matches for: Elements matching predicate 'identifier == "Connect" OR label == "Connect"'
    t =     7.08s Get number of matches for: Elements matching predicate 'identifier == "Connect" OR label == "Connect"'
    t =     7.10s Checking existence of `Button (Element at index 0)`
    t =     7.11s Find the Button (Element at index 0)
    t =     7.13s Waiting 20.0s for "Connect" Button to exist
    t =     8.19s     Checking `Expect predicate `existsNoRetry == 1` for object "Connect" Button`
    t =     8.19s         Checking existence of `"Connect" Button`
    t =     8.21s Get number of matches for: Elements matching predicate 'identifier == "Connect" OR label == "Connect"'
    t =     8.22s Get number of matches for: Elements matching predicate 'identifier == "Connect" OR label == "Connect"'
    t =     8.23s Checking existence of `Button (Element at index 0)`
    t =     8.24s Find the Button (Element at index 0)
    t =     8.79s Tap "Connect" Button
    t =     8.79s     Wait for dev.meeterm.app to idle
    t =     8.79s     Find the "Connect" Button
    t =     8.81s     Check for interrupting elements affecting "Connect" Button
    t =     8.84s     Synthesize event
    t =     9.15s     Wait for dev.meeterm.app to idle
    t =     9.55s Waiting 15.0s for TextField (First Match) to exist
    t =    10.59s     Checking `Expect predicate `existsNoRetry == 1` for object TextField (First Match)`
    t =    10.59s         Checking existence of `TextField (First Match)`
    t =    10.65s Waiting 10.0s for TextField (First Match) to exist
    t =    11.71s     Checking `Expect predicate `existsNoRetry == 1` for object TextField (First Match)`
    t =    11.71s         Checking existence of `TextField (First Match)`
    t =    11.76s Checking existence of `TextField (First Match)`
    t =    11.81s Find the TextField (First Match)
    t =    11.87s Tap "ssh-host" TextField[0.95, 0.50]
    t =    11.87s     Wait for dev.meeterm.app to idle
    t =    11.87s     Find the "ssh-host" TextField
    t =    11.93s     Check for interrupting elements affecting "ssh-host" TextField
    t =    11.98s     Synthesize event
    t =    11.98s         Find the "ssh-host" TextField
    t =    12.04s         Find the "ssh-host" TextField
    t =    12.09s         Find the "ssh-host" TextField
    t =    12.43s     Wait for dev.meeterm.app to idle
    t =    12.63s Find the "ssh-host" TextField
    t =    12.80s Find the "ssh-host" TextField
    t =    12.97s Type '127.0.0.1' into "ssh-host" TextField
    t =    12.97s     Wait for dev.meeterm.app to idle
    t =    12.97s     Find the "ssh-host" TextField
    t =    13.09s     Check for interrupting elements affecting "ssh-host" TextField
    t =    13.14s     Synthesize event
    t =    13.50s     Wait for dev.meeterm.app to idle
    t =    14.58s Checking `Expect predicate `BLOCKPREDICATE(0x10626ebe0)` for object "ssh-host" TextField`
    t =    14.58s     Find the "ssh-host" TextField
    t =    14.67s     Find the "ssh-host" TextField
    t =    14.76s Waiting 10.0s for TextField (First Match) to exist
    t =    15.79s     Checking `Expect predicate `existsNoRetry == 1` for object TextField (First Match)`
    t =    15.79s         Checking existence of `TextField (First Match)`
    t =    15.88s Checking existence of `TextField (First Match)`
    t =    15.98s Find the TextField (First Match)
    t =    16.09s Tap "ssh-port" TextField[0.95, 0.50]
    t =    16.09s     Wait for dev.meeterm.app to idle
    t =    16.09s     Find the "ssh-port" TextField
    t =    16.18s     Check for interrupting elements affecting "ssh-port" TextField
    t =    16.22s     Synthesize event
    t =    16.22s         Find the "ssh-port" TextField
    t =    16.33s         Find the "ssh-port" TextField
    t =    16.43s         Find the "ssh-port" TextField
    t =    16.80s     Wait for dev.meeterm.app to idle
    t =    16.84s Find the "ssh-port" TextField
    t =    17.00s Find the "ssh-port" TextField
    t =    17.24s Type '' into "ssh-port" TextField
    t =    17.24s     Wait for dev.meeterm.app to idle
    t =    17.25s     Find the "ssh-port" TextField
    t =    17.39s     Check for interrupting elements affecting "ssh-port" TextField
    t =    17.43s     Synthesize event
    t =    17.68s     Wait for dev.meeterm.app to idle
    t =    17.68s Find the "ssh-port" TextField
    t =    17.76s Type '49558' into "ssh-port" TextField
    t =    17.76s     Wait for dev.meeterm.app to idle
    t =    17.76s     Find the "ssh-port" TextField
    t =    17.84s     Check for interrupting elements affecting "ssh-port" TextField
    t =    17.87s     Synthesize event
    t =    18.16s     Wait for dev.meeterm.app to idle
    t =    19.24s Checking `Expect predicate `BLOCKPREDICATE(0x10626f2a0)` for object "ssh-port" TextField`
    t =    19.24s     Find the "ssh-port" TextField
    t =    19.32s     Find the "ssh-port" TextField
    t =    19.40s Waiting 10.0s for TextField (First Match) to exist
    t =    20.47s     Checking `Expect predicate `existsNoRetry == 1` for object TextField (First Match)`
    t =    20.48s         Checking existence of `TextField (First Match)`
    t =    20.58s Checking existence of `TextField (First Match)`
    t =    20.65s Find the TextField (First Match)
    t =    20.77s Tap "ssh-username" TextField[0.95, 0.50]
    t =    20.77s     Wait for dev.meeterm.app to idle
    t =    20.78s     Find the "ssh-username" TextField
    t =    20.85s     Check for interrupting elements affecting "ssh-username" TextField
    t =    20.88s     Synthesize event
    t =    20.88s         Find the "ssh-username" TextField
    t =    20.97s         Find the "ssh-username" TextField
    t =    21.05s         Find the "ssh-username" TextField
    t =    21.42s     Wait for dev.meeterm.app to idle
    t =    21.81s Find the "ssh-username" TextField
    t =    21.90s Find the "ssh-username" TextField
    t =    22.00s Type 'd' into "ssh-username" TextField
    t =    22.00s     Wait for dev.meeterm.app to idle
    t =    22.00s     Find the "ssh-username" TextField
    t =    22.09s     Check for interrupting elements affecting "ssh-username" TextField
    t =    22.12s     Synthesize event
    t =    22.34s     Wait for dev.meeterm.app to idle
    t =    23.41s Checking `Expect predicate `BLOCKPREDICATE(0x1061c4e40)` for object "ssh-username" TextField`
    t =    23.41s     Find the "ssh-username" TextField
    t =    23.50s     Find the "ssh-username" TextField
    t =    23.59s Type 'e' into "ssh-username" TextField
    t =    23.59s     Wait for dev.meeterm.app to idle
    t =    23.59s     Find the "ssh-username" TextField
    t =    23.68s     Check for interrupting elements affecting "ssh-username" TextField
    t =    23.71s     Synthesize event
    t =    23.93s     Wait for dev.meeterm.app to idle
    t =    24.99s Checking `Expect predicate `BLOCKPREDICATE(0x1061c7e40)` for object "ssh-username" TextField`
    t =    24.99s     Find the "ssh-username" TextField
    t =    25.09s     Find the "ssh-username" TextField
    t =    25.18s Type 'v' into "ssh-username" TextField
    t =    25.18s     Wait for dev.meeterm.app to idle
    t =    25.18s     Find the "ssh-username" TextField
    t =    25.28s     Check for interrupting elements affecting "ssh-username" TextField
    t =    25.32s     Synthesize event
    t =    25.55s     Wait for dev.meeterm.app to idle
    t =    26.63s Checking `Expect predicate `BLOCKPREDICATE(0x1061e4330)` for object "ssh-username" TextField`
    t =    26.63s     Find the "ssh-username" TextField
    t =    26.72s     Find the "ssh-username" TextField
    t =    26.81s Type 'i' into "ssh-username" TextField
    t =    26.81s     Wait for dev.meeterm.app to idle
    t =    26.82s     Find the "ssh-username" TextField
    t =    26.92s     Check for interrupting elements affecting "ssh-username" TextField
    t =    26.95s     Synthesize event
    t =    27.18s     Wait for dev.meeterm.app to idle
    t =    28.23s Checking `Expect predicate `BLOCKPREDICATE(0x1061e4450)` for object "ssh-username" TextField`
    t =    28.23s     Find the "ssh-username" TextField
    t =    28.33s     Find the "ssh-username" TextField
    t =    28.42s Type 'n' into "ssh-username" TextField
    t =    28.42s     Wait for dev.meeterm.app to idle
    t =    28.43s     Find the "ssh-username" TextField
    t =    28.52s     Check for interrupting elements affecting "ssh-username" TextField
    t =    28.56s     Synthesize event
    t =    28.79s     Wait for dev.meeterm.app to idle
    t =    29.84s Checking `Expect predicate `BLOCKPREDICATE(0x1061e52f0)` for object "ssh-username" TextField`
    t =    29.84s     Find the "ssh-username" TextField
    t =    29.93s     Find the "ssh-username" TextField
    t =    31.06s Checking `Expect predicate `BLOCKPREDICATE(0x1061e58f0)` for object "ssh-username" TextField`
    t =    31.06s     Find the "ssh-username" TextField
    t =    31.16s     Find the "ssh-username" TextField
    t =    31.26s Checking existence of `TextField (First Match)`
    t =    31.37s Find the TextField (First Match)
    t =    31.48s Find the "server-profile-name" TextField
    t =    31.87s Checking existence of `"server-profile-name" TextField`
    t =    31.97s Find the "server-profile-name" TextField
    t =    32.07s Find the "server-profile-name" TextField
    t =    32.45s Checking existence of `"server-profile-name" TextField`
    t =    32.55s Find the "server-profile-name" TextField
    t =    32.68s Find the "server-profile-name" TextField
    t =    32.78s Find the "server-profile-name" TextField
    t =    32.89s Checking existence of `ScrollView (First Match)`
    t =    32.98s Find the ScrollView (First Match)
    t =    33.07s Checking existence of `Keyboard (First Match)`
    t =    33.09s Find the Keyboard (First Match)
    t =    33.11s Find the Target Application 'dev.meeterm.app'
    t =    33.15s Checking existence of `ScrollView at {{0.0, 122.0}, {440.0, 576.0}}`
    t =    33.25s Find the Target Application 'dev.meeterm.app'
    t =    33.27s Checking existence of `ScrollView at {{0.0, 122.0}, {440.0, 576.0}}`
    t =    33.36s Find the ScrollView at {{0.0, 122.0}, {440.0, 576.0}}
    t =    33.46s Find the Target Application 'dev.meeterm.app'
    t =    33.48s Checking existence of `Keyboard (First Match)`
    t =    33.49s Find the Keyboard (First Match)
    t =    33.53s Find the Keyboard at {{0.0, 653.0}, {440.0, 245.0}}
    t =    33.56s Checking existence of `"server-profile-name" TextField`
    t =    33.67s Find the "server-profile-name" TextField
    t =    33.78s Press Target Application 'dev.meeterm.app'[0.00, 0.00] -> (8.0, 520.2) for 0.1 seconds, then drag to Target Application 'dev.meeterm.app'[0.00, 0.00] -> (8.0, 254.8) with velocity of 250.00 pixels per second, and then hold for 0.2 seconds 
    t =    33.78s     Wait for dev.meeterm.app to idle
    t =    33.78s     Find the Target Application 'dev.meeterm.app'
    t =    33.80s     Check for interrupting elements affecting "meeterm" Application
    t =    33.83s     Synthesize event
    t =    33.84s         Find the Target Application 'dev.meeterm.app'
    t =    33.86s         Find the Target Application 'dev.meeterm.app'
    t =    33.88s         Find the Target Application 'dev.meeterm.app'
    t =    33.90s         Find the Target Application 'dev.meeterm.app'
    t =    33.93s         Find the Target Application 'dev.meeterm.app'
    t =    35.52s     Wait for dev.meeterm.app to idle
    t =    35.78s Checking existence of `"server-profile-name" TextField`
    t =    35.87s Find the "server-profile-name" TextField
    t =    35.98s Find the "server-profile-name" TextField
    t =    36.08s Find the "server-profile-name" TextField
    t =    36.20s Checking existence of `ScrollView at {{0.0, 122.0}, {440.0, 576.0}}`
    t =    36.29s Find the ScrollView at {{0.0, 122.0}, {440.0, 576.0}}
    t =    36.39s Checking existence of `Keyboard (First Match)`
    t =    36.41s Find the Keyboard (First Match)
    t =    36.44s Find the Target Application 'dev.meeterm.app'
    t =    36.47s Checking existence of `"server-profile-name" TextField`
    t =    36.57s Find the "server-profile-name" TextField
    t =    36.69s Find the "server-profile-name" TextField
    t =    37.05s Checking existence of `"server-profile-name" TextField`
    t =    37.15s Find the "server-profile-name" TextField
    t =    37.26s Find the "server-profile-name" TextField
    t =    37.62s Checking existence of `"server-profile-name" TextField`
    t =    37.72s Find the "server-profile-name" TextField
    t =    37.84s Find the "server-profile-name" TextField
    t =    37.95s Find the "server-profile-name" TextField
    t =    38.07s Checking existence of `ScrollView at {{0.0, 122.0}, {440.0, 576.0}}`
    t =    38.19s Find the ScrollView at {{0.0, 122.0}, {440.0, 576.0}}
    t =    38.31s Checking existence of `Keyboard (First Match)`
    t =    38.33s Find the Keyboard (First Match)
    t =    38.35s Find the Target Application 'dev.meeterm.app'
    t =    38.38s Checking existence of `ScrollView at {{0.0, 122.0}, {440.0, 576.0}}`
    t =    38.48s Find the Target Application 'dev.meeterm.app'
    t =    38.51s Checking existence of `ScrollView at {{0.0, 122.0}, {440.0, 576.0}}`
    t =    38.61s Find the ScrollView at {{0.0, 122.0}, {440.0, 576.0}}
    t =    38.71s Find the Target Application 'dev.meeterm.app'
    t =    38.73s Checking existence of `Keyboard (First Match)`
    t =    38.75s Find the Keyboard (First Match)
    t =    38.77s Find the Keyboard at {{0.0, 653.0}, {440.0, 245.0}}
    t =    38.80s Checking existence of `"server-profile-name" TextField`
    t =    38.89s Find the "server-profile-name" TextField
    t =    39.00s Press Target Application 'dev.meeterm.app'[0.00, 0.00] -> (8.0, 520.2) for 0.1 seconds, then drag to Target Application 'dev.meeterm.app'[0.00, 0.00] -> (8.0, 254.8) with velocity of 250.00 pixels per second, and then hold for 0.2 seconds 
    t =    39.00s     Wait for dev.meeterm.app to idle
    t =    39.00s     Find the Target Application 'dev.meeterm.app'
    t =    39.02s     Check for interrupting elements affecting "meeterm" Application
    t =    39.05s     Synthesize event
    t =    39.05s         Find the Target Application 'dev.meeterm.app'
    t =    39.08s         Find the Target Application 'dev.meeterm.app'
    t =    39.10s         Find the Target Application 'dev.meeterm.app'
    t =    39.12s         Find the Target Application 'dev.meeterm.app'
    t =    39.15s         Find the Target Application 'dev.meeterm.app'
    t =    40.74s     Wait for dev.meeterm.app to idle
    t =    41.00s Checking existence of `"server-profile-name" TextField`
    t =    41.10s Find the "server-profile-name" TextField
    t =    41.20s Find the "server-profile-name" TextField
    t =    41.30s Find the "server-profile-name" TextField
    t =    41.42s Checking existence of `ScrollView at {{0.0, 122.0}, {440.0, 576.0}}`
    t =    41.51s Find the ScrollView at {{0.0, 122.0}, {440.0, 576.0}}
    t =    41.61s Checking existence of `Keyboard (First Match)`
    t =    41.63s Find the Keyboard (First Match)
    t =    41.65s Find the Target Application 'dev.meeterm.app'
    t =    41.68s Checking existence of `"server-profile-name" TextField`
    t =    41.79s Find the "server-profile-name" TextField
    t =    41.90s Find the "server-profile-name" TextField
    t =    42.04s Checking existence of `"server-profile-name" TextField`
    t =    42.15s Checking existence of `ScrollView at {{0.0, 122.0}, {440.0, 576.0}}`
    t =    42.24s Find the ScrollView at {{0.0, 122.0}, {440.0, 576.0}}
    t =    42.33s Find the Target Application 'dev.meeterm.app'
    t =    42.35s Checking existence of `Keyboard (First Match)`
    t =    42.37s Find the Keyboard (First Match)
    t =    42.39s Find the Keyboard at {{0.0, 653.0}, {440.0, 245.0}}
    t =    42.41s Find the "server-profile-name" TextField
    t =    42.52s Waiting 10.0s for TextField (First Match) to exist
    t =    43.55s     Checking `Expect predicate `existsNoRetry == 1` for object TextField (First Match)`
    t =    43.55s         Checking existence of `TextField (First Match)`
    t =    43.65s Checking existence of `TextField (First Match)`
    t =    43.75s Find the TextField (First Match)
    t =    43.86s Tap "server-profile-name" TextField[0.95, 0.50]
    t =    43.86s     Wait for dev.meeterm.app to idle
    t =    43.86s     Find the "server-profile-name" TextField
    t =    43.97s     Check for interrupting elements affecting "server-profile-name" TextField
    t =    44.00s     Synthesize event
    t =    44.00s         Find the "server-profile-name" TextField
    t =    44.11s         Find the "server-profile-name" TextField
    t =    44.21s         Find the "server-profile-name" TextField
    t =    44.60s     Wait for dev.meeterm.app to idle
    t =    45.01s Find the "server-profile-name" TextField
    t =    45.13s Find the "server-profile-name" TextField
    t =    45.25s Type 'Daily fixture' into "server-profile-name" TextField
    t =    45.25s     Wait for dev.meeterm.app to idle
    t =    45.25s     Find the "server-profile-name" TextField
    t =    45.37s     Check for interrupting elements affecting "server-profile-name" TextField
    t =    45.41s     Synthesize event
    t =    45.83s     Wait for dev.meeterm.app to idle
    t =    46.85s Checking `Expect predicate `BLOCKPREDICATE(0x110826d00)` for object "server-profile-name" TextField`
    t =    46.85s     Find the "server-profile-name" TextField
    t =    46.96s     Find the "server-profile-name" TextField
    t =    47.06s Checking existence of `"save-credentials" Switch`
    t =    47.10s Find the "save-credentials" Switch
    t =    47.14s Find the "save-credentials" Switch
    t =    47.19s Checking existence of `"save-credentials" Switch`
    t =    47.23s Checking existence of `ScrollView (First Match)`
    t =    47.33s Find the ScrollView (First Match)
    t =    47.43s Find the Target Application 'dev.meeterm.app'
    t =    47.45s Checking existence of `Keyboard (First Match)`
    t =    47.47s Find the Keyboard (First Match)
    t =    47.50s Find the Keyboard at {{0.0, 653.0}, {440.0, 245.0}}
    t =    47.52s Find the "save-credentials" Switch
    t =    47.57s Find the "save-credentials" Switch
    t =    47.61s Tap "save-credentials" Switch
    t =    47.61s     Wait for dev.meeterm.app to idle
    t =    47.61s     Find the "save-credentials" Switch
    t =    47.65s     Check for interrupting elements affecting "save-credentials" Switch
    t =    47.69s     Synthesize event
    t =    47.98s     Wait for dev.meeterm.app to idle
    t =    49.23s Find the "save-credentials" Switch
    t =    49.28s Checking existence of `TextView (First Match)`
    t =    49.41s Find the TextView (First Match)
    t =    49.53s Find the "ssh-private-key" TextView
    t =    49.69s Checking existence of `"ssh-private-key" TextView`
    t =    49.80s Checking existence of `ScrollView (First Match)`
    t =    49.89s Find the ScrollView (First Match)
    t =    49.99s Find the Target Application 'dev.meeterm.app'
    t =    50.01s Checking existence of `Keyboard (First Match)`
    t =    50.03s Find the Keyboard (First Match)
    t =    50.06s Find the Keyboard at {{0.0, 653.0}, {440.0, 245.0}}
    t =    50.09s Find the "ssh-private-key" TextView
    t =    50.46s Checking existence of `"ssh-private-key" TextView`
    t =    50.59s Find the "ssh-private-key" TextView
    t =    50.72s Find the "ssh-private-key" TextView
    t =    50.83s Find the "ssh-private-key" TextView
    t =    50.95s Checking existence of `ScrollView at {{0.0, 122.0}, {440.0, 549.0}}`
    t =    51.04s Find the ScrollView at {{0.0, 122.0}, {440.0, 549.0}}
    t =    51.14s Checking existence of `Keyboard (First Match)`
    t =    51.17s Find the Keyboard (First Match)
    t =    51.19s Find the Target Application 'dev.meeterm.app'
    t =    51.22s Checking existence of `ScrollView at {{0.0, 122.0}, {440.0, 549.0}}`
    t =    51.33s Find the Target Application 'dev.meeterm.app'
    t =    51.35s Checking existence of `ScrollView at {{0.0, 122.0}, {440.0, 549.0}}`
    t =    51.45s Find the ScrollView at {{0.0, 122.0}, {440.0, 549.0}}
    t =    51.55s Find the Target Application 'dev.meeterm.app'
    t =    51.57s Checking existence of `Keyboard (First Match)`
    t =    51.59s Find the Keyboard (First Match)
    t =    51.62s Find the Keyboard at {{0.0, 653.0}, {440.0, 245.0}}
    t =    51.65s Checking existence of `"ssh-private-key" TextView`
    t =    51.77s Find the "ssh-private-key" TextView
    t =    51.89s Press Target Application 'dev.meeterm.app'[0.00, 0.00] -> (8.0, 269.2) for 0.1 seconds, then drag to Target Application 'dev.meeterm.app'[0.00, 0.00] -> (8.0, 505.8) with velocity of 250.00 pixels per second, and then hold for 0.2 seconds 
    t =    51.89s     Wait for dev.meeterm.app to idle
    t =    51.89s     Find the Target Application 'dev.meeterm.app'
    t =    51.91s     Check for interrupting elements affecting "meeterm" Application
    t =    51.95s     Synthesize event
    t =    51.95s         Find the Target Application 'dev.meeterm.app'
    t =    51.97s         Find the Target Application 'dev.meeterm.app'
    t =    51.99s         Find the Target Application 'dev.meeterm.app'
    t =    52.02s         Find the Target Application 'dev.meeterm.app'
    t =    52.05s         Find the Target Application 'dev.meeterm.app'
    t =    53.54s     Wait for dev.meeterm.app to idle
    t =    53.80s Checking existence of `"ssh-private-key" TextView`
    t =    53.91s Find the "ssh-private-key" TextView
    t =    54.02s Find the "ssh-private-key" TextView
    t =    54.14s Find the "ssh-private-key" TextView
    t =    54.27s Checking existence of `ScrollView at {{0.0, 122.0}, {440.0, 549.0}}`
    t =    54.36s Find the ScrollView at {{0.0, 122.0}, {440.0, 549.0}}
    t =    54.47s Checking existence of `Keyboard (First Match)`
    t =    54.49s Find the Keyboard (First Match)
    t =    54.52s Find the Target Application 'dev.meeterm.app'
    t =    54.55s Checking existence of `"ssh-private-key" TextView`
    t =    54.68s Find the "ssh-private-key" TextView
    t =    54.79s Find the "ssh-private-key" TextView
    t =    54.91s Checking existence of `"ssh-private-key" TextView`
    t =    55.02s Checking existence of `ScrollView at {{0.0, 122.0}, {440.0, 549.0}}`
    t =    55.11s Find the ScrollView at {{0.0, 122.0}, {440.0, 549.0}}
    t =    55.21s Find the Target Application 'dev.meeterm.app'
    t =    55.23s Checking existence of `Keyboard (First Match)`
    t =    55.25s Find the Keyboard (First Match)
    t =    55.27s Find the Keyboard at {{0.0, 653.0}, {440.0, 245.0}}
    t =    55.30s Find the "ssh-private-key" TextView
    t =    55.41s Checking existence of `TextView (First Match)`
    t =    55.54s Find the TextView (First Match)
    t =    55.65s Find the "ssh-private-key" TextView
    t =    55.78s Checking existence of `"ssh-private-key" TextView`
    t =    55.89s Checking existence of `ScrollView (First Match)`
    t =    55.99s Find the ScrollView (First Match)
    t =    56.08s Find the Target Application 'dev.meeterm.app'
    t =    56.10s Checking existence of `Keyboard (First Match)`
    t =    56.12s Find the Keyboard (First Match)
    t =    56.15s Find the Keyboard at {{0.0, 653.0}, {440.0, 245.0}}
    t =    56.17s Find the "ssh-private-key" TextView
    t =    56.28s Find the TextView (First Match)
    t =    56.40s Find the "ssh-private-key" TextView
    t =    56.52s Find the "ssh-private-key" TextView
    t =    56.65s Find the "ssh-private-key" TextView
    t =    56.78s Find the "ssh-private-key" TextView
    t =    56.91s Find the "ssh-private-key" TextView
    t =    57.03s Find the "ssh-private-key" TextView
    t =    57.16s Find the "ssh-private-key" TextView
    t =    57.28s Waiting 15.0s for "ssh-private-key" TextView to exist
    t =    58.31s     Checking `Expect predicate `existsNoRetry == 1` for object "ssh-private-key" TextView`
    t =    58.31s         Checking existence of `"ssh-private-key" TextView`
    t =    58.41s Tap "ssh-private-key" TextView
    t =    58.41s     Wait for dev.meeterm.app to idle
    t =    58.41s     Find the "ssh-private-key" TextView
    t =    58.52s     Check for interrupting elements affecting "ssh-private-key" TextView
    t =    58.56s     Synthesize event
    t =    58.86s     Wait for dev.meeterm.app to idle
    t =    59.34s Type '-----BEGIN OPENSSH...' into "ssh-private-key" TextView
    t =    59.34s     Wait for dev.meeterm.app to idle
    t =    59.34s     Find the "ssh-private-key" TextView
    t =    59.46s     Check for interrupting elements affecting "ssh-private-key" TextView
    t =    59.49s     Synthesize event
    t =    60.29s     Wait for dev.meeterm.app to idle
    t =    60.29s Checking existence of `"return" Key`
    t =    60.33s Type '
' into "ssh-private-key" TextView
    t =    60.33s     Wait for dev.meeterm.app to idle
    t =    60.34s     Find the "ssh-private-key" TextView
    t =    60.45s     Check for interrupting elements affecting "ssh-private-key" TextView
    t =    60.48s     Synthesize event
    t =    60.70s     Wait for dev.meeterm.app to idle
    t =    60.71s Type 'b3BlbnNzaC1rZXktdj...' into "ssh-private-key" TextView
    t =    60.71s     Wait for dev.meeterm.app to idle
    t =    60.71s     Find the "ssh-private-key" TextView
    t =    60.82s     Check for interrupting elements affecting "ssh-private-key" TextView
    t =    60.86s     Synthesize event
    t =    62.23s     Wait for dev.meeterm.app to idle
    t =    62.23s Checking existence of `"return" Key`
    t =    62.27s Type '
' into "ssh-private-key" TextView
    t =    62.27s     Wait for dev.meeterm.app to idle
    t =    62.27s     Find the "ssh-private-key" TextView
    t =    62.37s     Check for interrupting elements affecting "ssh-private-key" TextView
    t =    62.41s     Synthesize event
    t =    62.62s     Wait for dev.meeterm.app to idle
    t =    62.63s Type 'QyNTUxOQAAACDWb70W...' into "ssh-private-key" TextView
    t =    62.63s     Wait for dev.meeterm.app to idle
    t =    62.63s     Find the "ssh-private-key" TextView
    t =    62.74s     Check for interrupting elements affecting "ssh-private-key" TextView
    t =    62.77s     Synthesize event
    t =    64.15s     Wait for dev.meeterm.app to idle
    t =    64.15s Checking existence of `"return" Key`
    t =    64.19s Type '
' into "ssh-private-key" TextView
    t =    64.19s     Wait for dev.meeterm.app to idle
    t =    64.19s     Find the "ssh-private-key" TextView
    t =    64.32s     Check for interrupting elements affecting "ssh-private-key" TextView
    t =    64.35s     Synthesize event
    t =    64.58s     Wait for dev.meeterm.app to idle
    t =    64.58s Type 'kwAAAAtzc2gtZWQyNT...' into "ssh-private-key" TextView
    t =    64.58s     Wait for dev.meeterm.app to idle
    t =    64.59s     Find the "ssh-private-key" TextView
    t =    64.70s     Check for interrupting elements affecting "ssh-private-key" TextView
    t =    64.73s     Synthesize event
    t =    66.11s     Wait for dev.meeterm.app to idle
    t =    66.11s Checking existence of `"return" Key`
    t =    66.16s Type '
' into "ssh-private-key" TextView
    t =    66.16s     Wait for dev.meeterm.app to idle
    t =    66.16s     Find the "ssh-private-key" TextView
    t =    66.27s     Check for interrupting elements affecting "ssh-private-key" TextView
    t =    66.31s     Synthesize event
    t =    66.52s     Wait for dev.meeterm.app to idle
    t =    66.53s Type 'AAAEDr4aS8hTDxQvXy...' into "ssh-private-key" TextView
    t =    66.53s     Wait for dev.meeterm.app to idle
    t =    66.53s     Find the "ssh-private-key" TextView
    t =    66.64s     Check for interrupting elements affecting "ssh-private-key" TextView
    t =    66.67s     Synthesize event
    t =    68.04s     Wait for dev.meeterm.app to idle
    t =    68.04s Checking existence of `"return" Key`
    t =    68.08s Type '
' into "ssh-private-key" TextView
    t =    68.08s     Wait for dev.meeterm.app to idle
    t =    68.08s     Find the "ssh-private-key" TextView
    t =    68.19s     Check for interrupting elements affecting "ssh-private-key" TextView
    t =    68.23s     Synthesize event
    t =    68.44s     Wait for dev.meeterm.app to idle
    t =    68.44s Type 'A5/5nUnaumpCtzSTLY...' into "ssh-private-key" TextView
    t =    68.44s     Wait for dev.meeterm.app to idle
    t =    68.45s     Find the "ssh-private-key" TextView
    t =    68.57s     Check for interrupting elements affecting "ssh-private-key" TextView
    t =    68.60s     Synthesize event
    t =    69.74s     Wait for dev.meeterm.app to idle
    t =    69.74s Checking existence of `"return" Key`
    t =    69.79s Type '
' into "ssh-private-key" TextView
    t =    69.79s     Wait for dev.meeterm.app to idle
    t =    69.79s     Find the "ssh-private-key" TextView
    t =    69.90s     Check for interrupting elements affecting "ssh-private-key" TextView
    t =    69.93s     Synthesize event
    t =    70.15s     Wait for dev.meeterm.app to idle
    t =    70.15s Type '-----END OPENSSH P...' into "ssh-private-key" TextView
    t =    70.15s     Wait for dev.meeterm.app to idle
    t =    70.16s     Find the "ssh-private-key" TextView
    t =    70.27s     Check for interrupting elements affecting "ssh-private-key" TextView
    t =    70.30s     Synthesize event
    t =    71.06s     Wait for dev.meeterm.app to idle
    t =    71.06s Waiting 10.0s for "ssh-submit" Button to exist
    t =    72.08s     Checking `Expect predicate `existsNoRetry == 1` for object "ssh-submit" Button`
    t =    72.08s         Checking existence of `"ssh-submit" Button`
    t =    72.12s Checking existence of `"ssh-submit" Button`
    t =    72.16s Find the "ssh-submit" Button
    t =    72.21s Tap "ssh-submit" Button
    t =    72.21s     Wait for dev.meeterm.app to idle
    t =    72.21s     Find the "ssh-submit" Button
    t =    72.25s     Check for interrupting elements affecting "ssh-submit" Button
    t =    72.29s     Synthesize event
    t =    72.58s     Wait for dev.meeterm.app to idle
    t =    72.98s Checking existence of `"ssh-submit" Button`
    t =    73.02s Waiting 60.0s for Alert (First Match) to exist
    t =    74.05s     Checking `Expect predicate `existsNoRetry == 1` for object Alert (First Match)`
    t =    74.05s         Checking existence of `Alert (First Match)`
    t =    74.07s Get all elements bound by index for: Descendants matching type StaticText
    t =    74.09s Find the StaticText (Element at index 0)
    t =    74.11s Find the StaticText (Element at index 1)
    t =    74.13s Waiting 10.0s for "Trust and connect" Button to exist
    t =    75.17s     Checking `Expect predicate `existsNoRetry == 1` for object "Trust and connect" Button`
    t =    75.18s         Checking existence of `"Trust and connect" Button`
    t =    75.20s Checking existence of `"Trust and connect" Button`
    t =    75.22s Find the "Trust and connect" Button
    t =    75.25s Tap "Trust and connect" Button
    t =    75.25s     Wait for dev.meeterm.app to idle
    t =    75.25s     Find the "Trust and connect" Button
    t =    75.28s     Check for interrupting elements affecting "Trust and connect" Button
    t =    75.32s     Synthesize event
    t =    75.61s     Wait for dev.meeterm.app to idle
    t =    75.84s Checking existence of `Alert (First Match)`
    t =    75.99s Waiting 60.0s for StaticText (First Match) to exist
    t =    77.03s     Checking `Expect predicate `existsNoRetry == 1` for object StaticText (First Match)`
    t =    77.03s         Checking existence of `StaticText (First Match)`
    t =    77.05s Get number of matches for: Elements matching predicate 'identifier == "tmux runtime meeterm" OR label == "tmux runtime meeterm"'
    t =    77.08s Get number of matches for: Elements matching predicate 'identifier == "tmux runtime meeterm" OR label == "tmux runtime meeterm"'
    t =    77.10s Checking existence of `Button (Element at index 0)`
    t =    77.12s Find the Button (Element at index 0)
    t =    77.16s Waiting 30.0s for "runtime-row-tmux-runtime-1-1-tmux-0" Button to exist
    t =    78.16s     Checking `Expect predicate `existsNoRetry == 1` for object "runtime-row-tmux-runtime-1-1-tmux-0" Button`
    t =    78.16s         Checking existence of `"runtime-row-tmux-runtime-1-1-tmux-0" Button`
    t =    78.19s Checking existence of `"runtime-row-tmux-runtime-1-1-tmux-0" Button`
    t =    78.20s Find the "runtime-row-tmux-runtime-1-1-tmux-0" Button
    t =    78.24s Tap "runtime-row-tmux-runtime-1-1-tmux-0" Button
    t =    78.24s     Wait for dev.meeterm.app to idle
    t =    78.24s     Find the "runtime-row-tmux-runtime-1-1-tmux-0" Button
    t =    78.27s     Check for interrupting elements affecting "runtime-row-tmux-runtime-1-1-tmux-0" Button
    t =    78.30s     Synthesize event
    t =    78.59s     Wait for dev.meeterm.app to idle
    t =    78.60s Waiting 90.0s for StaticText (First Match) to exist
    t =    79.66s     Checking `Expect predicate `existsNoRetry == 1` for object StaticText (First Match)`
    t =    79.66s         Checking existence of `StaticText (First Match)`
    t =    79.71s Get number of matches for: Elements matching predicate 'identifier BEGINSWITH "workspace-row-" AND label BEGINSWITH "Workspace "'
    t =    79.72s Find the Button (Element at index 0)
    t =    79.74s Find the Button (Element at index 1)
    t =    79.76s Get number of matches for: Elements matching predicate 'identifier == "Workspace ios-main" OR label == "Workspace ios-main"'
    t =    79.77s Get number of matches for: Elements matching predicate 'identifier == "Workspace ios-main" OR label == "Workspace ios-main"'
    t =    79.79s Checking existence of `Button (Element at index 0)`
    t =    79.81s Find the Button (Element at index 0)
    t =    79.84s Waiting 15.0s for "workspace-row-@0" Button to exist
    t =    80.87s     Checking `Expect predicate `existsNoRetry == 1` for object "workspace-row-@0" Button`
    t =    80.87s         Checking existence of `"workspace-row-@0" Button`
    t =    80.89s Checking existence of `"workspace-row-@0" Button`
    t =    80.90s Find the "workspace-row-@0" Button
    t =    80.93s Tap "workspace-row-@0" Button
    t =    80.93s     Wait for dev.meeterm.app to idle
    t =    80.93s     Find the "workspace-row-@0" Button
    t =    80.95s     Check for interrupting elements affecting "workspace-row-@0" Button
    t =    80.97s     Synthesize event
    t =    81.26s     Wait for dev.meeterm.app to idle
    t =    81.78s Get all elements bound by index for: Elements matching predicate 'identifier == "Terminal" OR label == "Terminal" OR label == "Terminal, cached output, read only"'
    t =    82.09s Get all elements bound by index for: Elements matching predicate 'identifier == "Terminal" OR label == "Terminal" OR label == "Terminal, cached output, read only"'
    t =    82.13s Checking existence of `Other (Element at index 0)`
    t =    82.16s Find the Other (Element at index 0)
    t =    82.20s Checking existence of `Other (Element at index 1)`
    t =    82.23s Find the Other (Element at index 1)
    t =    82.27s Find the "Terminal" Other
    t =    82.32s Get all elements bound by index for: Elements matching predicate 'identifier == "Terminal" OR label == "Terminal" OR label == "Terminal, cached output, read only"'
    t =    82.34s Checking existence of `Other (Element at index 0)`
    t =    82.36s Find the Other (Element at index 0)
    t =    82.38s Checking existence of `Other (Element at index 1)`
    t =    82.39s Find the Other (Element at index 1)
    t =    82.41s Find the "Terminal" Other
    t =    82.43s Get all elements bound by index for: Elements matching predicate 'identifier BEGINSWITH "terminal-tab-"'
    t =    82.44s Find the Any (Element at index 0)
    t =    82.45s Checking existence of `"terminal-tab-%0" Other`
    t =    82.47s Find the Any (Element at index 1)
    t =    82.48s Checking existence of `"terminal-tab-%1" Other`
    t =    82.49s Find the "terminal-tab-%1" Other
    t =    82.51s Find the "terminal-tab-%0" Other
    t =    82.52s Find the "terminal-tab-%0" Other
    t =    82.54s Find the "terminal-tab-%0" Other
    t =    82.55s Pressing Home button
    t =    83.79s Open dev.meeterm.app
    t =    83.79s     Activate dev.meeterm.app
    t =    83.81s         Wait for dev.meeterm.app to idle
    t =    83.82s Wait for dev.meeterm.app to become Running Foreground
    t =    83.82s Get all elements bound by index for: Elements matching predicate 'identifier BEGINSWITH "terminal-tab-"'
    t =    83.84s Find the Any (Element at index 0)
    t =    83.86s Checking existence of `"terminal-tab-%0" Other`
    t =    83.87s Find the Any (Element at index 1)
    t =    83.92s Checking existence of `"terminal-tab-%1" Other`
    t =    83.94s Find the "terminal-tab-%0" Other
    t =    83.96s Find the "terminal-tab-%1" Other
    t =    83.99s Find the "terminal-tab-%0" Other
    t =    84.00s Get all elements bound by index for: Elements matching predicate 'identifier == "Terminal" OR label == "Terminal" OR label == "Terminal, cached output, read only"'
    t =    84.27s Get all elements bound by index for: Elements matching predicate 'identifier BEGINSWITH "terminal-tab-"'
    t =    84.29s Find the Any (Element at index 0)
    t =    84.32s Checking existence of `"terminal-tab-%0" Other`
    t =    84.34s Find the Any (Element at index 1)
    t =    84.37s Checking existence of `"terminal-tab-%1" Other`
    t =    84.38s Find the "terminal-tab-%1" Other
    t =    84.39s Find the "terminal-tab-%0" Other
    t =    84.41s Find the "terminal-tab-%0" Other
    t =    84.42s Get all elements bound by index for: Elements matching predicate 'identifier == "Terminal" OR label == "Terminal" OR label == "Terminal, cached output, read only"'
    t =    84.44s Checking existence of `Other (Element at index 0)`
    t =    84.45s Find the Other (Element at index 0)
    t =    84.47s Checking existence of `Other (Element at index 1)`
    t =    84.48s Find the Other (Element at index 1)
    t =    84.50s Find the "Terminal" Other
    t =    84.52s Checking existence of `StaticText (First Match)`
    t =    84.54s Checking existence of `StaticText (First Match)`
    t =    84.58s Checking existence of `Button (First Match)`
    t =    84.63s Checking existence of `Any (First Match)`
    t =    84.67s Checking existence of `"terminal-tab-%0" Other`
    t =    84.68s Find the "terminal-tab-%0" Other
    t =    84.69s Checking existence of `"Terminal" Other`
    t =    84.71s Find the "Terminal" Other
    t =    84.72s Get all elements bound by index for: Elements matching predicate 'identifier == "Terminal" OR label == "Terminal" OR label == "Terminal, cached output, read only"'
    t =    84.74s Checking existence of `Other (Element at index 0)`
    t =    84.75s Find the Other (Element at index 0)
    t =    84.77s Checking existence of `Other (Element at index 1)`
    t =    84.78s Find the Other (Element at index 1)
    t =    84.80s Find the "Terminal" Other
    t =    84.83s Find the "Terminal" Other
    t =    84.85s Find the "Terminal" Other
    t =    84.86s Tap "Terminal" Other
    t =    84.86s     Wait for dev.meeterm.app to idle
    t =    84.86s     Find the "Terminal" Other
    t =    84.87s     Check for interrupting elements affecting "Terminal" Other
    t =    84.90s     Synthesize event
    t =    85.20s     Wait for dev.meeterm.app to idle
    t =    85.57s Checking existence of `"Speed up your typing by sliding your finger across the letters to compose a word." StaticText`
    t =    85.63s Waiting 10.0s for "p" Key to exist
    t =    86.64s     Checking `Expect predicate `existsNoRetry == 1` for object "p" Key`
    t =    86.64s         Checking existence of `"p" Key`
    t =    86.67s Tap "p" Key
    t =    86.67s     Wait for dev.meeterm.app to idle
    t =    86.68s     Find the "p" Key
    t =    86.71s     Check for interrupting elements affecting "p" Key
    t =    86.74s     Synthesize event
    t =    87.04s     Wait for dev.meeterm.app to idle
    t =    87.04s Waiting 10.0s for "r" Key to exist
    t =    88.09s     Checking `Expect predicate `existsNoRetry == 1` for object "r" Key`
    t =    88.09s         Checking existence of `"r" Key`
    t =    88.12s Tap "r" Key
    t =    88.12s     Wait for dev.meeterm.app to idle
    t =    88.12s     Find the "r" Key
    t =    88.15s     Check for interrupting elements affecting "r" Key
    t =    88.18s     Synthesize event
    t =    88.47s     Wait for dev.meeterm.app to idle
    t =    88.48s Waiting 10.0s for "i" Key to exist
    t =    89.51s     Checking `Expect predicate `existsNoRetry == 1` for object "i" Key`
    t =    89.51s         Checking existence of `"i" Key`
    t =    89.54s Tap "i" Key
    t =    89.54s     Wait for dev.meeterm.app to idle
    t =    89.54s     Find the "i" Key
    t =    89.58s     Check for interrupting elements affecting "i" Key
    t =    89.60s     Synthesize event
    t =    89.90s     Wait for dev.meeterm.app to idle
    t =    89.90s Waiting 10.0s for "n" Key to exist
    t =    90.96s     Checking `Expect predicate `existsNoRetry == 1` for object "n" Key`
    t =    90.96s         Checking existence of `"n" Key`
    t =    90.99s Tap "n" Key
    t =    90.99s     Wait for dev.meeterm.app to idle
    t =    90.99s     Find the "n" Key
    t =    91.03s     Check for interrupting elements affecting "n" Key
    t =    91.05s     Synthesize event
    t =    91.34s     Wait for dev.meeterm.app to idle
    t =    91.35s Waiting 10.0s for "t" Key to exist
    t =    92.41s     Checking `Expect predicate `existsNoRetry == 1` for object "t" Key`
    t =    92.41s         Checking existence of `"t" Key`
    t =    92.45s Tap "t" Key
    t =    92.45s     Wait for dev.meeterm.app to idle
    t =    92.45s     Find the "t" Key
    t =    92.49s     Check for interrupting elements affecting "t" Key
    t =    92.51s     Synthesize event
    t =    92.81s     Wait for dev.meeterm.app to idle
    t =    92.81s Waiting 10.0s for "f" Key to exist
    t =    93.86s     Checking `Expect predicate `existsNoRetry == 1` for object "f" Key`
    t =    93.86s         Checking existence of `"f" Key`
    t =    93.89s Tap "f" Key
    t =    93.89s     Wait for dev.meeterm.app to idle
    t =    93.90s     Find the "f" Key
    t =    93.93s     Check for interrupting elements affecting "f" Key
    t =    93.96s     Synthesize event
    t =    94.26s     Wait for dev.meeterm.app to idle
    t =    94.26s Waiting 10.0s for "terminal-paste" Any to exist
    t =    95.30s     Checking `Expect predicate `existsNoRetry == 1` for object "terminal-paste" Any`
    t =    95.30s         Checking existence of `"terminal-paste" Any`
    t =    95.36s Checking existence of `"terminal-paste" Any`
    t =    95.43s Find the "terminal-paste" Any
    t =    96.54s Checking `Expect predicate `enabled == 1` for object "terminal-paste" Button`
    t =    96.54s     Find the "terminal-paste" Button
    t =    96.61s Find the "terminal-paste" Button
    t =    96.67s Tap "terminal-paste" Button
    t =    96.68s     Wait for dev.meeterm.app to idle
    t =    96.68s     Find the "terminal-paste" Button
    t =    96.74s     Check for interrupting elements affecting "terminal-paste" Button
    t =    96.79s     Synthesize event
    t =    97.08s     Wait for dev.meeterm.app to idle
    t =    98.12s Checking `Expect predicate `value != "Ready 0" AND value BEGINSWITH "Ready "` for object "terminal-paste" Button`
    t =    98.12s     Find the "terminal-paste" Button
    t =    98.19s     Find the "terminal-paste" Button
    t =    98.27s Get number of matches for: Elements matching predicate 'identifier == "Paste" OR label == "Paste"'
    t =    98.30s Get number of matches for: Elements matching predicate 'identifier == "Paste" OR label == "Paste"'
    t =    98.33s Checking existence of `Button (Element at index 0)`
    t =    98.36s Find the Button (Element at index 0)
    t =    98.40s Get all elements bound by index for: Elements matching predicate 'identifier == "Terminal" OR label == "Terminal" OR label == "Terminal, cached output, read only"'
    t =    98.43s Checking existence of `Other (Element at index 0)`
    t =    98.46s Find the Other (Element at index 0)
    t =    98.50s Checking existence of `Other (Element at index 1)`
    t =    98.52s Find the Other (Element at index 1)
    t =    98.56s Find the "Terminal" Other
    t =    98.60s Checking existence of `"ssh-submit" Button`
    t =    98.63s Checking existence of `"Host" Any`
    t =    98.66s Checking existence of `"Private OpenSSH key" Any`
    t =    98.70s Checking existence of `"Terminal" Other`
    t =    98.72s Checking existence of `Keyboard (First Match)`
    t =    98.74s Checking existence of `"terminal-paste" Button`
    t =    98.81s Checking existence of `"terminal-paste" Button`
    t =    98.87s Find the "terminal-paste" Button
    t =    98.95s Checking existence of `"terminal-paste" Button`
    t =    99.02s Find the "terminal-paste" Button
    t =    99.09s Checking existence of `"terminal-paste" Button`
    t =    99.12s Find the "terminal-paste" Button
    t =    99.15s Checking existence of `"terminal-paste" Button`
    t =    99.18s Find the "terminal-paste" Button
    t =    99.21s Waiting 10.0s for Any (First Match) to exist
    t =   100.26s     Checking `Expect predicate `existsNoRetry == 1` for object Any (First Match)`
    t =   100.26s         Checking existence of `Any (First Match)`
    t =   100.31s Checking existence of `Any (First Match)`
    t =   100.35s Find the Any (First Match)
    t =   100.42s Tap "Return" Button
    t =   100.42s     Wait for dev.meeterm.app to idle
    t =   100.42s     Find the "Return" Button
    t =   100.48s     Check for interrupting elements affecting "Return" Button
    t =   100.51s     Synthesize event
    t =   100.81s     Wait for dev.meeterm.app to idle
    t =   100.91s Checking existence of `"Speed up your typing by sliding your finger across the letters to compose a word." StaticText`
    t =   100.94s Waiting 10.0s for "p" Key to exist
    t =   101.98s     Checking `Expect predicate `existsNoRetry == 1` for object "p" Key`
    t =   101.98s         Checking existence of `"p" Key`
    t =   102.02s Tap "p" Key
    t =   102.02s     Wait for dev.meeterm.app to idle
    t =   102.02s     Find the "p" Key
    t =   102.06s     Check for interrupting elements affecting "p" Key
    t =   102.09s     Synthesize event
    t =   102.38s     Wait for dev.meeterm.app to idle
    t =   102.38s Waiting 10.0s for "r" Key to exist
    t =   103.42s     Checking `Expect predicate `existsNoRetry == 1` for object "r" Key`
    t =   103.42s         Checking existence of `"r" Key`
    t =   103.45s Tap "r" Key
    t =   103.45s     Wait for dev.meeterm.app to idle
    t =   103.46s     Find the "r" Key
    t =   103.50s     Check for interrupting elements affecting "r" Key
    t =   103.52s     Synthesize event
    t =   103.82s     Wait for dev.meeterm.app to idle
    t =   103.83s Waiting 10.0s for "i" Key to exist
    t =   104.86s     Checking `Expect predicate `existsNoRetry == 1` for object "i" Key`
    t =   104.86s         Checking existence of `"i" Key`
    t =   104.89s Tap "i" Key
    t =   104.89s     Wait for dev.meeterm.app to idle
    t =   104.89s     Find the "i" Key
    t =   104.93s     Check for interrupting elements affecting "i" Key
    t =   104.96s     Synthesize event
    t =   105.26s     Wait for dev.meeterm.app to idle
    t =   105.26s Waiting 10.0s for "n" Key to exist
    t =   106.29s     Checking `Expect predicate `existsNoRetry == 1` for object "n" Key`
    t =   106.29s         Checking existence of `"n" Key`
    t =   106.32s Tap "n" Key
    t =   106.32s     Wait for dev.meeterm.app to idle
    t =   106.32s     Find the "n" Key
    t =   106.37s     Check for interrupting elements affecting "n" Key
    t =   106.39s     Synthesize event
    t =   106.69s     Wait for dev.meeterm.app to idle
    t =   106.69s Waiting 10.0s for "t" Key to exist
    t =   107.72s     Checking `Expect predicate `existsNoRetry == 1` for object "t" Key`
    t =   107.72s         Checking existence of `"t" Key`
    t =   107.76s Tap "t" Key
    t =   107.76s     Wait for dev.meeterm.app to idle
    t =   107.76s     Find the "t" Key
    t =   107.79s     Check for interrupting elements affecting "t" Key
    t =   107.82s     Synthesize event
    t =   108.12s     Wait for dev.meeterm.app to idle
    t =   108.12s Waiting 10.0s for "f" Key to exist
    t =   109.16s     Checking `Expect predicate `existsNoRetry == 1` for object "f" Key`
    t =   109.16s         Checking existence of `"f" Key`
    t =   109.19s Tap "f" Key
    t =   109.19s     Wait for dev.meeterm.app to idle
    t =   109.20s     Find the "f" Key
    t =   109.23s     Check for interrupting elements affecting "f" Key
    t =   109.26s     Synthesize event
    t =   109.55s     Wait for dev.meeterm.app to idle
    t =   109.55s Waiting 10.0s for "terminal-paste" Any to exist
    t =   110.59s     Checking `Expect predicate `existsNoRetry == 1` for object "terminal-paste" Any`
    t =   110.59s         Checking existence of `"terminal-paste" Any`
    t =   110.66s Checking existence of `"terminal-paste" Any`
    t =   110.72s Find the "terminal-paste" Any
    t =   111.85s Checking `Expect predicate `enabled == 1` for object "terminal-paste" Button`
    t =   111.85s     Find the "terminal-paste" Button
    t =   111.92s Find the "terminal-paste" Button
    t =   111.98s Tap "terminal-paste" Button
    t =   111.98s     Wait for dev.meeterm.app to idle
    t =   111.98s     Find the "terminal-paste" Button
    t =   112.04s     Check for interrupting elements affecting "terminal-paste" Button
    t =   112.08s     Synthesize event
    t =   112.38s     Wait for dev.meeterm.app to idle
    t =   113.41s Checking `Expect predicate `value != "Ready 1" AND value BEGINSWITH "Ready "` for object "terminal-paste" Button`
    t =   113.41s     Find the "terminal-paste" Button
    t =   113.47s     Find the "terminal-paste" Button
    t =   113.54s Get number of matches for: Elements matching predicate 'identifier == "Paste" OR label == "Paste"'
    t =   113.57s Get number of matches for: Elements matching predicate 'identifier == "Paste" OR label == "Paste"'
    t =   113.59s Checking existence of `Button (Element at index 0)`
    t =   113.62s Find the Button (Element at index 0)
    t =   113.66s Get all elements bound by index for: Elements matching predicate 'identifier == "Terminal" OR label == "Terminal" OR label == "Terminal, cached output, read only"'
    t =   113.69s Checking existence of `Other (Element at index 0)`
    t =   113.72s Find the Other (Element at index 0)
    t =   113.75s Checking existence of `Other (Element at index 1)`
    t =   113.78s Find the Other (Element at index 1)
    t =   113.82s Find the "Terminal" Other
    t =   113.86s Checking existence of `"ssh-submit" Button`
    t =   113.89s Checking existence of `"Host" Any`
    t =   113.92s Checking existence of `"Private OpenSSH key" Any`
    t =   113.95s Checking existence of `"Terminal" Other`
    t =   113.98s Checking existence of `Keyboard (First Match)`
    t =   114.00s Checking existence of `"terminal-paste" Button`
    t =   114.07s Checking existence of `"terminal-paste" Button`
    t =   114.13s Find the "terminal-paste" Button
    t =   114.21s Checking existence of `"terminal-paste" Button`
    t =   114.28s Find the "terminal-paste" Button
    t =   114.35s Checking existence of `"terminal-paste" Button`
    t =   114.38s Find the "terminal-paste" Button
    t =   114.41s Checking existence of `"terminal-paste" Button`
    t =   114.44s Find the "terminal-paste" Button
    t =   114.47s Waiting 10.0s for Any (First Match) to exist
    t =   115.48s     Checking `Expect predicate `existsNoRetry == 1` for object Any (First Match)`
    t =   115.48s         Checking existence of `Any (First Match)`
    t =   115.53s Checking existence of `Any (First Match)`
    t =   115.57s Find the Any (First Match)
    t =   115.64s Tap "Return" Button
    t =   115.64s     Wait for dev.meeterm.app to idle
    t =   115.64s     Find the "Return" Button
    t =   115.69s     Check for interrupting elements affecting "Return" Button
    t =   115.72s     Synthesize event
    t =   116.02s     Wait for dev.meeterm.app to idle
    t =   116.03s Get number of matches for: Elements matching predicate 'identifier == "Back to workspaces" OR label == "Back to workspaces"'
    t =   116.06s Get number of matches for: Elements matching predicate 'identifier == "Back to workspaces" OR label == "Back to workspaces"'
    t =   116.09s Checking existence of `Button (Element at index 0)`
    t =   116.12s Find the Button (Element at index 0)
    t =   116.16s Tap "Back to workspaces" Button
    t =   116.16s     Wait for dev.meeterm.app to idle
    t =   116.17s     Find the "Back to workspaces" Button
    t =   116.20s     Check for interrupting elements affecting "Back to workspaces" Button
    t =   116.23s     Synthesize event
    t =   116.53s     Wait for dev.meeterm.app to idle
    t =   116.88s Get number of matches for: Elements matching predicate 'identifier == "Switch server or session" OR label == "Switch server or session"'
    t =   116.90s Get number of matches for: Elements matching predicate 'identifier == "Switch server or session" OR label == "Switch server or session"'
    t =   116.92s Checking existence of `Button (Element at index 0)`
    t =   116.94s Find the Button (Element at index 0)
    t =   116.96s Checking existence of `"switch-server-session" Button`
    t =   116.98s Find the "switch-server-session" Button
    t =   117.01s Tap "switch-server-session" Button
    t =   117.01s     Wait for dev.meeterm.app to idle
    t =   117.01s     Find the "switch-server-session" Button
    t =   117.03s     Check for interrupting elements affecting "switch-server-session" Button
    t =   117.05s     Synthesize event
    t =   117.36s     Wait for dev.meeterm.app to idle
    t =   117.70s Get number of matches for: Elements matching predicate 'identifier == "Browse sessions on Daily fixture" OR label == "Browse sessions on Daily fixture"'
    t =   117.73s Get number of matches for: Elements matching predicate 'identifier == "Browse sessions on Daily fixture" OR label == "Browse sessions on Daily fixture"'
    t =   117.75s Checking existence of `Button (Element at index 0)`
    t =   117.77s Find the Button (Element at index 0)
    t =   117.81s Checking existence of `"switcher-server-28416491-0214-4973-bcc5-885b094b7b26" Button`
    t =   117.82s Find the "switcher-server-28416491-0214-4973-bcc5-885b094b7b26" Button
    t =   117.86s Tap "switcher-server-28416491-0214-4973-bcc5-885b094b7b26" Button
    t =   117.86s     Wait for dev.meeterm.app to idle
    t =   117.86s     Find the "switcher-server-28416491-0214-4973-bcc5-885b094b7b26" Button
    t =   117.88s     Check for interrupting elements affecting "switcher-server-28416491-0214-4973-bcc5-885b094b7b26" Button
    t =   117.90s     Synthesize event
    t =   118.20s     Wait for dev.meeterm.app to idle
    t =   118.21s Get number of matches for: Elements matching predicate 'identifier == "tmux session switcher-destination" OR label == "tmux session switcher-destination"'
    t =   118.23s Checking existence of `"tmux session switcher-destination" Any`
    t =   118.50s Checking existence of `"tmux session switcher-destination" Any`
    t =   118.53s Find the "tmux session switcher-destination" Any
    t =   118.56s Tap "runtime-row-tmux-runtime-2-1-tmux-1" Button
    t =   118.56s     Wait for dev.meeterm.app to idle
    t =   118.57s     Find the "runtime-row-tmux-runtime-2-1-tmux-1" Button
    t =   118.59s     Check for interrupting elements affecting "runtime-row-tmux-runtime-2-1-tmux-1" Button
    t =   118.62s     Synthesize event
    t =   118.91s     Wait for dev.meeterm.app to idle
    t =   118.92s Waiting 90.0s for StaticText (First Match) to exist
    t =   119.94s     Checking `Expect predicate `existsNoRetry == 1` for object StaticText (First Match)`
    t =   119.94s         Checking existence of `StaticText (First Match)`
    t =   120.07s Get number of matches for: Elements matching predicate 'identifier == "Workspace switcher-main" OR label == "Workspace switcher-main"'
    t =   120.09s Get number of matches for: Elements matching predicate 'identifier == "Workspace switcher-main" OR label == "Workspace switcher-main"'
    t =   120.11s Checking existence of `Button (Element at index 0)`
    t =   120.13s Find the Button (Element at index 0)
    t =   120.15s Checking existence of `"workspace-row-@2" Button`
    t =   120.17s Find the "workspace-row-@2" Button
    t =   120.19s Tap "workspace-row-@2" Button
    t =   120.19s     Wait for dev.meeterm.app to idle
    t =   120.20s     Find the "workspace-row-@2" Button
    t =   120.21s     Check for interrupting elements affecting "workspace-row-@2" Button
    t =   120.23s     Synthesize event
    t =   120.53s     Wait for dev.meeterm.app to idle
    t =   120.87s Get all elements bound by index for: Elements matching predicate 'identifier == "Terminal" OR label == "Terminal" OR label == "Terminal, cached output, read only"'
    t =   120.89s Checking existence of `Other (Element at index 0)`
    t =   120.91s Find the Other (Element at index 0)
    t =   120.92s Checking existence of `Other (Element at index 1)`
    t =   120.93s Find the Other (Element at index 1)
    t =   120.95s Find the "Terminal" Other
    t =   120.97s Get all elements bound by index for: Elements matching predicate 'identifier == "Terminal" OR label == "Terminal" OR label == "Terminal, cached output, read only"'
    t =   120.98s Checking existence of `Other (Element at index 0)`
    t =   120.99s Find the Other (Element at index 0)
    t =   121.01s Checking existence of `Other (Element at index 1)`
    t =   121.02s Find the Other (Element at index 1)
    t =   121.04s Find the "Terminal" Other
    t =   121.07s Tap "Terminal" Other
    t =   121.07s     Wait for dev.meeterm.app to idle
    t =   121.07s     Find the "Terminal" Other
    t =   121.09s     Check for interrupting elements affecting "Terminal" Other
    t =   121.10s     Synthesize event
    t =   121.40s     Wait for dev.meeterm.app to idle
    t =   121.73s Checking existence of `"Speed up your typing by sliding your finger across the letters to compose a word." StaticText`
    t =   121.78s Waiting 10.0s for "p" Key to exist
    t =   122.81s     Checking `Expect predicate `existsNoRetry == 1` for object "p" Key`
    t =   122.81s         Checking existence of `"p" Key`
    t =   122.87s Tap "p" Key
    t =   122.87s     Wait for dev.meeterm.app to idle
    t =   122.87s     Find the "p" Key
    t =   122.91s     Check for interrupting elements affecting "p" Key
    t =   122.93s     Synthesize event
    t =   123.23s     Wait for dev.meeterm.app to idle
    t =   123.23s Waiting 10.0s for "r" Key to exist
    t =   124.29s     Checking `Expect predicate `existsNoRetry == 1` for object "r" Key`
    t =   124.29s         Checking existence of `"r" Key`
    t =   124.37s Tap "r" Key
    t =   124.37s     Wait for dev.meeterm.app to idle
    t =   124.37s     Find the "r" Key
    t =   124.40s     Check for interrupting elements affecting "r" Key
    t =   124.43s     Synthesize event
    t =   124.72s     Wait for dev.meeterm.app to idle
    t =   124.73s Waiting 10.0s for "i" Key to exist
    t =   125.77s     Checking `Expect predicate `existsNoRetry == 1` for object "i" Key`
    t =   125.77s         Checking existence of `"i" Key`
    t =   125.81s Tap "i" Key
    t =   125.81s     Wait for dev.meeterm.app to idle
    t =   125.82s     Find the "i" Key
    t =   125.85s     Check for interrupting elements affecting "i" Key
    t =   125.88s     Synthesize event
    t =   126.17s     Wait for dev.meeterm.app to idle
    t =   126.18s Waiting 10.0s for "n" Key to exist
    t =   127.19s     Checking `Expect predicate `existsNoRetry == 1` for object "n" Key`
    t =   127.19s         Checking existence of `"n" Key`
    t =   127.22s Tap "n" Key
    t =   127.22s     Wait for dev.meeterm.app to idle
    t =   127.22s     Find the "n" Key
    t =   127.25s     Check for interrupting elements affecting "n" Key
    t =   127.28s     Synthesize event
    t =   127.57s     Wait for dev.meeterm.app to idle
    t =   127.58s Waiting 10.0s for "t" Key to exist
    t =   128.62s     Checking `Expect predicate `existsNoRetry == 1` for object "t" Key`
    t =   128.62s         Checking existence of `"t" Key`
    t =   128.68s Tap "t" Key
    t =   128.68s     Wait for dev.meeterm.app to idle
    t =   128.69s     Find the "t" Key
    t =   128.72s     Check for interrupting elements affecting "t" Key
    t =   128.74s     Synthesize event
    t =   129.04s     Wait for dev.meeterm.app to idle
    t =   129.05s Waiting 10.0s for "f" Key to exist
    t =   130.07s     Checking `Expect predicate `existsNoRetry == 1` for object "f" Key`
    t =   130.07s         Checking existence of `"f" Key`
    t =   130.10s Tap "f" Key
    t =   130.10s     Wait for dev.meeterm.app to idle
    t =   130.11s     Find the "f" Key
    t =   130.14s     Check for interrupting elements affecting "f" Key
    t =   130.17s     Synthesize event
    t =   130.46s     Wait for dev.meeterm.app to idle
    t =   130.47s Waiting 10.0s for "terminal-paste" Any to exist
    t =   131.49s     Checking `Expect predicate `existsNoRetry == 1` for object "terminal-paste" Any`
    t =   131.49s         Checking existence of `"terminal-paste" Any`
    t =   131.56s Checking existence of `"terminal-paste" Any`
    t =   131.62s Find the "terminal-paste" Any
    t =   132.73s Checking `Expect predicate `enabled == 1` for object "terminal-paste" Button`
    t =   132.73s     Find the "terminal-paste" Button
    t =   132.82s Find the "terminal-paste" Button
    t =   132.88s Tap "terminal-paste" Button
    t =   132.88s     Wait for dev.meeterm.app to idle
    t =   132.88s     Find the "terminal-paste" Button
    t =   132.94s     Check for interrupting elements affecting "terminal-paste" Button
    t =   132.97s     Synthesize event
    t =   133.27s     Wait for dev.meeterm.app to idle
    t =   134.29s Checking `Expect predicate `value != "Ready 0" AND value BEGINSWITH "Ready "` for object "terminal-paste" Button`
    t =   134.29s     Find the "terminal-paste" Button
    t =   134.37s     Find the "terminal-paste" Button
    t =   134.43s Get number of matches for: Elements matching predicate 'identifier == "Paste" OR label == "Paste"'
    t =   134.46s Get number of matches for: Elements matching predicate 'identifier == "Paste" OR label == "Paste"'
    t =   134.49s Checking existence of `Button (Element at index 0)`
    t =   134.52s Find the Button (Element at index 0)
    t =   134.55s Get all elements bound by index for: Elements matching predicate 'identifier == "Terminal" OR label == "Terminal" OR label == "Terminal, cached output, read only"'
    t =   134.58s Checking existence of `Other (Element at index 0)`
    t =   134.61s Find the Other (Element at index 0)
    t =   134.64s Checking existence of `Other (Element at index 1)`
    t =   134.68s Find the Other (Element at index 1)
    t =   134.72s Find the "Terminal" Other
    t =   134.75s Checking existence of `"ssh-submit" Button`
    t =   134.78s Checking existence of `"Host" Any`
    t =   134.81s Checking existence of `"Private OpenSSH key" Any`
    t =   134.85s Checking existence of `"Terminal" Other`
    t =   134.88s Checking existence of `Keyboard (First Match)`
    t =   134.89s Checking existence of `"terminal-paste" Button`
    t =   134.95s Checking existence of `"terminal-paste" Button`
    t =   135.00s Find the "terminal-paste" Button
    t =   135.07s Checking existence of `"terminal-paste" Button`
    t =   135.13s Find the "terminal-paste" Button
    t =   135.19s Checking existence of `"terminal-paste" Button`
    t =   135.22s Find the "terminal-paste" Button
    t =   135.25s Checking existence of `"terminal-paste" Button`
    t =   135.28s Find the "terminal-paste" Button
    t =   135.30s Waiting 10.0s for Any (First Match) to exist
    t =   136.34s     Checking `Expect predicate `existsNoRetry == 1` for object Any (First Match)`
    t =   136.34s         Checking existence of `Any (First Match)`
    t =   136.40s Checking existence of `Any (First Match)`
    t =   136.45s Find the Any (First Match)
    t =   136.51s Tap "Return" Button
    t =   136.51s     Wait for dev.meeterm.app to idle
    t =   136.51s     Find the "Return" Button
    t =   136.56s     Check for interrupting elements affecting "Return" Button
    t =   136.59s     Synthesize event
    t =   136.89s     Wait for dev.meeterm.app to idle
    t =   136.90s Get number of matches for: Elements matching predicate 'identifier == "Back to workspaces" OR label == "Back to workspaces"'
    t =   136.92s Get number of matches for: Elements matching predicate 'identifier == "Back to workspaces" OR label == "Back to workspaces"'
    t =   136.95s Checking existence of `Button (Element at index 0)`
    t =   136.98s Find the Button (Element at index 0)
    t =   137.02s Tap "Back to workspaces" Button
    t =   137.02s     Wait for dev.meeterm.app to idle
    t =   137.02s     Find the "Back to workspaces" Button
    t =   137.05s     Check for interrupting elements affecting "Back to workspaces" Button
    t =   137.08s     Synthesize event
    t =   137.38s     Wait for dev.meeterm.app to idle
    t =   137.73s Get number of matches for: Elements matching predicate 'identifier == "Switch server or session" OR label == "Switch server or session"'
    t =   137.75s Get number of matches for: Elements matching predicate 'identifier == "Switch server or session" OR label == "Switch server or session"'
    t =   137.77s Checking existence of `Button (Element at index 0)`
    t =   137.78s Find the Button (Element at index 0)
    t =   137.81s Checking existence of `"switch-server-session" Button`
    t =   137.82s Find the "switch-server-session" Button
    t =   137.85s Tap "switch-server-session" Button
    t =   137.85s     Wait for dev.meeterm.app to idle
    t =   137.85s     Find the "switch-server-session" Button
    t =   137.87s     Check for interrupting elements affecting "switch-server-session" Button
    t =   137.88s     Synthesize event
    t =   138.18s     Wait for dev.meeterm.app to idle
    t =   138.52s Get number of matches for: Elements matching predicate 'identifier == "Browse sessions on Daily fixture" OR label == "Browse sessions on Daily fixture"'
    t =   138.54s Get number of matches for: Elements matching predicate 'identifier == "Browse sessions on Daily fixture" OR label == "Browse sessions on Daily fixture"'
    t =   138.56s Checking existence of `Button (Element at index 0)`
    t =   138.58s Find the Button (Element at index 0)
    t =   138.61s Checking existence of `"switcher-server-28416491-0214-4973-bcc5-885b094b7b26" Button`
    t =   138.63s Find the "switcher-server-28416491-0214-4973-bcc5-885b094b7b26" Button
    t =   138.66s Tap "switcher-server-28416491-0214-4973-bcc5-885b094b7b26" Button
    t =   138.66s     Wait for dev.meeterm.app to idle
    t =   138.66s     Find the "switcher-server-28416491-0214-4973-bcc5-885b094b7b26" Button
    t =   138.69s     Check for interrupting elements affecting "switcher-server-28416491-0214-4973-bcc5-885b094b7b26" Button
    t =   138.71s     Synthesize event
    t =   139.01s     Wait for dev.meeterm.app to idle
    t =   139.01s Get number of matches for: Elements matching predicate 'identifier == "tmux session meeterm" OR label == "tmux session meeterm"'
    t =   139.04s Checking existence of `"tmux session meeterm" Any`
    t =   139.31s Checking existence of `"tmux session meeterm" Any`
    t =   139.60s Checking existence of `"tmux session meeterm" Any`
    t =   139.87s Checking existence of `"tmux session meeterm" Any`
    t =   139.91s Find the "tmux session meeterm" Any
    t =   139.94s Tap "runtime-row-tmux-runtime-3-1-tmux-0" Button
    t =   139.94s     Wait for dev.meeterm.app to idle
    t =   139.95s     Find the "runtime-row-tmux-runtime-3-1-tmux-0" Button
    t =   139.97s     Check for interrupting elements affecting "runtime-row-tmux-runtime-3-1-tmux-0" Button
    t =   139.99s     Synthesize event
    t =   140.29s     Wait for dev.meeterm.app to idle
    t =   140.29s Waiting 90.0s for StaticText (First Match) to exist
    t =   141.31s     Checking `Expect predicate `existsNoRetry == 1` for object StaticText (First Match)`
    t =   141.31s         Checking existence of `StaticText (First Match)`
    t =   141.36s Get number of matches for: Elements matching predicate 'identifier == "Workspace ios-main" OR label == "Workspace ios-main"'
    t =   141.38s Get number of matches for: Elements matching predicate 'identifier == "Workspace ios-main" OR label == "Workspace ios-main"'
    t =   141.39s Checking existence of `Button (Element at index 0)`
    t =   141.41s Find the Button (Element at index 0)
    t =   141.43s Checking existence of `"workspace-row-@0" Button`
    t =   141.45s Find the "workspace-row-@0" Button
    t =   141.48s Tap "workspace-row-@0" Button
    t =   141.48s     Wait for dev.meeterm.app to idle
    t =   141.48s     Find the "workspace-row-@0" Button
    t =   141.50s     Check for interrupting elements affecting "workspace-row-@0" Button
    t =   141.53s     Synthesize event
    t =   141.83s     Wait for dev.meeterm.app to idle
    t =   142.17s Get all elements bound by index for: Elements matching predicate 'identifier == "Terminal" OR label == "Terminal" OR label == "Terminal, cached output, read only"'
    t =   142.20s Checking existence of `Other (Element at index 0)`
    t =   142.21s Find the Other (Element at index 0)
    t =   142.23s Checking existence of `Other (Element at index 1)`
    t =   142.25s Find the Other (Element at index 1)
    t =   142.27s Find the "Terminal" Other
    t =   142.29s Get all elements bound by index for: Elements matching predicate 'identifier == "Terminal" OR label == "Terminal" OR label == "Terminal, cached output, read only"'
    t =   142.31s Checking existence of `Other (Element at index 0)`
    t =   142.32s Find the Other (Element at index 0)
    t =   142.34s Checking existence of `Other (Element at index 1)`
    t =   142.35s Find the Other (Element at index 1)
    t =   142.37s Find the "Terminal" Other
    t =   142.40s Tap "Terminal" Other
    t =   142.40s     Wait for dev.meeterm.app to idle
    t =   142.40s     Find the "Terminal" Other
    t =   142.42s     Check for interrupting elements affecting "Terminal" Other
    t =   142.44s     Synthesize event
    t =   142.73s     Wait for dev.meeterm.app to idle
    t =   143.04s Checking existence of `"Speed up your typing by sliding your finger across the letters to compose a word." StaticText`
    t =   143.08s Waiting 10.0s for "t" Key to exist
    t =   144.11s     Checking `Expect predicate `existsNoRetry == 1` for object "t" Key`
    t =   144.11s         Checking existence of `"t" Key`
    t =   144.14s Tap "t" Key
    t =   144.14s     Wait for dev.meeterm.app to idle
    t =   144.14s     Find the "t" Key
    t =   144.18s     Check for interrupting elements affecting "t" Key
    t =   144.20s     Synthesize event
    t =   144.50s     Wait for dev.meeterm.app to idle
    t =   144.50s Waiting 10.0s for "e" Key to exist
    t =   145.54s     Checking `Expect predicate `existsNoRetry == 1` for object "e" Key`
    t =   145.54s         Checking existence of `"e" Key`
    t =   145.58s Tap "e" Key
    t =   145.58s     Wait for dev.meeterm.app to idle
    t =   145.59s     Find the "e" Key
    t =   145.62s     Check for interrupting elements affecting "e" Key
    t =   145.65s     Synthesize event
    t =   145.95s     Wait for dev.meeterm.app to idle
    t =   145.96s Waiting 10.0s for "s" Key to exist
    t =   147.01s     Checking `Expect predicate `existsNoRetry == 1` for object "s" Key`
    t =   147.01s         Checking existence of `"s" Key`
    t =   147.04s Tap "s" Key
    t =   147.04s     Wait for dev.meeterm.app to idle
    t =   147.04s     Find the "s" Key
    t =   147.07s     Check for interrupting elements affecting "s" Key
    t =   147.10s     Synthesize event
    t =   147.39s     Wait for dev.meeterm.app to idle
    t =   147.39s Waiting 10.0s for "t" Key to exist
    t =   148.43s     Checking `Expect predicate `existsNoRetry == 1` for object "t" Key`
    t =   148.43s         Checking existence of `"t" Key`
    t =   148.46s Tap "t" Key
    t =   148.46s     Wait for dev.meeterm.app to idle
    t =   148.46s     Find the "t" Key
    t =   148.49s     Check for interrupting elements affecting "t" Key
    t =   148.52s     Synthesize event
    t =   148.81s     Wait for dev.meeterm.app to idle
    t =   148.82s Waiting 10.0s for "terminal-paste" Any to exist
    t =   149.87s     Checking `Expect predicate `existsNoRetry == 1` for object "terminal-paste" Any`
    t =   149.87s         Checking existence of `"terminal-paste" Any`
    t =   149.96s Checking existence of `"terminal-paste" Any`
    t =   150.05s Find the "terminal-paste" Any
    t =   151.24s Checking `Expect predicate `enabled == 1` for object "terminal-paste" Button`
    t =   151.24s     Find the "terminal-paste" Button
    t =   151.32s Find the "terminal-paste" Button
    t =   151.38s Tap "terminal-paste" Button
    t =   151.38s     Wait for dev.meeterm.app to idle
    t =   151.38s     Find the "terminal-paste" Button
    t =   151.44s     Check for interrupting elements affecting "terminal-paste" Button
    t =   151.48s     Synthesize event
    t =   151.77s     Wait for dev.meeterm.app to idle
    t =   152.82s Checking `Expect predicate `value != "Ready 0" AND value BEGINSWITH "Ready "` for object "terminal-paste" Button`
    t =   152.82s     Find the "terminal-paste" Button
    t =   152.89s     Find the "terminal-paste" Button
    t =   152.95s Get number of matches for: Elements matching predicate 'identifier == "Paste" OR label == "Paste"'
    t =   152.99s Get number of matches for: Elements matching predicate 'identifier == "Paste" OR label == "Paste"'
    t =   153.02s Checking existence of `Button (Element at index 0)`
    t =   153.05s Find the Button (Element at index 0)
    t =   153.08s Get all elements bound by index for: Elements matching predicate 'identifier == "Terminal" OR label == "Terminal" OR label == "Terminal, cached output, read only"'
    t =   153.11s Checking existence of `Other (Element at index 0)`
    t =   153.14s Find the Other (Element at index 0)
    t =   153.17s Checking existence of `Other (Element at index 1)`
    t =   153.21s Find the Other (Element at index 1)
    t =   153.24s Find the "Terminal" Other
    t =   153.28s Checking existence of `"ssh-submit" Button`
    t =   153.31s Checking existence of `"Host" Any`
    t =   153.34s Checking existence of `"Private OpenSSH key" Any`
    t =   153.38s Checking existence of `"Terminal" Other`
    t =   153.41s Checking existence of `Keyboard (First Match)`
    t =   153.43s Checking existence of `"terminal-paste" Button`
    t =   153.48s Checking existence of `"terminal-paste" Button`
    t =   153.54s Find the "terminal-paste" Button
    t =   153.61s Checking existence of `"terminal-paste" Button`
    t =   153.67s Find the "terminal-paste" Button
    t =   153.73s Checking existence of `"terminal-paste" Button`
    t =   153.76s Find the "terminal-paste" Button
    t =   153.79s Checking existence of `"terminal-paste" Button`
    t =   153.81s Find the "terminal-paste" Button
    t =   153.85s Waiting 10.0s for Any (First Match) to exist
    t =   154.89s     Checking `Expect predicate `existsNoRetry == 1` for object Any (First Match)`
    t =   154.89s         Checking existence of `Any (First Match)`
    t =   154.95s Checking existence of `Any (First Match)`
    t =   155.00s Find the Any (First Match)
    t =   155.05s Tap "Return" Button
    t =   155.05s     Wait for dev.meeterm.app to idle
    t =   155.05s     Find the "Return" Button
    t =   155.10s     Check for interrupting elements affecting "Return" Button
    t =   155.13s     Synthesize event
    t =   155.44s     Wait for dev.meeterm.app to idle
    t =   155.44s Get number of matches for: Elements matching predicate 'identifier == "Back to workspaces" OR label == "Back to workspaces"'
    t =   155.47s Get number of matches for: Elements matching predicate 'identifier == "Back to workspaces" OR label == "Back to workspaces"'
    t =   155.50s Checking existence of `Button (Element at index 0)`
    t =   155.53s Find the Button (Element at index 0)
    t =   155.57s Tap "Back to workspaces" Button
    t =   155.57s     Wait for dev.meeterm.app to idle
    t =   155.58s     Find the "Back to workspaces" Button
    t =   155.61s     Check for interrupting elements affecting "Back to workspaces" Button
    t =   155.63s     Synthesize event
    t =   155.93s     Wait for dev.meeterm.app to idle
    t =   156.26s Get number of matches for: Elements matching predicate 'identifier == "Switch server or session" OR label == "Switch server or session"'
    t =   156.28s Get number of matches for: Elements matching predicate 'identifier == "Switch server or session" OR label == "Switch server or session"'
    t =   156.30s Checking existence of `Button (Element at index 0)`
    t =   156.31s Find the Button (Element at index 0)
    t =   156.34s Tap "switch-server-session" Button
    t =   156.34s     Wait for dev.meeterm.app to idle
    t =   156.34s     Find the "switch-server-session" Button
    t =   156.36s     Check for interrupting elements affecting "switch-server-session" Button
    t =   156.38s     Synthesize event
    t =   156.68s     Wait for dev.meeterm.app to idle
    t =   157.01s Get number of matches for: Elements matching predicate 'identifier == "Manage servers" OR label == "Manage servers"'
    t =   157.04s Get number of matches for: Elements matching predicate 'identifier == "Manage servers" OR label == "Manage servers"'
    t =   157.07s Checking existence of `Button (Element at index 0)`
    t =   157.09s Find the Button (Element at index 0)
    t =   157.13s Waiting 10.0s for "switcher-manage-servers" Button to exist
    t =   158.17s     Checking `Expect predicate `existsNoRetry == 1` for object "switcher-manage-servers" Button`
    t =   158.17s         Checking existence of `"switcher-manage-servers" Button`
    t =   158.21s Get number of matches for: Elements matching predicate 'identifier == "Manage servers" OR label == "Manage servers"'
    t =   158.23s Get number of matches for: Elements matching predicate 'identifier == "Manage servers" OR label == "Manage servers"'
    t =   158.26s Checking existence of `Button (Element at index 0)`
    t =   158.28s Find the Button (Element at index 0)
    t =   158.31s Tap "switcher-manage-servers" Button
    t =   158.31s     Wait for dev.meeterm.app to idle
    t =   158.31s     Find the "switcher-manage-servers" Button
    t =   158.34s     Check for interrupting elements affecting "switcher-manage-servers" Button
    t =   158.36s     Synthesize event
    t =   158.66s     Wait for dev.meeterm.app to idle
    t =   158.98s Waiting 15.0s for "Saved servers" StaticText to exist
    t =   160.02s     Checking `Expect predicate `existsNoRetry == 1` for object "Saved servers" StaticText`
    t =   160.02s         Checking existence of `"Saved servers" StaticText`
    t =   160.06s Get number of matches for: Elements matching predicate 'identifier == "Add server" OR label == "Add server"'
    t =   160.08s Get number of matches for: Elements matching predicate 'identifier == "Add server" OR label == "Add server"'
    t =   160.10s Checking existence of `Button (Element at index 0)`
    t =   160.12s Find the Button (Element at index 0)
    t =   160.15s Waiting 15.0s for "Add server" Button to exist
    t =   161.19s     Checking `Expect predicate `existsNoRetry == 1` for object "Add server" Button`
    t =   161.19s         Checking existence of `"Add server" Button`
    t =   161.21s Get number of matches for: Elements matching predicate 'identifier == "Add server" OR label == "Add server"'
    t =   161.23s Get number of matches for: Elements matching predicate 'identifier == "Add server" OR label == "Add server"'
    t =   161.26s Checking existence of `Button (Element at index 0)`
    t =   161.28s Find the Button (Element at index 0)
    t =   161.31s Tap "Add server" Button
    t =   161.31s     Wait for dev.meeterm.app to idle
    t =   161.32s     Find the "Add server" Button
    t =   161.34s     Check for interrupting elements affecting "Add server" Button
    t =   161.37s     Synthesize event
    t =   161.66s     Wait for dev.meeterm.app to idle
    t =   161.98s Waiting 10.0s for TextField (First Match) to exist
    t =   163.06s     Checking `Expect predicate `existsNoRetry == 1` for object TextField (First Match)`
    t =   163.06s         Checking existence of `TextField (First Match)`
    t =   163.14s Checking existence of `TextField (First Match)`
    t =   163.19s Find the TextField (First Match)
    t =   163.24s Tap "ssh-host" TextField[0.95, 0.50]
    t =   163.24s     Wait for dev.meeterm.app to idle
    t =   163.25s     Find the "ssh-host" TextField
    t =   163.30s     Check for interrupting elements affecting "ssh-host" TextField
    t =   163.33s     Synthesize event
    t =   163.33s         Find the "ssh-host" TextField
    t =   163.38s         Find the "ssh-host" TextField
    t =   163.43s         Find the "ssh-host" TextField
    t =   163.78s     Wait for dev.meeterm.app to idle
    t =   164.11s Find the "ssh-host" TextField
    t =   164.22s Find the "ssh-host" TextField
    t =   164.31s Type '127.0.0.1' into "ssh-host" TextField
    t =   164.31s     Wait for dev.meeterm.app to idle
    t =   164.31s     Find the "ssh-host" TextField
    t =   164.40s     Check for interrupting elements affecting "ssh-host" TextField
    t =   164.44s     Synthesize event
    t =   164.79s     Wait for dev.meeterm.app to idle
    t =   165.82s Checking `Expect predicate `BLOCKPREDICATE(0x112de3390)` for object "ssh-host" TextField`
    t =   165.82s     Find the "ssh-host" TextField
    t =   165.92s     Find the "ssh-host" TextField
    t =   166.00s Waiting 10.0s for TextField (First Match) to exist
    t =   167.03s     Checking `Expect predicate `existsNoRetry == 1` for object TextField (First Match)`
    t =   167.03s         Checking existence of `TextField (First Match)`
    t =   167.15s Checking existence of `TextField (First Match)`
    t =   167.23s Find the TextField (First Match)
    t =   167.35s Tap "ssh-port" TextField[0.95, 0.50]
    t =   167.35s     Wait for dev.meeterm.app to idle
    t =   167.35s     Find the "ssh-port" TextField
    t =   167.43s     Check for interrupting elements affecting "ssh-port" TextField
    t =   167.47s     Synthesize event
    t =   167.47s         Find the "ssh-port" TextField
    t =   167.57s         Find the "ssh-port" TextField
    t =   167.66s         Find the "ssh-port" TextField
    t =   168.03s     Wait for dev.meeterm.app to idle
    t =   168.43s Find the "ssh-port" TextField
    t =   168.51s Find the "ssh-port" TextField
    t =   168.58s Type '' into "ssh-port" TextField
    t =   168.58s     Wait for dev.meeterm.app to idle
    t =   168.58s     Find the "ssh-port" TextField
    t =   168.66s     Check for interrupting elements affecting "ssh-port" TextField
    t =   168.70s     Synthesize event
    t =   168.94s     Wait for dev.meeterm.app to idle
    t =   168.94s Find the "ssh-port" TextField
    t =   169.02s Type '49559' into "ssh-port" TextField
    t =   169.02s     Wait for dev.meeterm.app to idle
    t =   169.03s     Find the "ssh-port" TextField
    t =   169.10s     Check for interrupting elements affecting "ssh-port" TextField
    t =   169.13s     Synthesize event
    t =   169.43s     Wait for dev.meeterm.app to idle
    t =   170.45s Checking `Expect predicate `BLOCKPREDICATE(0x112c07300)` for object "ssh-port" TextField`
    t =   170.46s     Find the "ssh-port" TextField
    t =   170.54s     Find the "ssh-port" TextField
    t =   170.62s Waiting 10.0s for TextField (First Match) to exist
    t =   171.67s     Checking `Expect predicate `existsNoRetry == 1` for object TextField (First Match)`
    t =   171.67s         Checking existence of `TextField (First Match)`
    t =   171.78s Checking existence of `TextField (First Match)`
    t =   171.85s Find the TextField (First Match)
    t =   171.95s Tap "ssh-username" TextField[0.95, 0.50]
    t =   171.95s     Wait for dev.meeterm.app to idle
    t =   171.96s     Find the "ssh-username" TextField
    t =   172.04s     Check for interrupting elements affecting "ssh-username" TextField
    t =   172.08s     Synthesize event
    t =   172.08s         Find the "ssh-username" TextField
    t =   172.17s         Find the "ssh-username" TextField
    t =   172.26s         Find the "ssh-username" TextField
    t =   172.62s     Wait for dev.meeterm.app to idle
    t =   173.00s Find the "ssh-username" TextField
    t =   173.07s Find the "ssh-username" TextField
    t =   173.14s Type 'd' into "ssh-username" TextField
    t =   173.15s     Wait for dev.meeterm.app to idle
    t =   173.15s     Find the "ssh-username" TextField
    t =   173.23s     Check for interrupting elements affecting "ssh-username" TextField
    t =   173.27s     Synthesize event
    t =   173.49s     Wait for dev.meeterm.app to idle
    t =   174.56s Checking `Expect predicate `BLOCKPREDICATE(0x112f30e10)` for object "ssh-username" TextField`
    t =   174.56s     Find the "ssh-username" TextField
    t =   174.65s     Find the "ssh-username" TextField
    t =   174.73s Type 'e' into "ssh-username" TextField
    t =   174.73s     Wait for dev.meeterm.app to idle
    t =   174.74s     Find the "ssh-username" TextField
    t =   174.83s     Check for interrupting elements affecting "ssh-username" TextField
    t =   174.87s     Synthesize event
    t =   175.09s     Wait for dev.meeterm.app to idle
    t =   176.15s Checking `Expect predicate `BLOCKPREDICATE(0x112f32100)` for object "ssh-username" TextField`
    t =   176.15s     Find the "ssh-username" TextField
    t =   176.25s     Find the "ssh-username" TextField
    t =   176.34s Type 'v' into "ssh-username" TextField
    t =   176.34s     Wait for dev.meeterm.app to idle
    t =   176.35s     Find the "ssh-username" TextField
    t =   176.43s     Check for interrupting elements affecting "ssh-username" TextField
    t =   176.48s     Synthesize event
    t =   176.70s     Wait for dev.meeterm.app to idle
    t =   177.76s Checking `Expect predicate `BLOCKPREDICATE(0x112f32340)` for object "ssh-username" TextField`
    t =   177.76s     Find the "ssh-username" TextField
    t =   177.84s     Find the "ssh-username" TextField
    t =   177.93s Type 'i' into "ssh-username" TextField
    t =   177.93s     Wait for dev.meeterm.app to idle
    t =   177.93s     Find the "ssh-username" TextField
    t =   178.02s     Check for interrupting elements affecting "ssh-username" TextField
    t =   178.06s     Synthesize event
    t =   178.28s     Wait for dev.meeterm.app to idle
    t =   179.29s Checking `Expect predicate `BLOCKPREDICATE(0x112c054d0)` for object "ssh-username" TextField`
    t =   179.29s     Find the "ssh-username" TextField
    t =   179.39s     Find the "ssh-username" TextField
    t =   179.48s Type 'n' into "ssh-username" TextField
    t =   179.48s     Wait for dev.meeterm.app to idle
    t =   179.48s     Find the "ssh-username" TextField
    t =   179.56s     Check for interrupting elements affecting "ssh-username" TextField
    t =   179.60s     Synthesize event
    t =   179.82s     Wait for dev.meeterm.app to idle
    t =   180.87s Checking `Expect predicate `BLOCKPREDICATE(0x112c05980)` for object "ssh-username" TextField`
    t =   180.87s     Find the "ssh-username" TextField
    t =   180.99s     Find the "ssh-username" TextField
    t =   182.09s Checking `Expect predicate `BLOCKPREDICATE(0x112f31ec0)` for object "ssh-username" TextField`
    t =   182.09s     Find the "ssh-username" TextField
    t =   182.22s     Find the "ssh-username" TextField
    t =   182.32s Waiting 10.0s for TextField (First Match) to exist
    t =   183.37s     Checking `Expect predicate `existsNoRetry == 1` for object TextField (First Match)`
    t =   183.37s         Checking existence of `TextField (First Match)`
    t =   183.46s Checking existence of `TextField (First Match)`
    t =   183.55s Find the TextField (First Match)
    t =   183.93s Checking existence of `"server-profile-name" TextField`
    t =   184.05s Find the "server-profile-name" TextField
    t =   184.45s Checking existence of `"server-profile-name" TextField`
    t =   184.56s Find the "server-profile-name" TextField
    t =   184.94s Checking existence of `"server-profile-name" TextField`
    t =   185.03s Find the "server-profile-name" TextField
    t =   185.40s Checking existence of `"server-profile-name" TextField`
    t =   185.49s Find the "server-profile-name" TextField
    t =   185.87s Checking existence of `"server-profile-name" TextField`
    t =   185.96s Find the "server-profile-name" TextField
    t =   186.32s Checking existence of `"server-profile-name" TextField`
    t =   186.41s Find the "server-profile-name" TextField
    t =   186.78s Checking existence of `"server-profile-name" TextField`
    t =   186.87s Find the "server-profile-name" TextField
    t =   187.24s Checking existence of `"server-profile-name" TextField`
    t =   187.34s Find the "server-profile-name" TextField
    t =   187.70s Checking existence of `"server-profile-name" TextField`
    t =   187.79s Find the "server-profile-name" TextField
    t =   188.17s Checking existence of `"server-profile-name" TextField`
    t =   188.28s Find the "server-profile-name" TextField
    t =   188.65s Checking existence of `"server-profile-name" TextField`
    t =   188.75s Find the "server-profile-name" TextField
    t =   189.12s Checking existence of `"server-profile-name" TextField`
    t =   189.22s Find the "server-profile-name" TextField
    t =   189.59s Checking existence of `"server-profile-name" TextField`
    t =   189.69s Find the "server-profile-name" TextField
    t =   190.06s Checking existence of `"server-profile-name" TextField`
    t =   190.16s Find the "server-profile-name" TextField
    t =   190.54s Checking existence of `"server-profile-name" TextField`
    t =   190.64s Find the "server-profile-name" TextField
    t =   191.01s Checking existence of `"server-profile-name" TextField`
    t =   191.11s Find the "server-profile-name" TextField
    t =   191.49s Checking existence of `"server-profile-name" TextField`
    t =   191.60s Find the "server-profile-name" TextField
    t =   191.98s Checking existence of `"server-profile-name" TextField`
    t =   192.07s Find the "server-profile-name" TextField
    t =   192.44s Checking existence of `"server-profile-name" TextField`
    t =   192.55s Find the "server-profile-name" TextField
    t =   192.95s Checking existence of `"server-profile-name" TextField`
    t =   193.04s Find the "server-profile-name" TextField
    t =   193.41s Checking existence of `"server-profile-name" TextField`
    t =   193.50s Find the "server-profile-name" TextField
    t =   193.88s Checking existence of `"server-profile-name" TextField`
    t =   193.97s Find the "server-profile-name" TextField
/Users/devin/repos/meeterm/ios/meetermTests/MeetermSmokeUITests.swift:2453: error: -[meetermTests.MeetermSmokeUITests testShortSshInputAndDisconnect] : failed - The short field is not hittable.
    t =   194.12s Tear Down
Test Case '-[meetermTests.MeetermSmokeUITests testShortSshInputAndDisconnect]' failed (194.519 seconds).
Test Suite 'MeetermSmokeUITests' failed at 2026-09-24 21:20:36.274.
	 Executed 1 test, with 1 failure (0 unexpected) in 194.519 (194.524) seconds
Test Suite 'meetermTests.xctest' failed at 2026-09-24 21:20:36.275.
	 Executed 1 test, with 1 failure (0 unexpected) in 194.519 (194.525) seconds
Test Suite 'Selected tests' failed at 2026-09-24 21:20:36.275.
	 Executed 1 test, with 1 failure (0 unexpected) in 194.519 (194.526) seconds
** BUILD INTERRUPTED **
