Timestamp               Ty Process[PID:TID]
2026-09-25 03:48:33.130 Df meeterm[18616:2320f] (Foundation) MEETERM_SMOKE_STARTUP phase=js_module_loaded
2026-09-25 03:48:33.136 Df meeterm[18616:2320f] (Foundation) MEETERM_SMOKE_STARTUP phase=root_effect
2026-09-25 03:48:33.145 Df meeterm[18616:2320f] (Foundation) MEETERM_SMOKE_STARTUP phase=initial_url_requested
2026-09-25 03:48:33.148 Df meeterm[18616:2320f] (Foundation) MEETERM_SMOKE_STARTUP phase=initial_url_null
2026-09-25 03:48:33.174 Df meeterm[18616:2320f] (Foundation) MEETERM_SMOKE_STARTUP phase=app_content_mounted
2026-09-25 03:48:33.175 Df meeterm[18616:2320f] (Foundation) MEETERM_SMOKE_STARTUP phase=profiles_requested
2026-09-25 03:48:33.178 Df meeterm[18616:2320f] (Foundation) MEETERM_SMOKE_STARTUP phase=profiles_succeeded
2026-09-25 03:48:36.954 Df meeterm[18623:23288] (Foundation) MEETERM_SMOKE_STARTUP phase=js_module_loaded
2026-09-25 03:48:36.972 Df meeterm[18623:23288] (Foundation) MEETERM_SMOKE_STARTUP phase=root_effect
2026-09-25 03:48:36.980 Df meeterm[18623:23288] (Foundation) MEETERM_SMOKE_STARTUP phase=initial_url_requested
2026-09-25 03:48:36.982 Df meeterm[18623:23288] (Foundation) MEETERM_SMOKE_STARTUP phase=initial_url_allowed_fixture
2026-09-25 03:48:37.016 Df meeterm[18623:23288] (Foundation) MEETERM_SMOKE_STARTUP phase=app_content_mounted
2026-09-25 03:48:37.016 Df meeterm[18623:23288] (Foundation) MEETERM_SMOKE_STARTUP phase=profiles_requested
2026-09-25 03:48:37.019 Df meeterm[18623:23288] (Foundation) MEETERM_SMOKE_STARTUP phase=profiles_succeeded
2026-09-25 03:48:37.028 Df meeterm[18623:2323c] (Foundation) MEETERM_SMOKE_INPUT_RESIGN focused=0 result=0
2026-09-25 03:48:37.028 Df meeterm[18623:2323c] (Foundation) MEETERM_SMOKE_INPUT_RESIGN focused=0 result=0
2026-09-25 03:48:37.165 Df meeterm[18623:2323c] (Foundation) MEETERM_SMOKE_INPUT_BINDING_CANCEL
2026-09-25 03:48:37.165 Df meeterm[18623:2323c] (Foundation) MEETERM_SMOKE_INPUT_RESIGN focused=0 result=0
2026-09-25 03:48:37.165 Df meeterm[18623:2323c] (Foundation) MEETERM_SMOKE_NATIVE_READY
2026-09-25 03:48:37.176 Df meeterm[18623:2323c] (Foundation) MEETERM_SMOKE_INPUT_WINDOW attached=1
2026-09-25 03:48:37.223 Df meeterm[18623:2323c] (Foundation) MEETERM_SMOKE_FIRST_FRAME_METAL
