Timestamp               Ty Process[PID:TID]
2026-09-22 16:19:10.554 Df meeterm[10945:1f125] (Foundation) MEETERM_SMOKE_STARTUP phase=js_module_loaded
2026-09-22 16:19:10.565 Df meeterm[10945:1f125] (Foundation) MEETERM_SMOKE_STARTUP phase=root_effect
2026-09-22 16:19:10.565 Df meeterm[10945:1f125] (Foundation) MEETERM_SMOKE_STARTUP phase=initial_url_requested
2026-09-22 16:19:10.567 Df meeterm[10945:1f125] (Foundation) MEETERM_SMOKE_STARTUP phase=initial_url_null
2026-09-22 16:19:10.599 Df meeterm[10945:1f125] (Foundation) MEETERM_SMOKE_STARTUP phase=app_content_mounted
2026-09-22 16:19:10.599 Df meeterm[10945:1f125] (Foundation) MEETERM_SMOKE_STARTUP phase=profiles_requested
2026-09-22 16:19:10.602 Df meeterm[10945:1f125] (Foundation) MEETERM_SMOKE_STARTUP phase=profiles_succeeded
2026-09-22 16:20:03.041 Df meeterm[10945:1f0dd] (Foundation) MEETERM_SMOKE_INPUT_RESIGN focused=0 result=0
2026-09-22 16:20:03.042 Df meeterm[10945:1f0dd] (Foundation) MEETERM_SMOKE_INPUT_RESIGN focused=0 result=0
2026-09-22 16:20:03.685 Df meeterm[10945:1f0dd] (Foundation) MEETERM_SMOKE_INPUT_BINDING_CANCEL
2026-09-22 16:20:03.685 Df meeterm[10945:1f0dd] (Foundation) MEETERM_SMOKE_INPUT_RESIGN focused=0 result=0
2026-09-22 16:20:03.685 Df meeterm[10945:1f0dd] (Foundation) MEETERM_SMOKE_NATIVE_READY
2026-09-22 16:20:03.685 Df meeterm[10945:1f0dd] (Foundation) MEETERM_SMOKE_INPUT_BINDING_CANCEL
2026-09-22 16:20:03.685 Df meeterm[10945:1f0dd] (Foundation) MEETERM_SMOKE_INPUT_RESIGN focused=0 result=0
2026-09-22 16:20:03.708 Df meeterm[10945:1f0dd] (Foundation) MEETERM_SMOKE_INPUT_WINDOW attached=1
2026-09-22 16:20:03.732 Df meeterm[10945:1f0dd] (Foundation) MEETERM_SMOKE_FIRST_FRAME_METAL
2026-09-22 16:20:04.713 Df meeterm[10945:1f0dd] (Foundation) MEETERM_SMOKE_INPUT_WINDOW attached=0
2026-09-22 16:20:04.714 Df meeterm[10945:1f0dd] (Foundation) MEETERM_SMOKE_INPUT_BINDING_CANCEL
2026-09-22 16:20:04.714 Df meeterm[10945:1f0dd] (Foundation) MEETERM_SMOKE_INPUT_RESIGN focused=0 result=0
2026-09-22 16:20:05.938 Df meeterm[10945:1f0dd] (Foundation) MEETERM_SMOKE_INPUT_RESIGN focused=0 result=0
2026-09-22 16:20:05.938 Df meeterm[10945:1f0dd] (Foundation) MEETERM_SMOKE_INPUT_RESIGN focused=0 result=0
2026-09-22 16:20:05.948 Df meeterm[10945:1f0dd] (Foundation) MEETERM_SMOKE_INPUT_BINDING_CANCEL
2026-09-22 16:20:05.948 Df meeterm[10945:1f0dd] (Foundation) MEETERM_SMOKE_INPUT_RESIGN focused=0 result=0
2026-09-22 16:20:05.948 Df meeterm[10945:1f0dd] (Foundation) MEETERM_SMOKE_NATIVE_READY
2026-09-22 16:20:05.948 Df meeterm[10945:1f0dd] (Foundation) MEETERM_SMOKE_INPUT_WINDOW attached=1
2026-09-22 16:20:05.973 Df meeterm[10945:1f0dd] (Foundation) MEETERM_SMOKE_FIRST_FRAME_METAL
2026-09-22 16:20:06.823 Df meeterm[10945:1f0dd] (Foundation) MEETERM_SMOKE_INPUT_FOCUS result=1 window=1
2026-09-22 16:20:18.906 Df meeterm[10945:1f0dd] (Foundation) MEETERM_SMOKE_INPUT_FOCUS result=1 window=1
2026-09-22 16:20:18.906 Df meeterm[10945:1f0dd] (Foundation) MEETERM_SMOKE_PASTE_REQUEST
2026-09-22 16:20:18.917 Df meeterm[10945:1f3d5] (Foundation) MEETERM_SMOKE_PASTE_PROVIDER_COMPLETION
2026-09-22 16:20:18.917 Df meeterm[10945:1f0dd] (Foundation) MEETERM_SMOKE_PASTE_DELIVERY_ATTEMPT
2026-09-22 16:20:18.917 Df meeterm[10945:1f0dd] (Foundation) MEETERM_SMOKE_PASTE_RESULT accepted=1
2026-09-22 16:20:23.672 Df meeterm[10945:1f0dd] (Foundation) MEETERM_SMOKE_INPUT_FOCUS result=1 window=1
2026-09-22 16:20:35.307 Df meeterm[10945:1f0dd] (Foundation) MEETERM_SMOKE_INPUT_FOCUS result=1 window=1
2026-09-22 16:20:35.307 Df meeterm[10945:1f0dd] (Foundation) MEETERM_SMOKE_PASTE_REQUEST
2026-09-22 16:20:35.314 Df meeterm[10945:1f0f9] (Foundation) MEETERM_SMOKE_PASTE_PROVIDER_COMPLETION
2026-09-22 16:20:35.314 Df meeterm[10945:1f0dd] (Foundation) MEETERM_SMOKE_PASTE_DELIVERY_ATTEMPT
2026-09-22 16:20:35.315 Df meeterm[10945:1f0dd] (Foundation) MEETERM_SMOKE_PASTE_RESULT accepted=1
2026-09-22 16:20:39.215 Df meeterm[10945:1f0dd] (Foundation) MEETERM_SMOKE_INPUT_BINDING_CANCEL
2026-09-22 16:20:39.215 Df meeterm[10945:1f0dd] (Foundation) MEETERM_SMOKE_INPUT_FOCUS result=1 window=1
2026-09-22 16:20:39.239 Df meeterm[10945:1f0dd] (Foundation) MEETERM_SMOKE_INPUT_RESIGN focused=1 result=1
2026-09-22 16:20:39.387 Df meeterm[10945:1f0dd] (Foundation) MEETERM_SMOKE_INPUT_BINDING_CANCEL
2026-09-22 16:20:39.387 Df meeterm[10945:1f0dd] (Foundation) MEETERM_SMOKE_INPUT_RESIGN focused=0 result=0
