Timestamp               Ty Process[PID:TID]
2026-09-26 18:49:12.181 Df meeterm[7297:1002a] (Foundation) MEETERM_SMOKE_STARTUP phase=js_module_loaded
2026-09-26 18:49:12.185 Df meeterm[7297:1002a] (Foundation) MEETERM_SMOKE_STARTUP phase=root_effect
2026-09-26 18:49:12.186 Df meeterm[7297:1002a] (Foundation) MEETERM_SMOKE_STARTUP phase=initial_url_requested
2026-09-26 18:49:12.187 Df meeterm[7297:1002a] (Foundation) MEETERM_SMOKE_STARTUP phase=initial_url_null
2026-09-26 18:49:12.200 Df meeterm[7297:1002a] (Foundation) MEETERM_SMOKE_STARTUP phase=app_content_mounted
2026-09-26 18:49:12.200 Df meeterm[7297:1002a] (Foundation) MEETERM_SMOKE_STARTUP phase=profiles_requested
2026-09-26 18:49:12.202 Df meeterm[7297:1002a] (Foundation) MEETERM_SMOKE_STARTUP phase=profiles_succeeded
2026-09-26 18:50:34.965 Df meeterm[7297:ff9a] (Foundation) MEETERM_SMOKE_INPUT_RESIGN focused=0 result=0
2026-09-26 18:50:34.966 Df meeterm[7297:ff9a] (Foundation) MEETERM_SMOKE_INPUT_RESIGN focused=0 result=0
2026-09-26 18:50:35.661 Df meeterm[7297:ff9a] (Foundation) MEETERM_SMOKE_INPUT_BINDING_CANCEL
2026-09-26 18:50:35.661 Df meeterm[7297:ff9a] (Foundation) MEETERM_SMOKE_INPUT_RESIGN focused=0 result=0
2026-09-26 18:50:35.661 Df meeterm[7297:ff9a] (Foundation) MEETERM_SMOKE_INPUT_BINDING_CANCEL
2026-09-26 18:50:35.662 Df meeterm[7297:ff9a] (Foundation) MEETERM_SMOKE_INPUT_RESIGN focused=0 result=0
2026-09-26 18:50:35.662 Df meeterm[7297:ff9a] (Foundation) MEETERM_SMOKE_NATIVE_READY
2026-09-26 18:50:35.681 Df meeterm[7297:ff9a] (Foundation) MEETERM_SMOKE_INPUT_WINDOW attached=1
2026-09-26 18:50:35.717 Df meeterm[7297:ff9a] (Foundation) MEETERM_SMOKE_FIRST_FRAME_METAL
2026-09-26 18:50:36.744 Df meeterm[7297:ff9a] (Foundation) MEETERM_SMOKE_INPUT_WINDOW attached=0
2026-09-26 18:50:36.744 Df meeterm[7297:ff9a] (Foundation) MEETERM_SMOKE_INPUT_BINDING_CANCEL
2026-09-26 18:50:36.744 Df meeterm[7297:ff9a] (Foundation) MEETERM_SMOKE_INPUT_RESIGN focused=0 result=0
2026-09-26 18:50:38.010 Df meeterm[7297:ff9a] (Foundation) MEETERM_SMOKE_INPUT_RESIGN focused=0 result=0
2026-09-26 18:50:38.010 Df meeterm[7297:ff9a] (Foundation) MEETERM_SMOKE_INPUT_RESIGN focused=0 result=0
2026-09-26 18:50:38.019 Df meeterm[7297:ff9a] (Foundation) MEETERM_SMOKE_INPUT_BINDING_CANCEL
2026-09-26 18:50:38.019 Df meeterm[7297:ff9a] (Foundation) MEETERM_SMOKE_INPUT_RESIGN focused=0 result=0
2026-09-26 18:50:38.019 Df meeterm[7297:ff9a] (Foundation) MEETERM_SMOKE_NATIVE_READY
2026-09-26 18:50:38.020 Df meeterm[7297:ff9a] (Foundation) MEETERM_SMOKE_INPUT_WINDOW attached=1
2026-09-26 18:50:38.043 Df meeterm[7297:ff9a] (Foundation) MEETERM_SMOKE_FIRST_FRAME_METAL
2026-09-26 18:50:39.088 Df meeterm[7297:ff9a] (Foundation) MEETERM_SMOKE_INPUT_FOCUS result=1 window=1
2026-09-26 18:50:51.134 Df meeterm[7297:ff9a] (Foundation) MEETERM_SMOKE_INPUT_FOCUS result=1 window=1
2026-09-26 18:50:51.134 Df meeterm[7297:ff9a] (Foundation) MEETERM_SMOKE_PASTE_REQUEST
2026-09-26 18:50:51.155 Df meeterm[7297:10460] (Foundation) MEETERM_SMOKE_PASTE_PROVIDER_COMPLETION
2026-09-26 18:50:51.155 Df meeterm[7297:ff9a] (Foundation) MEETERM_SMOKE_PASTE_DELIVERY_ATTEMPT
2026-09-26 18:50:51.155 Df meeterm[7297:ff9a] (Foundation) MEETERM_SMOKE_PASTE_RESULT accepted=1
2026-09-26 18:51:07.184 Df meeterm[7297:ff9a] (Foundation) MEETERM_SMOKE_INPUT_FOCUS result=1 window=1
2026-09-26 18:51:07.184 Df meeterm[7297:ff9a] (Foundation) MEETERM_SMOKE_PASTE_REQUEST
2026-09-26 18:51:07.208 Df meeterm[7297:10460] (Foundation) MEETERM_SMOKE_PASTE_PROVIDER_COMPLETION
2026-09-26 18:51:07.208 Df meeterm[7297:ff9a] (Foundation) MEETERM_SMOKE_PASTE_DELIVERY_ATTEMPT
2026-09-26 18:51:07.209 Df meeterm[7297:ff9a] (Foundation) MEETERM_SMOKE_PASTE_RESULT accepted=1
2026-09-26 18:51:11.655 Df meeterm[7297:ff9a] (Foundation) MEETERM_SMOKE_INPUT_RESIGN focused=1 result=1
2026-09-26 18:51:11.655 Df meeterm[7297:ff9a] (Foundation) MEETERM_SMOKE_INPUT_WINDOW attached=0
2026-09-26 18:51:11.656 Df meeterm[7297:ff9a] (Foundation) MEETERM_SMOKE_INPUT_BINDING_CANCEL
2026-09-26 18:51:11.656 Df meeterm[7297:ff9a] (Foundation) MEETERM_SMOKE_INPUT_RESIGN focused=0 result=0
2026-09-26 18:51:16.197 Df meeterm[7297:ff9a] (Foundation) MEETERM_SMOKE_INPUT_RESIGN focused=0 result=0
2026-09-26 18:51:16.197 Df meeterm[7297:ff9a] (Foundation) MEETERM_SMOKE_INPUT_RESIGN focused=0 result=0
2026-09-26 18:51:16.211 Df meeterm[7297:ff9a] (Foundation) MEETERM_SMOKE_INPUT_BINDING_CANCEL
2026-09-26 18:51:16.211 Df meeterm[7297:ff9a] (Foundation) MEETERM_SMOKE_INPUT_RESIGN focused=0 result=0
2026-09-26 18:51:16.211 Df meeterm[7297:ff9a] (Foundation) MEETERM_SMOKE_NATIVE_READY
2026-09-26 18:51:16.211 Df meeterm[7297:ff9a] (Foundation) MEETERM_SMOKE_INPUT_BINDING_CANCEL
2026-09-26 18:51:16.211 Df meeterm[7297:ff9a] (Foundation) MEETERM_SMOKE_INPUT_RESIGN focused=0 result=0
2026-09-26 18:51:16.218 Df meeterm[7297:ff9a] (Foundation) MEETERM_SMOKE_INPUT_WINDOW attached=1
2026-09-26 18:51:16.229 Df meeterm[7297:ff9a] (Foundation) MEETERM_SMOKE_FIRST_FRAME_METAL
2026-09-26 18:51:18.187 Df meeterm[7297:ff9a] (Foundation) MEETERM_SMOKE_INPUT_FOCUS result=1 window=1
2026-09-26 18:51:30.282 Df meeterm[7297:ff9a] (Foundation) MEETERM_SMOKE_INPUT_FOCUS result=1 window=1
2026-09-26 18:51:30.282 Df meeterm[7297:ff9a] (Foundation) MEETERM_SMOKE_PASTE_REQUEST
2026-09-26 18:51:30.290 Df meeterm[7297:1089d] (Foundation) MEETERM_SMOKE_PASTE_PROVIDER_COMPLETION
2026-09-26 18:51:30.290 Df meeterm[7297:ff9a] (Foundation) MEETERM_SMOKE_PASTE_DELIVERY_ATTEMPT
2026-09-26 18:51:30.291 Df meeterm[7297:ff9a] (Foundation) MEETERM_SMOKE_PASTE_RESULT accepted=1
2026-09-26 18:51:34.834 Df meeterm[7297:ff9a] (Foundation) MEETERM_SMOKE_INPUT_RESIGN focused=1 result=1
2026-09-26 18:51:34.834 Df meeterm[7297:ff9a] (Foundation) MEETERM_SMOKE_INPUT_WINDOW attached=0
2026-09-26 18:51:34.835 Df meeterm[7297:ff9a] (Foundation) MEETERM_SMOKE_INPUT_BINDING_CANCEL
2026-09-26 18:51:34.835 Df meeterm[7297:ff9a] (Foundation) MEETERM_SMOKE_INPUT_RESIGN focused=0 result=0
2026-09-26 18:51:38.527 Df meeterm[7297:ff9a] (Foundation) MEETERM_SMOKE_INPUT_RESIGN focused=0 result=0
2026-09-26 18:51:38.527 Df meeterm[7297:ff9a] (Foundation) MEETERM_SMOKE_INPUT_RESIGN focused=0 result=0
2026-09-26 18:51:38.534 Df meeterm[7297:ff9a] (Foundation) MEETERM_SMOKE_INPUT_BINDING_CANCEL
2026-09-26 18:51:38.535 Df meeterm[7297:ff9a] (Foundation) MEETERM_SMOKE_INPUT_RESIGN focused=0 result=0
2026-09-26 18:51:38.535 Df meeterm[7297:ff9a] (Foundation) MEETERM_SMOKE_INPUT_BINDING_CANCEL
2026-09-26 18:51:38.535 Df meeterm[7297:ff9a] (Foundation) MEETERM_SMOKE_INPUT_RESIGN focused=0 result=0
2026-09-26 18:51:38.536 Df meeterm[7297:ff9a] (Foundation) MEETERM_SMOKE_NATIVE_READY
2026-09-26 18:51:38.542 Df meeterm[7297:ff9a] (Foundation) MEETERM_SMOKE_INPUT_WINDOW attached=1
2026-09-26 18:51:38.556 Df meeterm[7297:ff9a] (Foundation) MEETERM_SMOKE_FIRST_FRAME_METAL
2026-09-26 18:51:40.519 Df meeterm[7297:ff9a] (Foundation) MEETERM_SMOKE_INPUT_FOCUS result=1 window=1
2026-09-26 18:51:49.700 Df meeterm[7297:ff9a] (Foundation) MEETERM_SMOKE_INPUT_FOCUS result=1 window=1
2026-09-26 18:51:49.700 Df meeterm[7297:ff9a] (Foundation) MEETERM_SMOKE_PASTE_REQUEST
2026-09-26 18:51:49.711 Df meeterm[7297:10609] (Foundation) MEETERM_SMOKE_PASTE_PROVIDER_COMPLETION
2026-09-26 18:51:49.711 Df meeterm[7297:ff9a] (Foundation) MEETERM_SMOKE_PASTE_DELIVERY_ATTEMPT
2026-09-26 18:51:49.712 Df meeterm[7297:ff9a] (Foundation) MEETERM_SMOKE_PASTE_RESULT accepted=1
2026-09-26 18:51:54.436 Df meeterm[7297:ff9a] (Foundation) MEETERM_SMOKE_INPUT_RESIGN focused=1 result=1
2026-09-26 18:51:54.437 Df meeterm[7297:ff9a] (Foundation) MEETERM_SMOKE_INPUT_WINDOW attached=0
2026-09-26 18:51:54.437 Df meeterm[7297:ff9a] (Foundation) MEETERM_SMOKE_INPUT_BINDING_CANCEL
2026-09-26 18:51:54.437 Df meeterm[7297:ff9a] (Foundation) MEETERM_SMOKE_INPUT_RESIGN focused=0 result=0
2026-09-26 18:53:23.696 Df meeterm[7297:ff9a] (Foundation) MEETERM_SMOKE_INPUT_RESIGN focused=0 result=0
2026-09-26 18:53:23.696 Df meeterm[7297:ff9a] (Foundation) MEETERM_SMOKE_INPUT_RESIGN focused=0 result=0
2026-09-26 18:53:23.704 Df meeterm[7297:ff9a] (Foundation) MEETERM_SMOKE_INPUT_BINDING_CANCEL
2026-09-26 18:53:23.705 Df meeterm[7297:ff9a] (Foundation) MEETERM_SMOKE_INPUT_RESIGN focused=0 result=0
2026-09-26 18:53:23.705 Df meeterm[7297:ff9a] (Foundation) MEETERM_SMOKE_INPUT_BINDING_CANCEL
2026-09-26 18:53:23.705 Df meeterm[7297:ff9a] (Foundation) MEETERM_SMOKE_INPUT_RESIGN focused=0 result=0
2026-09-26 18:53:23.705 Df meeterm[7297:ff9a] (Foundation) MEETERM_SMOKE_NATIVE_READY
2026-09-26 18:53:23.711 Df meeterm[7297:ff9a] (Foundation) MEETERM_SMOKE_INPUT_WINDOW attached=1
2026-09-26 18:53:23.727 Df meeterm[7297:ff9a] (Foundation) MEETERM_SMOKE_FIRST_FRAME_METAL
2026-09-26 18:53:25.919 Df meeterm[7297:ff9a] (Foundation) MEETERM_SMOKE_INPUT_FOCUS result=1 window=1
2026-09-26 18:53:38.300 Df meeterm[7297:ff9a] (Foundation) MEETERM_SMOKE_INPUT_FOCUS result=1 window=1
2026-09-26 18:53:38.300 Df meeterm[7297:ff9a] (Foundation) MEETERM_SMOKE_PASTE_REQUEST
2026-09-26 18:53:38.307 Df meeterm[7297:10e81] (Foundation) MEETERM_SMOKE_PASTE_PROVIDER_COMPLETION
2026-09-26 18:53:38.307 Df meeterm[7297:ff9a] (Foundation) MEETERM_SMOKE_PASTE_DELIVERY_ATTEMPT
2026-09-26 18:53:38.308 Df meeterm[7297:ff9a] (Foundation) MEETERM_SMOKE_PASTE_RESULT accepted=1
2026-09-26 18:53:43.581 Df meeterm[7297:ff9a] (Foundation) MEETERM_SMOKE_INPUT_RESIGN focused=1 result=1
2026-09-26 18:53:43.582 Df meeterm[7297:ff9a] (Foundation) MEETERM_SMOKE_INPUT_WINDOW attached=0
2026-09-26 18:53:43.582 Df meeterm[7297:ff9a] (Foundation) MEETERM_SMOKE_INPUT_BINDING_CANCEL
2026-09-26 18:53:43.582 Df meeterm[7297:ff9a] (Foundation) MEETERM_SMOKE_INPUT_RESIGN focused=0 result=0
2026-09-26 18:53:47.784 Df meeterm[7297:ff9a] (Foundation) MEETERM_SMOKE_INPUT_RESIGN focused=0 result=0
2026-09-26 18:53:47.784 Df meeterm[7297:ff9a] (Foundation) MEETERM_SMOKE_INPUT_RESIGN focused=0 result=0
2026-09-26 18:53:47.796 Df meeterm[7297:ff9a] (Foundation) MEETERM_SMOKE_INPUT_BINDING_CANCEL
2026-09-26 18:53:47.796 Df meeterm[7297:ff9a] (Foundation) MEETERM_SMOKE_INPUT_RESIGN focused=0 result=0
2026-09-26 18:53:47.796 Df meeterm[7297:ff9a] (Foundation) MEETERM_SMOKE_NATIVE_READY
2026-09-26 18:53:47.796 Df meeterm[7297:ff9a] (Foundation) MEETERM_SMOKE_INPUT_BINDING_CANCEL
2026-09-26 18:53:47.796 Df meeterm[7297:ff9a] (Foundation) MEETERM_SMOKE_INPUT_RESIGN focused=0 result=0
2026-09-26 18:53:47.819 Df meeterm[7297:ff9a] (Foundation) MEETERM_SMOKE_INPUT_WINDOW attached=1
2026-09-26 18:53:47.838 Df meeterm[7297:ff9a] (Foundation) MEETERM_SMOKE_FIRST_FRAME_METAL
2026-09-26 18:53:49.919 Df meeterm[7297:ff9a] (Foundation) MEETERM_SMOKE_INPUT_FOCUS result=1 window=1
2026-09-26 18:53:59.266 Df meeterm[7297:ff9a] (Foundation) MEETERM_SMOKE_INPUT_FOCUS result=1 window=1
2026-09-26 18:53:59.266 Df meeterm[7297:ff9a] (Foundation) MEETERM_SMOKE_PASTE_REQUEST
2026-09-26 18:53:59.274 Df meeterm[7297:1124a] (Foundation) MEETERM_SMOKE_PASTE_PROVIDER_COMPLETION
2026-09-26 18:53:59.274 Df meeterm[7297:ff9a] (Foundation) MEETERM_SMOKE_PASTE_DELIVERY_ATTEMPT
2026-09-26 18:53:59.275 Df meeterm[7297:ff9a] (Foundation) MEETERM_SMOKE_PASTE_RESULT accepted=1
2026-09-26 18:54:05.700 Df meeterm[7297:ff9a] (Foundation) MEETERM_SMOKE_INPUT_FOCUS result=1 window=1
2026-09-26 18:54:17.753 Df meeterm[7297:ff9a] (Foundation) MEETERM_SMOKE_INPUT_FOCUS result=1 window=1
2026-09-26 18:54:17.753 Df meeterm[7297:ff9a] (Foundation) MEETERM_SMOKE_PASTE_REQUEST
2026-09-26 18:54:17.762 Df meeterm[7297:10d42] (Foundation) MEETERM_SMOKE_PASTE_PROVIDER_COMPLETION
2026-09-26 18:54:17.762 Df meeterm[7297:ff9a] (Foundation) MEETERM_SMOKE_PASTE_DELIVERY_ATTEMPT
2026-09-26 18:54:17.763 Df meeterm[7297:ff9a] (Foundation) MEETERM_SMOKE_PASTE_RESULT accepted=1
2026-09-26 18:54:22.669 Df meeterm[7297:ff9a] (Foundation) MEETERM_SMOKE_INPUT_BINDING_CANCEL
2026-09-26 18:54:22.669 Df meeterm[7297:ff9a] (Foundation) MEETERM_SMOKE_INPUT_FOCUS result=1 window=1
2026-09-26 18:54:22.696 Df meeterm[7297:ff9a] (Foundation) MEETERM_SMOKE_INPUT_RESIGN focused=1 result=1
2026-09-26 18:54:23.225 Df meeterm[7297:ff9a] (Foundation) MEETERM_SMOKE_INPUT_BINDING_CANCEL
2026-09-26 18:54:23.225 Df meeterm[7297:ff9a] (Foundation) MEETERM_SMOKE_INPUT_RESIGN focused=0 result=0
2026-09-26 18:54:30.854 Df meeterm[7297:ff9a] (Foundation) MEETERM_SMOKE_INPUT_FOCUS result=1 window=1
2026-09-26 18:54:43.166 Df meeterm[7297:ff9a] (Foundation) MEETERM_SMOKE_INPUT_FOCUS result=1 window=1
2026-09-26 18:54:43.166 Df meeterm[7297:ff9a] (Foundation) MEETERM_SMOKE_PASTE_REQUEST
2026-09-26 18:54:43.172 Df meeterm[7297:1142b] (Foundation) MEETERM_SMOKE_PASTE_PROVIDER_COMPLETION
2026-09-26 18:54:43.173 Df meeterm[7297:ff9a] (Foundation) MEETERM_SMOKE_PASTE_DELIVERY_ATTEMPT
2026-09-26 18:54:43.173 Df meeterm[7297:ff9a] (Foundation) MEETERM_SMOKE_PASTE_RESULT accepted=1
2026-09-26 18:55:29.507 Df meeterm[7297:ff9a] (Foundation) MEETERM_SMOKE_INPUT_RESIGN focused=1 result=1
2026-09-26 18:55:29.508 Df meeterm[7297:ff9a] (Foundation) MEETERM_SMOKE_INPUT_WINDOW attached=0
2026-09-26 18:55:29.508 Df meeterm[7297:ff9a] (Foundation) MEETERM_SMOKE_INPUT_BINDING_CANCEL
2026-09-26 18:55:29.508 Df meeterm[7297:ff9a] (Foundation) MEETERM_SMOKE_INPUT_RESIGN focused=0 result=0
