Timestamp               Ty Process[PID:TID]
2026-09-24 08:26:05.918 Df meeterm[3511:c443] (Foundation) MEETERM_SMOKE_STARTUP phase=js_module_loaded
2026-09-24 08:26:05.922 Df meeterm[3511:c443] (Foundation) MEETERM_SMOKE_STARTUP phase=root_effect
2026-09-24 08:26:05.930 Df meeterm[3511:c443] (Foundation) MEETERM_SMOKE_STARTUP phase=initial_url_requested
2026-09-24 08:26:05.932 Df meeterm[3511:c443] (Foundation) MEETERM_SMOKE_STARTUP phase=initial_url_null
2026-09-24 08:26:05.950 Df meeterm[3511:c443] (Foundation) MEETERM_SMOKE_STARTUP phase=app_content_mounted
2026-09-24 08:26:05.950 Df meeterm[3511:c443] (Foundation) MEETERM_SMOKE_STARTUP phase=profiles_requested
2026-09-24 08:26:05.961 Df meeterm[3511:c443] (Foundation) MEETERM_SMOKE_STARTUP phase=profiles_succeeded
2026-09-24 08:26:09.418 Df meeterm[3517:c47a] (Foundation) MEETERM_SMOKE_STARTUP phase=js_module_loaded
2026-09-24 08:26:09.420 Df meeterm[3517:c47a] (Foundation) MEETERM_SMOKE_STARTUP phase=root_effect
2026-09-24 08:26:09.429 Df meeterm[3517:c47a] (Foundation) MEETERM_SMOKE_STARTUP phase=initial_url_requested
2026-09-24 08:26:09.434 Df meeterm[3517:c47a] (Foundation) MEETERM_SMOKE_STARTUP phase=initial_url_allowed_fixture
2026-09-24 08:26:09.466 Df meeterm[3517:c47a] (Foundation) MEETERM_SMOKE_STARTUP phase=app_content_mounted
2026-09-24 08:26:09.466 Df meeterm[3517:c47a] (Foundation) MEETERM_SMOKE_STARTUP phase=profiles_requested
2026-09-24 08:26:09.468 Df meeterm[3517:c47a] (Foundation) MEETERM_SMOKE_STARTUP phase=profiles_succeeded
2026-09-24 08:26:09.476 Df meeterm[3517:c462] (Foundation) MEETERM_SMOKE_INPUT_RESIGN focused=0 result=0
2026-09-24 08:26:09.476 Df meeterm[3517:c462] (Foundation) MEETERM_SMOKE_INPUT_RESIGN focused=0 result=0
2026-09-24 08:26:09.626 Df meeterm[3517:c462] (Foundation) MEETERM_SMOKE_INPUT_BINDING_CANCEL
2026-09-24 08:26:09.627 Df meeterm[3517:c462] (Foundation) MEETERM_SMOKE_INPUT_RESIGN focused=0 result=0
2026-09-24 08:26:09.627 Df meeterm[3517:c462] (Foundation) MEETERM_SMOKE_NATIVE_READY
2026-09-24 08:26:09.638 Df meeterm[3517:c462] (Foundation) MEETERM_SMOKE_INPUT_WINDOW attached=1
2026-09-24 08:26:09.694 Df meeterm[3517:c462] (Foundation) MEETERM_SMOKE_FIRST_FRAME_METAL
