Timestamp               Ty Process[PID:TID]
2026-09-25 05:32:29.416 Df meeterm[39533:4a213] (Foundation) MEETERM_SMOKE_STARTUP phase=js_module_loaded
2026-09-25 05:32:29.420 Df meeterm[39533:4a213] (Foundation) MEETERM_SMOKE_STARTUP phase=root_effect
2026-09-25 05:32:29.432 Df meeterm[39533:4a213] (Foundation) MEETERM_SMOKE_STARTUP phase=initial_url_requested
2026-09-25 05:32:29.433 Df meeterm[39533:4a213] (Foundation) MEETERM_SMOKE_STARTUP phase=initial_url_null
2026-09-25 05:32:29.463 Df meeterm[39533:4a213] (Foundation) MEETERM_SMOKE_STARTUP phase=app_content_mounted
2026-09-25 05:32:29.463 Df meeterm[39533:4a213] (Foundation) MEETERM_SMOKE_STARTUP phase=profiles_requested
2026-09-25 05:32:29.477 Df meeterm[39533:4a213] (Foundation) MEETERM_SMOKE_STARTUP phase=profiles_succeeded
2026-09-25 05:32:33.701 Df meeterm[39537:4a25e] (Foundation) MEETERM_SMOKE_STARTUP phase=js_module_loaded
2026-09-25 05:32:33.709 Df meeterm[39537:4a25e] (Foundation) MEETERM_SMOKE_STARTUP phase=root_effect
2026-09-25 05:32:33.719 Df meeterm[39537:4a25e] (Foundation) MEETERM_SMOKE_STARTUP phase=initial_url_requested
2026-09-25 05:32:33.726 Df meeterm[39537:4a25e] (Foundation) MEETERM_SMOKE_STARTUP phase=initial_url_allowed_fixture
2026-09-25 05:32:33.764 Df meeterm[39537:4a25e] (Foundation) MEETERM_SMOKE_STARTUP phase=app_content_mounted
2026-09-25 05:32:33.764 Df meeterm[39537:4a224] (Foundation) MEETERM_SMOKE_INPUT_RESIGN focused=0 result=0
2026-09-25 05:32:33.765 Df meeterm[39537:4a25e] (Foundation) MEETERM_SMOKE_STARTUP phase=profiles_requested
2026-09-25 05:32:33.765 Df meeterm[39537:4a224] (Foundation) MEETERM_SMOKE_INPUT_RESIGN focused=0 result=0
2026-09-25 05:32:33.770 Df meeterm[39537:4a25e] (Foundation) MEETERM_SMOKE_STARTUP phase=profiles_succeeded
2026-09-25 05:32:33.951 Df meeterm[39537:4a224] (Foundation) MEETERM_SMOKE_INPUT_BINDING_CANCEL
2026-09-25 05:32:33.953 Df meeterm[39537:4a224] (Foundation) MEETERM_SMOKE_INPUT_RESIGN focused=0 result=0
2026-09-25 05:32:33.953 Df meeterm[39537:4a224] (Foundation) MEETERM_SMOKE_NATIVE_READY
2026-09-25 05:32:33.956 Df meeterm[39537:4a224] (Foundation) MEETERM_SMOKE_INPUT_WINDOW attached=1
2026-09-25 05:32:34.024 Df meeterm[39537:4a224] (Foundation) MEETERM_SMOKE_FIRST_FRAME_METAL
