Timestamp               Ty Process[PID:TID]
2026-09-24 08:37:50.597 Df meeterm[4420:f297] (Foundation) MEETERM_SMOKE_STARTUP phase=js_module_loaded
2026-09-24 08:37:50.607 Df meeterm[4420:f297] (Foundation) MEETERM_SMOKE_STARTUP phase=root_effect
2026-09-24 08:37:50.607 Df meeterm[4420:f297] (Foundation) MEETERM_SMOKE_STARTUP phase=initial_url_requested
2026-09-24 08:37:50.609 Df meeterm[4420:f297] (Foundation) MEETERM_SMOKE_STARTUP phase=initial_url_null
2026-09-24 08:37:50.657 Df meeterm[4420:f297] (Foundation) MEETERM_SMOKE_STARTUP phase=app_content_mounted
2026-09-24 08:37:50.658 Df meeterm[4420:f297] (Foundation) MEETERM_SMOKE_STARTUP phase=profiles_requested
2026-09-24 08:37:50.661 Df meeterm[4420:f297] (Foundation) MEETERM_SMOKE_STARTUP phase=profiles_succeeded
2026-09-24 08:38:46.610 Df meeterm[4420:f256] (Foundation) MEETERM_SMOKE_INPUT_RESIGN focused=0 result=0
2026-09-24 08:38:46.611 Df meeterm[4420:f256] (Foundation) MEETERM_SMOKE_INPUT_RESIGN focused=0 result=0
2026-09-24 08:38:47.444 Df meeterm[4420:f256] (Foundation) MEETERM_SMOKE_INPUT_BINDING_CANCEL
2026-09-24 08:38:47.444 Df meeterm[4420:f256] (Foundation) MEETERM_SMOKE_INPUT_RESIGN focused=0 result=0
2026-09-24 08:38:47.444 Df meeterm[4420:f256] (Foundation) MEETERM_SMOKE_NATIVE_READY
2026-09-24 08:38:47.444 Df meeterm[4420:f256] (Foundation) MEETERM_SMOKE_INPUT_BINDING_CANCEL
2026-09-24 08:38:47.445 Df meeterm[4420:f256] (Foundation) MEETERM_SMOKE_INPUT_RESIGN focused=0 result=0
2026-09-24 08:38:47.456 Df meeterm[4420:f256] (Foundation) MEETERM_SMOKE_INPUT_WINDOW attached=1
2026-09-24 08:38:47.499 Df meeterm[4420:f256] (Foundation) MEETERM_SMOKE_FIRST_FRAME_METAL
2026-09-24 08:38:48.375 Df meeterm[4420:f256] (Foundation) MEETERM_SMOKE_INPUT_WINDOW attached=0
2026-09-24 08:38:48.375 Df meeterm[4420:f256] (Foundation) MEETERM_SMOKE_INPUT_BINDING_CANCEL
2026-09-24 08:38:48.375 Df meeterm[4420:f256] (Foundation) MEETERM_SMOKE_INPUT_RESIGN focused=0 result=0
2026-09-24 08:38:49.615 Df meeterm[4420:f256] (Foundation) MEETERM_SMOKE_INPUT_RESIGN focused=0 result=0
2026-09-24 08:38:49.616 Df meeterm[4420:f256] (Foundation) MEETERM_SMOKE_INPUT_RESIGN focused=0 result=0
2026-09-24 08:38:49.624 Df meeterm[4420:f256] (Foundation) MEETERM_SMOKE_INPUT_BINDING_CANCEL
2026-09-24 08:38:49.625 Df meeterm[4420:f256] (Foundation) MEETERM_SMOKE_INPUT_RESIGN focused=0 result=0
2026-09-24 08:38:49.625 Df meeterm[4420:f256] (Foundation) MEETERM_SMOKE_NATIVE_READY
2026-09-24 08:38:49.626 Df meeterm[4420:f256] (Foundation) MEETERM_SMOKE_INPUT_WINDOW attached=1
2026-09-24 08:38:49.727 Df meeterm[4420:f256] (Foundation) MEETERM_SMOKE_FIRST_FRAME_METAL
2026-09-24 08:38:50.597 Df meeterm[4420:f256] (Foundation) MEETERM_SMOKE_INPUT_FOCUS result=1 window=1
2026-09-24 08:39:02.347 Df meeterm[4420:f256] (Foundation) MEETERM_SMOKE_INPUT_FOCUS result=1 window=1
2026-09-24 08:39:02.347 Df meeterm[4420:f256] (Foundation) MEETERM_SMOKE_PASTE_REQUEST
2026-09-24 08:39:02.362 Df meeterm[4420:f5bf] (Foundation) MEETERM_SMOKE_PASTE_PROVIDER_COMPLETION
2026-09-24 08:39:02.362 Df meeterm[4420:f256] (Foundation) MEETERM_SMOKE_PASTE_DELIVERY_ATTEMPT
2026-09-24 08:39:02.363 Df meeterm[4420:f256] (Foundation) MEETERM_SMOKE_PASTE_RESULT accepted=1
2026-09-24 08:39:07.428 Df meeterm[4420:f256] (Foundation) MEETERM_SMOKE_INPUT_FOCUS result=1 window=1
2026-09-24 08:39:18.928 Df meeterm[4420:f256] (Foundation) MEETERM_SMOKE_INPUT_FOCUS result=1 window=1
2026-09-24 08:39:18.929 Df meeterm[4420:f256] (Foundation) MEETERM_SMOKE_PASTE_REQUEST
2026-09-24 08:39:18.936 Df meeterm[4420:f36e] (Foundation) MEETERM_SMOKE_PASTE_PROVIDER_COMPLETION
2026-09-24 08:39:18.936 Df meeterm[4420:f256] (Foundation) MEETERM_SMOKE_PASTE_DELIVERY_ATTEMPT
2026-09-24 08:39:18.937 Df meeterm[4420:f256] (Foundation) MEETERM_SMOKE_PASTE_RESULT accepted=1
2026-09-24 08:39:23.059 Df meeterm[4420:f256] (Foundation) MEETERM_SMOKE_INPUT_BINDING_CANCEL
2026-09-24 08:39:23.060 Df meeterm[4420:f256] (Foundation) MEETERM_SMOKE_INPUT_FOCUS result=1 window=1
2026-09-24 08:39:23.083 Df meeterm[4420:f256] (Foundation) MEETERM_SMOKE_INPUT_RESIGN focused=1 result=1
2026-09-24 08:39:23.955 Df meeterm[4420:f256] (Foundation) MEETERM_SMOKE_INPUT_BINDING_CANCEL
2026-09-24 08:39:23.955 Df meeterm[4420:f256] (Foundation) MEETERM_SMOKE_INPUT_RESIGN focused=0 result=0
2026-09-24 08:39:30.096 Df meeterm[4420:f256] (Foundation) MEETERM_SMOKE_INPUT_FOCUS result=1 window=1
2026-09-24 08:39:41.962 Df meeterm[4420:f256] (Foundation) MEETERM_SMOKE_INPUT_FOCUS result=1 window=1
2026-09-24 08:39:41.962 Df meeterm[4420:f256] (Foundation) MEETERM_SMOKE_PASTE_REQUEST
2026-09-24 08:39:41.970 Df meeterm[4420:fbb6] (Foundation) MEETERM_SMOKE_PASTE_PROVIDER_COMPLETION
2026-09-24 08:39:41.970 Df meeterm[4420:f256] (Foundation) MEETERM_SMOKE_PASTE_DELIVERY_ATTEMPT
2026-09-24 08:39:41.971 Df meeterm[4420:f256] (Foundation) MEETERM_SMOKE_PASTE_RESULT accepted=1
2026-09-24 08:40:27.851 Df meeterm[4420:f256] (Foundation) MEETERM_SMOKE_INPUT_RESIGN focused=1 result=1
2026-09-24 08:40:27.851 Df meeterm[4420:f256] (Foundation) MEETERM_SMOKE_INPUT_WINDOW attached=0
2026-09-24 08:40:27.852 Df meeterm[4420:f256] (Foundation) MEETERM_SMOKE_INPUT_BINDING_CANCEL
2026-09-24 08:40:27.852 Df meeterm[4420:f256] (Foundation) MEETERM_SMOKE_INPUT_RESIGN focused=0 result=0
