Timestamp               Ty Process[PID:TID]
2026-09-29 13:35:26.020 Df meeterm[10016:119e8] (Foundation) MEETERM_SMOKE_STARTUP phase=js_module_loaded
2026-09-29 13:35:26.025 Df meeterm[10016:119e8] (Foundation) MEETERM_SMOKE_STARTUP phase=root_effect
2026-09-29 13:35:26.025 Df meeterm[10016:119e8] (Foundation) MEETERM_SMOKE_STARTUP phase=initial_url_requested
2026-09-29 13:35:26.026 Df meeterm[10016:119e8] (Foundation) MEETERM_SMOKE_STARTUP phase=initial_url_null
2026-09-29 13:35:26.042 Df meeterm[10016:119e8] (Foundation) MEETERM_SMOKE_STARTUP phase=app_content_mounted
2026-09-29 13:35:26.042 Df meeterm[10016:119e8] (Foundation) MEETERM_SMOKE_STARTUP phase=profiles_requested
2026-09-29 13:35:26.044 Df meeterm[10016:119e8] (Foundation) MEETERM_SMOKE_STARTUP phase=profiles_succeeded
2026-09-29 13:36:51.253 Df meeterm[10016:11965] (Foundation) MEETERM_SMOKE_INPUT_RESIGN focused=0 result=0
2026-09-29 13:36:51.253 Df meeterm[10016:11965] (Foundation) MEETERM_SMOKE_INPUT_RESIGN focused=0 result=0
2026-09-29 13:36:52.065 Df meeterm[10016:11965] (Foundation) MEETERM_SMOKE_INPUT_BINDING_CANCEL
2026-09-29 13:36:52.065 Df meeterm[10016:11965] (Foundation) MEETERM_SMOKE_INPUT_RESIGN focused=0 result=0
2026-09-29 13:36:52.065 Df meeterm[10016:11965] (Foundation) MEETERM_SMOKE_INPUT_BINDING_CANCEL
2026-09-29 13:36:52.065 Df meeterm[10016:11965] (Foundation) MEETERM_SMOKE_INPUT_RESIGN focused=0 result=0
2026-09-29 13:36:52.066 Df meeterm[10016:11965] (Foundation) MEETERM_SMOKE_THEME dark
2026-09-29 13:36:52.066 Df meeterm[10016:11965] (Foundation) MEETERM_SMOKE_NATIVE_READY
2026-09-29 13:36:52.087 Df meeterm[10016:11965] (Foundation) MEETERM_SMOKE_INPUT_WINDOW attached=1
2026-09-29 13:36:52.136 Df meeterm[10016:11965] (Foundation) MEETERM_SMOKE_FIRST_FRAME_METAL
2026-09-29 13:36:53.143 Df meeterm[10016:11965] (Foundation) MEETERM_SMOKE_INPUT_WINDOW attached=0
2026-09-29 13:36:53.144 Df meeterm[10016:11965] (Foundation) MEETERM_SMOKE_INPUT_BINDING_CANCEL
2026-09-29 13:36:53.144 Df meeterm[10016:11965] (Foundation) MEETERM_SMOKE_INPUT_RESIGN focused=0 result=0
2026-09-29 13:36:54.383 Df meeterm[10016:11965] (Foundation) MEETERM_SMOKE_INPUT_RESIGN focused=0 result=0
2026-09-29 13:36:54.383 Df meeterm[10016:11965] (Foundation) MEETERM_SMOKE_INPUT_RESIGN focused=0 result=0
2026-09-29 13:36:54.392 Df meeterm[10016:11965] (Foundation) MEETERM_SMOKE_INPUT_BINDING_CANCEL
2026-09-29 13:36:54.392 Df meeterm[10016:11965] (Foundation) MEETERM_SMOKE_INPUT_RESIGN focused=0 result=0
2026-09-29 13:36:54.392 Df meeterm[10016:11965] (Foundation) MEETERM_SMOKE_THEME dark
2026-09-29 13:36:54.392 Df meeterm[10016:11965] (Foundation) MEETERM_SMOKE_NATIVE_READY
2026-09-29 13:36:54.393 Df meeterm[10016:11965] (Foundation) MEETERM_SMOKE_INPUT_WINDOW attached=1
2026-09-29 13:36:54.414 Df meeterm[10016:11965] (Foundation) MEETERM_SMOKE_FIRST_FRAME_METAL
2026-09-29 13:36:55.349 Df meeterm[10016:11965] (Foundation) MEETERM_SMOKE_INPUT_FOCUS result=1 window=1
2026-09-29 13:37:07.434 Df meeterm[10016:11965] (Foundation) MEETERM_SMOKE_INPUT_FOCUS result=1 window=1
2026-09-29 13:37:07.434 Df meeterm[10016:11965] (Foundation) MEETERM_SMOKE_PASTE_REQUEST
2026-09-29 13:37:07.472 Df meeterm[10016:11e19] (Foundation) MEETERM_SMOKE_PASTE_PROVIDER_COMPLETION
2026-09-29 13:37:07.473 Df meeterm[10016:11965] (Foundation) MEETERM_SMOKE_PASTE_DELIVERY_ATTEMPT
2026-09-29 13:37:07.473 Df meeterm[10016:11965] (Foundation) MEETERM_SMOKE_PASTE_RESULT accepted=1
2026-09-29 13:37:23.232 Df meeterm[10016:11965] (Foundation) MEETERM_SMOKE_INPUT_FOCUS result=1 window=1
2026-09-29 13:37:23.232 Df meeterm[10016:11965] (Foundation) MEETERM_SMOKE_PASTE_REQUEST
2026-09-29 13:37:23.240 Df meeterm[10016:11e1f] (Foundation) MEETERM_SMOKE_PASTE_PROVIDER_COMPLETION
2026-09-29 13:37:23.240 Df meeterm[10016:11965] (Foundation) MEETERM_SMOKE_PASTE_DELIVERY_ATTEMPT
2026-09-29 13:37:23.241 Df meeterm[10016:11965] (Foundation) MEETERM_SMOKE_PASTE_RESULT accepted=1
2026-09-29 13:37:27.819 Df meeterm[10016:11965] (Foundation) MEETERM_SMOKE_INPUT_RESIGN focused=1 result=1
2026-09-29 13:37:27.819 Df meeterm[10016:11965] (Foundation) MEETERM_SMOKE_INPUT_WINDOW attached=0
2026-09-29 13:37:27.819 Df meeterm[10016:11965] (Foundation) MEETERM_SMOKE_INPUT_BINDING_CANCEL
2026-09-29 13:37:27.819 Df meeterm[10016:11965] (Foundation) MEETERM_SMOKE_INPUT_RESIGN focused=0 result=0
2026-09-29 13:37:32.261 Df meeterm[10016:11965] (Foundation) MEETERM_SMOKE_INPUT_RESIGN focused=0 result=0
2026-09-29 13:37:32.262 Df meeterm[10016:11965] (Foundation) MEETERM_SMOKE_INPUT_RESIGN focused=0 result=0
2026-09-29 13:37:32.273 Df meeterm[10016:11965] (Foundation) MEETERM_SMOKE_INPUT_BINDING_CANCEL
2026-09-29 13:37:32.273 Df meeterm[10016:11965] (Foundation) MEETERM_SMOKE_INPUT_RESIGN focused=0 result=0
2026-09-29 13:37:32.273 Df meeterm[10016:11965] (Foundation) MEETERM_SMOKE_THEME dark
2026-09-29 13:37:32.273 Df meeterm[10016:11965] (Foundation) MEETERM_SMOKE_NATIVE_READY
2026-09-29 13:37:32.273 Df meeterm[10016:11965] (Foundation) MEETERM_SMOKE_INPUT_BINDING_CANCEL
2026-09-29 13:37:32.273 Df meeterm[10016:11965] (Foundation) MEETERM_SMOKE_INPUT_RESIGN focused=0 result=0
2026-09-29 13:37:32.281 Df meeterm[10016:11965] (Foundation) MEETERM_SMOKE_INPUT_WINDOW attached=1
2026-09-29 13:37:32.292 Df meeterm[10016:11965] (Foundation) MEETERM_SMOKE_FIRST_FRAME_METAL
2026-09-29 13:37:34.246 Df meeterm[10016:11965] (Foundation) MEETERM_SMOKE_INPUT_FOCUS result=1 window=1
2026-09-29 13:37:46.230 Df meeterm[10016:11965] (Foundation) MEETERM_SMOKE_INPUT_FOCUS result=1 window=1
2026-09-29 13:37:46.230 Df meeterm[10016:11965] (Foundation) MEETERM_SMOKE_PASTE_REQUEST
2026-09-29 13:37:46.237 Df meeterm[10016:1214c] (Foundation) MEETERM_SMOKE_PASTE_PROVIDER_COMPLETION
2026-09-29 13:37:46.237 Df meeterm[10016:11965] (Foundation) MEETERM_SMOKE_PASTE_DELIVERY_ATTEMPT
2026-09-29 13:37:46.238 Df meeterm[10016:11965] (Foundation) MEETERM_SMOKE_PASTE_RESULT accepted=1
2026-09-29 13:37:50.997 Df meeterm[10016:11965] (Foundation) MEETERM_SMOKE_INPUT_RESIGN focused=1 result=1
2026-09-29 13:37:50.997 Df meeterm[10016:11965] (Foundation) MEETERM_SMOKE_INPUT_WINDOW attached=0
2026-09-29 13:37:50.998 Df meeterm[10016:11965] (Foundation) MEETERM_SMOKE_INPUT_BINDING_CANCEL
2026-09-29 13:37:50.998 Df meeterm[10016:11965] (Foundation) MEETERM_SMOKE_INPUT_RESIGN focused=0 result=0
2026-09-29 13:37:55.532 Df meeterm[10016:11965] (Foundation) MEETERM_SMOKE_INPUT_RESIGN focused=0 result=0
2026-09-29 13:37:55.532 Df meeterm[10016:11965] (Foundation) MEETERM_SMOKE_INPUT_RESIGN focused=0 result=0
2026-09-29 13:37:55.540 Df meeterm[10016:11965] (Foundation) MEETERM_SMOKE_INPUT_BINDING_CANCEL
2026-09-29 13:37:55.541 Df meeterm[10016:11965] (Foundation) MEETERM_SMOKE_INPUT_RESIGN focused=0 result=0
2026-09-29 13:37:55.541 Df meeterm[10016:11965] (Foundation) MEETERM_SMOKE_INPUT_BINDING_CANCEL
2026-09-29 13:37:55.541 Df meeterm[10016:11965] (Foundation) MEETERM_SMOKE_INPUT_RESIGN focused=0 result=0
2026-09-29 13:37:55.541 Df meeterm[10016:11965] (Foundation) MEETERM_SMOKE_THEME dark
2026-09-29 13:37:55.542 Df meeterm[10016:11965] (Foundation) MEETERM_SMOKE_NATIVE_READY
2026-09-29 13:37:55.549 Df meeterm[10016:11965] (Foundation) MEETERM_SMOKE_INPUT_WINDOW attached=1
2026-09-29 13:37:55.560 Df meeterm[10016:11965] (Foundation) MEETERM_SMOKE_FIRST_FRAME_METAL
2026-09-29 13:37:57.516 Df meeterm[10016:11965] (Foundation) MEETERM_SMOKE_INPUT_FOCUS result=1 window=1
2026-09-29 13:38:06.767 Df meeterm[10016:11965] (Foundation) MEETERM_SMOKE_INPUT_FOCUS result=1 window=1
2026-09-29 13:38:06.767 Df meeterm[10016:11965] (Foundation) MEETERM_SMOKE_PASTE_REQUEST
2026-09-29 13:38:06.776 Df meeterm[10016:1214b] (Foundation) MEETERM_SMOKE_PASTE_PROVIDER_COMPLETION
2026-09-29 13:38:06.776 Df meeterm[10016:11965] (Foundation) MEETERM_SMOKE_PASTE_DELIVERY_ATTEMPT
2026-09-29 13:38:06.777 Df meeterm[10016:11965] (Foundation) MEETERM_SMOKE_PASTE_RESULT accepted=1
2026-09-29 13:38:11.519 Df meeterm[10016:11965] (Foundation) MEETERM_SMOKE_INPUT_RESIGN focused=1 result=1
2026-09-29 13:38:11.520 Df meeterm[10016:11965] (Foundation) MEETERM_SMOKE_INPUT_WINDOW attached=0
2026-09-29 13:38:11.520 Df meeterm[10016:11965] (Foundation) MEETERM_SMOKE_INPUT_BINDING_CANCEL
2026-09-29 13:38:11.520 Df meeterm[10016:11965] (Foundation) MEETERM_SMOKE_INPUT_RESIGN focused=0 result=0
2026-09-29 13:39:42.441 Df meeterm[10016:11965] (Foundation) MEETERM_SMOKE_INPUT_RESIGN focused=0 result=0
2026-09-29 13:39:42.441 Df meeterm[10016:11965] (Foundation) MEETERM_SMOKE_INPUT_RESIGN focused=0 result=0
2026-09-29 13:39:42.448 Df meeterm[10016:11965] (Foundation) MEETERM_SMOKE_INPUT_BINDING_CANCEL
2026-09-29 13:39:42.449 Df meeterm[10016:11965] (Foundation) MEETERM_SMOKE_INPUT_RESIGN focused=0 result=0
2026-09-29 13:39:42.449 Df meeterm[10016:11965] (Foundation) MEETERM_SMOKE_THEME dark
2026-09-29 13:39:42.449 Df meeterm[10016:11965] (Foundation) MEETERM_SMOKE_NATIVE_READY
2026-09-29 13:39:42.449 Df meeterm[10016:11965] (Foundation) MEETERM_SMOKE_INPUT_BINDING_CANCEL
2026-09-29 13:39:42.449 Df meeterm[10016:11965] (Foundation) MEETERM_SMOKE_INPUT_RESIGN focused=0 result=0
2026-09-29 13:39:42.454 Df meeterm[10016:11965] (Foundation) MEETERM_SMOKE_INPUT_WINDOW attached=1
2026-09-29 13:39:42.466 Df meeterm[10016:11965] (Foundation) MEETERM_SMOKE_FIRST_FRAME_METAL
2026-09-29 13:39:44.449 Df meeterm[10016:11965] (Foundation) MEETERM_SMOKE_INPUT_FOCUS result=1 window=1
2026-09-29 13:39:56.564 Df meeterm[10016:11965] (Foundation) MEETERM_SMOKE_INPUT_FOCUS result=1 window=1
2026-09-29 13:39:56.564 Df meeterm[10016:11965] (Foundation) MEETERM_SMOKE_PASTE_REQUEST
2026-09-29 13:39:56.572 Df meeterm[10016:12444] (Foundation) MEETERM_SMOKE_PASTE_PROVIDER_COMPLETION
2026-09-29 13:39:56.572 Df meeterm[10016:11965] (Foundation) MEETERM_SMOKE_PASTE_DELIVERY_ATTEMPT
2026-09-29 13:39:56.572 Df meeterm[10016:11965] (Foundation) MEETERM_SMOKE_PASTE_RESULT accepted=1
2026-09-29 13:40:01.117 Df meeterm[10016:11965] (Foundation) MEETERM_SMOKE_INPUT_RESIGN focused=1 result=1
2026-09-29 13:40:01.117 Df meeterm[10016:11965] (Foundation) MEETERM_SMOKE_INPUT_WINDOW attached=0
2026-09-29 13:40:01.118 Df meeterm[10016:11965] (Foundation) MEETERM_SMOKE_INPUT_BINDING_CANCEL
2026-09-29 13:40:01.118 Df meeterm[10016:11965] (Foundation) MEETERM_SMOKE_INPUT_RESIGN focused=0 result=0
2026-09-29 13:40:05.679 Df meeterm[10016:11965] (Foundation) MEETERM_SMOKE_INPUT_RESIGN focused=0 result=0
2026-09-29 13:40:05.680 Df meeterm[10016:11965] (Foundation) MEETERM_SMOKE_INPUT_RESIGN focused=0 result=0
2026-09-29 13:40:05.689 Df meeterm[10016:11965] (Foundation) MEETERM_SMOKE_INPUT_BINDING_CANCEL
2026-09-29 13:40:05.689 Df meeterm[10016:11965] (Foundation) MEETERM_SMOKE_INPUT_RESIGN focused=0 result=0
2026-09-29 13:40:05.689 Df meeterm[10016:11965] (Foundation) MEETERM_SMOKE_THEME dark
2026-09-29 13:40:05.689 Df meeterm[10016:11965] (Foundation) MEETERM_SMOKE_NATIVE_READY
2026-09-29 13:40:05.689 Df meeterm[10016:11965] (Foundation) MEETERM_SMOKE_INPUT_BINDING_CANCEL
2026-09-29 13:40:05.689 Df meeterm[10016:11965] (Foundation) MEETERM_SMOKE_INPUT_RESIGN focused=0 result=0
2026-09-29 13:40:05.699 Df meeterm[10016:11965] (Foundation) MEETERM_SMOKE_INPUT_WINDOW attached=1
2026-09-29 13:40:05.716 Df meeterm[10016:11965] (Foundation) MEETERM_SMOKE_FIRST_FRAME_METAL
2026-09-29 13:40:07.721 Df meeterm[10016:11965] (Foundation) MEETERM_SMOKE_INPUT_FOCUS result=1 window=1
2026-09-29 13:40:16.848 Df meeterm[10016:11965] (Foundation) MEETERM_SMOKE_INPUT_FOCUS result=1 window=1
2026-09-29 13:40:16.848 Df meeterm[10016:11965] (Foundation) MEETERM_SMOKE_PASTE_REQUEST
2026-09-29 13:40:16.855 Df meeterm[10016:12781] (Foundation) MEETERM_SMOKE_PASTE_PROVIDER_COMPLETION
2026-09-29 13:40:16.855 Df meeterm[10016:11965] (Foundation) MEETERM_SMOKE_PASTE_DELIVERY_ATTEMPT
2026-09-29 13:40:16.856 Df meeterm[10016:11965] (Foundation) MEETERM_SMOKE_PASTE_RESULT accepted=1
2026-09-29 13:40:22.297 Df meeterm[10016:11965] (Foundation) MEETERM_SMOKE_INPUT_FOCUS result=1 window=1
2026-09-29 13:40:34.114 Df meeterm[10016:11965] (Foundation) MEETERM_SMOKE_INPUT_FOCUS result=1 window=1
2026-09-29 13:40:34.114 Df meeterm[10016:11965] (Foundation) MEETERM_SMOKE_PASTE_REQUEST
2026-09-29 13:40:34.123 Df meeterm[10016:124fb] (Foundation) MEETERM_SMOKE_PASTE_PROVIDER_COMPLETION
2026-09-29 13:40:34.123 Df meeterm[10016:11965] (Foundation) MEETERM_SMOKE_PASTE_DELIVERY_ATTEMPT
2026-09-29 13:40:34.124 Df meeterm[10016:11965] (Foundation) MEETERM_SMOKE_PASTE_RESULT accepted=1
2026-09-29 13:40:38.407 Df meeterm[10016:11965] (Foundation) MEETERM_SMOKE_INPUT_BINDING_CANCEL
2026-09-29 13:40:38.407 Df meeterm[10016:11965] (Foundation) MEETERM_SMOKE_INPUT_FOCUS result=1 window=1
2026-09-29 13:40:38.434 Df meeterm[10016:11965] (Foundation) MEETERM_SMOKE_INPUT_RESIGN focused=1 result=1
2026-09-29 13:40:38.955 Df meeterm[10016:11965] (Foundation) MEETERM_SMOKE_INPUT_BINDING_CANCEL
2026-09-29 13:40:38.956 Df meeterm[10016:11965] (Foundation) MEETERM_SMOKE_INPUT_RESIGN focused=0 result=0
2026-09-29 13:40:46.019 Df meeterm[10016:11965] (Foundation) MEETERM_SMOKE_INPUT_FOCUS result=1 window=1
2026-09-29 13:40:58.081 Df meeterm[10016:11965] (Foundation) MEETERM_SMOKE_INPUT_FOCUS result=1 window=1
2026-09-29 13:40:58.081 Df meeterm[10016:11965] (Foundation) MEETERM_SMOKE_PASTE_REQUEST
2026-09-29 13:40:58.091 Df meeterm[10016:1290d] (Foundation) MEETERM_SMOKE_PASTE_PROVIDER_COMPLETION
2026-09-29 13:40:58.091 Df meeterm[10016:11965] (Foundation) MEETERM_SMOKE_PASTE_DELIVERY_ATTEMPT
2026-09-29 13:40:58.092 Df meeterm[10016:11965] (Foundation) MEETERM_SMOKE_PASTE_RESULT accepted=1
2026-09-29 13:41:03.501 Df meeterm[10016:11965] (Foundation) MEETERM_SMOKE_INPUT_RESIGN focused=1 result=1
2026-09-29 13:41:03.501 Df meeterm[10016:11965] (Foundation) MEETERM_SMOKE_INPUT_WINDOW attached=0
2026-09-29 13:41:03.501 Df meeterm[10016:11965] (Foundation) MEETERM_SMOKE_INPUT_BINDING_CANCEL
2026-09-29 13:41:03.501 Df meeterm[10016:11965] (Foundation) MEETERM_SMOKE_INPUT_RESIGN focused=0 result=0
2026-09-29 13:41:09.336 Df meeterm[10016:11965] (Foundation) MEETERM_SMOKE_INPUT_RESIGN focused=0 result=0
2026-09-29 13:41:09.336 Df meeterm[10016:11965] (Foundation) MEETERM_SMOKE_INPUT_RESIGN focused=0 result=0
2026-09-29 13:41:09.345 Df meeterm[10016:11965] (Foundation) MEETERM_SMOKE_INPUT_BINDING_CANCEL
2026-09-29 13:41:09.346 Df meeterm[10016:11965] (Foundation) MEETERM_SMOKE_INPUT_RESIGN focused=0 result=0
2026-09-29 13:41:09.347 Df meeterm[10016:11965] (Foundation) MEETERM_SMOKE_THEME light
2026-09-29 13:41:09.347 Df meeterm[10016:11965] (Foundation) MEETERM_SMOKE_INPUT_BINDING_CANCEL
2026-09-29 13:41:09.347 Df meeterm[10016:11965] (Foundation) MEETERM_SMOKE_INPUT_RESIGN focused=0 result=0
2026-09-29 13:41:09.348 Df meeterm[10016:11965] (Foundation) MEETERM_SMOKE_THEME light
2026-09-29 13:41:09.348 Df meeterm[10016:11965] (Foundation) MEETERM_SMOKE_NATIVE_READY
2026-09-29 13:41:09.348 Df meeterm[10016:11965] (Foundation) MEETERM_SMOKE_INPUT_WINDOW attached=1
2026-09-29 13:41:09.366 Df meeterm[10016:11965] (Foundation) MEETERM_SMOKE_FIRST_FRAME_METAL
2026-09-29 13:41:11.626 Df meeterm[10016:11965] (Foundation) MEETERM_SMOKE_INPUT_FOCUS result=1 window=1
2026-09-29 13:41:22.247 Df meeterm[10016:11965] (Foundation) MEETERM_SMOKE_INPUT_FOCUS result=1 window=1
2026-09-29 13:41:22.247 Df meeterm[10016:11965] (Foundation) MEETERM_SMOKE_PASTE_REQUEST
2026-09-29 13:41:22.255 Df meeterm[10016:1290d] (Foundation) MEETERM_SMOKE_PASTE_PROVIDER_COMPLETION
2026-09-29 13:41:22.255 Df meeterm[10016:11965] (Foundation) MEETERM_SMOKE_PASTE_DELIVERY_ATTEMPT
2026-09-29 13:41:22.256 Df meeterm[10016:11965] (Foundation) MEETERM_SMOKE_PASTE_RESULT accepted=1
2026-09-29 13:41:26.912 Df meeterm[10016:11965] (Foundation) MEETERM_SMOKE_INPUT_BINDING_CANCEL
2026-09-29 13:41:26.912 Df meeterm[10016:11965] (Foundation) MEETERM_SMOKE_INPUT_FOCUS result=1 window=1
2026-09-29 13:41:26.944 Df meeterm[10016:11965] (Foundation) MEETERM_SMOKE_INPUT_RESIGN focused=1 result=1
2026-09-29 13:41:27.691 Df meeterm[10016:11965] (Foundation) MEETERM_SMOKE_INPUT_WINDOW attached=0
2026-09-29 13:41:27.691 Df meeterm[10016:11965] (Foundation) MEETERM_SMOKE_INPUT_BINDING_CANCEL
2026-09-29 13:41:27.692 Df meeterm[10016:11965] (Foundation) MEETERM_SMOKE_INPUT_RESIGN focused=0 result=0
2026-09-29 13:41:32.947 Df meeterm[10016:11965] (Foundation) MEETERM_SMOKE_INPUT_RESIGN focused=0 result=0
2026-09-29 13:41:32.947 Df meeterm[10016:11965] (Foundation) MEETERM_SMOKE_INPUT_RESIGN focused=0 result=0
2026-09-29 13:41:32.954 Df meeterm[10016:11965] (Foundation) MEETERM_SMOKE_INPUT_BINDING_CANCEL
2026-09-29 13:41:32.954 Df meeterm[10016:11965] (Foundation) MEETERM_SMOKE_INPUT_RESIGN focused=0 result=0
2026-09-29 13:41:32.955 Df meeterm[10016:11965] (Foundation) MEETERM_SMOKE_INPUT_BINDING_CANCEL
2026-09-29 13:41:32.955 Df meeterm[10016:11965] (Foundation) MEETERM_SMOKE_INPUT_RESIGN focused=0 result=0
2026-09-29 13:41:32.955 Df meeterm[10016:11965] (Foundation) MEETERM_SMOKE_THEME dark
2026-09-29 13:41:32.955 Df meeterm[10016:11965] (Foundation) MEETERM_SMOKE_NATIVE_READY
2026-09-29 13:41:32.956 Df meeterm[10016:11965] (Foundation) MEETERM_SMOKE_INPUT_WINDOW attached=1
2026-09-29 13:41:32.974 Df meeterm[10016:11965] (Foundation) MEETERM_SMOKE_FIRST_FRAME_METAL
2026-09-29 13:41:34.451 Df meeterm[10016:11965] (Foundation) MEETERM_SMOKE_INPUT_FOCUS result=1 window=1
2026-09-29 13:41:44.947 Df meeterm[10016:11965] (Foundation) MEETERM_SMOKE_INPUT_FOCUS result=1 window=1
2026-09-29 13:41:44.947 Df meeterm[10016:11965] (Foundation) MEETERM_SMOKE_PASTE_REQUEST
2026-09-29 13:41:44.957 Df meeterm[10016:1290d] (Foundation) MEETERM_SMOKE_PASTE_PROVIDER_COMPLETION
2026-09-29 13:41:44.957 Df meeterm[10016:11965] (Foundation) MEETERM_SMOKE_PASTE_DELIVERY_ATTEMPT
2026-09-29 13:41:44.957 Df meeterm[10016:11965] (Foundation) MEETERM_SMOKE_PASTE_RESULT accepted=1
2026-09-29 13:41:49.496 Df meeterm[10016:11965] (Foundation) MEETERM_SMOKE_INPUT_BINDING_CANCEL
2026-09-29 13:41:49.496 Df meeterm[10016:11965] (Foundation) MEETERM_SMOKE_INPUT_FOCUS result=1 window=1
2026-09-29 13:41:49.529 Df meeterm[10016:11965] (Foundation) MEETERM_SMOKE_INPUT_RESIGN focused=1 result=1
2026-09-29 13:42:31.590 Df meeterm[10016:11965] (Foundation) MEETERM_SMOKE_INPUT_WINDOW attached=0
2026-09-29 13:42:31.590 Df meeterm[10016:11965] (Foundation) MEETERM_SMOKE_INPUT_BINDING_CANCEL
2026-09-29 13:42:31.591 Df meeterm[10016:11965] (Foundation) MEETERM_SMOKE_INPUT_RESIGN focused=0 result=0
