Timestamp               Ty Process[PID:TID]
2026-09-25 05:11:02.153 Df meeterm[34259:40ca4] (Foundation) MEETERM_SMOKE_STARTUP phase=js_module_loaded
2026-09-25 05:11:02.174 Df meeterm[34259:40ca4] (Foundation) MEETERM_SMOKE_STARTUP phase=root_effect
2026-09-25 05:11:02.174 Df meeterm[34259:40ca4] (Foundation) MEETERM_SMOKE_STARTUP phase=initial_url_requested
2026-09-25 05:11:02.177 Df meeterm[34259:40ca4] (Foundation) MEETERM_SMOKE_STARTUP phase=initial_url_null
2026-09-25 05:11:02.231 Df meeterm[34259:40ca4] (Foundation) MEETERM_SMOKE_STARTUP phase=app_content_mounted
2026-09-25 05:11:02.232 Df meeterm[34259:40ca4] (Foundation) MEETERM_SMOKE_STARTUP phase=profiles_requested
2026-09-25 05:11:02.243 Df meeterm[34259:40ca4] (Foundation) MEETERM_SMOKE_STARTUP phase=profiles_succeeded
2026-09-25 05:12:17.003 Df meeterm[34259:40c31] (Foundation) MEETERM_SMOKE_INPUT_RESIGN focused=0 result=0
2026-09-25 05:12:17.003 Df meeterm[34259:40c31] (Foundation) MEETERM_SMOKE_INPUT_RESIGN focused=0 result=0
2026-09-25 05:12:17.718 Df meeterm[34259:40c31] (Foundation) MEETERM_SMOKE_INPUT_BINDING_CANCEL
2026-09-25 05:12:17.719 Df meeterm[34259:40c31] (Foundation) MEETERM_SMOKE_INPUT_RESIGN focused=0 result=0
2026-09-25 05:12:17.719 Df meeterm[34259:40c31] (Foundation) MEETERM_SMOKE_INPUT_BINDING_CANCEL
2026-09-25 05:12:17.719 Df meeterm[34259:40c31] (Foundation) MEETERM_SMOKE_INPUT_RESIGN focused=0 result=0
2026-09-25 05:12:17.719 Df meeterm[34259:40c31] (Foundation) MEETERM_SMOKE_NATIVE_READY
2026-09-25 05:12:17.742 Df meeterm[34259:40c31] (Foundation) MEETERM_SMOKE_INPUT_WINDOW attached=1
2026-09-25 05:12:17.791 Df meeterm[34259:40c31] (Foundation) MEETERM_SMOKE_FIRST_FRAME_METAL
2026-09-25 05:12:18.757 Df meeterm[34259:40c31] (Foundation) MEETERM_SMOKE_INPUT_WINDOW attached=0
2026-09-25 05:12:18.758 Df meeterm[34259:40c31] (Foundation) MEETERM_SMOKE_INPUT_BINDING_CANCEL
2026-09-25 05:12:18.758 Df meeterm[34259:40c31] (Foundation) MEETERM_SMOKE_INPUT_RESIGN focused=0 result=0
2026-09-25 05:12:19.996 Df meeterm[34259:40c31] (Foundation) MEETERM_SMOKE_INPUT_RESIGN focused=0 result=0
2026-09-25 05:12:19.996 Df meeterm[34259:40c31] (Foundation) MEETERM_SMOKE_INPUT_RESIGN focused=0 result=0
2026-09-25 05:12:20.006 Df meeterm[34259:40c31] (Foundation) MEETERM_SMOKE_INPUT_BINDING_CANCEL
2026-09-25 05:12:20.006 Df meeterm[34259:40c31] (Foundation) MEETERM_SMOKE_INPUT_RESIGN focused=0 result=0
2026-09-25 05:12:20.006 Df meeterm[34259:40c31] (Foundation) MEETERM_SMOKE_NATIVE_READY
2026-09-25 05:12:20.007 Df meeterm[34259:40c31] (Foundation) MEETERM_SMOKE_INPUT_WINDOW attached=1
2026-09-25 05:12:20.044 Df meeterm[34259:40c31] (Foundation) MEETERM_SMOKE_FIRST_FRAME_METAL
2026-09-25 05:12:20.898 Df meeterm[34259:40c31] (Foundation) MEETERM_SMOKE_INPUT_FOCUS result=1 window=1
2026-09-25 05:12:32.929 Df meeterm[34259:40c31] (Foundation) MEETERM_SMOKE_INPUT_FOCUS result=1 window=1
2026-09-25 05:12:32.929 Df meeterm[34259:40c31] (Foundation) MEETERM_SMOKE_PASTE_REQUEST
2026-09-25 05:12:32.940 Df meeterm[34259:410f5] (Foundation) MEETERM_SMOKE_PASTE_PROVIDER_COMPLETION
2026-09-25 05:12:32.940 Df meeterm[34259:40c31] (Foundation) MEETERM_SMOKE_PASTE_DELIVERY_ATTEMPT
2026-09-25 05:12:32.941 Df meeterm[34259:40c31] (Foundation) MEETERM_SMOKE_PASTE_RESULT accepted=1
2026-09-25 05:12:48.129 Df meeterm[34259:40c31] (Foundation) MEETERM_SMOKE_INPUT_FOCUS result=1 window=1
2026-09-25 05:12:48.129 Df meeterm[34259:40c31] (Foundation) MEETERM_SMOKE_PASTE_REQUEST
2026-09-25 05:12:48.137 Df meeterm[34259:4110b] (Foundation) MEETERM_SMOKE_PASTE_PROVIDER_COMPLETION
2026-09-25 05:12:48.137 Df meeterm[34259:40c31] (Foundation) MEETERM_SMOKE_PASTE_DELIVERY_ATTEMPT
2026-09-25 05:12:48.137 Df meeterm[34259:40c31] (Foundation) MEETERM_SMOKE_PASTE_RESULT accepted=1
2026-09-25 05:12:52.373 Df meeterm[34259:40c31] (Foundation) MEETERM_SMOKE_INPUT_RESIGN focused=1 result=1
2026-09-25 05:12:52.374 Df meeterm[34259:40c31] (Foundation) MEETERM_SMOKE_INPUT_WINDOW attached=0
2026-09-25 05:12:52.374 Df meeterm[34259:40c31] (Foundation) MEETERM_SMOKE_INPUT_BINDING_CANCEL
2026-09-25 05:12:52.374 Df meeterm[34259:40c31] (Foundation) MEETERM_SMOKE_INPUT_RESIGN focused=0 result=0
2026-09-25 05:12:56.258 Df meeterm[34259:40c31] (Foundation) MEETERM_SMOKE_INPUT_RESIGN focused=0 result=0
2026-09-25 05:12:56.258 Df meeterm[34259:40c31] (Foundation) MEETERM_SMOKE_INPUT_RESIGN focused=0 result=0
2026-09-25 05:12:56.274 Df meeterm[34259:40c31] (Foundation) MEETERM_SMOKE_INPUT_BINDING_CANCEL
2026-09-25 05:12:56.274 Df meeterm[34259:40c31] (Foundation) MEETERM_SMOKE_INPUT_RESIGN focused=0 result=0
2026-09-25 05:12:56.274 Df meeterm[34259:40c31] (Foundation) MEETERM_SMOKE_NATIVE_READY
2026-09-25 05:12:56.274 Df meeterm[34259:40c31] (Foundation) MEETERM_SMOKE_INPUT_BINDING_CANCEL
2026-09-25 05:12:56.274 Df meeterm[34259:40c31] (Foundation) MEETERM_SMOKE_INPUT_RESIGN focused=0 result=0
2026-09-25 05:12:56.281 Df meeterm[34259:40c31] (Foundation) MEETERM_SMOKE_INPUT_WINDOW attached=1
2026-09-25 05:12:56.299 Df meeterm[34259:40c31] (Foundation) MEETERM_SMOKE_FIRST_FRAME_METAL
2026-09-25 05:12:58.248 Df meeterm[34259:40c31] (Foundation) MEETERM_SMOKE_INPUT_FOCUS result=1 window=1
2026-09-25 05:13:10.046 Df meeterm[34259:40c31] (Foundation) MEETERM_SMOKE_INPUT_FOCUS result=1 window=1
2026-09-25 05:13:10.047 Df meeterm[34259:40c31] (Foundation) MEETERM_SMOKE_PASTE_REQUEST
2026-09-25 05:13:10.054 Df meeterm[34259:41567] (Foundation) MEETERM_SMOKE_PASTE_PROVIDER_COMPLETION
2026-09-25 05:13:10.055 Df meeterm[34259:40c31] (Foundation) MEETERM_SMOKE_PASTE_DELIVERY_ATTEMPT
2026-09-25 05:13:10.055 Df meeterm[34259:40c31] (Foundation) MEETERM_SMOKE_PASTE_RESULT accepted=1
2026-09-25 05:13:14.382 Df meeterm[34259:40c31] (Foundation) MEETERM_SMOKE_INPUT_RESIGN focused=1 result=1
2026-09-25 05:13:14.382 Df meeterm[34259:40c31] (Foundation) MEETERM_SMOKE_INPUT_WINDOW attached=0
2026-09-25 05:13:14.383 Df meeterm[34259:40c31] (Foundation) MEETERM_SMOKE_INPUT_BINDING_CANCEL
2026-09-25 05:13:14.383 Df meeterm[34259:40c31] (Foundation) MEETERM_SMOKE_INPUT_RESIGN focused=0 result=0
2026-09-25 05:13:18.644 Df meeterm[34259:40c31] (Foundation) MEETERM_SMOKE_INPUT_RESIGN focused=0 result=0
2026-09-25 05:13:18.645 Df meeterm[34259:40c31] (Foundation) MEETERM_SMOKE_INPUT_RESIGN focused=0 result=0
2026-09-25 05:13:18.657 Df meeterm[34259:40c31] (Foundation) MEETERM_SMOKE_INPUT_BINDING_CANCEL
2026-09-25 05:13:18.657 Df meeterm[34259:40c31] (Foundation) MEETERM_SMOKE_INPUT_RESIGN focused=0 result=0
2026-09-25 05:13:18.657 Df meeterm[34259:40c31] (Foundation) MEETERM_SMOKE_INPUT_BINDING_CANCEL
2026-09-25 05:13:18.657 Df meeterm[34259:40c31] (Foundation) MEETERM_SMOKE_INPUT_RESIGN focused=0 result=0
2026-09-25 05:13:18.658 Df meeterm[34259:40c31] (Foundation) MEETERM_SMOKE_NATIVE_READY
2026-09-25 05:13:18.664 Df meeterm[34259:40c31] (Foundation) MEETERM_SMOKE_INPUT_WINDOW attached=1
2026-09-25 05:13:18.681 Df meeterm[34259:40c31] (Foundation) MEETERM_SMOKE_FIRST_FRAME_METAL
2026-09-25 05:13:20.630 Df meeterm[34259:40c31] (Foundation) MEETERM_SMOKE_INPUT_FOCUS result=1 window=1
2026-09-25 05:13:29.563 Df meeterm[34259:40c31] (Foundation) MEETERM_SMOKE_INPUT_FOCUS result=1 window=1
2026-09-25 05:13:29.563 Df meeterm[34259:40c31] (Foundation) MEETERM_SMOKE_PASTE_REQUEST
2026-09-25 05:13:29.571 Df meeterm[34259:410f5] (Foundation) MEETERM_SMOKE_PASTE_PROVIDER_COMPLETION
2026-09-25 05:13:29.571 Df meeterm[34259:40c31] (Foundation) MEETERM_SMOKE_PASTE_DELIVERY_ATTEMPT
2026-09-25 05:13:29.572 Df meeterm[34259:40c31] (Foundation) MEETERM_SMOKE_PASTE_RESULT accepted=1
2026-09-25 05:13:33.880 Df meeterm[34259:40c31] (Foundation) MEETERM_SMOKE_INPUT_RESIGN focused=1 result=1
2026-09-25 05:13:33.880 Df meeterm[34259:40c31] (Foundation) MEETERM_SMOKE_INPUT_WINDOW attached=0
2026-09-25 05:13:33.880 Df meeterm[34259:40c31] (Foundation) MEETERM_SMOKE_INPUT_BINDING_CANCEL
2026-09-25 05:13:33.880 Df meeterm[34259:40c31] (Foundation) MEETERM_SMOKE_INPUT_RESIGN focused=0 result=0
2026-09-25 05:14:57.444 Df meeterm[34259:40c31] (Foundation) MEETERM_SMOKE_INPUT_RESIGN focused=0 result=0
2026-09-25 05:14:57.444 Df meeterm[34259:40c31] (Foundation) MEETERM_SMOKE_INPUT_RESIGN focused=0 result=0
2026-09-25 05:14:57.457 Df meeterm[34259:40c31] (Foundation) MEETERM_SMOKE_INPUT_BINDING_CANCEL
2026-09-25 05:14:57.457 Df meeterm[34259:40c31] (Foundation) MEETERM_SMOKE_INPUT_RESIGN focused=0 result=0
2026-09-25 05:14:57.458 Df meeterm[34259:40c31] (Foundation) MEETERM_SMOKE_INPUT_BINDING_CANCEL
2026-09-25 05:14:57.458 Df meeterm[34259:40c31] (Foundation) MEETERM_SMOKE_INPUT_RESIGN focused=0 result=0
2026-09-25 05:14:57.458 Df meeterm[34259:40c31] (Foundation) MEETERM_SMOKE_NATIVE_READY
2026-09-25 05:14:57.464 Df meeterm[34259:40c31] (Foundation) MEETERM_SMOKE_INPUT_WINDOW attached=1
2026-09-25 05:14:57.479 Df meeterm[34259:40c31] (Foundation) MEETERM_SMOKE_FIRST_FRAME_METAL
2026-09-25 05:14:59.443 Df meeterm[34259:40c31] (Foundation) MEETERM_SMOKE_INPUT_FOCUS result=1 window=1
2026-09-25 05:15:11.452 Df meeterm[34259:40c31] (Foundation) MEETERM_SMOKE_INPUT_FOCUS result=1 window=1
2026-09-25 05:15:11.452 Df meeterm[34259:40c31] (Foundation) MEETERM_SMOKE_PASTE_REQUEST
2026-09-25 05:15:11.460 Df meeterm[34259:41b1b] (Foundation) MEETERM_SMOKE_PASTE_PROVIDER_COMPLETION
2026-09-25 05:15:11.460 Df meeterm[34259:40c31] (Foundation) MEETERM_SMOKE_PASTE_DELIVERY_ATTEMPT
2026-09-25 05:15:11.461 Df meeterm[34259:40c31] (Foundation) MEETERM_SMOKE_PASTE_RESULT accepted=1
2026-09-25 05:15:15.733 Df meeterm[34259:40c31] (Foundation) MEETERM_SMOKE_INPUT_RESIGN focused=1 result=1
2026-09-25 05:15:15.734 Df meeterm[34259:40c31] (Foundation) MEETERM_SMOKE_INPUT_WINDOW attached=0
2026-09-25 05:15:15.734 Df meeterm[34259:40c31] (Foundation) MEETERM_SMOKE_INPUT_BINDING_CANCEL
2026-09-25 05:15:15.734 Df meeterm[34259:40c31] (Foundation) MEETERM_SMOKE_INPUT_RESIGN focused=0 result=0
2026-09-25 05:15:19.634 Df meeterm[34259:40c31] (Foundation) MEETERM_SMOKE_INPUT_RESIGN focused=0 result=0
2026-09-25 05:15:19.634 Df meeterm[34259:40c31] (Foundation) MEETERM_SMOKE_INPUT_RESIGN focused=0 result=0
2026-09-25 05:15:19.644 Df meeterm[34259:40c31] (Foundation) MEETERM_SMOKE_INPUT_BINDING_CANCEL
2026-09-25 05:15:19.644 Df meeterm[34259:40c31] (Foundation) MEETERM_SMOKE_INPUT_RESIGN focused=0 result=0
2026-09-25 05:15:19.644 Df meeterm[34259:40c31] (Foundation) MEETERM_SMOKE_NATIVE_READY
2026-09-25 05:15:19.644 Df meeterm[34259:40c31] (Foundation) MEETERM_SMOKE_INPUT_BINDING_CANCEL
2026-09-25 05:15:19.645 Df meeterm[34259:40c31] (Foundation) MEETERM_SMOKE_INPUT_RESIGN focused=0 result=0
2026-09-25 05:15:19.652 Df meeterm[34259:40c31] (Foundation) MEETERM_SMOKE_INPUT_WINDOW attached=1
2026-09-25 05:15:19.665 Df meeterm[34259:40c31] (Foundation) MEETERM_SMOKE_FIRST_FRAME_METAL
2026-09-25 05:15:21.649 Df meeterm[34259:40c31] (Foundation) MEETERM_SMOKE_INPUT_FOCUS result=1 window=1
2026-09-25 05:15:30.699 Df meeterm[34259:40c31] (Foundation) MEETERM_SMOKE_INPUT_FOCUS result=1 window=1
2026-09-25 05:15:30.699 Df meeterm[34259:40c31] (Foundation) MEETERM_SMOKE_PASTE_REQUEST
2026-09-25 05:15:30.706 Df meeterm[34259:418af] (Foundation) MEETERM_SMOKE_PASTE_PROVIDER_COMPLETION
2026-09-25 05:15:30.706 Df meeterm[34259:40c31] (Foundation) MEETERM_SMOKE_PASTE_DELIVERY_ATTEMPT
2026-09-25 05:15:30.707 Df meeterm[34259:40c31] (Foundation) MEETERM_SMOKE_PASTE_RESULT accepted=1
2026-09-25 05:15:35.614 Df meeterm[34259:40c31] (Foundation) MEETERM_SMOKE_INPUT_FOCUS result=1 window=1
2026-09-25 05:15:47.395 Df meeterm[34259:40c31] (Foundation) MEETERM_SMOKE_INPUT_FOCUS result=1 window=1
2026-09-25 05:15:47.396 Df meeterm[34259:40c31] (Foundation) MEETERM_SMOKE_PASTE_REQUEST
2026-09-25 05:15:47.403 Df meeterm[34259:41b1b] (Foundation) MEETERM_SMOKE_PASTE_PROVIDER_COMPLETION
2026-09-25 05:15:47.403 Df meeterm[34259:40c31] (Foundation) MEETERM_SMOKE_PASTE_DELIVERY_ATTEMPT
2026-09-25 05:15:47.403 Df meeterm[34259:40c31] (Foundation) MEETERM_SMOKE_PASTE_RESULT accepted=1
2026-09-25 05:15:51.368 Df meeterm[34259:40c31] (Foundation) MEETERM_SMOKE_INPUT_BINDING_CANCEL
2026-09-25 05:15:51.368 Df meeterm[34259:40c31] (Foundation) MEETERM_SMOKE_INPUT_FOCUS result=1 window=1
2026-09-25 05:15:51.392 Df meeterm[34259:40c31] (Foundation) MEETERM_SMOKE_INPUT_RESIGN focused=1 result=1
2026-09-25 05:15:52.100 Df meeterm[34259:40c31] (Foundation) MEETERM_SMOKE_INPUT_BINDING_CANCEL
2026-09-25 05:15:52.100 Df meeterm[34259:40c31] (Foundation) MEETERM_SMOKE_INPUT_RESIGN focused=0 result=0
2026-09-25 05:15:59.312 Df meeterm[34259:40c31] (Foundation) MEETERM_SMOKE_INPUT_FOCUS result=1 window=1
2026-09-25 05:16:11.113 Df meeterm[34259:40c31] (Foundation) MEETERM_SMOKE_INPUT_FOCUS result=1 window=1
2026-09-25 05:16:11.113 Df meeterm[34259:40c31] (Foundation) MEETERM_SMOKE_PASTE_REQUEST
2026-09-25 05:16:11.122 Df meeterm[34259:4213f] (Foundation) MEETERM_SMOKE_PASTE_PROVIDER_COMPLETION
2026-09-25 05:16:11.122 Df meeterm[34259:40c31] (Foundation) MEETERM_SMOKE_PASTE_DELIVERY_ATTEMPT
2026-09-25 05:16:11.123 Df meeterm[34259:40c31] (Foundation) MEETERM_SMOKE_PASTE_RESULT accepted=1
2026-09-25 05:16:56.930 Df meeterm[34259:40c31] (Foundation) MEETERM_SMOKE_INPUT_RESIGN focused=1 result=1
2026-09-25 05:16:56.931 Df meeterm[34259:40c31] (Foundation) MEETERM_SMOKE_INPUT_WINDOW attached=0
2026-09-25 05:16:56.931 Df meeterm[34259:40c31] (Foundation) MEETERM_SMOKE_INPUT_BINDING_CANCEL
2026-09-25 05:16:56.931 Df meeterm[34259:40c31] (Foundation) MEETERM_SMOKE_INPUT_RESIGN focused=0 result=0
