Timestamp               Ty Process[PID:TID]
2026-09-24 14:34:20.351 Df meeterm[6702:d4fb] (Foundation) MEETERM_SMOKE_STARTUP phase=js_module_loaded
2026-09-24 14:34:20.355 Df meeterm[6702:d4fb] (Foundation) MEETERM_SMOKE_STARTUP phase=root_effect
2026-09-24 14:34:20.370 Df meeterm[6702:d4fb] (Foundation) MEETERM_SMOKE_STARTUP phase=initial_url_requested
2026-09-24 14:34:20.371 Df meeterm[6702:d4fb] (Foundation) MEETERM_SMOKE_STARTUP phase=initial_url_null
2026-09-24 14:34:20.397 Df meeterm[6702:d4fb] (Foundation) MEETERM_SMOKE_STARTUP phase=app_content_mounted
2026-09-24 14:34:20.398 Df meeterm[6702:d4fb] (Foundation) MEETERM_SMOKE_STARTUP phase=profiles_requested
2026-09-24 14:34:20.414 Df meeterm[6702:d4fb] (Foundation) MEETERM_SMOKE_STARTUP phase=profiles_succeeded
2026-09-24 14:34:24.532 Df meeterm[6717:d52d] (Foundation) MEETERM_SMOKE_STARTUP phase=js_module_loaded
2026-09-24 14:34:24.537 Df meeterm[6717:d52d] (Foundation) MEETERM_SMOKE_STARTUP phase=root_effect
2026-09-24 14:34:24.545 Df meeterm[6717:d52d] (Foundation) MEETERM_SMOKE_STARTUP phase=initial_url_requested
2026-09-24 14:34:24.549 Df meeterm[6717:d52d] (Foundation) MEETERM_SMOKE_STARTUP phase=initial_url_allowed_fixture
2026-09-24 14:34:24.590 Df meeterm[6717:d50b] (Foundation) MEETERM_SMOKE_INPUT_RESIGN focused=0 result=0
2026-09-24 14:34:24.590 Df meeterm[6717:d52d] (Foundation) MEETERM_SMOKE_STARTUP phase=app_content_mounted
2026-09-24 14:34:24.590 Df meeterm[6717:d50b] (Foundation) MEETERM_SMOKE_INPUT_RESIGN focused=0 result=0
2026-09-24 14:34:24.591 Df meeterm[6717:d52d] (Foundation) MEETERM_SMOKE_STARTUP phase=profiles_requested
2026-09-24 14:34:24.595 Df meeterm[6717:d52d] (Foundation) MEETERM_SMOKE_STARTUP phase=profiles_succeeded
2026-09-24 14:34:24.784 Df meeterm[6717:d50b] (Foundation) MEETERM_SMOKE_INPUT_BINDING_CANCEL
2026-09-24 14:34:24.784 Df meeterm[6717:d50b] (Foundation) MEETERM_SMOKE_INPUT_RESIGN focused=0 result=0
2026-09-24 14:34:24.786 Df meeterm[6717:d50b] (Foundation) MEETERM_SMOKE_NATIVE_READY
2026-09-24 14:34:24.802 Df meeterm[6717:d50b] (Foundation) MEETERM_SMOKE_INPUT_WINDOW attached=1
2026-09-24 14:34:24.872 Df meeterm[6717:d50b] (Foundation) MEETERM_SMOKE_FIRST_FRAME_METAL
