Timestamp               Ty Process[PID:TID]
2026-09-25 15:03:25.135 Df meeterm[6563:cd1a] (Foundation) MEETERM_SMOKE_STARTUP phase=js_module_loaded
2026-09-25 15:03:25.146 Df meeterm[6563:cd1a] (Foundation) MEETERM_SMOKE_STARTUP phase=root_effect
2026-09-25 15:03:25.146 Df meeterm[6563:cd1a] (Foundation) MEETERM_SMOKE_STARTUP phase=initial_url_requested
2026-09-25 15:03:25.169 Df meeterm[6563:cd1a] (Foundation) MEETERM_SMOKE_STARTUP phase=initial_url_null
2026-09-25 15:03:25.205 Df meeterm[6563:cd1a] (Foundation) MEETERM_SMOKE_STARTUP phase=app_content_mounted
2026-09-25 15:03:25.206 Df meeterm[6563:cd1a] (Foundation) MEETERM_SMOKE_STARTUP phase=profiles_requested
2026-09-25 15:03:25.216 Df meeterm[6563:cd1a] (Foundation) MEETERM_SMOKE_STARTUP phase=profiles_succeeded
2026-09-25 15:05:02.084 Df meeterm[6563:cc8a] (Foundation) MEETERM_SMOKE_INPUT_RESIGN focused=0 result=0
2026-09-25 15:05:02.084 Df meeterm[6563:cc8a] (Foundation) MEETERM_SMOKE_INPUT_RESIGN focused=0 result=0
2026-09-25 15:05:02.857 Df meeterm[6563:cc8a] (Foundation) MEETERM_SMOKE_INPUT_BINDING_CANCEL
2026-09-25 15:05:02.857 Df meeterm[6563:cc8a] (Foundation) MEETERM_SMOKE_INPUT_RESIGN focused=0 result=0
2026-09-25 15:05:02.857 Df meeterm[6563:cc8a] (Foundation) MEETERM_SMOKE_INPUT_BINDING_CANCEL
2026-09-25 15:05:02.857 Df meeterm[6563:cc8a] (Foundation) MEETERM_SMOKE_INPUT_RESIGN focused=0 result=0
2026-09-25 15:05:02.857 Df meeterm[6563:cc8a] (Foundation) MEETERM_SMOKE_NATIVE_READY
2026-09-25 15:05:02.865 Df meeterm[6563:cc8a] (Foundation) MEETERM_SMOKE_INPUT_WINDOW attached=1
2026-09-25 15:05:02.930 Df meeterm[6563:cc8a] (Foundation) MEETERM_SMOKE_FIRST_FRAME_METAL
2026-09-25 15:05:03.818 Df meeterm[6563:cc8a] (Foundation) MEETERM_SMOKE_INPUT_WINDOW attached=0
2026-09-25 15:05:03.819 Df meeterm[6563:cc8a] (Foundation) MEETERM_SMOKE_INPUT_BINDING_CANCEL
2026-09-25 15:05:03.819 Df meeterm[6563:cc8a] (Foundation) MEETERM_SMOKE_INPUT_RESIGN focused=0 result=0
2026-09-25 15:05:05.047 Df meeterm[6563:cc8a] (Foundation) MEETERM_SMOKE_INPUT_RESIGN focused=0 result=0
2026-09-25 15:05:05.047 Df meeterm[6563:cc8a] (Foundation) MEETERM_SMOKE_INPUT_RESIGN focused=0 result=0
2026-09-25 15:05:05.062 Df meeterm[6563:cc8a] (Foundation) MEETERM_SMOKE_INPUT_BINDING_CANCEL
2026-09-25 15:05:05.062 Df meeterm[6563:cc8a] (Foundation) MEETERM_SMOKE_INPUT_RESIGN focused=0 result=0
2026-09-25 15:05:05.062 Df meeterm[6563:cc8a] (Foundation) MEETERM_SMOKE_NATIVE_READY
2026-09-25 15:05:05.064 Df meeterm[6563:cc8a] (Foundation) MEETERM_SMOKE_INPUT_WINDOW attached=1
2026-09-25 15:05:05.096 Df meeterm[6563:cc8a] (Foundation) MEETERM_SMOKE_FIRST_FRAME_METAL
2026-09-25 15:05:06.000 Df meeterm[6563:cc8a] (Foundation) MEETERM_SMOKE_INPUT_FOCUS result=1 window=1
2026-09-25 15:05:18.632 Df meeterm[6563:cc8a] (Foundation) MEETERM_SMOKE_INPUT_FOCUS result=1 window=1
2026-09-25 15:05:18.632 Df meeterm[6563:cc8a] (Foundation) MEETERM_SMOKE_PASTE_REQUEST
2026-09-25 15:05:18.649 Df meeterm[6563:d3f4] (Foundation) MEETERM_SMOKE_PASTE_PROVIDER_COMPLETION
2026-09-25 15:05:18.649 Df meeterm[6563:cc8a] (Foundation) MEETERM_SMOKE_PASTE_DELIVERY_ATTEMPT
2026-09-25 15:05:18.650 Df meeterm[6563:cc8a] (Foundation) MEETERM_SMOKE_PASTE_RESULT accepted=1
2026-09-25 15:05:33.928 Df meeterm[6563:cc8a] (Foundation) MEETERM_SMOKE_INPUT_FOCUS result=1 window=1
2026-09-25 15:05:33.928 Df meeterm[6563:cc8a] (Foundation) MEETERM_SMOKE_PASTE_REQUEST
2026-09-25 15:05:33.937 Df meeterm[6563:d2ff] (Foundation) MEETERM_SMOKE_PASTE_PROVIDER_COMPLETION
2026-09-25 15:05:33.937 Df meeterm[6563:cc8a] (Foundation) MEETERM_SMOKE_PASTE_DELIVERY_ATTEMPT
2026-09-25 15:05:33.937 Df meeterm[6563:cc8a] (Foundation) MEETERM_SMOKE_PASTE_RESULT accepted=1
2026-09-25 15:05:38.179 Df meeterm[6563:cc8a] (Foundation) MEETERM_SMOKE_INPUT_RESIGN focused=1 result=1
2026-09-25 15:05:38.179 Df meeterm[6563:cc8a] (Foundation) MEETERM_SMOKE_INPUT_WINDOW attached=0
2026-09-25 15:05:38.180 Df meeterm[6563:cc8a] (Foundation) MEETERM_SMOKE_INPUT_BINDING_CANCEL
2026-09-25 15:05:38.180 Df meeterm[6563:cc8a] (Foundation) MEETERM_SMOKE_INPUT_RESIGN focused=0 result=0
2026-09-25 15:05:42.406 Df meeterm[6563:cc8a] (Foundation) MEETERM_SMOKE_INPUT_RESIGN focused=0 result=0
2026-09-25 15:05:42.406 Df meeterm[6563:cc8a] (Foundation) MEETERM_SMOKE_INPUT_RESIGN focused=0 result=0
2026-09-25 15:05:42.419 Df meeterm[6563:cc8a] (Foundation) MEETERM_SMOKE_INPUT_BINDING_CANCEL
2026-09-25 15:05:42.420 Df meeterm[6563:cc8a] (Foundation) MEETERM_SMOKE_INPUT_RESIGN focused=0 result=0
2026-09-25 15:05:42.420 Df meeterm[6563:cc8a] (Foundation) MEETERM_SMOKE_NATIVE_READY
2026-09-25 15:05:42.420 Df meeterm[6563:cc8a] (Foundation) MEETERM_SMOKE_INPUT_BINDING_CANCEL
2026-09-25 15:05:42.420 Df meeterm[6563:cc8a] (Foundation) MEETERM_SMOKE_INPUT_RESIGN focused=0 result=0
2026-09-25 15:05:42.424 Df meeterm[6563:cc8a] (Foundation) MEETERM_SMOKE_INPUT_WINDOW attached=1
2026-09-25 15:05:42.440 Df meeterm[6563:cc8a] (Foundation) MEETERM_SMOKE_FIRST_FRAME_METAL
2026-09-25 15:05:44.378 Df meeterm[6563:cc8a] (Foundation) MEETERM_SMOKE_INPUT_FOCUS result=1 window=1
2026-09-25 15:05:56.249 Df meeterm[6563:cc8a] (Foundation) MEETERM_SMOKE_INPUT_FOCUS result=1 window=1
2026-09-25 15:05:56.249 Df meeterm[6563:cc8a] (Foundation) MEETERM_SMOKE_PASTE_REQUEST
2026-09-25 15:05:56.257 Df meeterm[6563:d672] (Foundation) MEETERM_SMOKE_PASTE_PROVIDER_COMPLETION
2026-09-25 15:05:56.257 Df meeterm[6563:cc8a] (Foundation) MEETERM_SMOKE_PASTE_DELIVERY_ATTEMPT
2026-09-25 15:05:56.258 Df meeterm[6563:cc8a] (Foundation) MEETERM_SMOKE_PASTE_RESULT accepted=1
2026-09-25 15:06:00.601 Df meeterm[6563:cc8a] (Foundation) MEETERM_SMOKE_INPUT_RESIGN focused=1 result=1
2026-09-25 15:06:00.602 Df meeterm[6563:cc8a] (Foundation) MEETERM_SMOKE_INPUT_WINDOW attached=0
2026-09-25 15:06:00.602 Df meeterm[6563:cc8a] (Foundation) MEETERM_SMOKE_INPUT_BINDING_CANCEL
2026-09-25 15:06:00.602 Df meeterm[6563:cc8a] (Foundation) MEETERM_SMOKE_INPUT_RESIGN focused=0 result=0
2026-09-25 15:06:04.796 Df meeterm[6563:cc8a] (Foundation) MEETERM_SMOKE_INPUT_RESIGN focused=0 result=0
2026-09-25 15:06:04.796 Df meeterm[6563:cc8a] (Foundation) MEETERM_SMOKE_INPUT_RESIGN focused=0 result=0
2026-09-25 15:06:04.807 Df meeterm[6563:cc8a] (Foundation) MEETERM_SMOKE_INPUT_BINDING_CANCEL
2026-09-25 15:06:04.807 Df meeterm[6563:cc8a] (Foundation) MEETERM_SMOKE_INPUT_RESIGN focused=0 result=0
2026-09-25 15:06:04.807 Df meeterm[6563:cc8a] (Foundation) MEETERM_SMOKE_NATIVE_READY
2026-09-25 15:06:04.807 Df meeterm[6563:cc8a] (Foundation) MEETERM_SMOKE_INPUT_BINDING_CANCEL
2026-09-25 15:06:04.807 Df meeterm[6563:cc8a] (Foundation) MEETERM_SMOKE_INPUT_RESIGN focused=0 result=0
2026-09-25 15:06:04.820 Df meeterm[6563:cc8a] (Foundation) MEETERM_SMOKE_INPUT_WINDOW attached=1
2026-09-25 15:06:04.840 Df meeterm[6563:cc8a] (Foundation) MEETERM_SMOKE_FIRST_FRAME_METAL
2026-09-25 15:06:06.736 Df meeterm[6563:cc8a] (Foundation) MEETERM_SMOKE_INPUT_FOCUS result=1 window=1
2026-09-25 15:06:15.705 Df meeterm[6563:cc8a] (Foundation) MEETERM_SMOKE_INPUT_FOCUS result=1 window=1
2026-09-25 15:06:15.705 Df meeterm[6563:cc8a] (Foundation) MEETERM_SMOKE_PASTE_REQUEST
2026-09-25 15:06:15.713 Df meeterm[6563:d301] (Foundation) MEETERM_SMOKE_PASTE_PROVIDER_COMPLETION
2026-09-25 15:06:15.713 Df meeterm[6563:cc8a] (Foundation) MEETERM_SMOKE_PASTE_DELIVERY_ATTEMPT
2026-09-25 15:06:15.713 Df meeterm[6563:cc8a] (Foundation) MEETERM_SMOKE_PASTE_RESULT accepted=1
2026-09-25 15:06:19.994 Df meeterm[6563:cc8a] (Foundation) MEETERM_SMOKE_INPUT_RESIGN focused=1 result=1
2026-09-25 15:06:19.995 Df meeterm[6563:cc8a] (Foundation) MEETERM_SMOKE_INPUT_WINDOW attached=0
2026-09-25 15:06:19.996 Df meeterm[6563:cc8a] (Foundation) MEETERM_SMOKE_INPUT_BINDING_CANCEL
2026-09-25 15:06:19.997 Df meeterm[6563:cc8a] (Foundation) MEETERM_SMOKE_INPUT_RESIGN focused=0 result=0
2026-09-25 15:07:44.712 Df meeterm[6563:cc8a] (Foundation) MEETERM_SMOKE_INPUT_RESIGN focused=0 result=0
2026-09-25 15:07:44.712 Df meeterm[6563:cc8a] (Foundation) MEETERM_SMOKE_INPUT_RESIGN focused=0 result=0
2026-09-25 15:07:44.726 Df meeterm[6563:cc8a] (Foundation) MEETERM_SMOKE_INPUT_BINDING_CANCEL
2026-09-25 15:07:44.726 Df meeterm[6563:cc8a] (Foundation) MEETERM_SMOKE_INPUT_RESIGN focused=0 result=0
2026-09-25 15:07:44.726 Df meeterm[6563:cc8a] (Foundation) MEETERM_SMOKE_INPUT_BINDING_CANCEL
2026-09-25 15:07:44.726 Df meeterm[6563:cc8a] (Foundation) MEETERM_SMOKE_INPUT_RESIGN focused=0 result=0
2026-09-25 15:07:44.727 Df meeterm[6563:cc8a] (Foundation) MEETERM_SMOKE_NATIVE_READY
2026-09-25 15:07:44.732 Df meeterm[6563:cc8a] (Foundation) MEETERM_SMOKE_INPUT_WINDOW attached=1
2026-09-25 15:07:44.746 Df meeterm[6563:cc8a] (Foundation) MEETERM_SMOKE_FIRST_FRAME_METAL
2026-09-25 15:07:46.731 Df meeterm[6563:cc8a] (Foundation) MEETERM_SMOKE_INPUT_FOCUS result=1 window=1
2026-09-25 15:07:58.533 Df meeterm[6563:cc8a] (Foundation) MEETERM_SMOKE_INPUT_FOCUS result=1 window=1
2026-09-25 15:07:58.533 Df meeterm[6563:cc8a] (Foundation) MEETERM_SMOKE_PASTE_REQUEST
2026-09-25 15:07:58.543 Df meeterm[6563:df9c] (Foundation) MEETERM_SMOKE_PASTE_PROVIDER_COMPLETION
2026-09-25 15:07:58.543 Df meeterm[6563:cc8a] (Foundation) MEETERM_SMOKE_PASTE_DELIVERY_ATTEMPT
2026-09-25 15:07:58.543 Df meeterm[6563:cc8a] (Foundation) MEETERM_SMOKE_PASTE_RESULT accepted=1
2026-09-25 15:08:02.921 Df meeterm[6563:cc8a] (Foundation) MEETERM_SMOKE_INPUT_RESIGN focused=1 result=1
2026-09-25 15:08:02.922 Df meeterm[6563:cc8a] (Foundation) MEETERM_SMOKE_INPUT_WINDOW attached=0
2026-09-25 15:08:02.922 Df meeterm[6563:cc8a] (Foundation) MEETERM_SMOKE_INPUT_BINDING_CANCEL
2026-09-25 15:08:02.922 Df meeterm[6563:cc8a] (Foundation) MEETERM_SMOKE_INPUT_RESIGN focused=0 result=0
2026-09-25 15:08:06.893 Df meeterm[6563:cc8a] (Foundation) MEETERM_SMOKE_INPUT_RESIGN focused=0 result=0
2026-09-25 15:08:06.894 Df meeterm[6563:cc8a] (Foundation) MEETERM_SMOKE_INPUT_RESIGN focused=0 result=0
2026-09-25 15:08:06.907 Df meeterm[6563:cc8a] (Foundation) MEETERM_SMOKE_INPUT_BINDING_CANCEL
2026-09-25 15:08:06.907 Df meeterm[6563:cc8a] (Foundation) MEETERM_SMOKE_INPUT_RESIGN focused=0 result=0
2026-09-25 15:08:06.907 Df meeterm[6563:cc8a] (Foundation) MEETERM_SMOKE_INPUT_BINDING_CANCEL
2026-09-25 15:08:06.907 Df meeterm[6563:cc8a] (Foundation) MEETERM_SMOKE_INPUT_RESIGN focused=0 result=0
2026-09-25 15:08:06.907 Df meeterm[6563:cc8a] (Foundation) MEETERM_SMOKE_NATIVE_READY
2026-09-25 15:08:06.915 Df meeterm[6563:cc8a] (Foundation) MEETERM_SMOKE_INPUT_WINDOW attached=1
2026-09-25 15:08:06.933 Df meeterm[6563:cc8a] (Foundation) MEETERM_SMOKE_FIRST_FRAME_METAL
2026-09-25 15:08:08.866 Df meeterm[6563:cc8a] (Foundation) MEETERM_SMOKE_INPUT_FOCUS result=1 window=1
2026-09-25 15:08:17.832 Df meeterm[6563:cc8a] (Foundation) MEETERM_SMOKE_INPUT_FOCUS result=1 window=1
2026-09-25 15:08:17.832 Df meeterm[6563:cc8a] (Foundation) MEETERM_SMOKE_PASTE_REQUEST
2026-09-25 15:08:17.839 Df meeterm[6563:dfca] (Foundation) MEETERM_SMOKE_PASTE_PROVIDER_COMPLETION
2026-09-25 15:08:17.839 Df meeterm[6563:cc8a] (Foundation) MEETERM_SMOKE_PASTE_DELIVERY_ATTEMPT
2026-09-25 15:08:17.839 Df meeterm[6563:cc8a] (Foundation) MEETERM_SMOKE_PASTE_RESULT accepted=1
2026-09-25 15:08:23.099 Df meeterm[6563:cc8a] (Foundation) MEETERM_SMOKE_INPUT_FOCUS result=1 window=1
2026-09-25 15:08:34.566 Df meeterm[6563:cc8a] (Foundation) MEETERM_SMOKE_INPUT_FOCUS result=1 window=1
2026-09-25 15:08:34.566 Df meeterm[6563:cc8a] (Foundation) MEETERM_SMOKE_PASTE_REQUEST
2026-09-25 15:08:34.576 Df meeterm[6563:e35c] (Foundation) MEETERM_SMOKE_PASTE_PROVIDER_COMPLETION
2026-09-25 15:08:34.576 Df meeterm[6563:cc8a] (Foundation) MEETERM_SMOKE_PASTE_DELIVERY_ATTEMPT
2026-09-25 15:08:34.576 Df meeterm[6563:cc8a] (Foundation) MEETERM_SMOKE_PASTE_RESULT accepted=1
2026-09-25 15:08:38.598 Df meeterm[6563:cc8a] (Foundation) MEETERM_SMOKE_INPUT_BINDING_CANCEL
2026-09-25 15:08:38.598 Df meeterm[6563:cc8a] (Foundation) MEETERM_SMOKE_INPUT_FOCUS result=1 window=1
2026-09-25 15:08:38.622 Df meeterm[6563:cc8a] (Foundation) MEETERM_SMOKE_INPUT_RESIGN focused=1 result=1
2026-09-25 15:08:39.247 Df meeterm[6563:cc8a] (Foundation) MEETERM_SMOKE_INPUT_BINDING_CANCEL
2026-09-25 15:08:39.247 Df meeterm[6563:cc8a] (Foundation) MEETERM_SMOKE_INPUT_RESIGN focused=0 result=0
2026-09-25 15:08:46.571 Df meeterm[6563:cc8a] (Foundation) MEETERM_SMOKE_INPUT_FOCUS result=1 window=1
2026-09-25 15:08:58.386 Df meeterm[6563:cc8a] (Foundation) MEETERM_SMOKE_INPUT_FOCUS result=1 window=1
2026-09-25 15:08:58.386 Df meeterm[6563:cc8a] (Foundation) MEETERM_SMOKE_PASTE_REQUEST
2026-09-25 15:08:58.394 Df meeterm[6563:e4c4] (Foundation) MEETERM_SMOKE_PASTE_PROVIDER_COMPLETION
2026-09-25 15:08:58.394 Df meeterm[6563:cc8a] (Foundation) MEETERM_SMOKE_PASTE_DELIVERY_ATTEMPT
2026-09-25 15:08:58.395 Df meeterm[6563:cc8a] (Foundation) MEETERM_SMOKE_PASTE_RESULT accepted=1
2026-09-25 15:09:44.231 Df meeterm[6563:cc8a] (Foundation) MEETERM_SMOKE_INPUT_RESIGN focused=1 result=1
2026-09-25 15:09:44.232 Df meeterm[6563:cc8a] (Foundation) MEETERM_SMOKE_INPUT_WINDOW attached=0
2026-09-25 15:09:44.232 Df meeterm[6563:cc8a] (Foundation) MEETERM_SMOKE_INPUT_BINDING_CANCEL
2026-09-25 15:09:44.232 Df meeterm[6563:cc8a] (Foundation) MEETERM_SMOKE_INPUT_RESIGN focused=0 result=0
