Command line invocation:
    /Applications/Xcode.app/Contents/Developer/usr/bin/xcodebuild test-without-building -xctestrun /Users/devin/runner-temp/meeterm-derived-data/Build/Products/att28-e2e.xctestrun -destination "platform=iOS Simulator,id=7EE2EBC1-0640-4950-AAFF-B4CDF455F377" -resultBundlePath /Users/devin/runner-temp/att28-e2e.xcresult "-only-testing:meetermTests/MeetermSmokeUITests/testIssue28AttachmentEndToEnd"

2026-09-26 12:45:19.354 xcodebuild[16743:146198] [MT] IDERunDestination: Supported platforms for the buildables in the current scheme is empty.
Writing result bundle at path:
	/Users/devin/runner-temp/att28-e2e.xcresult

2026-09-26 12:45:19.357 xcodebuild[16743:146198] [MT] IDERunDestination: Supported platforms for the buildables in the current scheme is empty.
2026-09-26 12:45:19.649 xcodebuild[16743:146198] [MT] IDERunDestination: Supported platforms for the buildables in the current scheme is empty.
2026-09-26 12:45:21.848114-0700 meetermTests-Runner[16750:146464] [Default] Running tests...
    t =      nans Interface orientation changed to Portrait
Test Suite 'Selected tests' started at 2026-09-26 12:45:24.254.
Test Suite 'meetermTests.xctest' started at 2026-09-26 12:45:24.255.
Test Suite 'MeetermSmokeUITests' started at 2026-09-26 12:45:24.255.
Test Case '-[meetermTests.MeetermSmokeUITests testIssue28AttachmentEndToEnd]' started.
    t =     0.01s Start Test at 2026-09-26 12:45:24.261
    t =     0.02s Set Up
    t =     0.03s     Open dev.meeterm.app
    t =     0.03s         Launch dev.meeterm.app
2026-09-26 12:45:24.323 xcodebuild[16743:146198] [MT] IDELaunchParametersSnapshot: The operation couldn’t be completed. (DebuggerLLDB.DebuggerVersionStore.StoreError error 0.)
2026-09-26 12:45:24.323 xcodebuild[16743:146198] [MT] IDELaunchParametersSnapshot: no debugger version
objc[16750]: Class UIAccessibilityLoaderWebShared is implemented in both /Library/Developer/CoreSimulator/Profiles/Runtimes/iOS 27.0.simruntime/Contents/Resources/RuntimeRoot/System/Library/AccessibilityBundles/WebKit.axbundle/WebKit (0x105aac398) and /Library/Developer/CoreSimulator/Profiles/Runtimes/iOS 27.0.simruntime/Contents/Resources/RuntimeRoot/System/Library/AccessibilityBundles/WebCore.axbundle/WebCore (0x105b4c310). This may cause spurious casting failures and mysterious crashes. One of the duplicates must be removed or renamed.
    t =     2.01s             Setting up automation session
    t =     4.24s             Wait for dev.meeterm.app to idle
    t =     5.73s     Wait for dev.meeterm.app to become Running Foreground
    t =     5.73s Get number of matches for: Elements matching predicate 'identifier == "Connect" OR label == "Connect"'
    t =     5.76s Get number of matches for: Elements matching predicate 'identifier == "Connect" OR label == "Connect"'
    t =     5.78s Checking existence of `Button (Element at index 0)`
    t =     5.79s Find the Button (Element at index 0)
    t =     5.83s Waiting 20.0s for "Connect" Button to exist
    t =     6.89s     Checking `Expect predicate `existsNoRetry == 1` for object "Connect" Button`
    t =     6.89s         Checking existence of `"Connect" Button`
    t =     6.90s Get number of matches for: Elements matching predicate 'identifier == "Connect" OR label == "Connect"'
    t =     6.92s Get number of matches for: Elements matching predicate 'identifier == "Connect" OR label == "Connect"'
    t =     6.93s Checking existence of `Button (Element at index 0)`
    t =     6.95s Find the Button (Element at index 0)
    t =     6.98s Tap "Connect" Button
    t =     6.98s     Wait for dev.meeterm.app to idle
    t =     6.98s     Find the "Connect" Button
    t =     7.00s     Check for interrupting elements affecting "Connect" Button
    t =     7.02s     Synthesize event
    t =     7.33s     Wait for dev.meeterm.app to idle
    t =     7.74s Waiting 15.0s for TextField (First Match) to exist
    t =     8.81s     Checking `Expect predicate `existsNoRetry == 1` for object TextField (First Match)`
    t =     8.81s         Checking existence of `TextField (First Match)`
    t =     8.90s Waiting 10.0s for TextField (First Match) to exist
    t =     9.95s     Checking `Expect predicate `existsNoRetry == 1` for object TextField (First Match)`
    t =     9.95s         Checking existence of `TextField (First Match)`
    t =    10.02s Checking existence of `TextField (First Match)`
    t =    10.10s Find the TextField (First Match)
    t =    10.19s Tap "ssh-host" TextField[0.95, 0.50]
    t =    10.19s     Wait for dev.meeterm.app to idle
    t =    10.19s     Find the "ssh-host" TextField
    t =    10.27s     Check for interrupting elements affecting "ssh-host" TextField
    t =    10.32s     Synthesize event
    t =    10.32s         Find the "ssh-host" TextField
    t =    10.41s         Find the "ssh-host" TextField
    t =    10.49s         Find the "ssh-host" TextField
    t =    10.84s     Wait for dev.meeterm.app to idle
    t =    11.11s Find the "ssh-host" TextField
    t =    11.30s Find the "ssh-host" TextField
    t =    11.49s Type '127.0.0.1' into "ssh-host" TextField
    t =    11.49s     Wait for dev.meeterm.app to idle
    t =    11.50s     Find the "ssh-host" TextField
    t =    11.68s     Check for interrupting elements affecting "ssh-host" TextField
    t =    11.73s     Synthesize event
    t =    12.09s     Wait for dev.meeterm.app to idle
    t =    13.14s Checking `Expect predicate `BLOCKPREDICATE(0x10566e760)` for object "ssh-host" TextField`
    t =    13.14s     Find the "ssh-host" TextField
    t =    13.26s     Find the "ssh-host" TextField
    t =    13.39s Waiting 10.0s for TextField (First Match) to exist
    t =    14.46s     Checking `Expect predicate `existsNoRetry == 1` for object TextField (First Match)`
    t =    14.46s         Checking existence of `TextField (First Match)`
    t =    14.59s Checking existence of `TextField (First Match)`
    t =    14.70s Find the TextField (First Match)
    t =    14.85s Tap "ssh-port" TextField[0.95, 0.50]
    t =    14.85s     Wait for dev.meeterm.app to idle
    t =    14.85s     Find the "ssh-port" TextField
    t =    14.97s     Check for interrupting elements affecting "ssh-port" TextField
    t =    15.01s     Synthesize event
    t =    15.01s         Find the "ssh-port" TextField
    t =    15.13s         Find the "ssh-port" TextField
    t =    15.26s         Find the "ssh-port" TextField
    t =    15.66s     Wait for dev.meeterm.app to idle
    t =    15.83s Find the "ssh-port" TextField
    t =    16.07s Find the "ssh-port" TextField
    t =    16.24s Type '' into "ssh-port" TextField
    t =    16.24s     Wait for dev.meeterm.app to idle
    t =    16.25s     Find the "ssh-port" TextField
    t =    16.36s     Check for interrupting elements affecting "ssh-port" TextField
    t =    16.40s     Synthesize event
    t =    16.65s     Wait for dev.meeterm.app to idle
    t =    16.66s Find the "ssh-port" TextField
    t =    16.76s Type '64163' into "ssh-port" TextField
    t =    16.76s     Wait for dev.meeterm.app to idle
    t =    16.76s     Find the "ssh-port" TextField
    t =    16.87s     Check for interrupting elements affecting "ssh-port" TextField
    t =    16.91s     Synthesize event
    t =    17.20s     Wait for dev.meeterm.app to idle
    t =    18.25s Checking `Expect predicate `BLOCKPREDICATE(0x105645500)` for object "ssh-port" TextField`
    t =    18.25s     Find the "ssh-port" TextField
    t =    18.35s     Find the "ssh-port" TextField
    t =    18.48s Waiting 10.0s for TextField (First Match) to exist
    t =    19.55s     Checking `Expect predicate `existsNoRetry == 1` for object TextField (First Match)`
    t =    19.55s         Checking existence of `TextField (First Match)`
    t =    19.67s Checking existence of `TextField (First Match)`
    t =    19.79s Find the TextField (First Match)
    t =    19.93s Tap "ssh-username" TextField[0.95, 0.50]
    t =    19.93s     Wait for dev.meeterm.app to idle
    t =    19.94s     Find the "ssh-username" TextField
    t =    20.05s     Check for interrupting elements affecting "ssh-username" TextField
    t =    20.09s     Synthesize event
    t =    20.09s         Find the "ssh-username" TextField
    t =    20.20s         Find the "ssh-username" TextField
    t =    20.31s         Find the "ssh-username" TextField
    t =    20.71s     Wait for dev.meeterm.app to idle
    t =    21.10s Find the "ssh-username" TextField
    t =    21.23s Find the "ssh-username" TextField
    t =    21.35s Type 'd' into "ssh-username" TextField
    t =    21.35s     Wait for dev.meeterm.app to idle
    t =    21.35s     Find the "ssh-username" TextField
    t =    21.47s     Check for interrupting elements affecting "ssh-username" TextField
    t =    21.51s     Synthesize event
    t =    21.74s     Wait for dev.meeterm.app to idle
    t =    22.80s Checking `Expect predicate `BLOCKPREDICATE(0x105635ce0)` for object "ssh-username" TextField`
    t =    22.80s     Find the "ssh-username" TextField
    t =    22.93s     Find the "ssh-username" TextField
    t =    23.06s Type 'e' into "ssh-username" TextField
    t =    23.06s     Wait for dev.meeterm.app to idle
    t =    23.07s     Find the "ssh-username" TextField
    t =    23.20s     Check for interrupting elements affecting "ssh-username" TextField
    t =    23.25s     Synthesize event
    t =    23.47s     Wait for dev.meeterm.app to idle
    t =    24.54s Checking `Expect predicate `BLOCKPREDICATE(0x1056366d0)` for object "ssh-username" TextField`
    t =    24.55s     Find the "ssh-username" TextField
    t =    24.65s     Find the "ssh-username" TextField
    t =    24.81s Type 'v' into "ssh-username" TextField
    t =    24.81s     Wait for dev.meeterm.app to idle
    t =    24.81s     Find the "ssh-username" TextField
    t =    24.95s     Check for interrupting elements affecting "ssh-username" TextField
    t =    24.99s     Synthesize event
    t =    25.22s     Wait for dev.meeterm.app to idle
    t =    26.29s Checking `Expect predicate `BLOCKPREDICATE(0x105634960)` for object "ssh-username" TextField`
    t =    26.29s     Find the "ssh-username" TextField
    t =    26.42s     Find the "ssh-username" TextField
    t =    26.53s Type 'i' into "ssh-username" TextField
    t =    26.53s     Wait for dev.meeterm.app to idle
    t =    26.54s     Find the "ssh-username" TextField
    t =    26.67s     Check for interrupting elements affecting "ssh-username" TextField
    t =    26.73s     Synthesize event
    t =    26.95s     Wait for dev.meeterm.app to idle
    t =    27.99s Checking `Expect predicate `BLOCKPREDICATE(0x105646b20)` for object "ssh-username" TextField`
    t =    27.99s     Find the "ssh-username" TextField
    t =    28.10s     Find the "ssh-username" TextField
    t =    28.24s Type 'n' into "ssh-username" TextField
    t =    28.24s     Wait for dev.meeterm.app to idle
    t =    28.24s     Find the "ssh-username" TextField
    t =    28.38s     Check for interrupting elements affecting "ssh-username" TextField
    t =    28.43s     Synthesize event
    t =    28.65s     Wait for dev.meeterm.app to idle
    t =    29.70s Checking `Expect predicate `BLOCKPREDICATE(0x1056372a0)` for object "ssh-username" TextField`
    t =    29.70s     Find the "ssh-username" TextField
    t =    29.83s     Find the "ssh-username" TextField
    t =    31.01s Checking `Expect predicate `BLOCKPREDICATE(0x1056377b0)` for object "ssh-username" TextField`
    t =    31.01s     Find the "ssh-username" TextField
    t =    31.25s     Find the "ssh-username" TextField
    t =    31.51s Waiting 10.0s for "ssh-auth-password" Any to exist
    t =    32.57s     Checking `Expect predicate `existsNoRetry == 1` for object "ssh-auth-password" Any`
    t =    32.57s         Checking existence of `"ssh-auth-password" Any`
    t =    32.89s Checking existence of `"ssh-auth-password" Any`
    t =    33.22s Find the "ssh-auth-password" Any
    t =    33.56s Find the "ssh-auth-password" Other
    t =    33.92s Checking existence of `"ssh-auth-password" Other`
    t =    34.27s Checking existence of `ScrollView (First Match)`
    t =    34.39s Find the ScrollView (First Match)
    t =    34.55s Find the Target Application 'dev.meeterm.app'
    t =    34.58s Checking existence of `Keyboard (First Match)`
    t =    34.60s Find the Keyboard (First Match)
    t =    34.63s Find the Keyboard at {{0.0, 653.0}, {440.0, 245.0}}
    t =    34.66s Find the "ssh-auth-password" Other
    t =    34.98s Tap "ssh-auth-password" Other
    t =    34.98s     Wait for dev.meeterm.app to idle
    t =    34.98s     Find the "ssh-auth-password" Other
    t =    35.31s     Check for interrupting elements affecting "ssh-auth-password" Other
    t =    35.37s     Synthesize event
    t =    35.68s     Wait for dev.meeterm.app to idle
    t =    35.92s Waiting 10.0s for "SSH password" SecureTextField to exist
    t =    36.97s     Checking `Expect predicate `existsNoRetry == 1` for object "SSH password" SecureTextField`
    t =    36.97s         Checking existence of `"SSH password" SecureTextField`
    t =    37.00s Checking existence of `"SSH password" SecureTextField`
    t =    37.04s Find the "SSH password" SecureTextField
    t =    37.07s Find the "ssh-password" SecureTextField
    t =    37.11s Checking existence of `"ssh-password" SecureTextField`
    t =    37.14s Checking existence of `ScrollView (First Match)`
    t =    37.21s Find the ScrollView (First Match)
    t =    37.28s Find the Target Application 'dev.meeterm.app'
    t =    37.30s Checking existence of `Keyboard (First Match)`
    t =    37.41s Find the "ssh-password" SecureTextField
    t =    37.44s Tap "ssh-password" SecureTextField
    t =    37.44s     Wait for dev.meeterm.app to idle
    t =    37.45s     Find the "ssh-password" SecureTextField
    t =    37.48s     Check for interrupting elements affecting "ssh-password" SecureTextField
    t =    37.51s     Synthesize event
    t =    37.81s     Wait for dev.meeterm.app to idle
    t =    38.39s Waiting 10.0s for "ssh-auth-public-key" Any to exist
    t =    39.44s     Checking `Expect predicate `existsNoRetry == 1` for object "ssh-auth-public-key" Any`
    t =    39.44s         Checking existence of `"ssh-auth-public-key" Any`
    t =    39.77s Checking existence of `"ssh-auth-public-key" Any`
    t =    40.10s Find the "ssh-auth-public-key" Any
    t =    40.41s Find the "ssh-auth-public-key" Other
    t =    40.78s Checking existence of `"ssh-auth-public-key" Other`
    t =    41.12s Checking existence of `ScrollView (First Match)`
    t =    41.26s Find the ScrollView (First Match)
    t =    41.39s Find the Target Application 'dev.meeterm.app'
    t =    41.41s Checking existence of `Keyboard (First Match)`
    t =    41.44s Find the Keyboard (First Match)
    t =    41.48s Find the Keyboard at {{0.0, 653.0}, {440.0, 245.0}}
    t =    41.50s Find the "ssh-auth-public-key" Other
    t =    41.87s Tap "ssh-auth-public-key" Other
    t =    41.87s     Wait for dev.meeterm.app to idle
    t =    41.88s     Find the "ssh-auth-public-key" Other
    t =    42.22s     Check for interrupting elements affecting "ssh-auth-public-key" Other
    t =    42.28s     Synthesize event
    t =    42.59s     Wait for dev.meeterm.app to idle
    t =    42.84s Checking existence of `"ssh-password" SecureTextField`
    t =    42.89s Checking existence of `TextField (First Match)`
    t =    42.99s Find the TextField (First Match)
    t =    43.07s Find the "server-profile-name" TextField
    t =    43.44s Checking existence of `"server-profile-name" TextField`
    t =    43.52s Find the "server-profile-name" TextField
    t =    43.60s Find the "server-profile-name" TextField
    t =    43.96s Checking existence of `"server-profile-name" TextField`
    t =    44.05s Find the "server-profile-name" TextField
    t =    44.14s Find the "server-profile-name" TextField
    t =    44.25s Find the "server-profile-name" TextField
    t =    44.35s Checking existence of `ScrollView (First Match)`
    t =    44.41s Find the ScrollView (First Match)
    t =    44.48s Checking existence of `Keyboard (First Match)`
    t =    44.59s Find the Target Application 'dev.meeterm.app'
    t =    44.63s Checking existence of `ScrollView at {{0.0, 122.0}, {440.0, 800.0}}`
    t =    44.70s Find the Target Application 'dev.meeterm.app'
    t =    44.72s Checking existence of `ScrollView at {{0.0, 122.0}, {440.0, 800.0}}`
    t =    44.79s Find the ScrollView at {{0.0, 122.0}, {440.0, 800.0}}
    t =    44.86s Find the Target Application 'dev.meeterm.app'
    t =    44.89s Checking existence of `Keyboard (First Match)`
    t =    45.01s Checking existence of `"server-profile-name" TextField`
    t =    45.09s Find the "server-profile-name" TextField
    t =    45.19s Press Target Application 'dev.meeterm.app'[0.00, 0.00] -> (8.0, 722.0) for 0.1 seconds, then drag to Target Application 'dev.meeterm.app'[0.00, 0.00] -> (8.0, 322.0) with velocity of 250.00 pixels per second, and then hold for 0.2 seconds 
    t =    45.19s     Wait for dev.meeterm.app to idle
    t =    45.19s     Find the Target Application 'dev.meeterm.app'
    t =    45.21s     Check for interrupting elements affecting "meeterm" Application
    t =    45.24s     Synthesize event
    t =    45.25s         Find the Target Application 'dev.meeterm.app'
    t =    45.27s         Find the Target Application 'dev.meeterm.app'
    t =    45.29s         Find the Target Application 'dev.meeterm.app'
    t =    45.31s         Find the Target Application 'dev.meeterm.app'
    t =    45.34s         Find the Target Application 'dev.meeterm.app'
    t =    47.48s     Wait for dev.meeterm.app to idle
    t =    48.05s Checking existence of `"server-profile-name" TextField`
    t =    48.13s Find the "server-profile-name" TextField
    t =    48.21s Find the "server-profile-name" TextField
    t =    48.30s Find the "server-profile-name" TextField
    t =    48.40s Checking existence of `ScrollView at {{0.0, 122.0}, {440.0, 800.0}}`
    t =    48.48s Find the ScrollView at {{0.0, 122.0}, {440.0, 800.0}}
    t =    48.57s Checking existence of `Keyboard (First Match)`
    t =    48.69s Find the Target Application 'dev.meeterm.app'
    t =    48.72s Checking existence of `"server-profile-name" TextField`
    t =    48.80s Find the "server-profile-name" TextField
    t =    48.89s Find the "server-profile-name" TextField
    t =    48.99s Checking existence of `"server-profile-name" TextField`
    t =    49.09s Checking existence of `ScrollView at {{0.0, 122.0}, {440.0, 800.0}}`
    t =    49.16s Find the ScrollView at {{0.0, 122.0}, {440.0, 800.0}}
    t =    49.24s Find the Target Application 'dev.meeterm.app'
    t =    49.26s Checking existence of `Keyboard (First Match)`
    t =    49.38s Find the "server-profile-name" TextField
    t =    49.46s Waiting 10.0s for TextField (First Match) to exist
    t =    50.50s     Checking `Expect predicate `existsNoRetry == 1` for object TextField (First Match)`
    t =    50.50s         Checking existence of `TextField (First Match)`
    t =    50.58s Checking existence of `TextField (First Match)`
    t =    50.66s Find the TextField (First Match)
    t =    50.76s Tap "server-profile-name" TextField[0.95, 0.50]
    t =    50.76s     Wait for dev.meeterm.app to idle
    t =    50.76s     Find the "server-profile-name" TextField
    t =    50.84s     Check for interrupting elements affecting "server-profile-name" TextField
    t =    50.88s     Synthesize event
    t =    50.88s         Find the "server-profile-name" TextField
    t =    50.97s         Find the "server-profile-name" TextField
    t =    51.06s         Find the "server-profile-name" TextField
    t =    51.46s     Wait for dev.meeterm.app to idle
    t =    51.87s Find the "server-profile-name" TextField
    t =    52.12s Find the "server-profile-name" TextField
    t =    52.31s Type 'Daily fixture' into "server-profile-name" TextField
    t =    52.31s     Wait for dev.meeterm.app to idle
    t =    52.32s     Find the "server-profile-name" TextField
    t =    52.49s     Check for interrupting elements affecting "server-profile-name" TextField
    t =    52.53s     Synthesize event
    t =    52.96s     Wait for dev.meeterm.app to idle
    t =    53.97s Checking `Expect predicate `BLOCKPREDICATE(0x10fa53420)` for object "server-profile-name" TextField`
    t =    53.97s     Find the "server-profile-name" TextField
    t =    54.12s     Find the "server-profile-name" TextField
    t =    54.28s Checking existence of `"save-credentials" Switch`
    t =    54.32s Find the "save-credentials" Switch
    t =    54.37s Find the "save-credentials" Switch
    t =    54.69s Checking existence of `"save-credentials" Switch`
    t =    54.74s Find the "save-credentials" Switch
    t =    54.79s Find the "save-credentials" Switch
    t =    55.10s Checking existence of `"save-credentials" Switch`
    t =    55.15s Find the "save-credentials" Switch
    t =    55.19s Find the "save-credentials" Switch
    t =    55.51s Checking existence of `"save-credentials" Switch`
    t =    55.55s Find the "save-credentials" Switch
    t =    55.60s Find the "save-credentials" Switch
    t =    55.65s Find the "save-credentials" Switch
    t =    55.70s Checking existence of `ScrollView (First Match)`
    t =    55.84s Find the ScrollView (First Match)
    t =    55.99s Checking existence of `Keyboard (First Match)`
    t =    56.01s Find the Keyboard (First Match)
    t =    56.04s Find the Target Application 'dev.meeterm.app'
    t =    56.08s Checking existence of `ScrollView at {{0.0, 122.0}, {440.0, 549.0}}`
    t =    56.20s Find the Target Application 'dev.meeterm.app'
    t =    56.23s Checking existence of `ScrollView at {{0.0, 122.0}, {440.0, 549.0}}`
    t =    56.37s Find the ScrollView at {{0.0, 122.0}, {440.0, 549.0}}
    t =    56.50s Find the Target Application 'dev.meeterm.app'
    t =    56.53s Checking existence of `Keyboard (First Match)`
    t =    56.56s Find the Keyboard (First Match)
    t =    56.59s Find the Keyboard at {{0.0, 653.0}, {440.0, 245.0}}
    t =    56.63s Checking existence of `"save-credentials" Switch`
    t =    56.68s Find the "save-credentials" Switch
    t =    56.73s Press Target Application 'dev.meeterm.app'[0.00, 0.00] -> (8.0, 520.2) for 0.1 seconds, then drag to Target Application 'dev.meeterm.app'[0.00, 0.00] -> (8.0, 254.8) with velocity of 250.00 pixels per second, and then hold for 0.2 seconds 
    t =    56.73s     Wait for dev.meeterm.app to idle
    t =    56.73s     Find the Target Application 'dev.meeterm.app'
    t =    56.76s     Check for interrupting elements affecting "meeterm" Application
    t =    56.80s     Synthesize event
    t =    56.81s         Find the Target Application 'dev.meeterm.app'
    t =    56.83s         Find the Target Application 'dev.meeterm.app'
    t =    56.86s         Find the Target Application 'dev.meeterm.app'
    t =    56.89s         Find the Target Application 'dev.meeterm.app'
    t =    56.93s         Find the Target Application 'dev.meeterm.app'
    t =    58.51s     Wait for dev.meeterm.app to idle
    t =    59.11s Checking existence of `"save-credentials" Switch`
    t =    59.15s Find the "save-credentials" Switch
    t =    59.20s Find the "save-credentials" Switch
    t =    59.25s Find the "save-credentials" Switch
    t =    59.31s Checking existence of `ScrollView at {{0.0, 122.0}, {440.0, 549.0}}`
    t =    59.46s Find the ScrollView at {{0.0, 122.0}, {440.0, 549.0}}
    t =    59.60s Checking existence of `Keyboard (First Match)`
    t =    59.63s Find the Keyboard (First Match)
    t =    59.65s Find the Target Application 'dev.meeterm.app'
    t =    59.69s Checking existence of `"save-credentials" Switch`
    t =    59.73s Find the "save-credentials" Switch
    t =    59.79s Find the "save-credentials" Switch
    t =    59.85s Checking existence of `"save-credentials" Switch`
    t =    59.91s Checking existence of `ScrollView at {{0.0, 122.0}, {440.0, 549.0}}`
    t =    60.03s Find the ScrollView at {{0.0, 122.0}, {440.0, 549.0}}
    t =    60.16s Find the Target Application 'dev.meeterm.app'
    t =    60.19s Checking existence of `Keyboard (First Match)`
    t =    60.22s Find the Keyboard (First Match)
    t =    60.25s Find the Keyboard at {{0.0, 653.0}, {440.0, 245.0}}
    t =    60.28s Find the "save-credentials" Switch
    t =    60.33s Find the "save-credentials" Switch
    t =    60.37s Tap "save-credentials" Switch
    t =    60.37s     Wait for dev.meeterm.app to idle
    t =    60.38s     Find the "save-credentials" Switch
    t =    60.45s     Check for interrupting elements affecting "save-credentials" Switch
    t =    60.49s     Synthesize event
    t =    60.82s     Wait for dev.meeterm.app to idle
    t =    62.04s Find the "save-credentials" Switch
    t =    62.10s Checking existence of `TextView (First Match)`
    t =    62.25s Find the TextView (First Match)
    t =    62.42s Find the "ssh-private-key" TextView
    t =    62.60s Checking existence of `"ssh-private-key" TextView`
    t =    62.76s Checking existence of `ScrollView (First Match)`
    t =    62.89s Find the ScrollView (First Match)
    t =    63.02s Find the Target Application 'dev.meeterm.app'
    t =    63.05s Checking existence of `Keyboard (First Match)`
    t =    63.07s Find the Keyboard (First Match)
    t =    63.10s Find the Keyboard at {{0.0, 653.0}, {440.0, 245.0}}
    t =    63.13s Find the "ssh-private-key" TextView
    t =    63.55s Checking existence of `"ssh-private-key" TextView`
    t =    63.69s Find the "ssh-private-key" TextView
    t =    63.87s Find the "ssh-private-key" TextView
    t =    64.03s Find the "ssh-private-key" TextView
    t =    64.20s Checking existence of `ScrollView at {{0.0, 122.0}, {440.0, 549.0}}`
    t =    64.33s Find the ScrollView at {{0.0, 122.0}, {440.0, 549.0}}
    t =    64.47s Checking existence of `Keyboard (First Match)`
    t =    64.50s Find the Keyboard (First Match)
    t =    64.53s Find the Target Application 'dev.meeterm.app'
    t =    64.56s Checking existence of `ScrollView at {{0.0, 122.0}, {440.0, 549.0}}`
    t =    64.68s Find the Target Application 'dev.meeterm.app'
    t =    64.71s Checking existence of `ScrollView at {{0.0, 122.0}, {440.0, 549.0}}`
    t =    64.83s Find the ScrollView at {{0.0, 122.0}, {440.0, 549.0}}
    t =    64.97s Find the Target Application 'dev.meeterm.app'
    t =    64.99s Checking existence of `Keyboard (First Match)`
    t =    65.02s Find the Keyboard (First Match)
    t =    65.06s Find the Keyboard at {{0.0, 653.0}, {440.0, 245.0}}
    t =    65.09s Checking existence of `"ssh-private-key" TextView`
    t =    65.25s Find the "ssh-private-key" TextView
    t =    65.42s Press Target Application 'dev.meeterm.app'[0.00, 0.00] -> (8.0, 254.8) for 0.1 seconds, then drag to Target Application 'dev.meeterm.app'[0.00, 0.00] -> (8.0, 520.2) with velocity of 250.00 pixels per second, and then hold for 0.2 seconds 
    t =    65.42s     Wait for dev.meeterm.app to idle
    t =    65.42s     Find the Target Application 'dev.meeterm.app'
    t =    65.45s     Check for interrupting elements affecting "meeterm" Application
    t =    65.49s     Synthesize event
    t =    65.49s         Find the Target Application 'dev.meeterm.app'
    t =    65.52s         Find the Target Application 'dev.meeterm.app'
    t =    65.55s         Find the Target Application 'dev.meeterm.app'
    t =    65.58s         Find the Target Application 'dev.meeterm.app'
    t =    65.61s         Find the Target Application 'dev.meeterm.app'
    t =    67.23s     Wait for dev.meeterm.app to idle
    t =    67.49s Checking existence of `"ssh-private-key" TextView`
    t =    67.63s Find the "ssh-private-key" TextView
    t =    67.77s Find the "ssh-private-key" TextView
    t =    67.90s Find the "ssh-private-key" TextView
    t =    68.04s Checking existence of `ScrollView at {{0.0, 122.0}, {440.0, 549.0}}`
    t =    68.15s Find the ScrollView at {{0.0, 122.0}, {440.0, 549.0}}
    t =    68.27s Checking existence of `Keyboard (First Match)`
    t =    68.30s Find the Keyboard (First Match)
    t =    68.32s Find the Target Application 'dev.meeterm.app'
    t =    68.35s Checking existence of `"ssh-private-key" TextView`
    t =    68.48s Find the "ssh-private-key" TextView
    t =    68.60s Find the "ssh-private-key" TextView
    t =    68.74s Checking existence of `"ssh-private-key" TextView`
    t =    68.87s Checking existence of `ScrollView at {{0.0, 122.0}, {440.0, 549.0}}`
    t =    68.97s Find the ScrollView at {{0.0, 122.0}, {440.0, 549.0}}
    t =    69.09s Find the Target Application 'dev.meeterm.app'
    t =    69.11s Checking existence of `Keyboard (First Match)`
    t =    69.13s Find the Keyboard (First Match)
    t =    69.16s Find the Keyboard at {{0.0, 653.0}, {440.0, 245.0}}
    t =    69.19s Find the "ssh-private-key" TextView
    t =    69.32s Find the TextView (First Match)
    t =    69.46s Find the "ssh-private-key" TextView
    t =    69.60s Find the "ssh-private-key" TextView
    t =    69.73s Find the "ssh-private-key" TextView
    t =    69.86s Find the "ssh-private-key" TextView
    t =    70.00s Find the "ssh-private-key" TextView
    t =    70.13s Find the "ssh-private-key" TextView
    t =    70.28s Find the "ssh-private-key" TextView
    t =    70.43s Waiting 15.0s for "ssh-private-key" TextView to exist
    t =    71.47s     Checking `Expect predicate `existsNoRetry == 1` for object "ssh-private-key" TextView`
    t =    71.47s         Checking existence of `"ssh-private-key" TextView`
    t =    71.59s Tap "ssh-private-key" TextView
    t =    71.59s     Wait for dev.meeterm.app to idle
    t =    71.60s     Find the "ssh-private-key" TextView
    t =    71.73s     Check for interrupting elements affecting "ssh-private-key" TextView
    t =    71.76s     Synthesize event
    t =    72.06s     Wait for dev.meeterm.app to idle
    t =    72.49s Type '-----BEGIN OPENSSH...' into "ssh-private-key" TextView
    t =    72.49s     Wait for dev.meeterm.app to idle
    t =    72.50s     Find the "ssh-private-key" TextView
    t =    72.62s     Check for interrupting elements affecting "ssh-private-key" TextView
    t =    72.66s     Synthesize event
    t =    73.45s     Wait for dev.meeterm.app to idle
    t =    73.46s Checking existence of `"return" Key`
    t =    73.50s Type '
' into "ssh-private-key" TextView
    t =    73.50s     Wait for dev.meeterm.app to idle
    t =    73.50s     Find the "ssh-private-key" TextView
    t =    73.63s     Check for interrupting elements affecting "ssh-private-key" TextView
    t =    73.66s     Synthesize event
    t =    73.89s     Wait for dev.meeterm.app to idle
    t =    73.90s Type 'b3BlbnNzaC1rZXktdj...' into "ssh-private-key" TextView
    t =    73.90s     Wait for dev.meeterm.app to idle
    t =    73.90s     Find the "ssh-private-key" TextView
    t =    74.04s     Check for interrupting elements affecting "ssh-private-key" TextView
    t =    74.08s     Synthesize event
    t =    75.46s     Wait for dev.meeterm.app to idle
    t =    75.46s Checking existence of `"return" Key`
    t =    75.50s Type '
' into "ssh-private-key" TextView
    t =    75.50s     Wait for dev.meeterm.app to idle
    t =    75.51s     Find the "ssh-private-key" TextView
    t =    75.63s     Check for interrupting elements affecting "ssh-private-key" TextView
    t =    75.67s     Synthesize event
    t =    75.90s     Wait for dev.meeterm.app to idle
    t =    75.90s Type 'QyNTUxOQAAACAuCmnZ...' into "ssh-private-key" TextView
    t =    75.90s     Wait for dev.meeterm.app to idle
    t =    75.91s     Find the "ssh-private-key" TextView
    t =    76.03s     Check for interrupting elements affecting "ssh-private-key" TextView
    t =    76.06s     Synthesize event
    t =    77.44s     Wait for dev.meeterm.app to idle
    t =    77.44s Checking existence of `"return" Key`
    t =    77.48s Type '
' into "ssh-private-key" TextView
    t =    77.48s     Wait for dev.meeterm.app to idle
    t =    77.49s     Find the "ssh-private-key" TextView
    t =    77.61s     Check for interrupting elements affecting "ssh-private-key" TextView
    t =    77.65s     Synthesize event
    t =    77.87s     Wait for dev.meeterm.app to idle
    t =    77.88s Type 'bgAAAAtzc2gtZWQyNT...' into "ssh-private-key" TextView
    t =    77.88s     Wait for dev.meeterm.app to idle
    t =    77.88s     Find the "ssh-private-key" TextView
    t =    78.01s     Check for interrupting elements affecting "ssh-private-key" TextView
    t =    78.05s     Synthesize event
    t =    79.43s     Wait for dev.meeterm.app to idle
    t =    79.44s Checking existence of `"return" Key`
    t =    79.48s Type '
' into "ssh-private-key" TextView
    t =    79.48s     Wait for dev.meeterm.app to idle
    t =    79.48s     Find the "ssh-private-key" TextView
    t =    79.61s     Check for interrupting elements affecting "ssh-private-key" TextView
    t =    79.64s     Synthesize event
    t =    79.86s     Wait for dev.meeterm.app to idle
    t =    79.87s Type 'AAAEDRsP0B3UgTebF7...' into "ssh-private-key" TextView
    t =    79.87s     Wait for dev.meeterm.app to idle
    t =    79.87s     Find the "ssh-private-key" TextView
    t =    80.00s     Check for interrupting elements affecting "ssh-private-key" TextView
    t =    80.03s     Synthesize event
    t =    81.41s     Wait for dev.meeterm.app to idle
    t =    81.42s Checking existence of `"return" Key`
    t =    81.46s Type '
' into "ssh-private-key" TextView
    t =    81.46s     Wait for dev.meeterm.app to idle
    t =    81.46s     Find the "ssh-private-key" TextView
    t =    81.59s     Check for interrupting elements affecting "ssh-private-key" TextView
    t =    81.63s     Synthesize event
    t =    81.84s     Wait for dev.meeterm.app to idle
    t =    81.85s Type 'UCZHGyZpWs+8wBc2jA...' into "ssh-private-key" TextView
    t =    81.85s     Wait for dev.meeterm.app to idle
    t =    81.85s     Find the "ssh-private-key" TextView
    t =    81.98s     Check for interrupting elements affecting "ssh-private-key" TextView
    t =    82.01s     Synthesize event
    t =    83.16s     Wait for dev.meeterm.app to idle
    t =    83.17s Checking existence of `"return" Key`
    t =    83.21s Type '
' into "ssh-private-key" TextView
    t =    83.21s     Wait for dev.meeterm.app to idle
    t =    83.21s     Find the "ssh-private-key" TextView
    t =    83.34s     Check for interrupting elements affecting "ssh-private-key" TextView
    t =    83.37s     Synthesize event
    t =    83.59s     Wait for dev.meeterm.app to idle
    t =    83.60s Type '-----END OPENSSH P...' into "ssh-private-key" TextView
    t =    83.60s     Wait for dev.meeterm.app to idle
    t =    83.60s     Find the "ssh-private-key" TextView
    t =    83.74s     Check for interrupting elements affecting "ssh-private-key" TextView
    t =    83.77s     Synthesize event
    t =    84.52s     Wait for dev.meeterm.app to idle
    t =    84.53s Waiting 10.0s for "ssh-submit" Button to exist
    t =    85.59s     Checking `Expect predicate `existsNoRetry == 1` for object "ssh-submit" Button`
    t =    85.59s         Checking existence of `"ssh-submit" Button`
    t =    85.63s Tap "ssh-submit" Button
    t =    85.63s     Wait for dev.meeterm.app to idle
    t =    85.63s     Find the "ssh-submit" Button
    t =    85.67s     Check for interrupting elements affecting "ssh-submit" Button
    t =    85.70s     Synthesize event
    t =    86.01s     Wait for dev.meeterm.app to idle
    t =    86.37s Checking existence of `"ssh-submit" Button`
    t =    86.40s Checking existence of `Alert (First Match)`
    t =    86.45s Checking existence of `StaticText (First Match)`
    t =    86.51s Checking existence of `StaticText (First Match)`
    t =    87.07s Checking existence of `Alert (First Match)`
    t =    87.18s Checking existence of `StaticText (First Match)`
    t =    87.20s Checking existence of `Alert (First Match)`
    t =    87.30s Checking existence of `StaticText (First Match)`
    t =    87.33s Waiting 60.0s for StaticText (First Match) to exist
    t =    88.40s     Checking `Expect predicate `existsNoRetry == 1` for object StaticText (First Match)`
    t =    88.40s         Checking existence of `StaticText (First Match)`
    t =    88.45s Get number of matches for: Elements matching predicate 'identifier == "tmux runtime meeterm" OR label == "tmux runtime meeterm"'
    t =    88.48s Get number of matches for: Elements matching predicate 'identifier == "tmux runtime meeterm" OR label == "tmux runtime meeterm"'
    t =    88.50s Checking existence of `Button (Element at index 0)`
    t =    88.52s Find the Button (Element at index 0)
    t =    88.56s Waiting 30.0s for "runtime-row-tmux-runtime-1-1-tmux-0" Button to exist
    t =    89.61s     Checking `Expect predicate `existsNoRetry == 1` for object "runtime-row-tmux-runtime-1-1-tmux-0" Button`
    t =    89.61s         Checking existence of `"runtime-row-tmux-runtime-1-1-tmux-0" Button`
    t =    89.63s Checking existence of `"runtime-row-tmux-runtime-1-1-tmux-0" Button`
    t =    89.65s Find the "runtime-row-tmux-runtime-1-1-tmux-0" Button
    t =    89.69s Tap "runtime-row-tmux-runtime-1-1-tmux-0" Button
    t =    89.69s     Wait for dev.meeterm.app to idle
    t =    89.69s     Find the "runtime-row-tmux-runtime-1-1-tmux-0" Button
    t =    89.72s     Check for interrupting elements affecting "runtime-row-tmux-runtime-1-1-tmux-0" Button
    t =    89.74s     Synthesize event
    t =    90.05s     Wait for dev.meeterm.app to idle
    t =    90.06s Waiting 90.0s for StaticText (First Match) to exist
    t =    91.08s     Checking `Expect predicate `existsNoRetry == 1` for object StaticText (First Match)`
    t =    91.08s         Checking existence of `StaticText (First Match)`
    t =    91.39s Get number of matches for: Elements matching predicate 'identifier BEGINSWITH "workspace-row-" AND label BEGINSWITH "Workspace "'
    t =    91.42s Find the Button (Element at index 0)
    t =    91.43s Find the Button (Element at index 1)
    t =    91.45s Get number of matches for: Elements matching predicate 'identifier == "Workspace ios-main" OR label == "Workspace ios-main"'
    t =    91.47s Get number of matches for: Elements matching predicate 'identifier == "Workspace ios-main" OR label == "Workspace ios-main"'
    t =    91.48s Checking existence of `Button (Element at index 0)`
    t =    91.50s Find the Button (Element at index 0)
    t =    91.53s Checking existence of `"workspace-row-@0" Button`
    t =    91.54s Get number of matches for: Elements matching predicate 'identifier == "Workspace ios-main" OR label == "Workspace ios-main"'
    t =    91.56s Get number of matches for: Elements matching predicate 'identifier == "Workspace ios-main" OR label == "Workspace ios-main"'
    t =    91.57s Checking existence of `Button (Element at index 0)`
    t =    91.59s Find the Button (Element at index 0)
    t =    91.62s Tap "workspace-row-@0" Button
    t =    91.62s     Wait for dev.meeterm.app to idle
    t =    91.62s     Find the "workspace-row-@0" Button
    t =    91.64s     Check for interrupting elements affecting "workspace-row-@0" Button
    t =    91.66s     Synthesize event
    t =    91.94s     Wait for dev.meeterm.app to idle
    t =    92.37s Get all elements bound by index for: Elements matching predicate 'identifier == "Terminal" OR label == "Terminal" OR label == "Terminal, cached output, read only"'
    t =    92.39s Checking existence of `Other (Element at index 0)`
    t =    92.40s Find the Other (Element at index 0)
    t =    92.42s Checking existence of `Other (Element at index 1)`
    t =    92.43s Find the Other (Element at index 1)
    t =    92.46s Find the "Terminal" Other
    t =    92.49s Get all elements bound by index for: Elements matching predicate 'identifier == "Terminal" OR label == "Terminal" OR label == "Terminal, cached output, read only"'
    t =    92.50s Checking existence of `Other (Element at index 0)`
    t =    92.52s Find the Other (Element at index 0)
    t =    92.53s Checking existence of `Other (Element at index 1)`
    t =    92.55s Find the Other (Element at index 1)
    t =    92.57s Find the "Terminal" Other
    t =    92.59s Tap "Terminal" Other
    t =    92.59s     Wait for dev.meeterm.app to idle
    t =    92.60s     Find the "Terminal" Other
    t =    92.61s     Check for interrupting elements affecting "Terminal" Other
    t =    92.63s     Synthesize event
    t =    92.93s     Wait for dev.meeterm.app to idle
    t =    93.02s Checking existence of `"attach-image" Button`
    t =    93.07s Waiting 15.0s for "attach-image" Button to exist
    t =    94.09s     Checking `Expect predicate `existsNoRetry == 1` for object "attach-image" Button`
    t =    94.09s         Checking existence of `"attach-image" Button`
    t =    94.13s Tap "attach-image" Button
    t =    94.13s     Wait for dev.meeterm.app to idle
    t =    94.14s     Find the "attach-image" Button
    t =    94.17s     Check for interrupting elements affecting "attach-image" Button
    t =    94.20s     Synthesize event
    t =    94.50s     Wait for dev.meeterm.app to idle
    t =    95.23s Checking existence of `"attachment-pick-photos" Button`
    t =    95.26s Waiting 10.0s for "attachment-pick-photos" Button to exist
    t =    96.29s     Checking `Expect predicate `existsNoRetry == 1` for object "attachment-pick-photos" Button`
    t =    96.29s         Checking existence of `"attachment-pick-photos" Button`
    t =    96.40s Tap "attachment-pick-photos" Button
    t =    96.40s     Wait for dev.meeterm.app to idle
    t =    96.41s     Find the "attachment-pick-photos" Button
    t =    96.43s     Check for interrupting elements affecting "attachment-pick-photos" Button
    t =    96.46s     Synthesize event
    t =    96.75s     Wait for dev.meeterm.app to idle
    t =    96.76s Checking existence of `Image (First Match)`
    t =    96.85s Checking existence of `Image (First Match)`
    t =    97.85s Checking existence of `Image (First Match)` (retry 1)
    t =    98.86s Checking existence of `Image (First Match)` (retry 2)
    t =    98.86s Checking existence of `Image (First Match)`
    t =    99.40s Checking existence of `Image (First Match)`
    t =    99.51s Checking existence of `Image (First Match)`
    t =   100.52s Checking existence of `Image (First Match)` (retry 1)
    t =   101.53s Checking existence of `Image (First Match)` (retry 2)
    t =   101.53s Checking existence of `Image (First Match)`
    t =   102.11s Checking existence of `Image (First Match)`
    t =   102.37s Find the Image (First Match)
    t =   102.50s Tap "PXGGridLayout-Info" Image
    t =   102.50s     Wait for dev.meeterm.app to idle
    t =   102.50s     Find the "PXGGridLayout-Info" Image
    t =   102.66s     Check for interrupting elements affecting "PXGGridLayout-Info" Image
    t =   102.70s     Synthesize event
    t =   103.02s     Wait for dev.meeterm.app to idle
    t =   103.59s Waiting 45.0s for "attachment-preview" Image to exist
    t =   104.61s     Checking `Expect predicate `existsNoRetry == 1` for object "attachment-preview" Image`
    t =   104.61s         Checking existence of `"attachment-preview" Image`
    t =   104.64s Waiting 10.0s for "attachment-meta" StaticText to exist
    t =   105.69s     Checking `Expect predicate `existsNoRetry == 1` for object "attachment-meta" StaticText`
    t =   105.69s         Checking existence of `"attachment-meta" StaticText`
    t =   105.80s Checking existence of `"attachment-upload" Button`
    t =   105.82s Waiting 10.0s for "attachment-upload" Button to exist
    t =   106.87s     Checking `Expect predicate `existsNoRetry == 1` for object "attachment-upload" Button`
    t =   106.87s         Checking existence of `"attachment-upload" Button`
    t =   106.91s Tap "attachment-upload" Button
    t =   106.91s     Wait for dev.meeterm.app to idle
    t =   106.91s     Find the "attachment-upload" Button
    t =   106.94s     Check for interrupting elements affecting "attachment-upload" Button
    t =   106.96s     Synthesize event
    t =   107.27s     Wait for dev.meeterm.app to idle
    t =   107.27s Waiting 90.0s for "attachment-uploaded" Other to exist
    t =   108.32s     Checking `Expect predicate `existsNoRetry == 1` for object "attachment-uploaded" Other`
    t =   108.32s         Checking existence of `"attachment-uploaded" Other`
    t =   108.35s Waiting 10.0s for StaticText (First Match) to exist
    t =   109.41s     Checking `Expect predicate `existsNoRetry == 1` for object StaticText (First Match)`
    t =   109.42s         Checking existence of `StaticText (First Match)`
    t =   109.50s Find the StaticText (First Match)
    t =   118.71s Waiting 10.0s for "Close attachment sheet" Button to exist
    t =   119.77s     Checking `Expect predicate `existsNoRetry == 1` for object "Close attachment sheet" Button`
    t =   119.77s         Checking existence of `"Close attachment sheet" Button`
    t =   119.83s Tap "Close attachment sheet" Button
    t =   119.83s     Wait for dev.meeterm.app to idle
    t =   119.83s     Find the "Close attachment sheet" Button
    t =   119.86s     Check for interrupting elements affecting "Close attachment sheet" Button
    t =   119.88s     Synthesize event
    t =   120.19s     Wait for dev.meeterm.app to idle
    t =   121.63s Checking existence of `"attachment-insert" Button`
    t =   121.67s Waiting 15.0s for "attachment-insert" Button to exist
    t =   122.69s     Checking `Expect predicate `existsNoRetry == 1` for object "attachment-insert" Button`
    t =   122.69s         Checking existence of `"attachment-insert" Button`
    t =   122.72s Tap "attachment-insert" Button
    t =   122.72s     Wait for dev.meeterm.app to idle
    t =   122.72s     Find the "attachment-insert" Button
    t =   122.76s     Check for interrupting elements affecting "attachment-insert" Button
    t =   122.79s     Synthesize event
    t =   123.09s     Wait for dev.meeterm.app to idle
    t =   123.18s Checking existence of `"attach-image" Button`
    t =   123.21s Waiting 15.0s for "attach-image" Button to exist
    t =   124.27s     Checking `Expect predicate `existsNoRetry == 1` for object "attach-image" Button`
    t =   124.27s         Checking existence of `"attach-image" Button`
    t =   124.31s Tap "attach-image" Button
    t =   124.31s     Wait for dev.meeterm.app to idle
    t =   124.31s     Find the "attach-image" Button
    t =   124.35s     Check for interrupting elements affecting "attach-image" Button
    t =   124.38s     Synthesize event
    t =   124.68s     Wait for dev.meeterm.app to idle
    t =   125.06s Waiting 60.0s for "attachment-inserted" Other to exist
    t =   126.07s     Checking `Expect predicate `existsNoRetry == 1` for object "attachment-inserted" Other`
    t =   126.07s         Checking existence of `"attachment-inserted" Other`
    t =   166.04s Checking existence of `"attachment-delete-remote" Button`
    t =   166.06s Waiting 10.0s for "attachment-delete-remote" Button to exist
    t =   167.14s     Checking `Expect predicate `existsNoRetry == 1` for object "attachment-delete-remote" Button`
    t =   167.14s         Checking existence of `"attachment-delete-remote" Button`
    t =   167.16s Tap "attachment-delete-remote" Button
    t =   167.16s     Wait for dev.meeterm.app to idle
    t =   167.17s     Find the "attachment-delete-remote" Button
    t =   167.20s     Check for interrupting elements affecting "attachment-delete-remote" Button
    t =   167.23s     Synthesize event
    t =   167.52s     Wait for dev.meeterm.app to idle
    t =   167.53s Waiting 60.0s for "attachment-deleted" Other to exist
    t =   168.55s     Checking `Expect predicate `existsNoRetry == 1` for object "attachment-deleted" Other`
    t =   168.55s         Checking existence of `"attachment-deleted" Other`
    t =   175.77s Checking existence of `"attachment-discard" Button`
    t =   175.80s Waiting 10.0s for "attachment-discard" Button to exist
    t =   176.85s     Checking `Expect predicate `existsNoRetry == 1` for object "attachment-discard" Button`
    t =   176.85s         Checking existence of `"attachment-discard" Button`
    t =   176.88s Tap "attachment-discard" Button
    t =   176.88s     Wait for dev.meeterm.app to idle
    t =   176.88s     Find the "attachment-discard" Button
    t =   176.91s     Check for interrupting elements affecting "attachment-discard" Button
    t =   176.94s     Synthesize event
    t =   177.25s     Wait for dev.meeterm.app to idle
    t =   177.25s Checking existence of `"attachment-pick-files" Button`
    t =   177.28s Waiting 15.0s for "attachment-pick-files" Button to exist
    t =   178.33s     Checking `Expect predicate `existsNoRetry == 1` for object "attachment-pick-files" Button`
    t =   178.33s         Checking existence of `"attachment-pick-files" Button`
    t =   178.37s Tap "attachment-pick-files" Button
    t =   178.37s     Wait for dev.meeterm.app to idle
    t =   178.37s     Find the "attachment-pick-files" Button
    t =   178.40s     Check for interrupting elements affecting "attachment-pick-files" Button
    t =   178.43s     Synthesize event
    t =   178.74s     Wait for dev.meeterm.app to idle
    t =   181.84s Checking existence of `Cell (Element at index 0)`
    t =   181.86s Checking existence of `StaticText (Element at index 0)`
    t =   181.89s Waiting 6.0s for "synthetic-attach-files.png" Cell to exist
    t =   182.96s     Checking `Expect predicate `existsNoRetry == 1` for object "synthetic-attach-files.png" Cell`
    t =   182.96s         Checking existence of `"synthetic-attach-files.png" Cell`
    t =   184.54s         Capturing element debug description
    t =   184.96s     Checking `Expect predicate `existsNoRetry == 1` for object "synthetic-attach-files.png" Cell`
    t =   184.96s         Checking existence of `"synthetic-attach-files.png" Cell`
    t =   185.02s         Capturing element debug description
    t =   185.96s     Checking `Expect predicate `existsNoRetry == 1` for object "synthetic-attach-files.png" Cell`
    t =   185.96s         Checking existence of `"synthetic-attach-files.png" Cell`
    t =   186.02s         Capturing element debug description
    t =   186.98s     Checking `Expect predicate `existsNoRetry == 1` for object "synthetic-attach-files.png" Cell`
    t =   186.98s         Checking existence of `"synthetic-attach-files.png" Cell`
    t =   187.03s         Capturing element debug description
    t =   187.89s     Checking `Expect predicate `existsNoRetry == 1` for object "synthetic-attach-files.png" Cell`
    t =   187.89s         Checking existence of `"synthetic-attach-files.png" Cell`
    t =   187.95s         Capturing element debug description
    t =   187.95s     Checking existence of `"synthetic-attach-files.png" Cell`
    t =   188.01s Collecting debug information to assist test failure triage
    t =   188.01s     Requesting snapshot of accessibility hierarchy for app with pid 16759
    t =   188.11s Waiting 8.0s for Button (Element at index 0) to exist
    t =   189.17s     Checking `Expect predicate `existsNoRetry == 1` for object Button (Element at index 0)`
    t =   189.17s         Checking existence of `Button (Element at index 0)`
    t =   189.23s Tap Button (Element at index 0)
    t =   189.23s     Wait for dev.meeterm.app to idle
    t =   189.23s     Find the Button (Element at index 0)
    t =   189.29s     Check for interrupting elements affecting "Browse" Button
    t =   189.35s     Synthesize event
    t =   189.66s     Wait for dev.meeterm.app to idle
    t =   191.67s Waiting 6.0s for Cell (Element at index 0) to exist
    t =   192.74s     Checking `Expect predicate `existsNoRetry == 1` for object Cell (Element at index 0)`
    t =   192.74s         Checking existence of `Cell (Element at index 0)`
    t =   192.86s         Capturing element debug description
    t =   193.72s     Checking `Expect predicate `existsNoRetry == 1` for object Cell (Element at index 0)`
    t =   193.72s         Checking existence of `Cell (Element at index 0)`
    t =   193.80s         Capturing element debug description
    t =   194.77s     Checking `Expect predicate `existsNoRetry == 1` for object Cell (Element at index 0)`
    t =   194.77s         Checking existence of `Cell (Element at index 0)`
    t =   194.83s         Capturing element debug description
    t =   195.69s     Checking `Expect predicate `existsNoRetry == 1` for object Cell (Element at index 0)`
    t =   195.69s         Checking existence of `Cell (Element at index 0)`
    t =   195.75s         Capturing element debug description
    t =   196.71s     Checking `Expect predicate `existsNoRetry == 1` for object Cell (Element at index 0)`
    t =   196.71s         Checking existence of `Cell (Element at index 0)`
    t =   196.80s         Capturing element debug description
    t =   197.69s     Checking `Expect predicate `existsNoRetry == 1` for object Cell (Element at index 0)`
    t =   197.69s         Checking existence of `Cell (Element at index 0)`
    t =   197.76s         Capturing element debug description
    t =   197.76s     Checking existence of `Cell (Element at index 0)`
    t =   197.81s Collecting debug information to assist test failure triage
    t =   197.81s     Requesting snapshot of accessibility hierarchy for app with pid 16759
    t =   197.91s Waiting 6.0s for StaticText (Element at index 0) to exist
    t =   198.97s     Checking `Expect predicate `existsNoRetry == 1` for object StaticText (Element at index 0)`
    t =   198.97s         Checking existence of `StaticText (Element at index 0)`
    t =   199.05s         Capturing element debug description
    t =   199.92s     Checking `Expect predicate `existsNoRetry == 1` for object StaticText (Element at index 0)`
    t =   199.92s         Checking existence of `StaticText (Element at index 0)`
    t =   199.98s         Capturing element debug description
    t =   200.95s     Checking `Expect predicate `existsNoRetry == 1` for object StaticText (Element at index 0)`
    t =   200.95s         Checking existence of `StaticText (Element at index 0)`
    t =   201.01s         Capturing element debug description
    t =   201.98s     Checking `Expect predicate `existsNoRetry == 1` for object StaticText (Element at index 0)`
    t =   201.98s         Checking existence of `StaticText (Element at index 0)`
    t =   202.03s         Capturing element debug description
    t =   203.00s     Checking `Expect predicate `existsNoRetry == 1` for object StaticText (Element at index 0)`
    t =   203.00s         Checking existence of `StaticText (Element at index 0)`
    t =   203.07s         Capturing element debug description
    t =   203.92s     Checking `Expect predicate `existsNoRetry == 1` for object StaticText (Element at index 0)`
    t =   203.92s         Checking existence of `StaticText (Element at index 0)`
    t =   203.98s         Capturing element debug description
    t =   203.98s     Checking existence of `StaticText (Element at index 0)`
    t =   204.04s Collecting debug information to assist test failure triage
    t =   204.04s     Requesting snapshot of accessibility hierarchy for app with pid 16759
    t =   205.64s Checking existence of `Cell (Element at index 0)`
    t =   205.70s Checking existence of `StaticText (Element at index 0)`
    t =   205.75s Waiting 4.0s for "synthetic-attach-files.png" Cell to exist
    t =   206.82s     Checking `Expect predicate `existsNoRetry == 1` for object "synthetic-attach-files.png" Cell`
    t =   206.82s         Checking existence of `"synthetic-attach-files.png" Cell`
    t =   206.89s         Capturing element debug description
    t =   207.82s     Checking `Expect predicate `existsNoRetry == 1` for object "synthetic-attach-files.png" Cell`
    t =   207.83s         Checking existence of `"synthetic-attach-files.png" Cell`
    t =   207.88s         Capturing element debug description
    t =   208.83s     Checking `Expect predicate `existsNoRetry == 1` for object "synthetic-attach-files.png" Cell`
    t =   208.83s         Checking existence of `"synthetic-attach-files.png" Cell`
    t =   208.89s         Capturing element debug description
    t =   209.75s     Checking `Expect predicate `existsNoRetry == 1` for object "synthetic-attach-files.png" Cell`
    t =   209.75s         Checking existence of `"synthetic-attach-files.png" Cell`
    t =   209.83s         Capturing element debug description
    t =   209.83s     Checking existence of `"synthetic-attach-files.png" Cell`
    t =   209.89s Collecting debug information to assist test failure triage
    t =   209.89s     Requesting snapshot of accessibility hierarchy for app with pid 16759
    t =   209.99s Waiting 6.0s for Cell (Element at index 0) to exist
    t =   211.06s     Checking `Expect predicate `existsNoRetry == 1` for object Cell (Element at index 0)`
    t =   211.06s         Checking existence of `Cell (Element at index 0)`
    t =   211.14s Tap Cell (Element at index 0)
    t =   211.14s     Wait for dev.meeterm.app to idle
    t =   211.14s     Find the Cell (Element at index 0)
    t =   211.20s     Check for interrupting elements affecting "DOC.sidebar.item.On My iPhone" Cell
    t =   211.26s     Synthesize event
    t =   211.57s     Wait for dev.meeterm.app to idle
    t =   213.07s Checking existence of `Cell (Element at index 0)`
    t =   213.14s Waiting 4.0s for Cell (Element at index 0) to exist
    t =   214.21s     Checking `Expect predicate `existsNoRetry == 1` for object Cell (Element at index 0)`
    t =   214.21s         Checking existence of `Cell (Element at index 0)`
    t =   214.26s Tap Cell (Element at index 0)
    t =   214.26s     Wait for dev.meeterm.app to idle
    t =   214.26s     Find the Cell (Element at index 0)
    t =   214.32s     Check for interrupting elements affecting "synthetic-attach-files, png" Cell
    t =   214.38s     Synthesize event
    t =   214.69s     Wait for dev.meeterm.app to idle
    t =   214.78s Waiting 45.0s for "attachment-preview" Image to exist
    t =   215.85s     Checking `Expect predicate `existsNoRetry == 1` for object "attachment-preview" Image`
    t =   215.86s         Checking existence of `"attachment-preview" Image`
    t =   215.96s Tear Down
Test Case '-[meetermTests.MeetermSmokeUITests testIssue28AttachmentEndToEnd]' passed (216.351 seconds).
Test Suite 'MeetermSmokeUITests' passed at 2026-09-26 12:49:00.612.
	 Executed 1 test, with 0 failures (0 unexpected) in 216.351 (216.357) seconds
Test Suite 'meetermTests.xctest' passed at 2026-09-26 12:49:00.612.
	 Executed 1 test, with 0 failures (0 unexpected) in 216.351 (216.357) seconds
Test Suite 'Selected tests' passed at 2026-09-26 12:49:00.613.
	 Executed 1 test, with 0 failures (0 unexpected) in 216.351 (216.358) seconds
                                                                                                                                                                                                                                                                                                                                                                                                                                                                                                                                                                                                                                                                                                                                                                                                                                                                                                                                                                                                                                                                                                                                                                                                                                                                                                                                                                                                                                                                                                                                                                                                                                                                                                                                                                                                                                                                                                                                                                                                                                                                                                                                                                                                                                                                                                                                                                                                                                                                                                                                                                                                                                                                                                                                                                                                                                                                                                                                                                                                                                                                                                                                                                                                                                                                                                                                                                                                                                                                                                                                                                                                                                                                                                                                                                                                                                                                                                                                                                                                                                                                                                                                                                                                                                                                                                                                                                                                                                                                                                                                                                                                                                                                                                                                                                                                                                                                                                                                                                                                                                                                                                                                                                                                                                                                                                                                                                                                                                                                                                                                                                                                                                                                                                                                                                                                                                                                                                                                                                                                                                                                                                                                                                                                                                                                                                                                                                                                                                                                                                                                                                                                                                                                                                                                                                                                                                                                                                                                                                                                                                                                                                                                                                                                                                                                                                                                                                                                                                                                                                                                                                                                                                                                                                                                                                                                                                                                                                                                                                                                                                                                                                                                                                                                                                                                                                                                                                                                                                                                                                                                                                                                                                                                                                                                                                                                                                                                                                                                                                                                                                                                                                                                                                                                                                                                                                                                                                                                                                                                                                                                                                                                                                                                                                                                                                                                                                                                                                                                                                                                                                                                                                                                                                                                                                                                                                                                                                                                                                                                                                                                                                                                                                                                                                                                                                                                                                                                                                                                                                                                                                                                                                                                                                                                                                                                                                                                                                                                                                                                                                                                                                                                                                                                                                                                                                                                                                                                                                                                                                                                                                                                                                                                                                                                                                                                                                                                                                                                                                                                                                                                                                                                                                                                                                                                                                                                                                                                                                                                                                                                                                                                                                                                                                                                                                                                                                                                                                                                                                                                                                                                                                                                                                                                                                                                                                                                                                                                                                                                                                                                                                                                                                                                                                                                                                                                                                                                                                                                                                                                                                                                                                                                                                                                                                                                                                                                                                                                                                                                                                                                                                                                                                                                                                                                                                                                                                                                                                                                                                                                                                                                                                                                                                                                                                                                                                                                                                                                                                                                                                                                                                                                                                                                                                                                                                                                                                                                                                                                                                                                                                                                                                                                                                                                                                                                                                                                                                                                                                                                                                                                                                                                                                                                                                                                                                                                                                                                                                                                                                                                                                                                                                                                                                                                                                                                                                                                                                                                                                                                                                                                                                                                                                                                                                                                                                                                                                                                                                                                                                                                                                                                                                                                                                                                                                                                                                                                                                                                                                                                                                                                                                                                                                                                                                                                                                                                                                                                                                                                                                                                                                                                                                                                                                                                                                                                                                                                                                                                                                                                                                                                                                                                                                                                                                                                                                                                                                                                                                                                                                                                                                                                                                                                                                                                                                                                                                                                                                                                                                                                                                                                                                                                                                                                                                                                                                                                                                                                                                                                                                                                                                                                                                                                                                                                                                                                                                                                                                                                                                                                                                                                                                                                                                                                                                                                                                                                                                                                                                                                                                                                                                                                                                                                                                                                                                                                                                                                                                                                                                                                                                                                                                                                                                                                                                                                                                                                                                                                                                                                                                                                                                                                                                                                                                                                                                                                                                                                                                                                                                                                                                                                                                                                                                                                                                                                                                                                                                                                                                                                                                                                                                                                                                                                                                                                                                                                                                                                                                                                                                                                                                                                                                                                                                                                                                                                                                                                                                                                                                                                                                                                                                                                                                                                                                                                                                                                                                                                                                                                                                                                                                                                                                                                                                                                                                                                                                                                                                                                                                                                                                                                                                                                                                                                                                                                                                                                                                                                                                                                                                                                                                                                                                                                                                                                                                                                                                                                                                                                                                                                                                                                                                                                                                                                                                                                                                                                                                                                                                                                                                                                                                                                                                                                                                                                                                                                                                                                                                                                                                                                                                                                                                                                                                                                                                                                                                                                                                                                                                                                                                                                                                                                                                                                                                                                                                                                                                                                                                                                                                                                                                                                        2026-09-26 12:45:44.968 xcodebuild[13690:123894]  IDETestOperationsObserverDebug: Failure collecting diagnostics from simulator: Timed out after 600.0 seconds while waiting for a response from the invoked process
2026-09-26 12:45:44.977 xcodebuild[13690:123836] [MT] IDETestOperationsObserverDebug: 909.899 elapsed -- Testing started completed.
2026-09-26 12:45:44.977 xcodebuild[13690:123836] [MT] IDETestOperationsObserverDebug: 0.000 sec, +0.000 sec -- start
2026-09-26 12:45:44.977 xcodebuild[13690:123836] [MT] IDETestOperationsObserverDebug: 909.899 sec, +909.899 sec -- end

Test session results, code coverage, and logs:
	/Users/devin/runner-temp/att28-e2e.xcresult

Failing tests:
	MeetermSmokeUITests.testIssue28AttachmentEndToEnd()

** TEST EXECUTE FAILED **

Testing started
