tmux 3.7c
OpenSSH fixture check passed: authenticated SSH and remote tmux
   Compiling futures-core v0.3.34
   Compiling futures-sink v0.3.34
   Compiling tokio v1.53.1
   Compiling once_cell v1.21.4
   Compiling crossbeam-utils v0.8.22
   Compiling core-foundation-sys v0.8.7
   Compiling hashbrown v0.14.5
   Compiling serde_bytes v0.11.19
   Compiling futures-channel v0.3.34
   Compiling iana-time-zone v0.1.65
   Compiling chrono v0.4.45
   Compiling enum_dispatch v0.3.13
   Compiling futures-util v0.3.34
   Compiling futures-executor v0.3.34
   Compiling futures v0.3.34
   Compiling tokio-util v0.7.19
   Compiling russh-util v0.52.0
   Compiling russh v0.63.2
   Compiling dashmap v6.2.1
   Compiling russh-sftp v3.0.0
   Compiling meeterm-core v0.1.0 (/Users/devin/repos/meeterm/native/meeterm-core)
    Finished `test` profile [unoptimized + debuginfo] target(s) in 12.39s
     Running tests/openssh.rs (native/meeterm-core/target/debug/deps/openssh-fe87c31b3e2d81a1)

running 1 test
test real_openssh_existing_tmux_runtime_selection ... ok

test result: ok. 1 passed; 0 failed; 0 ignored; 0 measured; 7 filtered out; finished in 2.10s

OpenSSH fixture ready on 127.0.0.1:62307; environment file: /Users/devin/runner-temp/meeterm-ssh.env
iOS short SSH UI smoke passed.
iOS short SSH UI smoke passed.
