Monitoring boot status for iPhone 18 Pro (1308A109-3EE0-4711-9287-85246639DBC7).
[2026-09-21 14:57:27 +0000] Status=1, isTerminal=NO, Elapsed=00:01.
	Waiting on BackBoard

[2026-09-21 14:58:22 +0000] Status=2, isTerminal=NO, Elapsed=00:57.
	Waiting on Data Migration
		Reason:Running plugin com.apple.securityd.KeychainMigrator (KeychainMigrator.migrator, user-agnostic) (Concurrent: Running plugin com.apple.appleaccount.mergebuddyprovisioningresponse.migrator (MergeBuddyProvisioningResponse.migrator, concurrent after com.apple.-0LaunchServicesMigrator))
		Migration Elapsed:00:00 seconds

[2026-09-21 14:58:23 +0000] Status=2, isTerminal=NO, Elapsed=00:58.
	Waiting on Data Migration
		Reason:Running plugin com.apple.managedconfiguration.migrator (MCProfile.migrator, user-agnostic) (Concurrent: Running plugin com.apple.appleaccount.migrator (AppleAccountMigrator.migrator, concurrent after com.apple.appleaccount.mergebuddyprovisioningresponse.migrator))
		Migration Elapsed:00:01 seconds

[2026-09-21 14:58:23 +0000] Status=2, isTerminal=NO, Elapsed=00:58.
	Waiting on Data Migration
		Reason:Running plugin com.apple.managedconfiguration.migrator (MCProfile.migrator, user-agnostic) (Concurrent: Running plugin com.apple.appleaccount.migrator (AppleAccountMigrator.migrator, concurrent after com.apple.appleaccount.mergebuddyprovisioningresponse.migrator))
		Migration Elapsed:00:02 seconds

[2026-09-21 14:58:24 +0000] Status=2, isTerminal=NO, Elapsed=00:59.
	Waiting on Data Migration
		Reason:Running plugin com.apple.MobileGestalt.MobileGestaltMigrator (MobileGestaltMigrator.migrator, user-agnostic) (Concurrent: Running plugin com.apple.appleaccount.migrator (AppleAccountMigrator.migrator, concurrent after com.apple.appleaccount.mergebuddyprovisioningresponse.migrator))
		Migration Elapsed:00:03 seconds

[2026-09-21 14:58:25 +0000] Status=2, isTerminal=NO, Elapsed=01:00.
	Waiting on Data Migration
		Reason:Running plugin com.apple.MobileGestalt.MobileGestaltMigrator (MobileGestaltMigrator.migrator, user-agnostic) (Concurrent: Running plugin com.apple.appleaccount.migrator (AppleAccountMigrator.migrator, concurrent after com.apple.appleaccount.mergebuddyprovisioningresponse.migrator))
		Migration Elapsed:00:04 seconds

[2026-09-21 14:58:26 +0000] Status=2, isTerminal=NO, Elapsed=01:01.
	Waiting on Data Migration
		Reason:Running plugin com.apple.addressbook.migrator (AddressBookLegacy.migrator) (Concurrent: Running plugin com.apple.accounts.migrator (Accounts.migrator, concurrent after com.apple.appleaccount.migrator))
		Migration Elapsed:00:05 seconds

[2026-09-21 14:58:27 +0000] Status=2, isTerminal=NO, Elapsed=01:02.
	Waiting on Data Migration
		Reason:Running plugin com.apple.addressbook.migrator (AddressBookLegacy.migrator) (Concurrent: Running plugin com.apple.MobileSlideShow (MobileSlideShow.migrator, concurrent after com.apple.accounts.migrator))
		Migration Elapsed:00:06 seconds

[2026-09-21 14:58:28 +0000] Status=2, isTerminal=NO, Elapsed=01:03.
	Waiting on Data Migration
		Reason:Running plugin com.apple.addressbook.migrator (AddressBookLegacy.migrator) (Concurrent: Running plugin com.apple.MobileSlideShow (MobileSlideShow.migrator, concurrent after com.apple.accounts.migrator))
		Migration Elapsed:00:07 seconds

[2026-09-21 14:58:29 +0000] Status=2, isTerminal=NO, Elapsed=01:04.
	Waiting on Data Migration
		Reason:Running plugin com.apple.WebBookmarks.migrator (WebBookmarks.migrator)
		Migration Elapsed:00:08 seconds

[2026-09-21 14:58:30 +0000] Status=2, isTerminal=NO, Elapsed=01:05.
	Waiting on Data Migration
		Reason:Running plugin com.apple.WebBookmarks.migrator (WebBookmarks.migrator)
		Migration Elapsed:00:09 seconds

[2026-09-21 14:58:31 +0000] Status=2, isTerminal=NO, Elapsed=01:06.
	Waiting on Data Migration
		Reason:Running plugin com.apple.WebBookmarks.migrator (WebBookmarks.migrator)
		Migration Elapsed:00:10 seconds

[2026-09-21 14:58:32 +0000] Status=2, isTerminal=NO, Elapsed=01:07.
	Waiting on Data Migration
		Reason:Running plugin com.apple.MobileSafari.migrator (MobileSafari.migrator)
		Migration Elapsed:00:11 seconds

[2026-09-21 14:58:33 +0000] Status=2, isTerminal=NO, Elapsed=01:08.
	Waiting on Data Migration
		Reason:Running plugin com.apple.MobileSafari.migrator (MobileSafari.migrator)
		Migration Elapsed:00:12 seconds

[2026-09-21 14:58:34 +0000] Status=2, isTerminal=NO, Elapsed=01:09.
	Waiting on Data Migration
		Reason:Running plugin com.apple.MobileSafari.migrator (MobileSafari.migrator)
		Migration Elapsed:00:13 seconds

[2026-09-21 14:58:35 +0000] Status=2, isTerminal=NO, Elapsed=01:10.
	Waiting on Data Migration
		Reason:Running plugin com.apple.MobileSafari.migrator (MobileSafari.migrator)
		Migration Elapsed:00:14 seconds

[2026-09-21 14:58:36 +0000] Status=2, isTerminal=NO, Elapsed=01:11.
	Waiting on Data Migration
		Reason:Running plugin com.apple.MobileSafari.migrator (MobileSafari.migrator)
		Migration Elapsed:00:15 seconds

[2026-09-21 14:58:37 +0000] Status=2, isTerminal=NO, Elapsed=01:12.
	Waiting on Data Migration
		Reason:Running plugin com.apple.MobileSafari.migrator (MobileSafari.migrator)
		Migration Elapsed:00:16 seconds

[2026-09-21 14:58:38 +0000] Status=2, isTerminal=NO, Elapsed=01:13.
	Waiting on Data Migration
		Reason:Running plugin com.apple.MobileSafari.migrator (MobileSafari.migrator)
		Migration Elapsed:00:17 seconds

[2026-09-21 14:58:39 +0000] Status=2, isTerminal=NO, Elapsed=01:14.
	Waiting on Data Migration
		Reason:Running plugin com.apple.MobileSafari.migrator (MobileSafari.migrator)
		Migration Elapsed:00:18 seconds

[2026-09-21 14:58:40 +0000] Status=2, isTerminal=NO, Elapsed=01:15.
	Waiting on Data Migration
		Reason:Running plugin com.apple.MobileSafari.migrator (MobileSafari.migrator)
		Migration Elapsed:00:19 seconds

[2026-09-21 14:58:41 +0000] Status=2, isTerminal=NO, Elapsed=01:16.
	Waiting on Data Migration
		Reason:Running plugin com.apple.MobileSafari.migrator (MobileSafari.migrator)
		Migration Elapsed:00:20 seconds

[2026-09-21 14:58:42 +0000] Status=2, isTerminal=NO, Elapsed=01:17.
	Waiting on Data Migration
		Reason:Running plugin com.apple.locationd.migrator (CoreLocationMigrator.migrator, dependent on com.apple.accounts.migrator)
		Migration Elapsed:00:21 seconds

[2026-09-21 14:58:44 +0000] Status=2, isTerminal=NO, Elapsed=01:18.
	Waiting on Data Migration
		Reason:Running plugin com.apple.cloudrecents.migrator (CloudRecentsMigrator.migrator)
		Migration Elapsed:00:22 seconds

[2026-09-21 14:58:44 +0000] Status=2, isTerminal=NO, Elapsed=01:19.
	Waiting on Data Migration
		Reason:Running plugin com.apple.dataaccess.migrator (DAAccount.migrator)
		Migration Elapsed:00:23 seconds

[2026-09-21 14:58:45 +0000] Status=2, isTerminal=NO, Elapsed=01:20.
	Waiting on Data Migration
		Reason:Running plugin com.apple.facetime.migrator (FaceTimeMigrator.migrator)
		Migration Elapsed:00:24 seconds

[2026-09-21 14:58:46 +0000] Status=2, isTerminal=NO, Elapsed=01:21.
	Waiting on Data Migration
		Reason:Running plugin com.apple.preferences.InternationalSupportMigrator (InternationalSupportMigrator.migrator)
		Migration Elapsed:00:25 seconds

[2026-09-21 14:58:47 +0000] Status=2, isTerminal=NO, Elapsed=01:22.
	Waiting on Data Migration
		Reason:Running plugin com.apple.preferences.InternationalSupportMigrator (InternationalSupportMigrator.migrator)
		Migration Elapsed:00:26 seconds

[2026-09-21 14:58:48 +0000] Status=2, isTerminal=NO, Elapsed=01:23.
	Waiting on Data Migration
		Reason:Running plugin com.apple.preferences.InternationalSupportMigrator (InternationalSupportMigrator.migrator)
		Migration Elapsed:00:27 seconds

[2026-09-21 14:58:49 +0000] Status=2, isTerminal=NO, Elapsed=01:24.
	Waiting on Data Migration
		Reason:Running plugin com.apple.keyboards.migrator (KeyboardMigrator.migrator)
		Migration Elapsed:00:28 seconds

[2026-09-21 14:58:50 +0000] Status=2, isTerminal=NO, Elapsed=01:25.
	Waiting on Data Migration
		Reason:Running plugin com.apple.keyboards.migrator (KeyboardMigrator.migrator)
		Migration Elapsed:00:29 seconds

[2026-09-21 14:58:52 +0000] Status=2, isTerminal=NO, Elapsed=01:26.
	Waiting on Data Migration
		Reason:Running plugin com.apple.keyboards.migrator (KeyboardMigrator.migrator)
		Migration Elapsed:00:30 seconds

[2026-09-21 14:58:52 +0000] Status=2, isTerminal=NO, Elapsed=01:27.
	Waiting on Data Migration
		Reason:Running plugin com.apple.keyboards.migrator (KeyboardMigrator.migrator)
		Migration Elapsed:00:31 seconds

[2026-09-21 14:58:53 +0000] Status=2, isTerminal=NO, Elapsed=01:28.
	Waiting on Data Migration
		Reason:Running plugin com.apple.MobileAsset (MobileAsset.migrator)
		Migration Elapsed:00:32 seconds

[2026-09-21 14:58:54 +0000] Status=2, isTerminal=NO, Elapsed=01:29.
	Waiting on Data Migration
		Reason:Running plugin com.apple.message.AccountsMigrator (MessageAccountsMigrator.migrator)
		Migration Elapsed:00:33 seconds

[2026-09-21 14:58:56 +0000] Status=2, isTerminal=NO, Elapsed=01:31.
	Waiting on Data Migration
		Reason:Running plugin com.apple.PreferencesMigrator (PreferencesMigrator.migrator)
		Migration Elapsed:00:34 seconds

[2026-09-21 14:58:56 +0000] Status=2, isTerminal=NO, Elapsed=01:31.
	Waiting on Data Migration
		Reason:Running plugin com.apple.PreferencesMigrator (PreferencesMigrator.migrator)
		Migration Elapsed:00:35 seconds

[2026-09-21 14:59:00 +0000] Status=2, isTerminal=NO, Elapsed=01:35.
	Waiting on Data Migration
		Reason:Running plugin com.apple.PreferencesMigrator (PreferencesMigrator.migrator)
		Migration Elapsed:00:36 seconds

[2026-09-21 14:59:00 +0000] Status=2, isTerminal=NO, Elapsed=01:35.
	Waiting on Data Migration
		Reason:Running plugin com.apple.VideosMigrator (TVMigrator.migrator)
		Migration Elapsed:00:39 seconds

[2026-09-21 14:59:02 +0000] Status=4294967295, isTerminal=YES, Elapsed=01:37.
	Finished

bootstatus=ready
