Timestamp               Ty Process[PID:TID]
2026-09-25 05:34:15.627 Df meeterm[39895:4af81] (Foundation) MEETERM_SMOKE_STARTUP phase=js_module_loaded
2026-09-25 05:34:15.644 Df meeterm[39895:4af81] (Foundation) MEETERM_SMOKE_STARTUP phase=root_effect
2026-09-25 05:34:15.645 Df meeterm[39895:4af81] (Foundation) MEETERM_SMOKE_STARTUP phase=initial_url_requested
2026-09-25 05:34:15.673 Df meeterm[39895:4af81] (Foundation) MEETERM_SMOKE_STARTUP phase=initial_url_null
2026-09-25 05:34:15.697 Df meeterm[39895:4af81] (Foundation) MEETERM_SMOKE_STARTUP phase=app_content_mounted
2026-09-25 05:34:15.697 Df meeterm[39895:4af81] (Foundation) MEETERM_SMOKE_STARTUP phase=profiles_requested
2026-09-25 05:34:15.701 Df meeterm[39895:4af81] (Foundation) MEETERM_SMOKE_STARTUP phase=profiles_succeeded
2026-09-25 05:35:34.539 Df meeterm[39895:4aeb3] (Foundation) MEETERM_SMOKE_INPUT_RESIGN focused=0 result=0
2026-09-25 05:35:34.539 Df meeterm[39895:4aeb3] (Foundation) MEETERM_SMOKE_INPUT_RESIGN focused=0 result=0
2026-09-25 05:35:35.316 Df meeterm[39895:4aeb3] (Foundation) MEETERM_SMOKE_INPUT_BINDING_CANCEL
2026-09-25 05:35:35.316 Df meeterm[39895:4aeb3] (Foundation) MEETERM_SMOKE_INPUT_RESIGN focused=0 result=0
2026-09-25 05:35:35.316 Df meeterm[39895:4aeb3] (Foundation) MEETERM_SMOKE_NATIVE_READY
2026-09-25 05:35:35.316 Df meeterm[39895:4aeb3] (Foundation) MEETERM_SMOKE_INPUT_BINDING_CANCEL
2026-09-25 05:35:35.316 Df meeterm[39895:4aeb3] (Foundation) MEETERM_SMOKE_INPUT_RESIGN focused=0 result=0
2026-09-25 05:35:35.338 Df meeterm[39895:4aeb3] (Foundation) MEETERM_SMOKE_INPUT_WINDOW attached=1
2026-09-25 05:35:35.361 Df meeterm[39895:4aeb3] (Foundation) MEETERM_SMOKE_FIRST_FRAME_METAL
2026-09-25 05:35:36.410 Df meeterm[39895:4aeb3] (Foundation) MEETERM_SMOKE_INPUT_WINDOW attached=0
2026-09-25 05:35:36.410 Df meeterm[39895:4aeb3] (Foundation) MEETERM_SMOKE_INPUT_BINDING_CANCEL
2026-09-25 05:35:36.410 Df meeterm[39895:4aeb3] (Foundation) MEETERM_SMOKE_INPUT_RESIGN focused=0 result=0
2026-09-25 05:35:37.652 Df meeterm[39895:4aeb3] (Foundation) MEETERM_SMOKE_INPUT_RESIGN focused=0 result=0
2026-09-25 05:35:37.653 Df meeterm[39895:4aeb3] (Foundation) MEETERM_SMOKE_INPUT_RESIGN focused=0 result=0
2026-09-25 05:35:37.666 Df meeterm[39895:4aeb3] (Foundation) MEETERM_SMOKE_INPUT_BINDING_CANCEL
2026-09-25 05:35:37.667 Df meeterm[39895:4aeb3] (Foundation) MEETERM_SMOKE_INPUT_RESIGN focused=0 result=0
2026-09-25 05:35:37.667 Df meeterm[39895:4aeb3] (Foundation) MEETERM_SMOKE_NATIVE_READY
2026-09-25 05:35:37.668 Df meeterm[39895:4aeb3] (Foundation) MEETERM_SMOKE_INPUT_WINDOW attached=1
2026-09-25 05:35:37.703 Df meeterm[39895:4aeb3] (Foundation) MEETERM_SMOKE_FIRST_FRAME_METAL
2026-09-25 05:35:38.686 Df meeterm[39895:4aeb3] (Foundation) MEETERM_SMOKE_INPUT_FOCUS result=1 window=1
2026-09-25 05:35:50.264 Df meeterm[39895:4aeb3] (Foundation) MEETERM_SMOKE_INPUT_FOCUS result=1 window=1
2026-09-25 05:35:50.264 Df meeterm[39895:4aeb3] (Foundation) MEETERM_SMOKE_PASTE_REQUEST
2026-09-25 05:35:50.273 Df meeterm[39895:4b561] (Foundation) MEETERM_SMOKE_PASTE_PROVIDER_COMPLETION
2026-09-25 05:35:50.274 Df meeterm[39895:4aeb3] (Foundation) MEETERM_SMOKE_PASTE_DELIVERY_ATTEMPT
2026-09-25 05:35:50.274 Df meeterm[39895:4aeb3] (Foundation) MEETERM_SMOKE_PASTE_RESULT accepted=1
2026-09-25 05:36:05.649 Df meeterm[39895:4aeb3] (Foundation) MEETERM_SMOKE_INPUT_FOCUS result=1 window=1
2026-09-25 05:36:05.649 Df meeterm[39895:4aeb3] (Foundation) MEETERM_SMOKE_PASTE_REQUEST
2026-09-25 05:36:05.656 Df meeterm[39895:4b36e] (Foundation) MEETERM_SMOKE_PASTE_PROVIDER_COMPLETION
2026-09-25 05:36:05.656 Df meeterm[39895:4aeb3] (Foundation) MEETERM_SMOKE_PASTE_DELIVERY_ATTEMPT
2026-09-25 05:36:05.657 Df meeterm[39895:4aeb3] (Foundation) MEETERM_SMOKE_PASTE_RESULT accepted=1
2026-09-25 05:36:09.861 Df meeterm[39895:4aeb3] (Foundation) MEETERM_SMOKE_INPUT_RESIGN focused=1 result=1
2026-09-25 05:36:09.862 Df meeterm[39895:4aeb3] (Foundation) MEETERM_SMOKE_INPUT_WINDOW attached=0
2026-09-25 05:36:09.862 Df meeterm[39895:4aeb3] (Foundation) MEETERM_SMOKE_INPUT_BINDING_CANCEL
2026-09-25 05:36:09.862 Df meeterm[39895:4aeb3] (Foundation) MEETERM_SMOKE_INPUT_RESIGN focused=0 result=0
2026-09-25 05:36:13.691 Df meeterm[39895:4aeb3] (Foundation) MEETERM_SMOKE_INPUT_RESIGN focused=0 result=0
2026-09-25 05:36:13.691 Df meeterm[39895:4aeb3] (Foundation) MEETERM_SMOKE_INPUT_RESIGN focused=0 result=0
2026-09-25 05:36:13.705 Df meeterm[39895:4aeb3] (Foundation) MEETERM_SMOKE_INPUT_BINDING_CANCEL
2026-09-25 05:36:13.705 Df meeterm[39895:4aeb3] (Foundation) MEETERM_SMOKE_INPUT_RESIGN focused=0 result=0
2026-09-25 05:36:13.706 Df meeterm[39895:4aeb3] (Foundation) MEETERM_SMOKE_NATIVE_READY
2026-09-25 05:36:13.706 Df meeterm[39895:4aeb3] (Foundation) MEETERM_SMOKE_INPUT_BINDING_CANCEL
2026-09-25 05:36:13.706 Df meeterm[39895:4aeb3] (Foundation) MEETERM_SMOKE_INPUT_RESIGN focused=0 result=0
2026-09-25 05:36:13.711 Df meeterm[39895:4aeb3] (Foundation) MEETERM_SMOKE_INPUT_WINDOW attached=1
2026-09-25 05:36:13.726 Df meeterm[39895:4aeb3] (Foundation) MEETERM_SMOKE_FIRST_FRAME_METAL
2026-09-25 05:36:15.673 Df meeterm[39895:4aeb3] (Foundation) MEETERM_SMOKE_INPUT_FOCUS result=1 window=1
2026-09-25 05:36:27.580 Df meeterm[39895:4aeb3] (Foundation) MEETERM_SMOKE_INPUT_FOCUS result=1 window=1
2026-09-25 05:36:27.580 Df meeterm[39895:4aeb3] (Foundation) MEETERM_SMOKE_PASTE_REQUEST
2026-09-25 05:36:27.588 Df meeterm[39895:4b7f1] (Foundation) MEETERM_SMOKE_PASTE_PROVIDER_COMPLETION
2026-09-25 05:36:27.588 Df meeterm[39895:4aeb3] (Foundation) MEETERM_SMOKE_PASTE_DELIVERY_ATTEMPT
2026-09-25 05:36:27.589 Df meeterm[39895:4aeb3] (Foundation) MEETERM_SMOKE_PASTE_RESULT accepted=1
2026-09-25 05:36:31.805 Df meeterm[39895:4aeb3] (Foundation) MEETERM_SMOKE_INPUT_RESIGN focused=1 result=1
2026-09-25 05:36:31.806 Df meeterm[39895:4aeb3] (Foundation) MEETERM_SMOKE_INPUT_WINDOW attached=0
2026-09-25 05:36:31.806 Df meeterm[39895:4aeb3] (Foundation) MEETERM_SMOKE_INPUT_BINDING_CANCEL
2026-09-25 05:36:31.806 Df meeterm[39895:4aeb3] (Foundation) MEETERM_SMOKE_INPUT_RESIGN focused=0 result=0
2026-09-25 05:36:35.993 Df meeterm[39895:4aeb3] (Foundation) MEETERM_SMOKE_INPUT_RESIGN focused=0 result=0
2026-09-25 05:36:35.993 Df meeterm[39895:4aeb3] (Foundation) MEETERM_SMOKE_INPUT_RESIGN focused=0 result=0
2026-09-25 05:36:36.004 Df meeterm[39895:4aeb3] (Foundation) MEETERM_SMOKE_INPUT_BINDING_CANCEL
2026-09-25 05:36:36.004 Df meeterm[39895:4aeb3] (Foundation) MEETERM_SMOKE_INPUT_RESIGN focused=0 result=0
2026-09-25 05:36:36.004 Df meeterm[39895:4aeb3] (Foundation) MEETERM_SMOKE_INPUT_BINDING_CANCEL
2026-09-25 05:36:36.004 Df meeterm[39895:4aeb3] (Foundation) MEETERM_SMOKE_INPUT_RESIGN focused=0 result=0
2026-09-25 05:36:36.004 Df meeterm[39895:4aeb3] (Foundation) MEETERM_SMOKE_NATIVE_READY
2026-09-25 05:36:36.009 Df meeterm[39895:4aeb3] (Foundation) MEETERM_SMOKE_INPUT_WINDOW attached=1
2026-09-25 05:36:36.023 Df meeterm[39895:4aeb3] (Foundation) MEETERM_SMOKE_FIRST_FRAME_METAL
2026-09-25 05:36:37.978 Df meeterm[39895:4aeb3] (Foundation) MEETERM_SMOKE_INPUT_FOCUS result=1 window=1
2026-09-25 05:36:46.962 Df meeterm[39895:4aeb3] (Foundation) MEETERM_SMOKE_INPUT_FOCUS result=1 window=1
2026-09-25 05:36:46.963 Df meeterm[39895:4aeb3] (Foundation) MEETERM_SMOKE_PASTE_REQUEST
2026-09-25 05:36:46.970 Df meeterm[39895:4b693] (Foundation) MEETERM_SMOKE_PASTE_PROVIDER_COMPLETION
2026-09-25 05:36:46.970 Df meeterm[39895:4aeb3] (Foundation) MEETERM_SMOKE_PASTE_DELIVERY_ATTEMPT
2026-09-25 05:36:46.971 Df meeterm[39895:4aeb3] (Foundation) MEETERM_SMOKE_PASTE_RESULT accepted=1
2026-09-25 05:36:51.349 Df meeterm[39895:4aeb3] (Foundation) MEETERM_SMOKE_INPUT_RESIGN focused=1 result=1
2026-09-25 05:36:51.350 Df meeterm[39895:4aeb3] (Foundation) MEETERM_SMOKE_INPUT_WINDOW attached=0
2026-09-25 05:36:51.350 Df meeterm[39895:4aeb3] (Foundation) MEETERM_SMOKE_INPUT_BINDING_CANCEL
2026-09-25 05:36:51.350 Df meeterm[39895:4aeb3] (Foundation) MEETERM_SMOKE_INPUT_RESIGN focused=0 result=0
2026-09-25 05:38:15.842 Df meeterm[39895:4aeb3] (Foundation) MEETERM_SMOKE_INPUT_RESIGN focused=0 result=0
2026-09-25 05:38:15.842 Df meeterm[39895:4aeb3] (Foundation) MEETERM_SMOKE_INPUT_RESIGN focused=0 result=0
2026-09-25 05:38:15.849 Df meeterm[39895:4aeb3] (Foundation) MEETERM_SMOKE_INPUT_BINDING_CANCEL
2026-09-25 05:38:15.849 Df meeterm[39895:4aeb3] (Foundation) MEETERM_SMOKE_INPUT_RESIGN focused=0 result=0
2026-09-25 05:38:15.849 Df meeterm[39895:4aeb3] (Foundation) MEETERM_SMOKE_NATIVE_READY
2026-09-25 05:38:15.849 Df meeterm[39895:4aeb3] (Foundation) MEETERM_SMOKE_INPUT_BINDING_CANCEL
2026-09-25 05:38:15.850 Df meeterm[39895:4aeb3] (Foundation) MEETERM_SMOKE_INPUT_RESIGN focused=0 result=0
2026-09-25 05:38:15.853 Df meeterm[39895:4aeb3] (Foundation) MEETERM_SMOKE_INPUT_WINDOW attached=1
2026-09-25 05:38:15.863 Df meeterm[39895:4aeb3] (Foundation) MEETERM_SMOKE_FIRST_FRAME_METAL
2026-09-25 05:38:17.795 Df meeterm[39895:4aeb3] (Foundation) MEETERM_SMOKE_INPUT_FOCUS result=1 window=1
2026-09-25 05:38:29.747 Df meeterm[39895:4aeb3] (Foundation) MEETERM_SMOKE_INPUT_FOCUS result=1 window=1
2026-09-25 05:38:29.748 Df meeterm[39895:4aeb3] (Foundation) MEETERM_SMOKE_PASTE_REQUEST
2026-09-25 05:38:29.755 Df meeterm[39895:4bbde] (Foundation) MEETERM_SMOKE_PASTE_PROVIDER_COMPLETION
2026-09-25 05:38:29.755 Df meeterm[39895:4aeb3] (Foundation) MEETERM_SMOKE_PASTE_DELIVERY_ATTEMPT
2026-09-25 05:38:29.755 Df meeterm[39895:4aeb3] (Foundation) MEETERM_SMOKE_PASTE_RESULT accepted=1
2026-09-25 05:38:33.997 Df meeterm[39895:4aeb3] (Foundation) MEETERM_SMOKE_INPUT_RESIGN focused=1 result=1
2026-09-25 05:38:33.998 Df meeterm[39895:4aeb3] (Foundation) MEETERM_SMOKE_INPUT_WINDOW attached=0
2026-09-25 05:38:33.998 Df meeterm[39895:4aeb3] (Foundation) MEETERM_SMOKE_INPUT_BINDING_CANCEL
2026-09-25 05:38:33.998 Df meeterm[39895:4aeb3] (Foundation) MEETERM_SMOKE_INPUT_RESIGN focused=0 result=0
2026-09-25 05:38:38.223 Df meeterm[39895:4aeb3] (Foundation) MEETERM_SMOKE_INPUT_RESIGN focused=0 result=0
2026-09-25 05:38:38.223 Df meeterm[39895:4aeb3] (Foundation) MEETERM_SMOKE_INPUT_RESIGN focused=0 result=0
2026-09-25 05:38:38.238 Df meeterm[39895:4aeb3] (Foundation) MEETERM_SMOKE_INPUT_BINDING_CANCEL
2026-09-25 05:38:38.238 Df meeterm[39895:4aeb3] (Foundation) MEETERM_SMOKE_INPUT_RESIGN focused=0 result=0
2026-09-25 05:38:38.238 Df meeterm[39895:4aeb3] (Foundation) MEETERM_SMOKE_INPUT_BINDING_CANCEL
2026-09-25 05:38:38.239 Df meeterm[39895:4aeb3] (Foundation) MEETERM_SMOKE_INPUT_RESIGN focused=0 result=0
2026-09-25 05:38:38.239 Df meeterm[39895:4aeb3] (Foundation) MEETERM_SMOKE_NATIVE_READY
2026-09-25 05:38:38.244 Df meeterm[39895:4aeb3] (Foundation) MEETERM_SMOKE_INPUT_WINDOW attached=1
2026-09-25 05:38:38.258 Df meeterm[39895:4aeb3] (Foundation) MEETERM_SMOKE_FIRST_FRAME_METAL
2026-09-25 05:38:40.180 Df meeterm[39895:4aeb3] (Foundation) MEETERM_SMOKE_INPUT_FOCUS result=1 window=1
2026-09-25 05:38:49.096 Df meeterm[39895:4aeb3] (Foundation) MEETERM_SMOKE_INPUT_FOCUS result=1 window=1
2026-09-25 05:38:49.096 Df meeterm[39895:4aeb3] (Foundation) MEETERM_SMOKE_PASTE_REQUEST
2026-09-25 05:38:49.103 Df meeterm[39895:4bcc9] (Foundation) MEETERM_SMOKE_PASTE_PROVIDER_COMPLETION
2026-09-25 05:38:49.103 Df meeterm[39895:4aeb3] (Foundation) MEETERM_SMOKE_PASTE_DELIVERY_ATTEMPT
2026-09-25 05:38:49.103 Df meeterm[39895:4aeb3] (Foundation) MEETERM_SMOKE_PASTE_RESULT accepted=1
2026-09-25 05:38:54.080 Df meeterm[39895:4aeb3] (Foundation) MEETERM_SMOKE_INPUT_FOCUS result=1 window=1
2026-09-25 05:39:05.916 Df meeterm[39895:4aeb3] (Foundation) MEETERM_SMOKE_INPUT_FOCUS result=1 window=1
2026-09-25 05:39:05.916 Df meeterm[39895:4aeb3] (Foundation) MEETERM_SMOKE_PASTE_REQUEST
2026-09-25 05:39:05.924 Df meeterm[39895:4bcc9] (Foundation) MEETERM_SMOKE_PASTE_PROVIDER_COMPLETION
2026-09-25 05:39:05.925 Df meeterm[39895:4aeb3] (Foundation) MEETERM_SMOKE_PASTE_DELIVERY_ATTEMPT
2026-09-25 05:39:05.925 Df meeterm[39895:4aeb3] (Foundation) MEETERM_SMOKE_PASTE_RESULT accepted=1
2026-09-25 05:39:09.860 Df meeterm[39895:4aeb3] (Foundation) MEETERM_SMOKE_INPUT_BINDING_CANCEL
2026-09-25 05:39:09.860 Df meeterm[39895:4aeb3] (Foundation) MEETERM_SMOKE_INPUT_FOCUS result=1 window=1
2026-09-25 05:39:09.886 Df meeterm[39895:4aeb3] (Foundation) MEETERM_SMOKE_INPUT_RESIGN focused=1 result=1
2026-09-25 05:39:10.556 Df meeterm[39895:4aeb3] (Foundation) MEETERM_SMOKE_INPUT_BINDING_CANCEL
2026-09-25 05:39:10.557 Df meeterm[39895:4aeb3] (Foundation) MEETERM_SMOKE_INPUT_RESIGN focused=0 result=0
2026-09-25 05:39:17.699 Df meeterm[39895:4aeb3] (Foundation) MEETERM_SMOKE_INPUT_FOCUS result=1 window=1
2026-09-25 05:39:29.629 Df meeterm[39895:4aeb3] (Foundation) MEETERM_SMOKE_INPUT_FOCUS result=1 window=1
2026-09-25 05:39:29.629 Df meeterm[39895:4aeb3] (Foundation) MEETERM_SMOKE_PASTE_REQUEST
2026-09-25 05:39:29.637 Df meeterm[39895:4bcc9] (Foundation) MEETERM_SMOKE_PASTE_PROVIDER_COMPLETION
2026-09-25 05:39:29.637 Df meeterm[39895:4aeb3] (Foundation) MEETERM_SMOKE_PASTE_DELIVERY_ATTEMPT
2026-09-25 05:39:29.637 Df meeterm[39895:4aeb3] (Foundation) MEETERM_SMOKE_PASTE_RESULT accepted=1
2026-09-25 05:40:15.502 Df meeterm[39895:4aeb3] (Foundation) MEETERM_SMOKE_INPUT_RESIGN focused=1 result=1
2026-09-25 05:40:15.502 Df meeterm[39895:4aeb3] (Foundation) MEETERM_SMOKE_INPUT_WINDOW attached=0
2026-09-25 05:40:15.502 Df meeterm[39895:4aeb3] (Foundation) MEETERM_SMOKE_INPUT_BINDING_CANCEL
2026-09-25 05:40:15.503 Df meeterm[39895:4aeb3] (Foundation) MEETERM_SMOKE_INPUT_RESIGN focused=0 result=0
