Monitoring boot status for iPhone 18 Pro (1308A109-3EE0-4711-9287-85246639DBC7).
[2026-09-20 13:30:50 +0000] Status=1, isTerminal=NO, Elapsed=00:03.
	Waiting on BackBoard

[2026-09-20 13:31:37 +0000] Status=2, isTerminal=NO, Elapsed=00:51.
	Waiting on Data Migration
		Reason:Running plugin com.apple.securityd.KeychainMigrator (KeychainMigrator.migrator, user-agnostic) (Concurrent: Running plugin com.apple.appleaccount.mergebuddyprovisioningresponse.migrator (MergeBuddyProvisioningResponse.migrator, concurrent after com.apple.-0LaunchServicesMigrator))
		Migration Elapsed:00:01 seconds

[2026-09-20 13:31:38 +0000] Status=2, isTerminal=NO, Elapsed=00:52.
	Waiting on Data Migration
		Reason:Running plugin com.apple.managedconfiguration.migrator (MCProfile.migrator, user-agnostic) (Concurrent: Running plugin com.apple.appleaccount.migrator (AppleAccountMigrator.migrator, concurrent after com.apple.appleaccount.mergebuddyprovisioningresponse.migrator))
		Migration Elapsed:00:01 seconds

[2026-09-20 13:31:39 +0000] Status=2, isTerminal=NO, Elapsed=00:52.
	Waiting on Data Migration
		Reason:Running plugin com.apple.addressbook.migrator (AddressBookLegacy.migrator) (Concurrent: Running plugin com.apple.MobileSlideShow (MobileSlideShow.migrator, concurrent after com.apple.accounts.migrator))
		Migration Elapsed:00:02 seconds

[2026-09-20 13:31:40 +0000] Status=2, isTerminal=NO, Elapsed=00:53.
	Waiting on Data Migration
		Reason:Running plugin com.apple.WebBookmarks.migrator (WebBookmarks.migrator)
		Migration Elapsed:00:03 seconds

[2026-09-20 13:31:40 +0000] Status=2, isTerminal=NO, Elapsed=00:54.
	Waiting on Data Migration
		Reason:Running plugin com.apple.MobileSafari.migrator (MobileSafari.migrator)
		Migration Elapsed:00:04 seconds

[2026-09-20 13:31:42 +0000] Status=2, isTerminal=NO, Elapsed=00:55.
	Waiting on Data Migration
		Reason:Running plugin com.apple.MobileSafari.migrator (MobileSafari.migrator)
		Migration Elapsed:00:05 seconds

[2026-09-20 13:31:43 +0000] Status=2, isTerminal=NO, Elapsed=00:56.
	Waiting on Data Migration
		Reason:Running plugin com.apple.MobileSafari.migrator (MobileSafari.migrator)
		Migration Elapsed:00:06 seconds

[2026-09-20 13:31:44 +0000] Status=2, isTerminal=NO, Elapsed=00:57.
	Waiting on Data Migration
		Reason:Running plugin com.apple.MobileSafari.migrator (MobileSafari.migrator)
		Migration Elapsed:00:07 seconds

[2026-09-20 13:31:45 +0000] Status=2, isTerminal=NO, Elapsed=00:59.
	Waiting on Data Migration
		Reason:Running plugin com.apple.MobileSafari.migrator (MobileSafari.migrator)
		Migration Elapsed:00:08 seconds

[2026-09-20 13:31:45 +0000] Status=2, isTerminal=NO, Elapsed=00:59.
	Waiting on Data Migration
		Reason:Running plugin com.apple.locationd.migrator (CoreLocationMigrator.migrator, dependent on com.apple.accounts.migrator)
		Migration Elapsed:00:09 seconds

[2026-09-20 13:31:46 +0000] Status=2, isTerminal=NO, Elapsed=01:00.
	Waiting on Data Migration
		Reason:Running plugin com.apple.managedconfiguration.mdm.migrator (MCMDM.migrator)
		Migration Elapsed:00:10 seconds

[2026-09-20 13:31:47 +0000] Status=2, isTerminal=NO, Elapsed=01:01.
	Waiting on Data Migration
		Reason:Running plugin com.apple.dataaccess.migrator (DAAccount.migrator)
		Migration Elapsed:00:11 seconds

[2026-09-20 13:31:48 +0000] Status=2, isTerminal=NO, Elapsed=01:02.
	Waiting on Data Migration
		Reason:Running plugin com.apple.facetime.migrator (FaceTimeMigrator.migrator)
		Migration Elapsed:00:12 seconds

[2026-09-20 13:31:50 +0000] Status=2, isTerminal=NO, Elapsed=01:03.
	Waiting on Data Migration
		Reason:Running plugin com.apple.preferences.InternationalSupportMigrator (InternationalSupportMigrator.migrator)
		Migration Elapsed:00:13 seconds

[2026-09-20 13:31:50 +0000] Status=2, isTerminal=NO, Elapsed=01:04.
	Waiting on Data Migration
		Reason:Running plugin com.apple.keyboards.migrator (KeyboardMigrator.migrator)
		Migration Elapsed:00:14 seconds

[2026-09-20 13:31:51 +0000] Status=2, isTerminal=NO, Elapsed=01:05.
	Waiting on Data Migration
		Reason:Running plugin com.apple.keyboards.migrator (KeyboardMigrator.migrator)
		Migration Elapsed:00:15 seconds

[2026-09-20 13:31:52 +0000] Status=2, isTerminal=NO, Elapsed=01:06.
	Waiting on Data Migration
		Reason:Running plugin com.apple.MobileAsset (MobileAsset.migrator)
		Migration Elapsed:00:16 seconds

[2026-09-20 13:31:53 +0000] Status=2, isTerminal=NO, Elapsed=01:07.
	Waiting on Data Migration
		Reason:Running plugin com.apple.message.AccountsMigrator (MessageAccountsMigrator.migrator)
		Migration Elapsed:00:17 seconds

[2026-09-20 13:31:54 +0000] Status=2, isTerminal=NO, Elapsed=01:08.
	Waiting on Data Migration
		Reason:Running plugin com.apple.PreferencesMigrator (PreferencesMigrator.migrator)
		Migration Elapsed:00:18 seconds

[2026-09-20 13:31:55 +0000] Status=2, isTerminal=NO, Elapsed=01:09.
	Waiting on Data Migration
		Reason:Running plugin com.apple.PreferencesMigrator (PreferencesMigrator.migrator)
		Migration Elapsed:00:19 seconds

[2026-09-20 13:31:56 +0000] Status=2, isTerminal=NO, Elapsed=01:10.
	Waiting on Data Migration
		Reason:Running plugin com.apple.PreferencesMigrator (PreferencesMigrator.migrator)
		Migration Elapsed:00:20 seconds

[2026-09-20 13:31:57 +0000] Status=2, isTerminal=NO, Elapsed=01:11.
	Waiting on Data Migration
		Reason:Running plugin com.apple.PreferencesMigrator (PreferencesMigrator.migrator)
		Migration Elapsed:00:21 seconds

[2026-09-20 13:31:58 +0000] Status=2, isTerminal=NO, Elapsed=01:12.
	Waiting on Data Migration
		Reason:Running plugin com.apple.PreferencesMigrator (PreferencesMigrator.migrator)
		Migration Elapsed:00:22 seconds

[2026-09-20 13:31:59 +0000] Status=2, isTerminal=NO, Elapsed=01:13.
	Waiting on Data Migration
		Reason:Running plugin com.apple.StocksMigrator (StocksMigrator.migrator)
		Migration Elapsed:00:23 seconds

[2026-09-20 13:32:00 +0000] Status=2, isTerminal=NO, Elapsed=01:14.
	Waiting on Data Migration
		Reason:Running plugin com.apple.tone.migrator (Tones.migrator)
		Migration Elapsed:00:24 seconds

[2026-09-20 13:32:01 +0000] Status=2, isTerminal=NO, Elapsed=01:15.
	Waiting on Data Migration
		Reason:Running plugin com.apple.accounts.obsolescencemigrator (AccountsObsolescence.migrator)
		Migration Elapsed:00:25 seconds

[2026-09-20 13:32:02 +0000] Status=2, isTerminal=NO, Elapsed=01:16.
	Waiting on Data Migration
		Reason:Running plugin com.apple.managedconfiguration.cleanup.migrator (MCCleanup.migrator)
		Migration Elapsed:00:26 seconds

[2026-09-20 13:32:03 +0000] Status=4294967295, isTerminal=YES, Elapsed=01:17.
	Finished

bootstatus=ready
