Timestamp               Ty Process[PID:TID]
2026-09-24 00:52:25.652 Df meeterm[13855:20251] (Foundation) MEETERM_SMOKE_STARTUP phase=js_module_loaded
2026-09-24 00:52:25.663 Df meeterm[13855:20251] (Foundation) MEETERM_SMOKE_STARTUP phase=root_effect
2026-09-24 00:52:25.666 Df meeterm[13855:20251] (Foundation) MEETERM_SMOKE_STARTUP phase=initial_url_requested
2026-09-24 00:52:25.689 Df meeterm[13855:20251] (Foundation) MEETERM_SMOKE_STARTUP phase=initial_url_null
2026-09-24 00:52:25.712 Df meeterm[13855:20251] (Foundation) MEETERM_SMOKE_STARTUP phase=app_content_mounted
2026-09-24 00:52:25.712 Df meeterm[13855:20251] (Foundation) MEETERM_SMOKE_STARTUP phase=profiles_requested
2026-09-24 00:52:25.715 Df meeterm[13855:20251] (Foundation) MEETERM_SMOKE_STARTUP phase=profiles_succeeded
2026-09-24 00:53:19.575 Df meeterm[13855:201e8] (Foundation) MEETERM_SMOKE_INPUT_RESIGN focused=0 result=0
2026-09-24 00:53:19.575 Df meeterm[13855:201e8] (Foundation) MEETERM_SMOKE_INPUT_RESIGN focused=0 result=0
2026-09-24 00:53:20.435 Df meeterm[13855:201e8] (Foundation) MEETERM_SMOKE_INPUT_BINDING_CANCEL
2026-09-24 00:53:20.436 Df meeterm[13855:201e8] (Foundation) MEETERM_SMOKE_INPUT_RESIGN focused=0 result=0
2026-09-24 00:53:20.436 Df meeterm[13855:201e8] (Foundation) MEETERM_SMOKE_INPUT_BINDING_CANCEL
2026-09-24 00:53:20.436 Df meeterm[13855:201e8] (Foundation) MEETERM_SMOKE_INPUT_RESIGN focused=0 result=0
2026-09-24 00:53:20.436 Df meeterm[13855:201e8] (Foundation) MEETERM_SMOKE_NATIVE_READY
2026-09-24 00:53:20.465 Df meeterm[13855:201e8] (Foundation) MEETERM_SMOKE_INPUT_WINDOW attached=1
2026-09-24 00:53:20.485 Df meeterm[13855:201e8] (Foundation) MEETERM_SMOKE_FIRST_FRAME_METAL
2026-09-24 00:53:21.500 Df meeterm[13855:201e8] (Foundation) MEETERM_SMOKE_INPUT_WINDOW attached=0
2026-09-24 00:53:21.502 Df meeterm[13855:201e8] (Foundation) MEETERM_SMOKE_INPUT_BINDING_CANCEL
2026-09-24 00:53:21.502 Df meeterm[13855:201e8] (Foundation) MEETERM_SMOKE_INPUT_RESIGN focused=0 result=0
2026-09-24 00:53:22.744 Df meeterm[13855:201e8] (Foundation) MEETERM_SMOKE_INPUT_RESIGN focused=0 result=0
2026-09-24 00:53:22.747 Df meeterm[13855:201e8] (Foundation) MEETERM_SMOKE_INPUT_RESIGN focused=0 result=0
2026-09-24 00:53:22.757 Df meeterm[13855:201e8] (Foundation) MEETERM_SMOKE_INPUT_BINDING_CANCEL
2026-09-24 00:53:22.757 Df meeterm[13855:201e8] (Foundation) MEETERM_SMOKE_INPUT_RESIGN focused=0 result=0
2026-09-24 00:53:22.757 Df meeterm[13855:201e8] (Foundation) MEETERM_SMOKE_NATIVE_READY
2026-09-24 00:53:22.758 Df meeterm[13855:201e8] (Foundation) MEETERM_SMOKE_INPUT_WINDOW attached=1
2026-09-24 00:53:22.774 Df meeterm[13855:201e8] (Foundation) MEETERM_SMOKE_FIRST_FRAME_METAL
2026-09-24 00:53:23.669 Df meeterm[13855:201e8] (Foundation) MEETERM_SMOKE_INPUT_FOCUS result=1 window=1
2026-09-24 00:53:35.889 Df meeterm[13855:201e8] (Foundation) MEETERM_SMOKE_INPUT_FOCUS result=1 window=1
2026-09-24 00:53:35.889 Df meeterm[13855:201e8] (Foundation) MEETERM_SMOKE_PASTE_REQUEST
2026-09-24 00:53:35.899 Df meeterm[13855:20268] (Foundation) MEETERM_SMOKE_PASTE_PROVIDER_COMPLETION
2026-09-24 00:53:35.899 Df meeterm[13855:201e8] (Foundation) MEETERM_SMOKE_PASTE_DELIVERY_ATTEMPT
2026-09-24 00:53:35.899 Df meeterm[13855:201e8] (Foundation) MEETERM_SMOKE_PASTE_RESULT accepted=1
2026-09-24 00:53:41.472 Df meeterm[13855:201e8] (Foundation) MEETERM_SMOKE_INPUT_FOCUS result=1 window=1
2026-09-24 00:53:53.288 Df meeterm[13855:201e8] (Foundation) MEETERM_SMOKE_INPUT_FOCUS result=1 window=1
2026-09-24 00:53:53.289 Df meeterm[13855:201e8] (Foundation) MEETERM_SMOKE_PASTE_REQUEST
2026-09-24 00:53:53.297 Df meeterm[13855:20627] (Foundation) MEETERM_SMOKE_PASTE_PROVIDER_COMPLETION
2026-09-24 00:53:53.297 Df meeterm[13855:201e8] (Foundation) MEETERM_SMOKE_PASTE_DELIVERY_ATTEMPT
2026-09-24 00:53:53.298 Df meeterm[13855:201e8] (Foundation) MEETERM_SMOKE_PASTE_RESULT accepted=1
2026-09-24 00:53:57.577 Df meeterm[13855:201e8] (Foundation) MEETERM_SMOKE_INPUT_BINDING_CANCEL
2026-09-24 00:53:57.577 Df meeterm[13855:201e8] (Foundation) MEETERM_SMOKE_INPUT_FOCUS result=1 window=1
2026-09-24 00:53:57.604 Df meeterm[13855:201e8] (Foundation) MEETERM_SMOKE_INPUT_RESIGN focused=1 result=1
2026-09-24 00:53:58.281 Df meeterm[13855:201e8] (Foundation) MEETERM_SMOKE_INPUT_BINDING_CANCEL
2026-09-24 00:53:58.281 Df meeterm[13855:201e8] (Foundation) MEETERM_SMOKE_INPUT_RESIGN focused=0 result=0
2026-09-24 00:54:05.488 Df meeterm[13855:201e8] (Foundation) MEETERM_SMOKE_INPUT_FOCUS result=1 window=1
2026-09-24 00:54:17.523 Df meeterm[13855:201e8] (Foundation) MEETERM_SMOKE_INPUT_FOCUS result=1 window=1
2026-09-24 00:54:17.524 Df meeterm[13855:201e8] (Foundation) MEETERM_SMOKE_PASTE_REQUEST
2026-09-24 00:54:17.534 Df meeterm[13855:20b2e] (Foundation) MEETERM_SMOKE_PASTE_PROVIDER_COMPLETION
2026-09-24 00:54:17.534 Df meeterm[13855:201e8] (Foundation) MEETERM_SMOKE_PASTE_DELIVERY_ATTEMPT
2026-09-24 00:54:17.534 Df meeterm[13855:201e8] (Foundation) MEETERM_SMOKE_PASTE_RESULT accepted=1
2026-09-24 00:55:03.664 Df meeterm[13855:201e8] (Foundation) MEETERM_SMOKE_INPUT_RESIGN focused=1 result=1
2026-09-24 00:55:03.664 Df meeterm[13855:201e8] (Foundation) MEETERM_SMOKE_INPUT_WINDOW attached=0
2026-09-24 00:55:03.665 Df meeterm[13855:201e8] (Foundation) MEETERM_SMOKE_INPUT_BINDING_CANCEL
2026-09-24 00:55:03.665 Df meeterm[13855:201e8] (Foundation) MEETERM_SMOKE_INPUT_RESIGN focused=0 result=0
