Command line invocation:
    /Applications/Xcode.app/Contents/Developer/usr/bin/xcodebuild test-without-building -xctestrun /Users/devin/runner-temp/meeterm-derived-data/Build/Products/att28-bdd83d55.xctestrun -destination "platform=iOS Simulator,id=7EE2EBC1-0640-4950-AAFF-B4CDF455F377" "-only-testing:meetermTests/MeetermSmokeUITests/testIssue28AttachmentEndToEnd" -resultBundlePath /Users/devin/runner-temp/att28-e2e-bdd83d55.xcresult

2026-09-26 15:03:21.834 xcodebuild[19214:144350] [MT] IDERunDestination: Supported platforms for the buildables in the current scheme is empty.
Writing result bundle at path:
	/Users/devin/runner-temp/att28-e2e-bdd83d55.xcresult

2026-09-26 15:03:21.837 xcodebuild[19214:144350] [MT] IDERunDestination: Supported platforms for the buildables in the current scheme is empty.
2026-09-26 15:03:22.095 xcodebuild[19214:144350] [MT] IDERunDestination: Supported platforms for the buildables in the current scheme is empty.
2026-09-26 15:03:24.354515-0700 meetermTests-Runner[19221:144613] [Default] Running tests...
    t =      nans Interface orientation changed to Portrait
Test Suite 'Selected tests' started at 2026-09-26 15:03:26.847.
Test Suite 'meetermTests.xctest' started at 2026-09-26 15:03:26.847.
Test Suite 'MeetermSmokeUITests' started at 2026-09-26 15:03:26.848.
Test Case '-[meetermTests.MeetermSmokeUITests testIssue28AttachmentEndToEnd]' started.
    t =     0.01s Start Test at 2026-09-26 15:03:26.854
    t =     0.03s Set Up
    t =     0.04s     Open dev.meeterm.app
    t =     0.04s         Launch dev.meeterm.app
2026-09-26 15:03:26.928 xcodebuild[19214:144350] [MT] IDELaunchParametersSnapshot: The operation couldn’t be completed. (DebuggerLLDB.DebuggerVersionStore.StoreError error 0.)
2026-09-26 15:03:26.928 xcodebuild[19214:144350] [MT] IDELaunchParametersSnapshot: no debugger version
objc[19221]: Class UIAccessibilityLoaderWebShared is implemented in both /Library/Developer/CoreSimulator/Profiles/Runtimes/iOS 27.0.simruntime/Contents/Resources/RuntimeRoot/System/Library/AccessibilityBundles/WebKit.axbundle/WebKit (0x106214398) and /Library/Developer/CoreSimulator/Profiles/Runtimes/iOS 27.0.simruntime/Contents/Resources/RuntimeRoot/System/Library/AccessibilityBundles/WebCore.axbundle/WebCore (0x106314310). This may cause spurious casting failures and mysterious crashes. One of the duplicates must be removed or renamed.
    t =     1.54s             Setting up automation session
    t =     4.32s             Wait for dev.meeterm.app to idle
    t =     5.70s     Wait for dev.meeterm.app to become Running Foreground
    t =     5.70s Get number of matches for: Elements matching predicate 'identifier == "Connect" OR label == "Connect"'
    t =     5.73s Get number of matches for: Elements matching predicate 'identifier == "Connect" OR label == "Connect"'
    t =     5.75s Checking existence of `Button (Element at index 0)`
    t =     5.76s Find the Button (Element at index 0)
    t =     5.82s Waiting 20.0s for "Connect" Button to exist
    t =     6.89s     Checking `Expect predicate `existsNoRetry == 1` for object "Connect" Button`
    t =     6.89s         Checking existence of `"Connect" Button`
    t =     6.91s Get number of matches for: Elements matching predicate 'identifier == "Connect" OR label == "Connect"'
    t =     6.92s Get number of matches for: Elements matching predicate 'identifier == "Connect" OR label == "Connect"'
    t =     6.94s Checking existence of `Button (Element at index 0)`
    t =     6.95s Find the Button (Element at index 0)
    t =     6.99s Tap "Connect" Button
    t =     6.99s     Wait for dev.meeterm.app to idle
    t =     6.99s     Find the "Connect" Button
    t =     7.01s     Check for interrupting elements affecting "Connect" Button
    t =     7.04s     Synthesize event
    t =     7.45s     Wait for dev.meeterm.app to idle
    t =     7.88s Waiting 15.0s for TextField (First Match) to exist
    t =     8.92s     Checking `Expect predicate `existsNoRetry == 1` for object TextField (First Match)`
    t =     8.92s         Checking existence of `TextField (First Match)`
    t =     9.00s Waiting 10.0s for TextField (First Match) to exist
    t =    10.05s     Checking `Expect predicate `existsNoRetry == 1` for object TextField (First Match)`
    t =    10.05s         Checking existence of `TextField (First Match)`
    t =    10.13s Checking existence of `TextField (First Match)`
    t =    10.21s Find the TextField (First Match)
    t =    10.31s Tap "ssh-host" TextField[0.95, 0.50]
    t =    10.31s     Wait for dev.meeterm.app to idle
    t =    10.31s     Find the "ssh-host" TextField
    t =    10.39s     Check for interrupting elements affecting "ssh-host" TextField
    t =    10.45s     Synthesize event
    t =    10.45s         Find the "ssh-host" TextField
    t =    10.54s         Find the "ssh-host" TextField
    t =    10.63s         Find the "ssh-host" TextField
    t =    10.99s     Wait for dev.meeterm.app to idle
    t =    11.46s Find the "ssh-host" TextField
    t =    11.93s Find the "ssh-host" TextField
    t =    12.07s Type '127.0.0.1' into "ssh-host" TextField
    t =    12.07s     Wait for dev.meeterm.app to idle
    t =    12.08s     Find the "ssh-host" TextField
    t =    12.20s     Check for interrupting elements affecting "ssh-host" TextField
    t =    12.25s     Synthesize event
    t =    12.61s     Wait for dev.meeterm.app to idle
    t =    13.69s Checking `Expect predicate `BLOCKPREDICATE(0x105dd1b60)` for object "ssh-host" TextField`
    t =    13.69s     Find the "ssh-host" TextField
    t =    13.84s     Find the "ssh-host" TextField
    t =    13.97s Waiting 10.0s for TextField (First Match) to exist
    t =    15.04s     Checking `Expect predicate `existsNoRetry == 1` for object TextField (First Match)`
    t =    15.04s         Checking existence of `TextField (First Match)`
    t =    15.18s Checking existence of `TextField (First Match)`
    t =    15.30s Find the TextField (First Match)
    t =    15.52s Tap "ssh-port" TextField[0.95, 0.50]
    t =    15.52s     Wait for dev.meeterm.app to idle
    t =    15.52s     Find the "ssh-port" TextField
    t =    15.67s     Check for interrupting elements affecting "ssh-port" TextField
    t =    15.71s     Synthesize event
    t =    15.72s         Find the "ssh-port" TextField
    t =    15.85s         Find the "ssh-port" TextField
    t =    16.00s         Find the "ssh-port" TextField
    t =    16.56s     Wait for dev.meeterm.app to idle
    t =    16.85s Find the "ssh-port" TextField
    t =    17.07s Find the "ssh-port" TextField
    t =    17.22s Type '' into "ssh-port" TextField
    t =    17.22s     Wait for dev.meeterm.app to idle
    t =    17.22s     Find the "ssh-port" TextField
    t =    17.36s     Check for interrupting elements affecting "ssh-port" TextField
    t =    17.41s     Synthesize event
    t =    17.65s     Wait for dev.meeterm.app to idle
    t =    17.66s Find the "ssh-port" TextField
    t =    17.78s Type '57673' into "ssh-port" TextField
    t =    17.78s     Wait for dev.meeterm.app to idle
    t =    17.78s     Find the "ssh-port" TextField
    t =    17.89s     Check for interrupting elements affecting "ssh-port" TextField
    t =    17.94s     Synthesize event
    t =    18.23s     Wait for dev.meeterm.app to idle
    t =    19.31s Checking `Expect predicate `BLOCKPREDICATE(0x105dbdaa0)` for object "ssh-port" TextField`
    t =    19.31s     Find the "ssh-port" TextField
    t =    19.42s     Find the "ssh-port" TextField
    t =    19.53s Waiting 10.0s for TextField (First Match) to exist
    t =    20.57s     Checking `Expect predicate `existsNoRetry == 1` for object TextField (First Match)`
    t =    20.57s         Checking existence of `TextField (First Match)`
    t =    20.68s Checking existence of `TextField (First Match)`
    t =    20.83s Find the TextField (First Match)
    t =    20.96s Tap "ssh-username" TextField[0.95, 0.50]
    t =    20.96s     Wait for dev.meeterm.app to idle
    t =    20.96s     Find the "ssh-username" TextField
    t =    21.08s     Check for interrupting elements affecting "ssh-username" TextField
    t =    21.12s     Synthesize event
    t =    21.12s         Find the "ssh-username" TextField
    t =    21.27s         Find the "ssh-username" TextField
    t =    21.39s         Find the "ssh-username" TextField
    t =    21.79s     Wait for dev.meeterm.app to idle
    t =    22.18s Find the "ssh-username" TextField
    t =    22.32s Find the "ssh-username" TextField
    t =    22.46s Type 'd' into "ssh-username" TextField
    t =    22.46s     Wait for dev.meeterm.app to idle
    t =    22.46s     Find the "ssh-username" TextField
    t =    22.58s     Check for interrupting elements affecting "ssh-username" TextField
    t =    22.62s     Synthesize event
    t =    22.85s     Wait for dev.meeterm.app to idle
    t =    23.92s Checking `Expect predicate `BLOCKPREDICATE(0x105e11e30)` for object "ssh-username" TextField`
    t =    23.92s     Find the "ssh-username" TextField
    t =    24.05s     Find the "ssh-username" TextField
    t =    24.18s Type 'e' into "ssh-username" TextField
    t =    24.18s     Wait for dev.meeterm.app to idle
    t =    24.18s     Find the "ssh-username" TextField
    t =    24.33s     Check for interrupting elements affecting "ssh-username" TextField
    t =    24.37s     Synthesize event
    t =    24.59s     Wait for dev.meeterm.app to idle
    t =    25.65s Checking `Expect predicate `BLOCKPREDICATE(0x105e13450)` for object "ssh-username" TextField`
    t =    25.65s     Find the "ssh-username" TextField
    t =    25.78s     Find the "ssh-username" TextField
    t =    25.93s Type 'v' into "ssh-username" TextField
    t =    25.93s     Wait for dev.meeterm.app to idle
    t =    25.93s     Find the "ssh-username" TextField
    t =    26.08s     Check for interrupting elements affecting "ssh-username" TextField
    t =    26.12s     Synthesize event
    t =    26.34s     Wait for dev.meeterm.app to idle
    t =    27.41s Checking `Expect predicate `BLOCKPREDICATE(0x105e13450)` for object "ssh-username" TextField`
    t =    27.41s     Find the "ssh-username" TextField
    t =    27.53s     Find the "ssh-username" TextField
    t =    27.68s Type 'i' into "ssh-username" TextField
    t =    27.68s     Wait for dev.meeterm.app to idle
    t =    27.69s     Find the "ssh-username" TextField
    t =    27.83s     Check for interrupting elements affecting "ssh-username" TextField
    t =    27.88s     Synthesize event
    t =    28.09s     Wait for dev.meeterm.app to idle
    t =    29.16s Checking `Expect predicate `BLOCKPREDICATE(0x105e129d0)` for object "ssh-username" TextField`
    t =    29.16s     Find the "ssh-username" TextField
    t =    29.29s     Find the "ssh-username" TextField
    t =    29.42s Type 'n' into "ssh-username" TextField
    t =    29.42s     Wait for dev.meeterm.app to idle
    t =    29.43s     Find the "ssh-username" TextField
    t =    29.59s     Check for interrupting elements affecting "ssh-username" TextField
    t =    29.63s     Synthesize event
    t =    29.85s     Wait for dev.meeterm.app to idle
    t =    30.90s Checking `Expect predicate `BLOCKPREDICATE(0x105e10570)` for object "ssh-username" TextField`
    t =    30.90s     Find the "ssh-username" TextField
    t =    31.06s     Find the "ssh-username" TextField
    t =    32.33s Checking `Expect predicate `BLOCKPREDICATE(0x105e27060)` for object "ssh-username" TextField`
    t =    32.33s     Find the "ssh-username" TextField
    t =    32.47s     Find the "ssh-username" TextField
    t =    32.61s Find the TextView (First Match)
    t =    32.80s Find the "ssh-private-key" TextView
    t =    32.96s Find the "ssh-private-key" TextView
    t =    33.14s Find the "ssh-private-key" TextView
    t =    33.33s Find the "ssh-private-key" TextView
    t =    33.50s Find the "ssh-private-key" TextView
    t =    33.68s Find the "ssh-private-key" TextView
    t =    33.84s Find the "ssh-private-key" TextView
    t =    34.01s Waiting 15.0s for "ssh-private-key" TextView to exist
    t =    35.07s     Checking `Expect predicate `existsNoRetry == 1` for object "ssh-private-key" TextView`
    t =    35.07s         Checking existence of `"ssh-private-key" TextView`
    t =    35.22s Tap "ssh-private-key" TextView
    t =    35.22s     Wait for dev.meeterm.app to idle
    t =    35.22s     Find the "ssh-private-key" TextView
    t =    35.42s     Check for interrupting elements affecting "ssh-private-key" TextView
    t =    35.47s     Synthesize event
    t =    35.76s     Wait for dev.meeterm.app to idle
    t =    35.76s Type '-----BEGIN OPENSSH...' into "ssh-private-key" TextView
    t =    35.76s     Wait for dev.meeterm.app to idle
    t =    35.78s     Find the "ssh-private-key" TextView
    t =    36.05s     Check for interrupting elements affecting "ssh-private-key" TextView
    t =    36.10s     Synthesize event
    t =    36.92s     Wait for dev.meeterm.app to idle
    t =    36.93s Checking existence of `"return" Key`
    t =    36.98s Type '
' into "ssh-private-key" TextView
    t =    36.98s     Wait for dev.meeterm.app to idle
    t =    36.98s     Find the "ssh-private-key" TextView
    t =    37.15s     Check for interrupting elements affecting "ssh-private-key" TextView
    t =    37.20s     Synthesize event
    t =    37.42s     Wait for dev.meeterm.app to idle
    t =    37.42s Type 'b3BlbnNzaC1rZXktdj...' into "ssh-private-key" TextView
    t =    37.42s     Wait for dev.meeterm.app to idle
    t =    37.43s     Find the "ssh-private-key" TextView
    t =    37.59s     Check for interrupting elements affecting "ssh-private-key" TextView
    t =    37.63s     Synthesize event
    t =    39.02s     Wait for dev.meeterm.app to idle
    t =    39.03s Checking existence of `"return" Key`
    t =    39.07s Type '
' into "ssh-private-key" TextView
    t =    39.07s     Wait for dev.meeterm.app to idle
    t =    39.08s     Find the "ssh-private-key" TextView
    t =    39.24s     Check for interrupting elements affecting "ssh-private-key" TextView
    t =    39.29s     Synthesize event
    t =    39.50s     Wait for dev.meeterm.app to idle
    t =    39.51s Type 'QyNTUxOQAAACBZGnJq...' into "ssh-private-key" TextView
    t =    39.51s     Wait for dev.meeterm.app to idle
    t =    39.51s     Find the "ssh-private-key" TextView
    t =    39.67s     Check for interrupting elements affecting "ssh-private-key" TextView
    t =    39.71s     Synthesize event
    t =    41.09s     Wait for dev.meeterm.app to idle
    t =    41.10s Checking existence of `"return" Key`
    t =    41.14s Type '
' into "ssh-private-key" TextView
    t =    41.14s     Wait for dev.meeterm.app to idle
    t =    41.15s     Find the "ssh-private-key" TextView
    t =    41.32s     Check for interrupting elements affecting "ssh-private-key" TextView
    t =    41.36s     Synthesize event
    t =    41.59s     Wait for dev.meeterm.app to idle
    t =    41.59s Type 'ZgAAAAtzc2gtZWQyNT...' into "ssh-private-key" TextView
    t =    41.59s     Wait for dev.meeterm.app to idle
    t =    41.59s     Find the "ssh-private-key" TextView
    t =    41.76s     Check for interrupting elements affecting "ssh-private-key" TextView
    t =    41.81s     Synthesize event
    t =    43.19s     Wait for dev.meeterm.app to idle
    t =    43.19s Checking existence of `"return" Key`
    t =    43.24s Type '
' into "ssh-private-key" TextView
    t =    43.24s     Wait for dev.meeterm.app to idle
    t =    43.24s     Find the "ssh-private-key" TextView
    t =    43.40s     Check for interrupting elements affecting "ssh-private-key" TextView
    t =    43.45s     Synthesize event
    t =    43.67s     Wait for dev.meeterm.app to idle
    t =    43.67s Type 'AAAEDayd4TJY1iUxkT...' into "ssh-private-key" TextView
    t =    43.67s     Wait for dev.meeterm.app to idle
    t =    43.68s     Find the "ssh-private-key" TextView
    t =    43.84s     Check for interrupting elements affecting "ssh-private-key" TextView
    t =    43.88s     Synthesize event
    t =    45.27s     Wait for dev.meeterm.app to idle
    t =    45.27s Checking existence of `"return" Key`
    t =    45.32s Type '
' into "ssh-private-key" TextView
    t =    45.32s     Wait for dev.meeterm.app to idle
    t =    45.32s     Find the "ssh-private-key" TextView
    t =    45.47s     Check for interrupting elements affecting "ssh-private-key" TextView
    t =    45.52s     Synthesize event
    t =    45.74s     Wait for dev.meeterm.app to idle
    t =    45.75s Type 'tweLL2EgxPhMDzox7n...' into "ssh-private-key" TextView
    t =    45.75s     Wait for dev.meeterm.app to idle
    t =    45.75s     Find the "ssh-private-key" TextView
    t =    45.91s     Check for interrupting elements affecting "ssh-private-key" TextView
    t =    45.95s     Synthesize event
    t =    47.10s     Wait for dev.meeterm.app to idle
    t =    47.10s Checking existence of `"return" Key`
    t =    47.15s Type '
' into "ssh-private-key" TextView
    t =    47.15s     Wait for dev.meeterm.app to idle
    t =    47.15s     Find the "ssh-private-key" TextView
    t =    47.34s     Check for interrupting elements affecting "ssh-private-key" TextView
    t =    47.39s     Synthesize event
    t =    47.61s     Wait for dev.meeterm.app to idle
    t =    47.61s Type '-----END OPENSSH P...' into "ssh-private-key" TextView
    t =    47.61s     Wait for dev.meeterm.app to idle
    t =    47.61s     Find the "ssh-private-key" TextView
    t =    47.78s     Check for interrupting elements affecting "ssh-private-key" TextView
    t =    47.82s     Synthesize event
    t =    48.59s     Wait for dev.meeterm.app to idle
    t =    48.59s Waiting 15.0s for "ssh-submit" Button to exist
    t =    49.64s     Checking `Expect predicate `existsNoRetry == 1` for object "ssh-submit" Button`
    t =    49.64s         Checking existence of `"ssh-submit" Button`
    t =    49.68s Checking existence of `"ssh-submit" Button`
    t =    49.73s Find the "ssh-submit" Button
    t =    49.82s Tap "ssh-submit" Button
    t =    49.82s     Wait for dev.meeterm.app to idle
    t =    49.82s     Find the "ssh-submit" Button
    t =    49.87s     Check for interrupting elements affecting "ssh-submit" Button
    t =    49.92s     Synthesize event
    t =    50.25s     Wait for dev.meeterm.app to idle
    t =    50.63s Checking existence of `"ssh-submit" Button`
    t =    50.65s Checking existence of `Alert (First Match)`
    t =    50.74s Checking existence of `StaticText (First Match)`
    t =    50.79s Waiting 60.0s for StaticText (First Match) to exist
    t =    51.80s     Checking `Expect predicate `existsNoRetry == 1` for object StaticText (First Match)`
    t =    51.80s         Checking existence of `StaticText (First Match)`
    t =    51.83s Get number of matches for: Elements matching predicate 'identifier == "tmux runtime meeterm" OR label == "tmux runtime meeterm"'
    t =    51.86s Get number of matches for: Elements matching predicate 'identifier == "tmux runtime meeterm" OR label == "tmux runtime meeterm"'
    t =    51.89s Checking existence of `Button (Element at index 0)`
    t =    51.92s Find the Button (Element at index 0)
    t =    51.97s Waiting 30.0s for "runtime-row-tmux-runtime-1-1-tmux-0" Button to exist
    t =    53.02s     Checking `Expect predicate `existsNoRetry == 1` for object "runtime-row-tmux-runtime-1-1-tmux-0" Button`
    t =    53.02s         Checking existence of `"runtime-row-tmux-runtime-1-1-tmux-0" Button`
    t =    53.05s Checking existence of `"runtime-row-tmux-runtime-1-1-tmux-0" Button`
    t =    53.08s Find the "runtime-row-tmux-runtime-1-1-tmux-0" Button
    t =    53.13s Tap "runtime-row-tmux-runtime-1-1-tmux-0" Button
    t =    53.13s     Wait for dev.meeterm.app to idle
    t =    53.13s     Find the "runtime-row-tmux-runtime-1-1-tmux-0" Button
    t =    53.16s     Check for interrupting elements affecting "runtime-row-tmux-runtime-1-1-tmux-0" Button
    t =    53.20s     Synthesize event
    t =    53.50s     Wait for dev.meeterm.app to idle
    t =    53.50s Waiting 90.0s for StaticText (First Match) to exist
    t =    54.56s     Checking `Expect predicate `existsNoRetry == 1` for object StaticText (First Match)`
    t =    54.56s         Checking existence of `StaticText (First Match)`
    t =    54.61s Get number of matches for: Elements matching predicate 'identifier BEGINSWITH "workspace-row-" AND label BEGINSWITH "Workspace "'
    t =    54.63s Find the Button (Element at index 0)
    t =    54.64s Find the Button (Element at index 1)
    t =    54.66s Get number of matches for: Elements matching predicate 'identifier == "Workspace ios-main" OR label == "Workspace ios-main"'
    t =    54.69s Get number of matches for: Elements matching predicate 'identifier == "Workspace ios-main" OR label == "Workspace ios-main"'
    t =    54.70s Checking existence of `Button (Element at index 0)`
    t =    54.72s Find the Button (Element at index 0)
    t =    54.78s Checking existence of `"workspace-row-@0" Button`
    t =    54.79s Get number of matches for: Elements matching predicate 'identifier == "Workspace ios-main" OR label == "Workspace ios-main"'
    t =    54.81s Get number of matches for: Elements matching predicate 'identifier == "Workspace ios-main" OR label == "Workspace ios-main"'
    t =    54.83s Checking existence of `Button (Element at index 0)`
    t =    54.85s Find the Button (Element at index 0)
    t =    54.88s Tap "workspace-row-@0" Button
    t =    54.88s     Wait for dev.meeterm.app to idle
    t =    54.88s     Find the "workspace-row-@0" Button
    t =    54.90s     Check for interrupting elements affecting "workspace-row-@0" Button
    t =    54.94s     Synthesize event
    t =    55.24s     Wait for dev.meeterm.app to idle
    t =    55.69s Get all elements bound by index for: Elements matching predicate 'identifier == "Terminal" OR label == "Terminal" OR label == "Terminal, cached output, read only"'
    t =    55.71s Checking existence of `Other (Element at index 0)`
    t =    55.73s Find the Other (Element at index 0)
    t =    55.77s Checking existence of `Other (Element at index 1)`
    t =    55.79s Find the Other (Element at index 1)
    t =    55.81s Find the "Terminal" Other
    t =    55.84s Get all elements bound by index for: Elements matching predicate 'identifier BEGINSWITH "terminal-tab-"'
    t =    55.86s Find the Any (Element at index 0)
    t =    55.87s Checking existence of `"terminal-tab-%0" Other`
    t =    55.89s Find the Any (Element at index 1)
    t =    55.91s Checking existence of `"terminal-tab-%1" Other`
    t =    55.93s Find the "terminal-tab-%0" Other
    t =    55.94s Find the "terminal-tab-%1" Other
    t =    55.96s Find the "terminal-tab-%0" Other
    t =    55.98s Find the "terminal-tab-%0" Other
    t =    56.00s Get all elements bound by index for: Elements matching predicate 'identifier BEGINSWITH "terminal-tab-"'
    t =    56.01s Find the Any (Element at index 0)
    t =    56.03s Checking existence of `"terminal-tab-%0" Other`
    t =    56.04s Find the Any (Element at index 1)
    t =    56.06s Checking existence of `"terminal-tab-%1" Other`
    t =    56.08s Find the "terminal-tab-%1" Other
    t =    56.10s Find the "terminal-tab-%0" Other
    t =    56.12s Find the "terminal-tab-%0" Other
    t =    56.13s Get all elements bound by index for: Elements matching predicate 'identifier == "Terminal" OR label == "Terminal" OR label == "Terminal, cached output, read only"'
    t =    56.15s Checking existence of `Other (Element at index 0)`
    t =    56.17s Find the Other (Element at index 0)
    t =    56.19s Checking existence of `Other (Element at index 1)`
    t =    56.20s Find the Other (Element at index 1)
    t =    56.22s Find the "Terminal" Other
    t =    56.25s Checking existence of `StaticText (First Match)`
    t =    56.28s Checking existence of `StaticText (First Match)`
    t =    56.34s Checking existence of `Button (First Match)`
    t =    56.40s Checking existence of `Any (First Match)`
    t =    56.46s Checking existence of `"terminal-tab-%0" Other`
    t =    56.47s Find the "terminal-tab-%0" Other
    t =    56.49s Checking existence of `"Terminal" Other`
    t =    56.50s Find the "Terminal" Other
    t =    56.61s Waiting 30.0s for "Attach image" Button to exist
    t =    57.69s     Checking `Expect predicate `existsNoRetry == 1` for object "Attach image" Button`
    t =    57.69s         Checking existence of `"Attach image" Button`
    t =    57.71s Checking existence of `"Attach image" Button`
    t =    57.73s Find the "Attach image" Button
    t =    57.74s Find the "attach-image" Button
    t =    57.78s Tap "attach-image" Button
    t =    57.78s     Wait for dev.meeterm.app to idle
    t =    57.79s     Find the "attach-image" Button
    t =    57.81s     Check for interrupting elements affecting "attach-image" Button
    t =    57.83s     Synthesize event
    t =    58.13s     Wait for dev.meeterm.app to idle
    t =    58.47s Waiting 20.0s for "Choose from photos" Button to exist
    t =    59.51s     Checking `Expect predicate `existsNoRetry == 1` for object "Choose from photos" Button`
    t =    59.52s         Checking existence of `"Choose from photos" Button`
    t =    59.72s Tap "Choose from photos" Button
    t =    59.72s     Wait for dev.meeterm.app to idle
    t =    59.72s     Find the "Choose from photos" Button
    t =    59.75s     Check for interrupting elements affecting "attachment-pick-photos" Button
    t =    59.78s     Synthesize event
    t =    60.09s     Wait for dev.meeterm.app to idle
    t =    60.09s Get number of matches for: Elements matching predicate 'identifier == "PXGGridLayout-Info"'
    t =    60.61s Get number of matches for: Elements matching predicate 'identifier == "PXGGridLayout-Info"'
    t =    61.13s Get number of matches for: Elements matching predicate 'identifier == "PXGGridLayout-Info"'
    t =    61.65s Get number of matches for: Elements matching predicate 'identifier == "PXGGridLayout-Info"'
    t =    62.17s Get number of matches for: Elements matching predicate 'identifier == "PXGGridLayout-Info"'
    t =    62.70s Get number of matches for: Elements matching predicate 'identifier == "PXGGridLayout-Info"'
    t =    63.23s Get number of matches for: Elements matching predicate 'identifier == "PXGGridLayout-Info"'
    t =    63.78s Get number of matches for: Elements matching predicate 'identifier == "PXGGridLayout-Info"'
    t =    64.02s Checking existence of `Image (First Match)`
    t =    64.27s Find the Image (First Match)
    t =    64.44s Tap "PXGGridLayout-Info" Image
    t =    64.44s     Wait for dev.meeterm.app to idle
    t =    64.44s     Find the "PXGGridLayout-Info" Image
    t =    64.61s     Check for interrupting elements affecting "PXGGridLayout-Info" Image
    t =    64.67s     Synthesize event
    t =    64.99s     Wait for dev.meeterm.app to idle
    t =    65.00s Waiting 90.0s for "attachment-preview" Image to exist
    t =    66.02s     Checking `Expect predicate `existsNoRetry == 1` for object "attachment-preview" Image`
    t =    66.02s         Checking existence of `"attachment-preview" Image`
    t =    66.06s Checking existence of `"attachment-meta" StaticText`
    t =    66.17s Waiting 15.0s for "attachment-upload" Button to exist
    t =    67.22s     Checking `Expect predicate `existsNoRetry == 1` for object "attachment-upload" Button`
    t =    67.22s         Checking existence of `"attachment-upload" Button`
    t =    67.24s Tap "attachment-upload" Button
    t =    67.24s     Wait for dev.meeterm.app to idle
    t =    67.25s     Find the "attachment-upload" Button
    t =    67.28s     Check for interrupting elements affecting "attachment-upload" Button
    t =    67.31s     Synthesize event
    t =    67.61s     Wait for dev.meeterm.app to idle
    t =    67.62s Waiting 120.0s for "attachment-uploaded" Other to exist
    t =    68.67s     Checking `Expect predicate `existsNoRetry == 1` for object "attachment-uploaded" Other`
    t =    68.67s         Checking existence of `"attachment-uploaded" Other`
    t =    68.72s         Capturing element debug description
    t =    69.65s     Checking `Expect predicate `existsNoRetry == 1` for object "attachment-uploaded" Other`
    t =    69.65s         Checking existence of `"attachment-uploaded" Other`
    t =    69.70s         Capturing element debug description
    t =    70.64s     Checking `Expect predicate `existsNoRetry == 1` for object "attachment-uploaded" Other`
    t =    70.64s         Checking existence of `"attachment-uploaded" Other`
    t =    70.67s         Capturing element debug description
    t =    71.70s     Checking `Expect predicate `existsNoRetry == 1` for object "attachment-uploaded" Other`
    t =    71.70s         Checking existence of `"attachment-uploaded" Other`
    t =    71.73s         Capturing element debug description
    t =    72.67s     Checking `Expect predicate `existsNoRetry == 1` for object "attachment-uploaded" Other`
    t =    72.67s         Checking existence of `"attachment-uploaded" Other`
    t =    72.70s         Capturing element debug description
    t =    73.64s     Checking `Expect predicate `existsNoRetry == 1` for object "attachment-uploaded" Other`
    t =    73.64s         Checking existence of `"attachment-uploaded" Other`
    t =    73.76s Waiting 10.0s for StaticText (First Match) to exist
    t =    74.80s     Checking `Expect predicate `existsNoRetry == 1` for object StaticText (First Match)`
    t =    74.80s         Checking existence of `StaticText (First Match)`
    t =    74.86s Find the StaticText (First Match)
    t =    75.43s Waiting 15.0s for "Close attachment sheet" Button to exist
    t =    76.48s     Checking `Expect predicate `existsNoRetry == 1` for object "Close attachment sheet" Button`
    t =    76.48s         Checking existence of `"Close attachment sheet" Button`
    t =    76.51s Tap "Close attachment sheet" Button
    t =    76.51s     Wait for dev.meeterm.app to idle
    t =    76.52s     Find the "Close attachment sheet" Button
    t =    76.55s     Check for interrupting elements affecting "Close attachment sheet" Button
    t =    76.58s     Synthesize event
    t =    76.89s     Wait for dev.meeterm.app to idle
    t =    77.23s Waiting 30.0s for "Insert attachment" Button to exist
    t =    78.27s     Checking `Expect predicate `existsNoRetry == 1` for object "Insert attachment" Button`
    t =    78.27s         Checking existence of `"Insert attachment" Button`
    t =    78.29s Checking existence of `"Insert attachment" Button`
    t =    78.31s Find the "Insert attachment" Button
    t =    78.32s Find the "attachment-insert" Button
    t =    78.44s Tap "attachment-insert" Button
    t =    78.44s     Wait for dev.meeterm.app to idle
    t =    78.45s     Find the "attachment-insert" Button
    t =    78.47s     Check for interrupting elements affecting "attachment-insert" Button
    t =    78.49s     Synthesize event
    t =    78.79s     Wait for dev.meeterm.app to idle
    t =    78.80s Waiting 60.0s for StaticText (First Match) to exist
    t =    79.85s     Checking `Expect predicate `existsNoRetry == 1` for object StaticText (First Match)`
    t =    79.85s         Checking existence of `StaticText (First Match)`
    t =    79.92s         Capturing element debug description
    t =    80.84s     Checking `Expect predicate `existsNoRetry == 1` for object StaticText (First Match)`
    t =    80.84s         Checking existence of `StaticText (First Match)`
    t =    80.91s         Capturing element debug description
    t =    81.84s     Checking `Expect predicate `existsNoRetry == 1` for object StaticText (First Match)`
    t =    81.84s         Checking existence of `StaticText (First Match)`
    t =    81.90s         Capturing element debug description
    t =    82.85s     Checking `Expect predicate `existsNoRetry == 1` for object StaticText (First Match)`
    t =    82.85s         Checking existence of `StaticText (First Match)`
    t =    82.93s         Capturing element debug description
    t =    83.85s     Checking `Expect predicate `existsNoRetry == 1` for object StaticText (First Match)`
    t =    83.85s         Checking existence of `StaticText (First Match)`
    t =    83.92s         Capturing element debug description
    t =    84.87s     Checking `Expect predicate `existsNoRetry == 1` for object StaticText (First Match)`
    t =    84.87s         Checking existence of `StaticText (First Match)`
    t =    84.91s Tap "attach-image" Button
    t =    84.91s     Wait for dev.meeterm.app to idle
    t =    84.92s     Find the "attach-image" Button
    t =    84.94s     Check for interrupting elements affecting "attach-image" Button
    t =    84.96s     Synthesize event
    t =    85.26s     Wait for dev.meeterm.app to idle
    t =    85.59s Waiting 60.0s for "attachment-inserted" Other to exist
    t =    86.62s     Checking `Expect predicate `existsNoRetry == 1` for object "attachment-inserted" Other`
    t =    86.62s         Checking existence of `"attachment-inserted" Other`
    t =    87.23s Waiting 15.0s for "Delete from server" Button to exist
    t =    88.29s     Checking `Expect predicate `existsNoRetry == 1` for object "Delete from server" Button`
    t =    88.29s         Checking existence of `"Delete from server" Button`
    t =    88.34s Checking existence of `"Delete from server" Button`
    t =    88.37s Find the "Delete from server" Button
    t =    88.41s Find the "attachment-delete-remote" Button
    t =    88.45s Tap "attachment-delete-remote" Button
    t =    88.45s     Wait for dev.meeterm.app to idle
    t =    88.45s     Find the "attachment-delete-remote" Button
    t =    88.48s     Check for interrupting elements affecting "attachment-delete-remote" Button
    t =    88.51s     Synthesize event
    t =    88.80s     Wait for dev.meeterm.app to idle
    t =    88.81s Waiting 90.0s for "attachment-deleted" Other to exist
    t =    89.86s     Checking `Expect predicate `existsNoRetry == 1` for object "attachment-deleted" Other`
    t =    89.86s         Checking existence of `"attachment-deleted" Other`
    t =    89.90s         Capturing element debug description
    t =    90.83s     Checking `Expect predicate `existsNoRetry == 1` for object "attachment-deleted" Other`
    t =    90.83s         Checking existence of `"attachment-deleted" Other`
    t =    90.87s         Capturing element debug description
    t =    91.82s     Checking `Expect predicate `existsNoRetry == 1` for object "attachment-deleted" Other`
    t =    91.83s         Checking existence of `"attachment-deleted" Other`
    t =    91.87s         Capturing element debug description
    t =    92.82s     Checking `Expect predicate `existsNoRetry == 1` for object "attachment-deleted" Other`
    t =    92.82s         Checking existence of `"attachment-deleted" Other`
    t =    92.85s         Capturing element debug description
    t =    93.82s     Checking `Expect predicate `existsNoRetry == 1` for object "attachment-deleted" Other`
    t =    93.82s         Checking existence of `"attachment-deleted" Other`
    t =    93.86s         Capturing element debug description
    t =    94.82s     Checking `Expect predicate `existsNoRetry == 1` for object "attachment-deleted" Other`
    t =    94.82s         Checking existence of `"attachment-deleted" Other`
    t =    95.46s Waiting 15.0s for "Discard local image" Button to exist
    t =    96.51s     Checking `Expect predicate `existsNoRetry == 1` for object "Discard local image" Button`
    t =    96.51s         Checking existence of `"Discard local image" Button`
    t =    96.54s Tap "Discard local image" Button
    t =    96.54s     Wait for dev.meeterm.app to idle
    t =    96.55s     Find the "Discard local image" Button
    t =    96.58s     Check for interrupting elements affecting "attachment-discard" Button
    t =    96.61s     Synthesize event
    t =    96.92s     Wait for dev.meeterm.app to idle
    t =    96.92s Waiting 20.0s for "Choose from files" Button to exist
    t =    97.93s     Checking `Expect predicate `existsNoRetry == 1` for object "Choose from files" Button`
    t =    97.93s         Checking existence of `"Choose from files" Button`
    t =    97.97s Tap "Choose from files" Button
    t =    97.97s     Wait for dev.meeterm.app to idle
    t =    97.97s     Find the "Choose from files" Button
    t =    98.00s     Check for interrupting elements affecting "attachment-pick-files" Button
    t =    98.03s     Synthesize event
    t =    98.33s     Wait for dev.meeterm.app to idle
    t =    98.33s Checking existence of `Cell (First Match)`
    t =    98.43s Checking existence of `Button (First Match)`
    t =    98.53s Checking existence of `Other (First Match)`
    t =    98.68s Checking existence of `Cell (First Match)`
    t =    99.68s Checking existence of `Cell (First Match)` (retry 1)
    t =   100.69s Checking existence of `Cell (First Match)` (retry 2)
    t =   100.69s Checking existence of `Button (First Match)`
    t =   101.70s Checking existence of `Button (First Match)` (retry 1)
    t =   102.70s Checking existence of `Button (First Match)` (retry 2)
    t =   102.70s Checking existence of `Other (First Match)`
    t =   103.71s Checking existence of `Other (First Match)` (retry 1)
    t =   104.72s Checking existence of `Other (First Match)` (retry 2)
    t =   104.72s Checking existence of `Cell (First Match)`
    t =   105.73s Checking existence of `Cell (First Match)` (retry 1)
    t =   106.74s Checking existence of `Cell (First Match)` (retry 2)
    t =   106.74s Checking existence of `Button (First Match)`
    t =   107.74s Checking existence of `Button (First Match)` (retry 1)
    t =   108.74s Checking existence of `Button (First Match)` (retry 2)
    t =   108.74s Checking existence of `Other (First Match)`
    t =   109.75s Checking existence of `Other (First Match)` (retry 1)
    t =   110.75s Checking existence of `Other (First Match)` (retry 2)
    t =   111.66s Checking existence of `Cell (First Match)`
    t =   111.91s Checking existence of `Cell (First Match)`
    t =   112.03s Find the Cell (First Match)
    t =   112.19s Tap "synthetic-attach-files, png" Cell
    t =   112.19s     Wait for dev.meeterm.app to idle
    t =   112.19s     Find the "synthetic-attach-files, png" Cell
    t =   112.33s     Check for interrupting elements affecting "synthetic-attach-files, png" Cell
    t =   112.38s     Synthesize event
    t =   112.68s     Wait for dev.meeterm.app to idle
    t =   112.76s Waiting 90.0s for "attachment-preview" Image to exist
    t =   113.80s     Checking `Expect predicate `existsNoRetry == 1` for object "attachment-preview" Image`
    t =   113.81s         Checking existence of `"attachment-preview" Image`
    t =   114.94s Waiting 15.0s for "attachment-upload" Button to exist
    t =   115.98s     Checking `Expect predicate `existsNoRetry == 1` for object "attachment-upload" Button`
    t =   115.99s         Checking existence of `"attachment-upload" Button`
    t =   116.02s Tap "attachment-upload" Button
    t =   116.02s     Wait for dev.meeterm.app to idle
    t =   116.02s     Find the "attachment-upload" Button
    t =   116.05s     Check for interrupting elements affecting "attachment-upload" Button
    t =   116.09s     Synthesize event
    t =   116.39s     Wait for dev.meeterm.app to idle
    t =   116.39s Waiting 30.0s for "attachment-uploading" Other to exist
    t =   117.47s     Checking `Expect predicate `existsNoRetry == 1` for object "attachment-uploading" Other`
    t =   117.47s         Checking existence of `"attachment-uploading" Other`
    t =   117.50s Checking existence of `"attachment-cancel" Button`
    t =   117.52s Find the "attachment-cancel" Button
    t =   117.55s Find the "attachment-cancel" Button
    t =   117.68s Tap "attachment-cancel" Button
    t =   117.68s     Wait for dev.meeterm.app to idle
    t =   117.68s     Find the "attachment-cancel" Button
    t =   117.71s     Check for interrupting elements affecting "attachment-cancel" Button
    t =   117.74s     Synthesize event
    t =   118.04s     Wait for dev.meeterm.app to idle
    t =   118.05s Waiting 60.0s for "attachment-cancelled" Other to exist
    t =   119.08s     Checking `Expect predicate `existsNoRetry == 1` for object "attachment-cancelled" Other`
    t =   119.08s         Checking existence of `"attachment-cancelled" Other`
    t =   119.12s Checking existence of `"attachment-upload" Button`
    t =   119.15s Checking existence of `"Discard local image" Button`
    t =   119.18s Find the "attachment-upload" Button
    t =   119.49s Checking existence of `"attachment-upload" Button`
    t =   119.52s Checking existence of `"Discard local image" Button`
    t =   119.55s Find the "attachment-upload" Button
    t =   119.79s Checking existence of `"attachment-upload" Button`
    t =   119.82s Checking existence of `"Discard local image" Button`
    t =   119.84s Find the "attachment-upload" Button
    t =   120.07s Checking existence of `"attachment-upload" Button`
    t =   120.10s Checking existence of `"Discard local image" Button`
    t =   120.13s Find the "attachment-upload" Button
    t =   120.36s Checking existence of `"attachment-upload" Button`
    t =   120.39s Checking existence of `"Discard local image" Button`
    t =   120.42s Find the "attachment-upload" Button
    t =   120.66s Checking existence of `"attachment-upload" Button`
    t =   120.69s Checking existence of `"Discard local image" Button`
    t =   120.71s Find the "attachment-upload" Button
    t =   120.94s Checking existence of `"attachment-upload" Button`
    t =   120.97s Checking existence of `"Discard local image" Button`
    t =   121.00s Find the "attachment-upload" Button
    t =   121.23s Checking existence of `"attachment-upload" Button`
    t =   121.25s Checking existence of `"Discard local image" Button`
    t =   121.28s Find the "attachment-upload" Button
    t =   121.31s Find the "Discard local image" Button
    t =   128.01s Tear Down
Test Case '-[meetermTests.MeetermSmokeUITests testIssue28AttachmentEndToEnd]' passed (128.298 seconds).
Test Suite 'MeetermSmokeUITests' passed at 2026-09-26 15:05:35.152.
	 Executed 1 test, with 0 failures (0 unexpected) in 128.298 (128.305) seconds
Test Suite 'meetermTests.xctest' passed at 2026-09-26 15:05:35.153.
	 Executed 1 test, with 0 failures (0 unexpected) in 128.298 (128.306) seconds
Test Suite 'Selected tests' passed at 2026-09-26 15:05:35.154.
	 Executed 1 test, with 0 failures (0 unexpected) in 128.298 (128.307) seconds
