Command line invocation:
    /Applications/Xcode.app/Contents/Developer/usr/bin/xcodebuild test-without-building -xctestrun /Users/devin/runner-temp/meeterm-derived-data/Build/Products/meeterm-ac9-drive.xctestrun -destination "platform=iOS Simulator,id=7EE2EBC1-0640-4950-AAFF-B4CDF455F377" CODE_SIGNING_ALLOWED=NO CODE_SIGNING_REQUIRED=NO "-only-testing:meetermTests/MeetermSmokeUITests/testAc9SwitcherDiagnostics" -resultBundlePath /Users/devin/runner-temp/meeterm-ios-ac9-drive.xcresult

Build settings from command line:
    CODE_SIGNING_ALLOWED = NO
    CODE_SIGNING_REQUIRED = NO

2026-09-24 02:36:13.028 xcodebuild[8742:133822] [MT] IDERunDestination: Supported platforms for the buildables in the current scheme is empty.
Writing result bundle at path:
	/Users/devin/runner-temp/meeterm-ios-ac9-drive.xcresult

2026-09-24 02:36:13.031 xcodebuild[8742:133822] [MT] IDERunDestination: Supported platforms for the buildables in the current scheme is empty.
2026-09-24 02:36:13.263 xcodebuild[8742:133822] [MT] IDERunDestination: Supported platforms for the buildables in the current scheme is empty.
2026-09-24 02:36:16.407056-0700 meetermTests-Runner[8748:133945] [Default] Running tests...
    t =      nans Interface orientation changed to Portrait
Test Suite 'Selected tests' started at 2026-09-24 02:36:18.548.
Test Suite 'meetermTests.xctest' started at 2026-09-24 02:36:18.548.
Test Suite 'MeetermSmokeUITests' started at 2026-09-24 02:36:18.548.
Test Case '-[meetermTests.MeetermSmokeUITests testAc9SwitcherDiagnostics]' started.
    t =     0.00s Start Test at 2026-09-24 02:36:18.552
    t =     0.02s Set Up
    t =     0.03s     Open dev.meeterm.app
    t =     0.03s         Launch dev.meeterm.app
2026-09-24 02:36:18.607 xcodebuild[8742:133822] [MT] IDELaunchParametersSnapshot: The operation couldn’t be completed. (DebuggerLLDB.DebuggerVersionStore.StoreError error 0.)
2026-09-24 02:36:18.607 xcodebuild[8742:133822] [MT] IDELaunchParametersSnapshot: no debugger version
objc[8748]: Class UIAccessibilityLoaderWebShared is implemented in both /Library/Developer/CoreSimulator/Profiles/Runtimes/iOS 27.0.simruntime/Contents/Resources/RuntimeRoot/System/Library/AccessibilityBundles/WebKit.axbundle/WebKit (0x1084e8398) and /Library/Developer/CoreSimulator/Profiles/Runtimes/iOS 27.0.simruntime/Contents/Resources/RuntimeRoot/System/Library/AccessibilityBundles/WebCore.axbundle/WebCore (0x1086d4310). This may cause spurious casting failures and mysterious crashes. One of the duplicates must be removed or renamed.
    t =     1.09s             Setting up automation session
    t =     3.15s             Wait for dev.meeterm.app to idle
    t =     4.44s     Wait for dev.meeterm.app to become Running Foreground
    t =     4.44s Open dev.meeterm.app
    t =     4.45s     Launch dev.meeterm.app
    t =     4.45s         Terminate dev.meeterm.app:8763
2026-09-24 02:36:24.045 xcodebuild[8742:133822] [MT] IDELaunchParametersSnapshot: The operation couldn’t be completed. (DebuggerLLDB.DebuggerVersionStore.StoreError error 0.)
2026-09-24 02:36:24.045 xcodebuild[8742:133822] [MT] IDELaunchParametersSnapshot: no debugger version
    t =     5.71s         Setting up automation session
    t =     9.41s         Wait for dev.meeterm.app to idle
    t =    10.71s Get number of matches for: Elements matching predicate 'identifier == "Connect" OR label == "Connect"'
    t =    11.32s Get number of matches for: Elements matching predicate 'identifier == "Connect" OR label == "Connect"'
    t =    11.33s Checking existence of `Button (Element at index 0)`
    t =    11.34s Find the Button (Element at index 0)
    t =    11.38s Waiting 20.0s for "Connect" Button to exist
    t =    12.42s     Checking `Expect predicate `existsNoRetry == 1` for object "Connect" Button`
    t =    12.42s         Checking existence of `"Connect" Button`
    t =    12.44s Get number of matches for: Elements matching predicate 'identifier == "Connect" OR label == "Connect"'
    t =    12.45s Get number of matches for: Elements matching predicate 'identifier == "Connect" OR label == "Connect"'
    t =    12.46s Checking existence of `Button (Element at index 0)`
    t =    12.47s Find the Button (Element at index 0)
    t =    12.49s Tap "Connect" Button
    t =    12.50s     Wait for dev.meeterm.app to idle
    t =    12.50s     Find the "Connect" Button
    t =    12.51s     Check for interrupting elements affecting "Connect" Button
    t =    12.53s     Synthesize event
    t =    12.82s     Wait for dev.meeterm.app to idle
    t =    13.21s Checking existence of `"Host" TextField`
    t =    13.26s Waiting 15.0s for "Host" TextField to exist
    t =    14.29s     Checking `Expect predicate `existsNoRetry == 1` for object "Host" TextField`
    t =    14.29s         Checking existence of `"Host" TextField`
    t =    14.33s Checking existence of `"Host" TextField`
    t =    14.35s Waiting 10.0s for "Host" TextField to exist
    t =    15.44s     Checking `Expect predicate `existsNoRetry == 1` for object "Host" TextField`
    t =    15.44s         Checking existence of `"Host" TextField`
    t =    15.47s Checking existence of `"Host" TextField`
    t =    15.49s Find the "Host" TextField
    t =    15.53s Tap "ssh-host" TextField[0.95, 0.50]
    t =    15.53s     Wait for dev.meeterm.app to idle
    t =    15.53s     Find the "ssh-host" TextField
    t =    15.56s     Check for interrupting elements affecting "ssh-host" TextField
    t =    15.59s     Synthesize event
    t =    15.59s         Find the "ssh-host" TextField
    t =    15.62s         Find the "ssh-host" TextField
    t =    15.65s         Find the "ssh-host" TextField
    t =    15.96s     Wait for dev.meeterm.app to idle
    t =    16.10s Find the "ssh-host" TextField
    t =    16.15s Find the "ssh-host" TextField
    t =    16.20s Type '127.0.0.1' into "ssh-host" TextField
    t =    16.20s     Wait for dev.meeterm.app to idle
    t =    16.46s     Find the "ssh-host" TextField
    t =    16.51s     Check for interrupting elements affecting "ssh-host" TextField
    t =    16.55s     Synthesize event
    t =    16.91s     Wait for dev.meeterm.app to idle
    t =    17.99s Checking `Expect predicate `BLOCKPREDICATE(0x109158f60)` for object "ssh-host" TextField`
    t =    17.99s     Find the "ssh-host" TextField
    t =    18.03s     Find the "ssh-host" TextField
    t =    18.06s Checking existence of `"Port" TextField`
    t =    18.10s Waiting 10.0s for "Port" TextField to exist
    t =    19.16s     Checking `Expect predicate `existsNoRetry == 1` for object "Port" TextField`
    t =    19.16s         Checking existence of `"Port" TextField`
    t =    19.20s Checking existence of `"Port" TextField`
    t =    19.24s Find the "Port" TextField
    t =    19.30s Tap "ssh-port" TextField[0.95, 0.50]
    t =    19.30s     Wait for dev.meeterm.app to idle
    t =    19.30s     Find the "ssh-port" TextField
    t =    19.34s     Check for interrupting elements affecting "ssh-port" TextField
    t =    19.38s     Synthesize event
    t =    19.38s         Find the "ssh-port" TextField
    t =    19.42s         Find the "ssh-port" TextField
    t =    19.46s         Find the "ssh-port" TextField
    t =    19.80s     Wait for dev.meeterm.app to idle
    t =    19.82s Find the "ssh-port" TextField
    t =    19.88s Find the "ssh-port" TextField
    t =    19.92s Type '' into "ssh-port" TextField
    t =    19.92s     Wait for dev.meeterm.app to idle
    t =    20.22s     Find the "ssh-port" TextField
    t =    20.26s     Check for interrupting elements affecting "ssh-port" TextField
    t =    20.29s     Synthesize event
    t =    20.54s     Wait for dev.meeterm.app to idle
    t =    20.55s Find the "ssh-port" TextField
    t =    20.58s Type '57734' into "ssh-port" TextField
    t =    20.58s     Wait for dev.meeterm.app to idle
    t =    20.58s     Find the "ssh-port" TextField
    t =    20.62s     Check for interrupting elements affecting "ssh-port" TextField
    t =    20.65s     Synthesize event
    t =    20.94s     Wait for dev.meeterm.app to idle
    t =    21.99s Checking `Expect predicate `BLOCKPREDICATE(0x109159dd0)` for object "ssh-port" TextField`
    t =    21.99s     Find the "ssh-port" TextField
    t =    22.02s     Find the "ssh-port" TextField
    t =    22.06s Checking existence of `"Username" TextField`
    t =    22.09s Waiting 10.0s for "Username" TextField to exist
    t =    23.16s     Checking `Expect predicate `existsNoRetry == 1` for object "Username" TextField`
    t =    23.16s         Checking existence of `"Username" TextField`
    t =    23.20s Checking existence of `"Username" TextField`
    t =    23.23s Find the "Username" TextField
    t =    23.27s Tap "ssh-username" TextField[0.95, 0.50]
    t =    23.27s     Wait for dev.meeterm.app to idle
    t =    23.28s     Find the "ssh-username" TextField
    t =    23.31s     Check for interrupting elements affecting "ssh-username" TextField
    t =    23.35s     Synthesize event
    t =    23.35s         Find the "ssh-username" TextField
    t =    23.38s         Find the "ssh-username" TextField
    t =    23.43s         Find the "ssh-username" TextField
    t =    23.76s     Wait for dev.meeterm.app to idle
    t =    24.14s Find the "ssh-username" TextField
    t =    24.18s Find the "ssh-username" TextField
    t =    24.21s Type 'd' into "ssh-username" TextField
    t =    24.21s     Wait for dev.meeterm.app to idle
    t =    24.22s     Find the "ssh-username" TextField
    t =    24.26s     Check for interrupting elements affecting "ssh-username" TextField
    t =    24.29s     Synthesize event
    t =    24.51s     Wait for dev.meeterm.app to idle
    t =    25.57s Checking `Expect predicate `BLOCKPREDICATE(0x109158780)` for object "ssh-username" TextField`
    t =    25.57s     Find the "ssh-username" TextField
    t =    25.62s     Find the "ssh-username" TextField
    t =    25.67s Type 'e' into "ssh-username" TextField
    t =    25.67s     Wait for dev.meeterm.app to idle
    t =    25.67s     Find the "ssh-username" TextField
    t =    25.74s     Check for interrupting elements affecting "ssh-username" TextField
    t =    25.77s     Synthesize event
    t =    25.99s     Wait for dev.meeterm.app to idle
    t =    27.06s Checking `Expect predicate `BLOCKPREDICATE(0x109159b60)` for object "ssh-username" TextField`
    t =    27.06s     Find the "ssh-username" TextField
    t =    27.10s     Find the "ssh-username" TextField
    t =    27.13s Type 'v' into "ssh-username" TextField
    t =    27.14s     Wait for dev.meeterm.app to idle
    t =    27.14s     Find the "ssh-username" TextField
    t =    27.17s     Check for interrupting elements affecting "ssh-username" TextField
    t =    27.21s     Synthesize event
    t =    27.43s     Wait for dev.meeterm.app to idle
    t =    28.49s Checking `Expect predicate `BLOCKPREDICATE(0x109159ec0)` for object "ssh-username" TextField`
    t =    28.49s     Find the "ssh-username" TextField
    t =    28.53s     Find the "ssh-username" TextField
    t =    28.57s Type 'i' into "ssh-username" TextField
    t =    28.57s     Wait for dev.meeterm.app to idle
    t =    28.57s     Find the "ssh-username" TextField
    t =    28.61s     Check for interrupting elements affecting "ssh-username" TextField
    t =    28.65s     Synthesize event
    t =    28.87s     Wait for dev.meeterm.app to idle
    t =    29.92s Checking `Expect predicate `BLOCKPREDICATE(0x1091599e0)` for object "ssh-username" TextField`
    t =    29.92s     Find the "ssh-username" TextField
    t =    29.96s     Find the "ssh-username" TextField
    t =    29.99s Type 'n' into "ssh-username" TextField
    t =    29.99s     Wait for dev.meeterm.app to idle
    t =    30.00s     Find the "ssh-username" TextField
    t =    30.03s     Check for interrupting elements affecting "ssh-username" TextField
    t =    30.07s     Synthesize event
    t =    30.29s     Wait for dev.meeterm.app to idle
    t =    31.36s Checking `Expect predicate `BLOCKPREDICATE(0x10915a220)` for object "ssh-username" TextField`
    t =    31.36s     Find the "ssh-username" TextField
    t =    31.39s     Find the "ssh-username" TextField
    t =    32.46s Checking `Expect predicate `BLOCKPREDICATE(0x10915a6a0)` for object "ssh-username" TextField`
    t =    32.46s     Find the "ssh-username" TextField
    t =    32.50s     Find the "ssh-username" TextField
    t =    32.53s Checking existence of `"save-server-profile" Switch`
    t =    32.57s Find the "save-server-profile" Switch
    t =    32.61s Find the "save-server-profile" Switch
    t =    32.92s Checking existence of `"save-server-profile" Switch`
    t =    32.96s Find the "save-server-profile" Switch
    t =    33.00s Find the "save-server-profile" Switch
    t =    33.33s Checking existence of `"save-server-profile" Switch`
    t =    33.37s Find the "save-server-profile" Switch
    t =    33.41s Find the "save-server-profile" Switch
    t =    33.71s Checking existence of `"save-server-profile" Switch`
    t =    33.75s Find the "save-server-profile" Switch
    t =    33.79s Find the "save-server-profile" Switch
    t =    33.83s Find the "save-server-profile" Switch
    t =    33.88s Checking existence of `ScrollView (First Match)`
    t =    33.98s Find the ScrollView (First Match)
    t =    34.10s Checking existence of `Keyboard (First Match)`
    t =    34.12s Find the Keyboard (First Match)
    t =    34.15s Find the Target Application 'dev.meeterm.app'
    t =    34.18s Checking existence of `ScrollView at {{0.0, 122.0}, {440.0, 576.0}}`
    t =    34.28s Find the Target Application 'dev.meeterm.app'
    t =    34.30s Checking existence of `ScrollView at {{0.0, 122.0}, {440.0, 576.0}}`
    t =    34.41s Find the ScrollView at {{0.0, 122.0}, {440.0, 576.0}}
    t =    34.51s Find the Target Application 'dev.meeterm.app'
    t =    34.53s Checking existence of `Keyboard (First Match)`
    t =    34.55s Find the Keyboard (First Match)
    t =    34.58s Find the Keyboard at {{0.0, 653.0}, {440.0, 245.0}}
    t =    34.61s Checking existence of `"save-server-profile" Switch`
    t =    34.65s Find the "save-server-profile" Switch
    t =    34.69s Press Target Application 'dev.meeterm.app'[0.00, 0.00] -> (8.0, 520.2) for 0.1 seconds, then drag to Target Application 'dev.meeterm.app'[0.00, 0.00] -> (8.0, 254.8) with velocity of 250.00 pixels per second, and then hold for 0.2 seconds 
    t =    34.69s     Wait for dev.meeterm.app to idle
    t =    34.69s     Find the Target Application 'dev.meeterm.app'
    t =    34.72s     Check for interrupting elements affecting "meeterm" Application
    t =    34.75s     Synthesize event
    t =    34.75s         Find the Target Application 'dev.meeterm.app'
    t =    34.78s         Find the Target Application 'dev.meeterm.app'
    t =    34.80s         Find the Target Application 'dev.meeterm.app'
    t =    34.82s         Find the Target Application 'dev.meeterm.app'
    t =    34.85s         Find the Target Application 'dev.meeterm.app'
    t =    36.44s     Wait for dev.meeterm.app to idle
    t =    36.70s Checking existence of `"save-server-profile" Switch`
    t =    36.74s Find the "save-server-profile" Switch
    t =    36.78s Find the "save-server-profile" Switch
    t =    36.82s Find the "save-server-profile" Switch
    t =    36.87s Checking existence of `ScrollView at {{0.0, 122.0}, {440.0, 576.0}}`
    t =    36.98s Find the ScrollView at {{0.0, 122.0}, {440.0, 576.0}}
    t =    37.09s Checking existence of `Keyboard (First Match)`
    t =    37.11s Find the Keyboard (First Match)
    t =    37.14s Find the Target Application 'dev.meeterm.app'
    t =    37.16s Checking existence of `"save-server-profile" Switch`
    t =    37.20s Find the "save-server-profile" Switch
    t =    37.24s Find the "save-server-profile" Switch
    t =    37.54s Checking existence of `"save-server-profile" Switch`
    t =    37.58s Find the "save-server-profile" Switch
    t =    37.62s Find the "save-server-profile" Switch
    t =    37.92s Checking existence of `"save-server-profile" Switch`
    t =    37.96s Find the "save-server-profile" Switch
    t =    38.01s Find the "save-server-profile" Switch
    t =    38.31s Checking existence of `"save-server-profile" Switch`
    t =    38.35s Find the "save-server-profile" Switch
    t =    38.39s Find the "save-server-profile" Switch
    t =    38.43s Find the "save-server-profile" Switch
    t =    38.48s Checking existence of `ScrollView at {{0.0, 122.0}, {440.0, 576.0}}`
    t =    38.59s Find the ScrollView at {{0.0, 122.0}, {440.0, 576.0}}
    t =    38.70s Checking existence of `Keyboard (First Match)`
    t =    38.72s Find the Keyboard (First Match)
    t =    38.75s Find the Target Application 'dev.meeterm.app'
    t =    38.78s Checking existence of `ScrollView at {{0.0, 122.0}, {440.0, 576.0}}`
    t =    38.88s Find the Target Application 'dev.meeterm.app'
    t =    38.91s Checking existence of `ScrollView at {{0.0, 122.0}, {440.0, 576.0}}`
    t =    39.02s Find the ScrollView at {{0.0, 122.0}, {440.0, 576.0}}
    t =    39.14s Find the Target Application 'dev.meeterm.app'
    t =    39.16s Checking existence of `Keyboard (First Match)`
    t =    39.18s Find the Keyboard (First Match)
    t =    39.21s Find the Keyboard at {{0.0, 653.0}, {440.0, 245.0}}
    t =    39.23s Checking existence of `"save-server-profile" Switch`
    t =    39.27s Find the "save-server-profile" Switch
    t =    39.31s Press Target Application 'dev.meeterm.app'[0.00, 0.00] -> (8.0, 520.2) for 0.1 seconds, then drag to Target Application 'dev.meeterm.app'[0.00, 0.00] -> (8.0, 254.8) with velocity of 250.00 pixels per second, and then hold for 0.2 seconds 
    t =    39.31s     Wait for dev.meeterm.app to idle
    t =    39.32s     Find the Target Application 'dev.meeterm.app'
    t =    39.34s     Check for interrupting elements affecting "meeterm" Application
    t =    39.37s     Synthesize event
    t =    39.38s         Find the Target Application 'dev.meeterm.app'
    t =    39.40s         Find the Target Application 'dev.meeterm.app'
    t =    39.42s         Find the Target Application 'dev.meeterm.app'
    t =    39.45s         Find the Target Application 'dev.meeterm.app'
    t =    39.47s         Find the Target Application 'dev.meeterm.app'
    t =    41.08s     Wait for dev.meeterm.app to idle
    t =    41.34s Checking existence of `"save-server-profile" Switch`
    t =    41.38s Find the "save-server-profile" Switch
    t =    41.43s Find the "save-server-profile" Switch
    t =    41.48s Find the "save-server-profile" Switch
    t =    41.55s Checking existence of `ScrollView at {{0.0, 122.0}, {440.0, 576.0}}`
    t =    41.69s Find the ScrollView at {{0.0, 122.0}, {440.0, 576.0}}
    t =    41.80s Checking existence of `Keyboard (First Match)`
    t =    41.82s Find the Keyboard (First Match)
    t =    41.85s Find the Target Application 'dev.meeterm.app'
    t =    41.87s Checking existence of `"save-server-profile" Switch`
    t =    41.91s Find the "save-server-profile" Switch
    t =    41.95s Find the "save-server-profile" Switch
    t =    42.00s Checking existence of `"save-server-profile" Switch`
    t =    42.05s Checking existence of `ScrollView at {{0.0, 122.0}, {440.0, 576.0}}`
    t =    42.16s Find the ScrollView at {{0.0, 122.0}, {440.0, 576.0}}
    t =    42.27s Find the Target Application 'dev.meeterm.app'
    t =    42.29s Checking existence of `Keyboard (First Match)`
    t =    42.31s Find the Keyboard (First Match)
    t =    42.34s Find the Keyboard at {{0.0, 653.0}, {440.0, 245.0}}
    t =    42.36s Find the "save-server-profile" Switch
    t =    42.40s Find the "save-server-profile" Switch
    t =    42.44s Find the "save-server-profile" Switch
    t =    42.49s Checking existence of `"Server name" TextField`
    t =    42.52s Checking existence of `"Server name" TextField`
    t =    42.56s Find the "Server name" TextField
    t =    42.60s Find the "server-profile-name" TextField
    t =    42.65s Checking existence of `"server-profile-name" TextField`
    t =    42.69s Checking existence of `ScrollView (First Match)`
    t =    42.79s Find the ScrollView (First Match)
    t =    42.89s Find the Target Application 'dev.meeterm.app'
    t =    42.92s Checking existence of `Keyboard (First Match)`
    t =    42.94s Find the Keyboard (First Match)
    t =    42.96s Find the Keyboard at {{0.0, 653.0}, {440.0, 245.0}}
    t =    42.99s Find the "server-profile-name" TextField
    t =    43.03s Checking existence of `"Server name" TextField`
    t =    43.06s Waiting 10.0s for "Server name" TextField to exist
    t =    44.11s     Checking `Expect predicate `existsNoRetry == 1` for object "Server name" TextField`
    t =    44.11s         Checking existence of `"Server name" TextField`
    t =    44.16s Checking existence of `"Server name" TextField`
    t =    44.19s Find the "Server name" TextField
    t =    44.24s Tap "server-profile-name" TextField[0.95, 0.50]
    t =    44.24s     Wait for dev.meeterm.app to idle
    t =    44.24s     Find the "server-profile-name" TextField
    t =    44.28s     Check for interrupting elements affecting "server-profile-name" TextField
    t =    44.32s     Synthesize event
    t =    44.32s         Find the "server-profile-name" TextField
    t =    44.36s         Find the "server-profile-name" TextField
    t =    44.40s         Find the "server-profile-name" TextField
    t =    44.74s     Wait for dev.meeterm.app to idle
    t =    45.22s Find the "server-profile-name" TextField
    t =    45.27s Find the "server-profile-name" TextField
    t =    45.32s Type 'Fixture One' into "server-profile-name" TextField
    t =    45.32s     Wait for dev.meeterm.app to idle
    t =    45.67s     Find the "server-profile-name" TextField
    t =    45.71s     Check for interrupting elements affecting "server-profile-name" TextField
    t =    45.75s     Synthesize event
    t =    46.15s     Wait for dev.meeterm.app to idle
    t =    47.19s Checking `Expect predicate `BLOCKPREDICATE(0x11229b8a0)` for object "server-profile-name" TextField`
    t =    47.19s     Find the "server-profile-name" TextField
    t =    47.23s     Find the "server-profile-name" TextField
    t =    47.27s Checking existence of `"Private OpenSSH key" TextField`
    t =    47.31s Checking existence of `"Private OpenSSH key" TextView`
    t =    47.35s Checking existence of `"Private OpenSSH key" TextView`
    t =    47.39s Find the "Private OpenSSH key" TextView
    t =    47.43s Find the "ssh-private-key" TextView
    t =    47.48s Checking existence of `"ssh-private-key" TextView`
    t =    47.52s Checking existence of `ScrollView (First Match)`
    t =    47.65s Find the ScrollView (First Match)
    t =    47.76s Find the Target Application 'dev.meeterm.app'
    t =    47.78s Checking existence of `Keyboard (First Match)`
    t =    47.80s Find the Keyboard (First Match)
    t =    47.84s Find the Keyboard at {{0.0, 653.0}, {440.0, 245.0}}
    t =    47.86s Find the "ssh-private-key" TextView
    t =    48.16s Checking existence of `"ssh-private-key" TextView`
    t =    48.20s Find the "ssh-private-key" TextView
    t =    48.24s Find the "ssh-private-key" TextView
    t =    48.29s Checking existence of `"ssh-private-key" TextView`
    t =    48.33s Checking existence of `ScrollView at {{0.0, 122.0}, {440.0, 549.0}}`
    t =    48.44s Find the ScrollView at {{0.0, 122.0}, {440.0, 549.0}}
    t =    48.57s Find the Target Application 'dev.meeterm.app'
    t =    48.59s Checking existence of `Keyboard (First Match)`
    t =    48.61s Find the Keyboard (First Match)
    t =    48.65s Find the Keyboard at {{0.0, 653.0}, {440.0, 245.0}}
    t =    48.67s Find the "ssh-private-key" TextView
    t =    48.97s Checking existence of `"ssh-private-key" TextView`
    t =    49.01s Find the "ssh-private-key" TextView
    t =    49.05s Find the "ssh-private-key" TextView
    t =    49.09s Find the "ssh-private-key" TextView
    t =    49.15s Checking existence of `ScrollView at {{0.0, 122.0}, {440.0, 549.0}}`
    t =    49.28s Find the ScrollView at {{0.0, 122.0}, {440.0, 549.0}}
    t =    49.41s Checking existence of `Keyboard (First Match)`
    t =    49.43s Find the Keyboard (First Match)
    t =    49.45s Find the Target Application 'dev.meeterm.app'
    t =    49.48s Checking existence of `ScrollView at {{0.0, 122.0}, {440.0, 549.0}}`
    t =    49.60s Find the Target Application 'dev.meeterm.app'
    t =    49.62s Checking existence of `ScrollView at {{0.0, 122.0}, {440.0, 549.0}}`
    t =    49.73s Find the ScrollView at {{0.0, 122.0}, {440.0, 549.0}}
    t =    49.84s Find the Target Application 'dev.meeterm.app'
    t =    49.87s Checking existence of `Keyboard (First Match)`
    t =    49.89s Find the Keyboard (First Match)
    t =    49.93s Find the Keyboard at {{0.0, 653.0}, {440.0, 245.0}}
    t =    49.96s Checking existence of `"ssh-private-key" TextView`
    t =    49.99s Find the "ssh-private-key" TextView
    t =    50.04s Press Target Application 'dev.meeterm.app'[0.00, 0.00] -> (8.0, 269.2) for 0.1 seconds, then drag to Target Application 'dev.meeterm.app'[0.00, 0.00] -> (8.0, 505.8) with velocity of 250.00 pixels per second, and then hold for 0.2 seconds 
    t =    50.04s     Wait for dev.meeterm.app to idle
    t =    50.04s     Find the Target Application 'dev.meeterm.app'
    t =    50.07s     Check for interrupting elements affecting "meeterm" Application
    t =    50.10s     Synthesize event
    t =    50.10s         Find the Target Application 'dev.meeterm.app'
    t =    50.13s         Find the Target Application 'dev.meeterm.app'
    t =    50.15s         Find the Target Application 'dev.meeterm.app'
    t =    50.18s         Find the Target Application 'dev.meeterm.app'
    t =    50.20s         Find the Target Application 'dev.meeterm.app'
    t =    51.69s     Wait for dev.meeterm.app to idle
    t =    51.96s Checking existence of `"ssh-private-key" TextView`
    t =    52.00s Find the "ssh-private-key" TextView
    t =    52.05s Find the "ssh-private-key" TextView
    t =    52.08s Find the "ssh-private-key" TextView
    t =    52.14s Checking existence of `ScrollView at {{0.0, 122.0}, {440.0, 549.0}}`
    t =    52.25s Find the ScrollView at {{0.0, 122.0}, {440.0, 549.0}}
    t =    52.36s Checking existence of `Keyboard (First Match)`
    t =    52.38s Find the Keyboard (First Match)
    t =    52.41s Find the Target Application 'dev.meeterm.app'
    t =    52.44s Checking existence of `"ssh-private-key" TextView`
    t =    52.48s Find the "ssh-private-key" TextView
    t =    52.52s Find the "ssh-private-key" TextView
    t =    52.57s Checking existence of `"ssh-private-key" TextView`
    t =    52.62s Checking existence of `ScrollView at {{0.0, 122.0}, {440.0, 549.0}}`
    t =    52.73s Find the ScrollView at {{0.0, 122.0}, {440.0, 549.0}}
    t =    52.86s Find the Target Application 'dev.meeterm.app'
    t =    52.89s Checking existence of `Keyboard (First Match)`
    t =    52.91s Find the Keyboard (First Match)
    t =    52.94s Find the Keyboard at {{0.0, 653.0}, {440.0, 245.0}}
    t =    52.96s Find the "ssh-private-key" TextView
    t =    53.01s Checking existence of `"Private OpenSSH key" TextField`
    t =    53.04s Checking existence of `"Private OpenSSH key" TextView`
    t =    53.08s Find the "Private OpenSSH key" TextView
    t =    53.13s Find the "ssh-private-key" TextView
    t =    53.18s Find the "ssh-private-key" TextView
    t =    53.23s Find the "ssh-private-key" TextView
    t =    53.28s Find the "ssh-private-key" TextView
    t =    53.33s Find the "ssh-private-key" TextView
    t =    53.38s Find the "ssh-private-key" TextView
    t =    53.42s Find the "ssh-private-key" TextView
    t =    53.48s Waiting 15.0s for "ssh-private-key" TextView to exist
    t =    54.51s     Checking `Expect predicate `existsNoRetry == 1` for object "ssh-private-key" TextView`
    t =    54.51s         Checking existence of `"ssh-private-key" TextView`
    t =    54.55s Tap "ssh-private-key" TextView
    t =    54.55s     Wait for dev.meeterm.app to idle
    t =    54.55s     Find the "ssh-private-key" TextView
    t =    54.59s     Check for interrupting elements affecting "ssh-private-key" TextView
    t =    54.63s     Synthesize event
    t =    54.93s     Wait for dev.meeterm.app to idle
    t =    55.37s Type '-----BEGIN OPENSSH...' into "ssh-private-key" TextView
    t =    55.37s     Wait for dev.meeterm.app to idle
    t =    55.38s     Find the "ssh-private-key" TextView
    t =    55.42s     Check for interrupting elements affecting "ssh-private-key" TextView
    t =    55.45s     Synthesize event
    t =    56.25s     Wait for dev.meeterm.app to idle
    t =    56.25s Checking existence of `"return" Key`
    t =    56.29s Type '
' into "ssh-private-key" TextView
    t =    56.29s     Wait for dev.meeterm.app to idle
    t =    56.30s     Find the "ssh-private-key" TextView
    t =    56.34s     Check for interrupting elements affecting "ssh-private-key" TextView
    t =    56.38s     Synthesize event
    t =    56.59s     Wait for dev.meeterm.app to idle
    t =    56.60s Type 'b3BlbnNzaC1rZXktdj...' into "ssh-private-key" TextView
    t =    56.60s     Wait for dev.meeterm.app to idle
    t =    56.60s     Find the "ssh-private-key" TextView
    t =    56.64s     Check for interrupting elements affecting "ssh-private-key" TextView
    t =    56.68s     Synthesize event
    t =    58.05s     Wait for dev.meeterm.app to idle
    t =    58.05s Checking existence of `"return" Key`
    t =    58.09s Type '
' into "ssh-private-key" TextView
    t =    58.09s     Wait for dev.meeterm.app to idle
    t =    58.09s     Find the "ssh-private-key" TextView
    t =    58.14s     Check for interrupting elements affecting "ssh-private-key" TextView
    t =    58.17s     Synthesize event
    t =    58.39s     Wait for dev.meeterm.app to idle
    t =    58.40s Type 'QyNTUxOQAAACDMlM2y...' into "ssh-private-key" TextView
    t =    58.40s     Wait for dev.meeterm.app to idle
    t =    58.40s     Find the "ssh-private-key" TextView
    t =    58.44s     Check for interrupting elements affecting "ssh-private-key" TextView
    t =    58.47s     Synthesize event
    t =    59.85s     Wait for dev.meeterm.app to idle
    t =    59.85s Checking existence of `"return" Key`
    t =    59.88s Type '
' into "ssh-private-key" TextView
    t =    59.88s     Wait for dev.meeterm.app to idle
    t =    59.89s     Find the "ssh-private-key" TextView
    t =    59.93s     Check for interrupting elements affecting "ssh-private-key" TextView
    t =    59.96s     Synthesize event
    t =    60.18s     Wait for dev.meeterm.app to idle
    t =    60.19s Type 'iwAAAAtzc2gtZWQyNT...' into "ssh-private-key" TextView
    t =    60.19s     Wait for dev.meeterm.app to idle
    t =    60.19s     Find the "ssh-private-key" TextView
    t =    60.23s     Check for interrupting elements affecting "ssh-private-key" TextView
    t =    60.26s     Synthesize event
    t =    61.64s     Wait for dev.meeterm.app to idle
    t =    61.65s Checking existence of `"return" Key`
    t =    61.69s Type '
' into "ssh-private-key" TextView
    t =    61.69s     Wait for dev.meeterm.app to idle
    t =    61.69s     Find the "ssh-private-key" TextView
    t =    61.73s     Check for interrupting elements affecting "ssh-private-key" TextView
    t =    61.76s     Synthesize event
    t =    61.98s     Wait for dev.meeterm.app to idle
    t =    61.98s Type 'AAAEAlq+ykK5gNkY4g...' into "ssh-private-key" TextView
    t =    61.98s     Wait for dev.meeterm.app to idle
    t =    61.99s     Find the "ssh-private-key" TextView
    t =    62.03s     Check for interrupting elements affecting "ssh-private-key" TextView
    t =    62.06s     Synthesize event
    t =    63.45s     Wait for dev.meeterm.app to idle
    t =    63.46s Checking existence of `"return" Key`
    t =    63.52s Type '
' into "ssh-private-key" TextView
    t =    63.52s     Wait for dev.meeterm.app to idle
    t =    63.53s     Find the "ssh-private-key" TextView
    t =    63.56s     Check for interrupting elements affecting "ssh-private-key" TextView
    t =    63.59s     Synthesize event
    t =    63.81s     Wait for dev.meeterm.app to idle
    t =    63.81s Type 'ebOovXEU0aWFZCvbQK...' into "ssh-private-key" TextView
    t =    63.81s     Wait for dev.meeterm.app to idle
    t =    63.82s     Find the "ssh-private-key" TextView
    t =    63.87s     Check for interrupting elements affecting "ssh-private-key" TextView
    t =    63.90s     Synthesize event
    t =    65.05s     Wait for dev.meeterm.app to idle
    t =    65.06s Checking existence of `"return" Key`
    t =    65.11s Type '
' into "ssh-private-key" TextView
    t =    65.11s     Wait for dev.meeterm.app to idle
    t =    65.11s     Find the "ssh-private-key" TextView
    t =    65.15s     Check for interrupting elements affecting "ssh-private-key" TextView
    t =    65.18s     Synthesize event
    t =    65.41s     Wait for dev.meeterm.app to idle
    t =    65.41s Type '-----END OPENSSH P...' into "ssh-private-key" TextView
    t =    65.41s     Wait for dev.meeterm.app to idle
    t =    65.41s     Find the "ssh-private-key" TextView
    t =    65.46s     Check for interrupting elements affecting "ssh-private-key" TextView
    t =    65.49s     Synthesize event
    t =    66.26s     Wait for dev.meeterm.app to idle
    t =    66.26s Checking existence of `"return" Key`
    t =    66.30s Type '
' into "ssh-private-key" TextView
    t =    66.30s     Wait for dev.meeterm.app to idle
    t =    66.30s     Find the "ssh-private-key" TextView
    t =    66.34s     Check for interrupting elements affecting "ssh-private-key" TextView
    t =    66.37s     Synthesize event
    t =    66.59s     Wait for dev.meeterm.app to idle
    t =    66.60s Checking existence of `"save-credentials" Switch`
    t =    66.64s Find the "save-credentials" Switch
    t =    66.68s Find the "save-credentials" Switch
    t =    66.97s Checking existence of `"save-credentials" Switch`
    t =    67.01s Find the "save-credentials" Switch
    t =    67.05s Find the "save-credentials" Switch
    t =    67.34s Checking existence of `"save-credentials" Switch`
    t =    67.38s Find the "save-credentials" Switch
    t =    67.41s Find the "save-credentials" Switch
    t =    67.71s Checking existence of `"save-credentials" Switch`
    t =    67.75s Find the "save-credentials" Switch
    t =    67.79s Find the "save-credentials" Switch
    t =    67.82s Find the "save-credentials" Switch
    t =    67.86s Checking existence of `ScrollView (First Match)`
    t =    67.98s Find the ScrollView (First Match)
    t =    68.08s Checking existence of `Keyboard (First Match)`
    t =    68.10s Find the Keyboard (First Match)
    t =    68.12s Find the Target Application 'dev.meeterm.app'
    t =    68.15s Checking existence of `ScrollView at {{0.0, 122.0}, {440.0, 549.0}}`
    t =    68.25s Find the Target Application 'dev.meeterm.app'
    t =    68.28s Checking existence of `ScrollView at {{0.0, 122.0}, {440.0, 549.0}}`
    t =    68.37s Find the ScrollView at {{0.0, 122.0}, {440.0, 549.0}}
    t =    68.48s Find the Target Application 'dev.meeterm.app'
    t =    68.50s Checking existence of `Keyboard (First Match)`
    t =    68.52s Find the Keyboard (First Match)
    t =    68.55s Find the Keyboard at {{0.0, 653.0}, {440.0, 245.0}}
    t =    68.57s Checking existence of `"save-credentials" Switch`
    t =    68.61s Find the "save-credentials" Switch
    t =    68.65s Press Target Application 'dev.meeterm.app'[0.00, 0.00] -> (8.0, 520.2) for 0.1 seconds, then drag to Target Application 'dev.meeterm.app'[0.00, 0.00] -> (8.0, 254.8) with velocity of 250.00 pixels per second, and then hold for 0.2 seconds 
    t =    68.65s     Wait for dev.meeterm.app to idle
    t =    68.66s     Find the Target Application 'dev.meeterm.app'
    t =    68.68s     Check for interrupting elements affecting "meeterm" Application
    t =    68.71s     Synthesize event
    t =    68.71s         Find the Target Application 'dev.meeterm.app'
    t =    68.73s         Find the Target Application 'dev.meeterm.app'
    t =    68.76s         Find the Target Application 'dev.meeterm.app'
    t =    68.78s         Find the Target Application 'dev.meeterm.app'
    t =    68.81s         Find the Target Application 'dev.meeterm.app'
    t =    70.39s     Wait for dev.meeterm.app to idle
    t =    70.66s Checking existence of `"save-credentials" Switch`
    t =    70.70s Find the "save-credentials" Switch
    t =    70.75s Find the "save-credentials" Switch
    t =    70.79s Find the "save-credentials" Switch
    t =    70.84s Checking existence of `ScrollView at {{0.0, 122.0}, {440.0, 549.0}}`
    t =    70.94s Find the ScrollView at {{0.0, 122.0}, {440.0, 549.0}}
    t =    71.04s Checking existence of `Keyboard (First Match)`
    t =    71.06s Find the Keyboard (First Match)
    t =    71.08s Find the Target Application 'dev.meeterm.app'
    t =    71.11s Checking existence of `"save-credentials" Switch`
    t =    71.15s Find the "save-credentials" Switch
    t =    71.18s Find the "save-credentials" Switch
    t =    71.23s Checking existence of `"save-credentials" Switch`
    t =    71.27s Checking existence of `ScrollView at {{0.0, 122.0}, {440.0, 549.0}}`
    t =    71.38s Find the ScrollView at {{0.0, 122.0}, {440.0, 549.0}}
    t =    71.50s Find the Target Application 'dev.meeterm.app'
    t =    71.52s Checking existence of `Keyboard (First Match)`
    t =    71.54s Find the Keyboard (First Match)
    t =    71.57s Find the Keyboard at {{0.0, 653.0}, {440.0, 245.0}}
    t =    71.59s Find the "save-credentials" Switch
    t =    71.63s Find the "save-credentials" Switch
    t =    71.67s Tap "save-credentials" Switch
    t =    71.67s     Wait for dev.meeterm.app to idle
    t =    71.68s     Find the "save-credentials" Switch
    t =    71.71s     Check for interrupting elements affecting "save-credentials" Switch
    t =    71.74s     Synthesize event
    t =    72.04s     Wait for dev.meeterm.app to idle
    t =    73.27s Find the "save-credentials" Switch
    t =    73.32s Checking existence of `"ssh-submit" Button`
    t =    73.36s Find the "ssh-submit" Button
    t =    73.41s Tap "ssh-submit" Button
    t =    73.41s     Wait for dev.meeterm.app to idle
    t =    73.42s     Find the "ssh-submit" Button
    t =    73.46s     Check for interrupting elements affecting "ssh-submit" Button
    t =    73.49s     Synthesize event
    t =    73.78s     Wait for dev.meeterm.app to idle
    t =    74.16s Checking existence of `"ssh-submit" Button`
    t =    74.18s Waiting 60.0s for Alert (First Match) to exist
    t =    75.21s     Checking `Expect predicate `existsNoRetry == 1` for object Alert (First Match)`
    t =    75.21s         Checking existence of `Alert (First Match)`
    t =    75.23s Get all elements bound by index for: Descendants matching type StaticText
    t =    75.25s Find the StaticText (Element at index 0)
    t =    75.27s Find the StaticText (Element at index 1)
    t =    75.29s Checking existence of `"Trust and connect" Button`
    t =    75.31s Waiting 10.0s for "Trust and connect" Button to exist
    t =    76.34s     Checking `Expect predicate `existsNoRetry == 1` for object "Trust and connect" Button`
    t =    76.34s         Checking existence of `"Trust and connect" Button`
    t =    76.37s Checking existence of `"Trust and connect" Button`
    t =    76.39s Find the "Trust and connect" Button
    t =    76.43s Tap "Trust and connect" Button
    t =    76.43s     Wait for dev.meeterm.app to idle
    t =    76.43s     Find the "Trust and connect" Button
    t =    76.45s     Check for interrupting elements affecting "Trust and connect" Button
    t =    76.49s     Synthesize event
    t =    76.78s     Wait for dev.meeterm.app to idle
    t =    77.03s Checking existence of `Alert (First Match)`
    t =    77.09s Waiting 60.0s for "Choose a session" StaticText to exist
    t =    78.11s     Checking `Expect predicate `existsNoRetry == 1` for object "Choose a session" StaticText`
    t =    78.11s         Checking existence of `"Choose a session" StaticText`
    t =    78.15s Get number of matches for: Elements matching predicate 'identifier == "tmux runtime meeterm" OR label == "tmux runtime meeterm"'
    t =    78.17s Get number of matches for: Elements matching predicate 'identifier == "tmux runtime meeterm" OR label == "tmux runtime meeterm"'
    t =    78.20s Checking existence of `Button (Element at index 0)`
    t =    78.22s Find the Button (Element at index 0)
    t =    78.26s Waiting 30.0s for "runtime-row-tmux-runtime-1-1-tmux-1" Button to exist
    t =    79.30s     Checking `Expect predicate `existsNoRetry == 1` for object "runtime-row-tmux-runtime-1-1-tmux-1" Button`
    t =    79.30s         Checking existence of `"runtime-row-tmux-runtime-1-1-tmux-1" Button`
    t =    79.33s Checking existence of `"runtime-row-tmux-runtime-1-1-tmux-1" Button`
    t =    79.35s Find the "runtime-row-tmux-runtime-1-1-tmux-1" Button
    t =    80.43s Find the "runtime-row-tmux-runtime-1-1-tmux-1" Button
    t =    80.46s Tap "runtime-row-tmux-runtime-1-1-tmux-1" Button
    t =    80.46s     Wait for dev.meeterm.app to idle
    t =    80.46s     Find the "runtime-row-tmux-runtime-1-1-tmux-1" Button
    t =    80.49s     Check for interrupting elements affecting "runtime-row-tmux-runtime-1-1-tmux-1" Button
    t =    80.51s     Synthesize event
    t =    80.81s     Wait for dev.meeterm.app to idle
    t =    81.26s Get number of matches for: Elements matching predicate 'identifier BEGINSWITH "workspace-row-" AND label BEGINSWITH "Workspace "'
    t =    81.28s Find the Button (Element at index 0)
    t =    81.30s Get all elements bound by index for: Elements matching predicate 'identifier == "Terminal" OR label == "Terminal" OR label == "Terminal, cached output, read only"'
    t =    81.57s Get all elements bound by index for: Elements matching predicate 'identifier == "Terminal" OR label == "Terminal" OR label == "Terminal, cached output, read only"'
    t =    81.85s Get all elements bound by index for: Elements matching predicate 'identifier == "Terminal" OR label == "Terminal" OR label == "Terminal, cached output, read only"'
    t =    82.13s Get all elements bound by index for: Elements matching predicate 'identifier == "Terminal" OR label == "Terminal" OR label == "Terminal, cached output, read only"'
    t =    82.41s Get all elements bound by index for: Elements matching predicate 'identifier == "Terminal" OR label == "Terminal" OR label == "Terminal, cached output, read only"'
    t =    82.70s Get all elements bound by index for: Elements matching predicate 'identifier == "Terminal" OR label == "Terminal" OR label == "Terminal, cached output, read only"'
    t =    82.97s Get all elements bound by index for: Elements matching predicate 'identifier == "Terminal" OR label == "Terminal" OR label == "Terminal, cached output, read only"'
    t =    83.25s Get all elements bound by index for: Elements matching predicate 'identifier == "Terminal" OR label == "Terminal" OR label == "Terminal, cached output, read only"'
    t =    83.53s Get all elements bound by index for: Elements matching predicate 'identifier == "Terminal" OR label == "Terminal" OR label == "Terminal, cached output, read only"'
    t =    83.82s Get all elements bound by index for: Elements matching predicate 'identifier == "Terminal" OR label == "Terminal" OR label == "Terminal, cached output, read only"'
    t =    84.11s Get all elements bound by index for: Elements matching predicate 'identifier == "Terminal" OR label == "Terminal" OR label == "Terminal, cached output, read only"'
    t =    84.42s Get all elements bound by index for: Elements matching predicate 'identifier == "Terminal" OR label == "Terminal" OR label == "Terminal, cached output, read only"'
    t =    84.70s Get all elements bound by index for: Elements matching predicate 'identifier == "Terminal" OR label == "Terminal" OR label == "Terminal, cached output, read only"'
    t =    85.00s Get all elements bound by index for: Elements matching predicate 'identifier == "Terminal" OR label == "Terminal" OR label == "Terminal, cached output, read only"'
    t =    85.27s Get all elements bound by index for: Elements matching predicate 'identifier == "Terminal" OR label == "Terminal" OR label == "Terminal, cached output, read only"'
    t =    85.56s Get all elements bound by index for: Elements matching predicate 'identifier == "Terminal" OR label == "Terminal" OR label == "Terminal, cached output, read only"'
    t =    85.87s Get all elements bound by index for: Elements matching predicate 'identifier == "Terminal" OR label == "Terminal" OR label == "Terminal, cached output, read only"'
    t =    86.16s Get all elements bound by index for: Elements matching predicate 'identifier == "Terminal" OR label == "Terminal" OR label == "Terminal, cached output, read only"'
    t =    86.44s Get all elements bound by index for: Elements matching predicate 'identifier == "Terminal" OR label == "Terminal" OR label == "Terminal, cached output, read only"'
    t =    86.75s Get all elements bound by index for: Elements matching predicate 'identifier == "Terminal" OR label == "Terminal" OR label == "Terminal, cached output, read only"'
    t =    87.03s Get all elements bound by index for: Elements matching predicate 'identifier == "Terminal" OR label == "Terminal" OR label == "Terminal, cached output, read only"'
    t =    87.33s Get all elements bound by index for: Elements matching predicate 'identifier == "Terminal" OR label == "Terminal" OR label == "Terminal, cached output, read only"'
    t =    87.63s Get all elements bound by index for: Elements matching predicate 'identifier == "Terminal" OR label == "Terminal" OR label == "Terminal, cached output, read only"'
    t =    87.92s Get all elements bound by index for: Elements matching predicate 'identifier == "Terminal" OR label == "Terminal" OR label == "Terminal, cached output, read only"'
    t =    88.23s Get all elements bound by index for: Elements matching predicate 'identifier == "Terminal" OR label == "Terminal" OR label == "Terminal, cached output, read only"'
    t =    88.51s Get all elements bound by index for: Elements matching predicate 'identifier == "Terminal" OR label == "Terminal" OR label == "Terminal, cached output, read only"'
    t =    88.78s Get all elements bound by index for: Elements matching predicate 'identifier == "Terminal" OR label == "Terminal" OR label == "Terminal, cached output, read only"'
    t =    89.05s Get all elements bound by index for: Elements matching predicate 'identifier == "Terminal" OR label == "Terminal" OR label == "Terminal, cached output, read only"'
    t =    89.33s Get all elements bound by index for: Elements matching predicate 'identifier == "Terminal" OR label == "Terminal" OR label == "Terminal, cached output, read only"'
    t =    89.60s Get all elements bound by index for: Elements matching predicate 'identifier == "Terminal" OR label == "Terminal" OR label == "Terminal, cached output, read only"'
    t =    89.88s Get all elements bound by index for: Elements matching predicate 'identifier == "Terminal" OR label == "Terminal" OR label == "Terminal, cached output, read only"'
    t =    90.18s Get all elements bound by index for: Elements matching predicate 'identifier == "Terminal" OR label == "Terminal" OR label == "Terminal, cached output, read only"'
    t =    90.47s Get all elements bound by index for: Elements matching predicate 'identifier == "Terminal" OR label == "Terminal" OR label == "Terminal, cached output, read only"'
    t =    90.74s Get all elements bound by index for: Elements matching predicate 'identifier == "Terminal" OR label == "Terminal" OR label == "Terminal, cached output, read only"'
    t =    91.01s Get all elements bound by index for: Elements matching predicate 'identifier == "Terminal" OR label == "Terminal" OR label == "Terminal, cached output, read only"'
    t =    91.30s Get all elements bound by index for: Elements matching predicate 'identifier == "Terminal" OR label == "Terminal" OR label == "Terminal, cached output, read only"'
    t =    91.59s Get all elements bound by index for: Elements matching predicate 'identifier == "Terminal" OR label == "Terminal" OR label == "Terminal, cached output, read only"'
    t =    91.63s Get number of matches for: Elements matching predicate 'identifier BEGINSWITH "workspace-row-" AND label BEGINSWITH "Workspace "'
    t =    91.65s Find the Button (Element at index 0)
    t =    91.67s Get number of matches for: Elements matching predicate 'identifier == "Workspace main" OR label == "Workspace main"'
    t =    91.69s Get number of matches for: Elements matching predicate 'identifier == "Workspace main" OR label == "Workspace main"'
    t =    91.71s Checking existence of `Button (Element at index 0)`
    t =    91.73s Find the Button (Element at index 0)
    t =    91.75s Waiting 15.0s for "workspace-row-@0" Button to exist
    t =    92.81s     Checking `Expect predicate `existsNoRetry == 1` for object "workspace-row-@0" Button`
    t =    92.81s         Checking existence of `"workspace-row-@0" Button`
    t =    92.86s Checking existence of `"workspace-row-@0" Button`
    t =    92.88s Find the "workspace-row-@0" Button
    t =    92.91s Tap "workspace-row-@0" Button
    t =    92.91s     Wait for dev.meeterm.app to idle
    t =    92.91s     Find the "workspace-row-@0" Button
    t =    92.93s     Check for interrupting elements affecting "workspace-row-@0" Button
    t =    92.95s     Synthesize event
    t =    93.25s     Wait for dev.meeterm.app to idle
    t =    93.80s Get all elements bound by index for: Elements matching predicate 'identifier == "Terminal" OR label == "Terminal" OR label == "Terminal, cached output, read only"'
    t =    93.88s Checking existence of `Other (Element at index 0)`
    t =    93.91s Find the Other (Element at index 0)
    t =    93.95s Checking existence of `Other (Element at index 1)`
    t =    93.97s Find the Other (Element at index 1)
    t =    94.01s Find the "Terminal" Other
    t =    94.04s Get number of matches for: Elements matching predicate 'identifier == "Close session switcher" OR label == "Close session switcher"'
    t =    94.07s Waiting 3.0s for "Close session switcher" Any to exist
    t =    95.14s     Checking `Expect predicate `existsNoRetry == 1` for object "Close session switcher" Any`
    t =    95.15s         Checking existence of `"Close session switcher" Any`
    t =    95.17s         Capturing element debug description
    t =    96.12s     Checking `Expect predicate `existsNoRetry == 1` for object "Close session switcher" Any`
    t =    96.12s         Checking existence of `"Close session switcher" Any`
    t =    96.14s         Capturing element debug description
    t =    97.08s     Checking `Expect predicate `existsNoRetry == 1` for object "Close session switcher" Any`
    t =    97.08s         Checking existence of `"Close session switcher" Any`
    t =    97.09s         Capturing element debug description
    t =    97.09s     Checking existence of `"Close session switcher" Any`
    t =    97.10s Collecting debug information to assist test failure triage
    t =    97.10s     Requesting snapshot of accessibility hierarchy for app with pid 8768
    t =    97.12s Get number of matches for: Elements matching predicate 'identifier BEGINSWITH "Switch server and session" OR label BEGINSWITH "Switch server and session"'
    t =    97.13s Waiting 8.0s for Any (First Match) to exist
    t =    98.16s     Checking `Expect predicate `existsNoRetry == 1` for object Any (First Match)`
    t =    98.16s         Checking existence of `Any (First Match)`
    t =    98.24s         Capturing element debug description
    t =    99.19s     Checking `Expect predicate `existsNoRetry == 1` for object Any (First Match)`
    t =    99.19s         Checking existence of `Any (First Match)`
    t =    99.25s         Capturing element debug description
    t =   100.18s     Checking `Expect predicate `existsNoRetry == 1` for object Any (First Match)`
    t =   100.18s         Checking existence of `Any (First Match)`
    t =   100.26s         Capturing element debug description
    t =   101.20s     Checking `Expect predicate `existsNoRetry == 1` for object Any (First Match)`
    t =   101.20s         Checking existence of `Any (First Match)`
    t =   101.27s         Capturing element debug description
    t =   102.19s     Checking `Expect predicate `existsNoRetry == 1` for object Any (First Match)`
    t =   102.19s         Checking existence of `Any (First Match)`
    t =   102.24s         Capturing element debug description
    t =   103.19s     Checking `Expect predicate `existsNoRetry == 1` for object Any (First Match)`
    t =   103.19s         Checking existence of `Any (First Match)`
    t =   103.24s         Capturing element debug description
    t =   104.17s     Checking `Expect predicate `existsNoRetry == 1` for object Any (First Match)`
    t =   104.17s         Checking existence of `Any (First Match)`
    t =   104.24s         Capturing element debug description
    t =   105.13s     Checking `Expect predicate `existsNoRetry == 1` for object Any (First Match)`
    t =   105.13s         Checking existence of `Any (First Match)`
    t =   105.20s         Capturing element debug description
    t =   105.20s     Checking existence of `Any (First Match)`
    t =   105.25s Collecting debug information to assist test failure triage
    t =   105.25s     Requesting snapshot of accessibility hierarchy for app with pid 8768
    t =   105.26s Get number of matches for: Elements matching predicate 'identifier == "Back to workspaces" OR label == "Back to workspaces"'
    t =   105.28s Get number of matches for: Elements matching predicate 'identifier == "Back to workspaces" OR label == "Back to workspaces"'
    t =   105.29s Checking existence of `Button (Element at index 0)`
    t =   105.30s Find the Button (Element at index 0)
    t =   105.32s Waiting 5.0s for "Back to workspaces" Button to exist
    t =   106.36s     Checking `Expect predicate `existsNoRetry == 1` for object "Back to workspaces" Button`
    t =   106.36s         Checking existence of `"Back to workspaces" Button`
    t =   106.40s Checking existence of `"Back to workspaces" Button`
    t =   106.42s Find the "Back to workspaces" Button
    t =   106.45s Tap "Back to workspaces" Button
    t =   106.45s     Wait for dev.meeterm.app to idle
    t =   106.45s     Find the "Back to workspaces" Button
    t =   106.47s     Check for interrupting elements affecting "Back to workspaces" Button
    t =   106.49s     Synthesize event
    t =   106.78s     Wait for dev.meeterm.app to idle
    t =   107.11s Get number of matches for: Elements matching predicate 'identifier BEGINSWITH "Switch server and session" OR label BEGINSWITH "Switch server and session"'
    t =   107.13s Get number of matches for: Elements matching predicate 'identifier BEGINSWITH "Switch server and session" OR label BEGINSWITH "Switch server and session"'
    t =   107.15s Checking existence of `Button (Element at index 0)`
    t =   107.17s Find the Button (Element at index 0)
    t =   107.19s Waiting 15.0s for "open-session-switcher" Button to exist
    t =   108.23s     Checking `Expect predicate `existsNoRetry == 1` for object "open-session-switcher" Button`
    t =   108.23s         Checking existence of `"open-session-switcher" Button`
    t =   108.25s Checking existence of `"open-session-switcher" Button`
    t =   108.27s Find the "open-session-switcher" Button
    t =   108.30s Tap "open-session-switcher" Button
    t =   108.30s     Wait for dev.meeterm.app to idle
    t =   108.30s     Find the "open-session-switcher" Button
    t =   108.33s     Check for interrupting elements affecting "open-session-switcher" Button
    t =   108.35s     Synthesize event
    t =   108.65s     Wait for dev.meeterm.app to idle
    t =   109.00s Get number of matches for: Elements matching predicate 'identifier == "Close session switcher" OR label == "Close session switcher"'
    t =   109.03s Get number of matches for: Elements matching predicate 'identifier == "Close session switcher" OR label == "Close session switcher"'
    t =   109.05s Checking existence of `Button (Element at index 0)`
    t =   109.08s Find the Button (Element at index 0)
    t =   109.12s Waiting 20.0s for "Close session switcher" Button to exist
    t =   110.16s     Checking `Expect predicate `existsNoRetry == 1` for object "Close session switcher" Button`
    t =   110.16s         Checking existence of `"Close session switcher" Button`
    t =   110.27s Get number of matches for: Elements matching predicate 'identifier == "Manage servers" OR label == "Manage servers"'
    t =   110.30s Get number of matches for: Elements matching predicate 'identifier == "Manage servers" OR label == "Manage servers"'
    t =   110.32s Checking existence of `Button (Element at index 0)`
    t =   110.35s Find the Button (Element at index 0)
    t =   110.39s Waiting 15.0s for "switcher-manage-servers" Button to exist
    t =   111.42s     Checking `Expect predicate `existsNoRetry == 1` for object "switcher-manage-servers" Button`
    t =   111.42s         Checking existence of `"switcher-manage-servers" Button`
    t =   111.45s Find the "switcher-manage-servers" Button
    t =   111.48s Tap "switcher-manage-servers" Button
    t =   111.48s     Wait for dev.meeterm.app to idle
    t =   111.48s     Find the "switcher-manage-servers" Button
    t =   111.52s     Check for interrupting elements affecting "switcher-manage-servers" Button
    t =   111.54s     Synthesize event
    t =   111.85s     Wait for dev.meeterm.app to idle
    t =   112.55s Waiting 15.0s for "Saved servers" StaticText to exist
    t =   113.61s     Checking `Expect predicate `existsNoRetry == 1` for object "Saved servers" StaticText`
    t =   113.61s         Checking existence of `"Saved servers" StaticText`
    t =   113.73s Get number of matches for: Elements matching predicate 'identifier == "Close session switcher" OR label == "Close session switcher"'
    t =   113.75s Get number of matches for: Elements matching predicate 'identifier == "Close session switcher" OR label == "Close session switcher"'
    t =   113.78s Checking existence of `Button (Element at index 0)`
    t =   113.80s Find the Button (Element at index 0)
    t =   113.84s Checking existence of `"Close session switcher" Button`
    t =   113.87s Get number of matches for: Elements matching predicate 'identifier == "Connect saved server Fixture One" OR label == "Connect saved server Fixture One"'
    t =   113.89s Get number of matches for: Elements matching predicate 'identifier == "Connect saved server Fixture One" OR label == "Connect saved server Fixture One"'
    t =   113.91s Checking existence of `Button (Element at index 0)`
    t =   113.94s Find the Button (Element at index 0)
    t =   113.97s Checking existence of `"server-profile-0e5ce982-107d-4de6-82af-6230f9376304" Button`
    t =   114.00s Get number of matches for: Elements matching predicate 'identifier == "Add server" OR label == "Add server"'
    t =   114.02s Get number of matches for: Elements matching predicate 'identifier == "Add server" OR label == "Add server"'
    t =   114.05s Checking existence of `Button (Element at index 0)`
    t =   114.08s Find the Button (Element at index 0)
    t =   114.11s Waiting 10.0s for "Add server" Button to exist
    t =   115.16s     Checking `Expect predicate `existsNoRetry == 1` for object "Add server" Button`
    t =   115.16s         Checking existence of `"Add server" Button`
    t =   115.18s Tap "Add server" Button
    t =   115.18s     Wait for dev.meeterm.app to idle
    t =   115.19s     Find the "Add server" Button
    t =   115.21s     Check for interrupting elements affecting "Add server" Button
    t =   115.24s     Synthesize event
    t =   115.54s     Wait for dev.meeterm.app to idle
    t =   116.25s Waiting 10.0s for "Add server" StaticText to exist
    t =   117.29s     Checking `Expect predicate `existsNoRetry == 1` for object "Add server" StaticText`
    t =   117.29s         Checking existence of `"Add server" StaticText`
    t =   117.33s Checking existence of `"Host" TextField`
    t =   117.37s Waiting 10.0s for "Host" TextField to exist
    t =   118.39s     Checking `Expect predicate `existsNoRetry == 1` for object "Host" TextField`
    t =   118.39s         Checking existence of `"Host" TextField`
    t =   118.44s Tap "Host" TextField
    t =   118.44s     Wait for dev.meeterm.app to idle
    t =   118.44s     Find the "Host" TextField
    t =   118.48s     Check for interrupting elements affecting "ssh-host" TextField
    t =   118.52s     Synthesize event
    t =   118.82s     Wait for dev.meeterm.app to idle
    t =   119.18s Type 'ac9-guard.invalid' into "ssh-host" TextField
    t =   119.18s     Wait for dev.meeterm.app to idle
    t =   119.19s     Find the "ssh-host" TextField
    t =   119.25s     Check for interrupting elements affecting "ssh-host" TextField
    t =   119.30s     Synthesize event
    t =   119.80s     Wait for dev.meeterm.app to idle
    t =   119.80s Get number of matches for: Elements matching predicate 'identifier == "Back to saved servers" OR label == "Back to saved servers"'
    t =   119.84s Get number of matches for: Elements matching predicate 'identifier == "Back to saved servers" OR label == "Back to saved servers"'
    t =   119.89s Checking existence of `Button (Element at index 0)`
    t =   119.93s Find the Button (Element at index 0)
    t =   119.98s Waiting 10.0s for "Back to saved servers" Button to exist
    t =   121.02s     Checking `Expect predicate `existsNoRetry == 1` for object "Back to saved servers" Button`
    t =   121.02s         Checking existence of `"Back to saved servers" Button`
    t =   121.06s Tap "Back to saved servers" Button
    t =   121.06s     Wait for dev.meeterm.app to idle
    t =   121.06s     Find the "Back to saved servers" Button
    t =   121.11s     Check for interrupting elements affecting "Back to saved servers" Button
    t =   121.15s     Synthesize event
    t =   121.45s     Wait for dev.meeterm.app to idle
    t =   121.94s Waiting 10.0s for "Discard changes?" Alert to exist
    t =   122.96s     Checking `Expect predicate `existsNoRetry == 1` for object "Discard changes?" Alert`
    t =   122.96s         Checking existence of `"Discard changes?" Alert`
    t =   123.10s Tap "Keep editing" Button
    t =   123.10s     Wait for dev.meeterm.app to idle
    t =   123.10s     Find the "Keep editing" Button
    t =   123.16s     Check for interrupting elements affecting "Keep editing" Button
    t =   123.21s     Synthesize event
    t =   123.52s     Wait for dev.meeterm.app to idle
    t =   123.76s Waiting 5.0s for "Add server" StaticText to exist
    t =   124.82s     Checking `Expect predicate `existsNoRetry == 1` for object "Add server" StaticText`
    t =   124.82s         Checking existence of `"Add server" StaticText`
    t =   124.87s Swipe down Target Application 'dev.meeterm.app'
    t =   124.87s     Wait for dev.meeterm.app to idle
    t =   124.87s     Find the Target Application 'dev.meeterm.app'
    t =   124.90s     Check for interrupting elements affecting "meeterm" Application
    t =   124.94s     Synthesize event
    t =   125.33s     Wait for dev.meeterm.app to idle
    t =   125.83s Waiting 3.0s for "Add server" StaticText to exist
    t =   126.88s     Checking `Expect predicate `existsNoRetry == 1` for object "Add server" StaticText`
    t =   126.88s         Checking existence of `"Add server" StaticText`
    t =   127.02s Tap "Back to saved servers" Button
    t =   127.02s     Wait for dev.meeterm.app to idle
    t =   127.08s     Find the "Back to saved servers" Button
    t =   127.12s     Check for interrupting elements affecting "Back to saved servers" Button
    t =   127.16s     Synthesize event
    t =   127.46s     Wait for dev.meeterm.app to idle
    t =   127.94s Waiting 10.0s for "Discard changes?" Alert to exist
    t =   128.98s     Checking `Expect predicate `existsNoRetry == 1` for object "Discard changes?" Alert`
    t =   128.98s         Checking existence of `"Discard changes?" Alert`
    t =   129.03s Tap "Discard" Button
    t =   129.03s     Wait for dev.meeterm.app to idle
    t =   129.03s     Find the "Discard" Button
    t =   129.08s     Check for interrupting elements affecting "Discard" Button
    t =   129.13s     Synthesize event
    t =   129.44s     Wait for dev.meeterm.app to idle
    t =   129.71s Waiting 10.0s for "Saved servers" StaticText to exist
    t =   130.76s     Checking `Expect predicate `existsNoRetry == 1` for object "Saved servers" StaticText`
    t =   130.76s         Checking existence of `"Saved servers" StaticText`
    t =   130.79s Waiting 10.0s for "Add server" Button to exist
    t =   131.86s     Checking `Expect predicate `existsNoRetry == 1` for object "Add server" Button`
    t =   131.86s         Checking existence of `"Add server" Button`
    t =   131.89s Tap "Add server" Button
    t =   131.89s     Wait for dev.meeterm.app to idle
    t =   131.89s     Find the "Add server" Button
    t =   131.92s     Check for interrupting elements affecting "Add server" Button
    t =   131.95s     Synthesize event
    t =   132.25s     Wait for dev.meeterm.app to idle
    t =   132.25s Waiting 10.0s for "Add server" StaticText to exist
    t =   133.28s     Checking `Expect predicate `existsNoRetry == 1` for object "Add server" StaticText`
    t =   133.28s         Checking existence of `"Add server" StaticText`
    t =   133.32s Checking existence of `"Host" TextField`
    t =   133.35s Waiting 10.0s for "Host" TextField to exist
    t =   134.41s     Checking `Expect predicate `existsNoRetry == 1` for object "Host" TextField`
    t =   134.41s         Checking existence of `"Host" TextField`
    t =   134.45s Tap "Host" TextField
    t =   134.45s     Wait for dev.meeterm.app to idle
    t =   134.46s     Find the "Host" TextField
    t =   134.49s     Check for interrupting elements affecting "ssh-host" TextField
    t =   134.53s     Synthesize event
    t =   134.83s     Wait for dev.meeterm.app to idle
    t =   135.13s Type 'ac9-managed.invalid' into "ssh-host" TextField
    t =   135.13s     Wait for dev.meeterm.app to idle
    t =   135.14s     Find the "ssh-host" TextField
    t =   135.21s     Check for interrupting elements affecting "ssh-host" TextField
    t =   135.26s     Synthesize event
    t =   135.78s     Wait for dev.meeterm.app to idle
    t =   135.78s Checking existence of `"Username" TextField`
    t =   135.83s Waiting 10.0s for "Username" TextField to exist
    t =   136.86s     Checking `Expect predicate `existsNoRetry == 1` for object "Username" TextField`
    t =   136.86s         Checking existence of `"Username" TextField`
    t =   136.90s Tap "Username" TextField
    t =   136.90s     Wait for dev.meeterm.app to idle
    t =   136.91s     Find the "Username" TextField
    t =   136.95s     Check for interrupting elements affecting "ssh-username" TextField
    t =   136.99s     Synthesize event
    t =   137.28s     Wait for dev.meeterm.app to idle
    t =   137.29s Type 'ac9user' into "ssh-username" TextField
    t =   137.29s     Wait for dev.meeterm.app to idle
    t =   137.29s     Find the "ssh-username" TextField
    t =   137.34s     Check for interrupting elements affecting "ssh-username" TextField
    t =   137.37s     Synthesize event
    t =   137.70s     Wait for dev.meeterm.app to idle
    t =   137.70s Checking existence of `"Server name" TextField`
    t =   137.74s Waiting 3.0s for "Server name" TextField to exist
    t =   138.79s     Checking `Expect predicate `existsNoRetry == 1` for object "Server name" TextField`
    t =   138.79s         Checking existence of `"Server name" TextField`
    t =   138.84s Tap "Server name" TextField
    t =   138.84s     Wait for dev.meeterm.app to idle
    t =   138.84s     Find the "Server name" TextField
    t =   138.88s     Check for interrupting elements affecting "server-profile-name" TextField
    t =   138.92s     Synthesize event
    t =   138.93s         Scroll element to visible
    t =   138.94s         Find the "server-profile-name" TextField
    t =   139.00s         Computed hit point {220, 553} after scrolling to visible
    t =   139.28s     Wait for dev.meeterm.app to idle
    t =   139.66s Type 'AC9 Managed' into "server-profile-name" TextField
    t =   139.66s     Wait for dev.meeterm.app to idle
    t =   139.67s     Find the "server-profile-name" TextField
    t =   139.72s     Check for interrupting elements affecting "server-profile-name" TextField
    t =   139.76s     Synthesize event
    t =   140.16s     Wait for dev.meeterm.app to idle
    t =   140.16s Get number of matches for: Elements matching predicate 'identifier == "Save server" OR label == "Save server"'
    t =   140.21s Get number of matches for: Elements matching predicate 'identifier == "Save server" OR label == "Save server"'
    t =   140.26s Checking existence of `Button (Element at index 0)`
    t =   140.30s Find the Button (Element at index 0)
    t =   140.36s Tap "ssh-submit" Button
    t =   140.36s     Wait for dev.meeterm.app to idle
    t =   140.36s     Find the "ssh-submit" Button
    t =   140.40s     Check for interrupting elements affecting "ssh-submit" Button
    t =   140.44s     Synthesize event
    t =   140.74s     Wait for dev.meeterm.app to idle
    t =   141.01s Waiting 15.0s for "Connect saved server AC9 Managed" Button to exist
    t =   142.06s     Checking `Expect predicate `existsNoRetry == 1` for object "Connect saved server AC9 Managed" Button`
    t =   142.06s         Checking existence of `"Connect saved server AC9 Managed" Button`
    t =   142.17s Get number of matches for: Elements matching predicate 'identifier == "Server options AC9 Managed" OR label == "Server options AC9 Managed"'
    t =   142.20s Get number of matches for: Elements matching predicate 'identifier == "Server options AC9 Managed" OR label == "Server options AC9 Managed"'
    t =   142.22s Checking existence of `Button (Element at index 0)`
    t =   142.25s Find the Button (Element at index 0)
    t =   142.29s Waiting 10.0s for "Server options AC9 Managed" Button to exist
    t =   143.33s     Checking `Expect predicate `existsNoRetry == 1` for object "Server options AC9 Managed" Button`
    t =   143.33s         Checking existence of `"Server options AC9 Managed" Button`
    t =   143.36s Tap "Server options AC9 Managed" Button
    t =   143.36s     Wait for dev.meeterm.app to idle
    t =   143.37s     Find the "Server options AC9 Managed" Button
    t =   143.40s     Check for interrupting elements affecting "Server options AC9 Managed" Button
    t =   143.42s     Synthesize event
    t =   143.72s     Wait for dev.meeterm.app to idle
    t =   143.99s Get number of matches for: Elements matching predicate 'identifier == "Edit server" OR label == "Edit server"'
    t =   144.04s Get number of matches for: Elements matching predicate 'identifier == "Edit server" OR label == "Edit server"'
    t =   144.07s Checking existence of `Button (Element at index 0)`
    t =   144.10s Find the Button (Element at index 0)
    t =   144.14s Waiting 8.0s for "Edit server" Button to exist
    t =   145.19s     Checking `Expect predicate `existsNoRetry == 1` for object "Edit server" Button`
    t =   145.19s         Checking existence of `"Edit server" Button`
    t =   145.22s Checking existence of `"Edit server" Button`
    t =   145.25s Find the "Edit server" Button
    t =   145.29s Tap "Edit server" Button
    t =   145.29s     Wait for dev.meeterm.app to idle
    t =   145.30s     Find the "Edit server" Button
    t =   145.33s     Check for interrupting elements affecting "Edit server" Button
    t =   145.36s     Synthesize event
    t =   145.67s     Wait for dev.meeterm.app to idle
    t =   145.89s Waiting 10.0s for "Edit server" StaticText to exist
    t =   146.93s     Checking `Expect predicate `existsNoRetry == 1` for object "Edit server" StaticText`
    t =   146.93s         Checking existence of `"Edit server" StaticText`
    t =   147.06s Get number of matches for: Elements matching predicate 'identifier == "Back to saved servers" OR label == "Back to saved servers"'
    t =   147.09s Get number of matches for: Elements matching predicate 'identifier == "Back to saved servers" OR label == "Back to saved servers"'
    t =   147.12s Checking existence of `Button (Element at index 0)`
    t =   147.15s Find the Button (Element at index 0)
    t =   147.20s Get number of matches for: Elements matching predicate 'identifier == "Back to saved servers" OR label == "Back to saved servers"'
    t =   147.24s Waiting 8.0s for Button (Element at index 0) to exist
    t =   148.27s     Checking `Expect predicate `existsNoRetry == 1` for object Button (Element at index 0)`
    t =   148.27s         Checking existence of `Button (Element at index 0)`
    t =   148.30s Tap Button (Element at index 0)
    t =   148.30s     Wait for dev.meeterm.app to idle
    t =   148.30s     Find the Button (Element at index 0)
    t =   148.34s     Check for interrupting elements affecting "Back to saved servers" Button
    t =   148.37s     Synthesize event
    t =   148.39s         Scroll element to visible
    t =   148.39s         Find the "Back to saved servers" Button
    t =   148.44s         Computed hit point {-1, -1} after scrolling to visible
    t =   148.74s     Wait for dev.meeterm.app to idle
    t =   148.75s Waiting 10.0s for "Saved servers" StaticText to exist
    t =   149.79s     Checking `Expect predicate `existsNoRetry == 1` for object "Saved servers" StaticText`
    t =   149.79s         Checking existence of `"Saved servers" StaticText`
    t =   149.83s         Capturing element debug description
    t =   150.77s     Checking `Expect predicate `existsNoRetry == 1` for object "Saved servers" StaticText`
    t =   150.77s         Checking existence of `"Saved servers" StaticText`
    t =   150.81s         Capturing element debug description
    t =   151.76s     Checking `Expect predicate `existsNoRetry == 1` for object "Saved servers" StaticText`
    t =   151.76s         Checking existence of `"Saved servers" StaticText`
    t =   151.79s         Capturing element debug description
    t =   152.76s     Checking `Expect predicate `existsNoRetry == 1` for object "Saved servers" StaticText`
    t =   152.76s         Checking existence of `"Saved servers" StaticText`
    t =   152.79s         Capturing element debug description
    t =   153.76s     Checking `Expect predicate `existsNoRetry == 1` for object "Saved servers" StaticText`
    t =   153.76s         Checking existence of `"Saved servers" StaticText`
    t =   153.82s         Capturing element debug description
    t =   154.76s     Checking `Expect predicate `existsNoRetry == 1` for object "Saved servers" StaticText`
    t =   154.77s         Checking existence of `"Saved servers" StaticText`
    t =   154.84s         Capturing element debug description
    t =   155.76s     Checking `Expect predicate `existsNoRetry == 1` for object "Saved servers" StaticText`
    t =   155.76s         Checking existence of `"Saved servers" StaticText`
    t =   155.82s         Capturing element debug description
    t =   156.76s     Checking `Expect predicate `existsNoRetry == 1` for object "Saved servers" StaticText`
    t =   156.76s         Checking existence of `"Saved servers" StaticText`
    t =   156.83s         Capturing element debug description
    t =   157.76s     Checking `Expect predicate `existsNoRetry == 1` for object "Saved servers" StaticText`
    t =   157.76s         Checking existence of `"Saved servers" StaticText`
    t =   157.83s         Capturing element debug description
    t =   158.75s     Checking `Expect predicate `existsNoRetry == 1` for object "Saved servers" StaticText`
    t =   158.75s         Checking existence of `"Saved servers" StaticText`
    t =   158.81s         Capturing element debug description
    t =   158.81s     Checking existence of `"Saved servers" StaticText`
    t =   158.84s Collecting debug information to assist test failure triage
    t =   158.84s     Requesting snapshot of accessibility hierarchy for app with pid 8768
    t =   158.88s Get number of matches for: Elements matching predicate 'identifier == "Server options AC9 Managed" OR label == "Server options AC9 Managed"'
    t =   158.91s Waiting 8.0s for "Server options AC9 Managed" Any to exist
    t =   159.96s     Checking `Expect predicate `existsNoRetry == 1` for object "Server options AC9 Managed" Any`
    t =   159.96s         Checking existence of `"Server options AC9 Managed" Any`
    t =   160.00s         Capturing element debug description
    t =   160.98s     Checking `Expect predicate `existsNoRetry == 1` for object "Server options AC9 Managed" Any`
    t =   160.98s         Checking existence of `"Server options AC9 Managed" Any`
    t =   161.04s         Capturing element debug description
    t =   161.99s     Checking `Expect predicate `existsNoRetry == 1` for object "Server options AC9 Managed" Any`
    t =   162.00s         Checking existence of `"Server options AC9 Managed" Any`
    t =   162.05s         Capturing element debug description
    t =   162.96s     Checking `Expect predicate `existsNoRetry == 1` for object "Server options AC9 Managed" Any`
    t =   162.96s         Checking existence of `"Server options AC9 Managed" Any`
    t =   162.99s         Capturing element debug description
    t =   163.93s     Checking `Expect predicate `existsNoRetry == 1` for object "Server options AC9 Managed" Any`
    t =   163.93s         Checking existence of `"Server options AC9 Managed" Any`
    t =   163.99s         Capturing element debug description
    t =   164.93s     Checking `Expect predicate `existsNoRetry == 1` for object "Server options AC9 Managed" Any`
    t =   164.93s         Checking existence of `"Server options AC9 Managed" Any`
    t =   164.97s         Capturing element debug description
    t =   165.92s     Checking `Expect predicate `existsNoRetry == 1` for object "Server options AC9 Managed" Any`
    t =   165.92s         Checking existence of `"Server options AC9 Managed" Any`
    t =   165.96s         Capturing element debug description
    t =   166.91s     Checking `Expect predicate `existsNoRetry == 1` for object "Server options AC9 Managed" Any`
    t =   166.91s         Checking existence of `"Server options AC9 Managed" Any`
    t =   166.96s         Capturing element debug description
    t =   166.96s     Checking existence of `"Server options AC9 Managed" Any`
    t =   166.99s Collecting debug information to assist test failure triage
    t =   166.99s     Requesting snapshot of accessibility hierarchy for app with pid 8768
    t =   167.03s Get number of matches for: Elements matching predicate 'identifier == "Connect saved server Fixture One" OR label == "Connect saved server Fixture One"'
    t =   167.07s Waiting 10.0s for "Connect saved server Fixture One" Any to exist
    t =   168.11s     Checking `Expect predicate `existsNoRetry == 1` for object "Connect saved server Fixture One" Any`
    t =   168.11s         Checking existence of `"Connect saved server Fixture One" Any`
    t =   168.14s         Capturing element debug description
    t =   169.09s     Checking `Expect predicate `existsNoRetry == 1` for object "Connect saved server Fixture One" Any`
    t =   169.09s         Checking existence of `"Connect saved server Fixture One" Any`
    t =   169.14s         Capturing element debug description
    t =   170.08s     Checking `Expect predicate `existsNoRetry == 1` for object "Connect saved server Fixture One" Any`
    t =   170.08s         Checking existence of `"Connect saved server Fixture One" Any`
    t =   170.11s         Capturing element debug description
    t =   171.16s     Checking `Expect predicate `existsNoRetry == 1` for object "Connect saved server Fixture One" Any`
    t =   171.16s         Checking existence of `"Connect saved server Fixture One" Any`
    t =   171.20s         Capturing element debug description
    t =   172.14s     Checking `Expect predicate `existsNoRetry == 1` for object "Connect saved server Fixture One" Any`
    t =   172.15s         Checking existence of `"Connect saved server Fixture One" Any`
    t =   172.19s         Capturing element debug description
    t =   173.13s     Checking `Expect predicate `existsNoRetry == 1` for object "Connect saved server Fixture One" Any`
    t =   173.13s         Checking existence of `"Connect saved server Fixture One" Any`
    t =   173.17s         Capturing element debug description
    t =   174.11s     Checking `Expect predicate `existsNoRetry == 1` for object "Connect saved server Fixture One" Any`
    t =   174.11s         Checking existence of `"Connect saved server Fixture One" Any`
    t =   174.15s         Capturing element debug description
    t =   175.09s     Checking `Expect predicate `existsNoRetry == 1` for object "Connect saved server Fixture One" Any`
    t =   175.09s         Checking existence of `"Connect saved server Fixture One" Any`
    t =   175.13s         Capturing element debug description
    t =   176.07s     Checking `Expect predicate `existsNoRetry == 1` for object "Connect saved server Fixture One" Any`
    t =   176.08s         Checking existence of `"Connect saved server Fixture One" Any`
    t =   176.11s         Capturing element debug description
    t =   177.07s     Checking `Expect predicate `existsNoRetry == 1` for object "Connect saved server Fixture One" Any`
    t =   177.07s         Checking existence of `"Connect saved server Fixture One" Any`
    t =   177.11s         Capturing element debug description
    t =   177.11s     Checking existence of `"Connect saved server Fixture One" Any`
    t =   177.15s Collecting debug information to assist test failure triage
    t =   177.15s     Requesting snapshot of accessibility hierarchy for app with pid 8768
/Users/devin/repos/meeterm/ios/meetermTests/MeetermSmokeUITests.swift:4068: error: -[meetermTests.MeetermSmokeUITests testAc9SwitcherDiagnostics] : XCTAssertTrue failed - Fixture One row missing in Manage.
    t =   177.21s Tear Down
Test Case '-[meetermTests.MeetermSmokeUITests testAc9SwitcherDiagnostics]' failed (177.507 seconds).
Test Suite 'MeetermSmokeUITests' failed at 2026-09-24 02:39:16.060.
	 Executed 1 test, with 1 failure (0 unexpected) in 177.507 (177.511) seconds
Test Suite 'meetermTests.xctest' failed at 2026-09-24 02:39:16.060.
	 Executed 1 test, with 1 failure (0 unexpected) in 177.507 (177.512) seconds
Test Suite 'Selected tests' failed at 2026-09-24 02:39:16.060.
	 Executed 1 test, with 1 failure (0 unexpected) in 177.507 (177.513) seconds
** BUILD INTERRUPTED **
