Command line invocation:
    /Applications/Xcode.app/Contents/Developer/usr/bin/xcodebuild test-without-building -xctestrun /Users/devin/runner-temp/meeterm-derived-data/Build/Products/.meeterm-eli6ecc9.xctestrun -destination "platform=iOS Simulator,id=7EE2EBC1-0640-4950-AAFF-B4CDF455F377" CODE_SIGNING_ALLOWED=NO CODE_SIGNING_REQUIRED=NO "-only-testing:meetermTests/MeetermSmokeUITests/testShortSshInputAndDisconnect" -resultBundlePath /Users/devin/runner-temp/meeterm-ios-ssh.xcresult

Build settings from command line:
    CODE_SIGNING_ALLOWED = NO
    CODE_SIGNING_REQUIRED = NO

2026-09-24 20:50:04.084 xcodebuild[18941:146375] [MT] IDERunDestination: Supported platforms for the buildables in the current scheme is empty.
Writing result bundle at path:
	/Users/devin/runner-temp/meeterm-ios-ssh.xcresult

2026-09-24 20:50:04.086 xcodebuild[18941:146375] [MT] IDERunDestination: Supported platforms for the buildables in the current scheme is empty.
2026-09-24 20:50:04.345 xcodebuild[18941:146375] [MT] IDERunDestination: Supported platforms for the buildables in the current scheme is empty.
2026-09-24 20:50:05.968231-0700 meetermTests-Runner[18945:146468] [Default] Running tests...
    t =      nans Interface orientation changed to Portrait
Test Suite 'Selected tests' started at 2026-09-24 20:50:07.872.
Test Suite 'meetermTests.xctest' started at 2026-09-24 20:50:07.873.
Test Suite 'MeetermSmokeUITests' started at 2026-09-24 20:50:07.873.
Test Case '-[meetermTests.MeetermSmokeUITests testShortSshInputAndDisconnect]' started.
    t =     0.00s Start Test at 2026-09-24 20:50:07.877
    t =     0.02s Set Up
    t =     0.02s     Open dev.meeterm.app
    t =     0.02s         Launch dev.meeterm.app
2026-09-24 20:50:07.951 xcodebuild[18941:146375] [MT] IDELaunchParametersSnapshot: The operation couldn’t be completed. (DebuggerLLDB.DebuggerVersionStore.StoreError error 0.)
2026-09-24 20:50:07.951 xcodebuild[18941:146375] [MT] IDELaunchParametersSnapshot: no debugger version
objc[18945]: Class UIAccessibilityLoaderWebShared is implemented in both /Library/Developer/CoreSimulator/Profiles/Runtimes/iOS 27.0.simruntime/Contents/Resources/RuntimeRoot/System/Library/AccessibilityBundles/WebKit.axbundle/WebKit (0x1080b4398) and /Library/Developer/CoreSimulator/Profiles/Runtimes/iOS 27.0.simruntime/Contents/Resources/RuntimeRoot/System/Library/AccessibilityBundles/WebCore.axbundle/WebCore (0x108298310). This may cause spurious casting failures and mysterious crashes. One of the duplicates must be removed or renamed.
    t =     0.93s             Setting up automation session
    t =     3.58s             Wait for dev.meeterm.app to idle
    t =     5.84s     Wait for dev.meeterm.app to become Running Foreground
    t =     5.84s     Checking existence of `Window (First Match)`
    t =     5.85s     Find the Window (First Match)
    t =     5.86s     Find the Window at {{0.0, 0.0}, {440.0, 956.0}}
    t =     5.90s     Checking existence of `Button (First Match)`
    t =     5.95s     Find the Button (First Match)
    t =     5.98s     Find the "open-settings" Button
    t =     6.01s     Checking existence of `Button (First Match)`
    t =     6.04s     Find the Button (First Match)
    t =     6.06s     Find the "Connect" Button
    t =     6.09s     Checking existence of `Button (First Match)`
    t =     6.12s     Checking existence of `"Host" TextField`
    t =     6.13s     Checking existence of `"Host" TextView`
    t =     6.14s     Checking existence of `"Host" SecureTextField`
    t =     6.15s     Checking existence of `"Host" Any`
    t =     6.16s     Checking existence of `"Host" Any`
    t =     6.17s     Checking existence of `StaticText (First Match)`
    t =     6.20s     Checking existence of `StaticText (First Match)`
    t =     6.23s     Checking existence of `StaticText (First Match)`
    t =     6.25s     Checking existence of `StaticText (First Match)`
    t =     6.28s     Checking existence of `StaticText (First Match)`
    t =     6.31s     Checking existence of `StaticText (First Match)`
    t =     6.34s     Checking existence of `StaticText (First Match)`
    t =     6.38s     Checking existence of `StaticText (First Match)`
    t =     6.41s     Find the Target Application 'dev.meeterm.app'
    t =     6.50s Get number of matches for: Elements matching predicate 'identifier == "Connect" OR label == "Connect"'
    t =     6.51s Get number of matches for: Elements matching predicate 'identifier == "Connect" OR label == "Connect"'
    t =     6.52s Checking existence of `Button (Element at index 0)`
    t =     6.53s Find the Button (Element at index 0)
    t =     6.55s Waiting 20.0s for "Connect" Button to exist
    t =     7.60s     Checking `Expect predicate `existsNoRetry == 1` for object "Connect" Button`
    t =     7.60s         Checking existence of `"Connect" Button`
    t =     7.62s Get number of matches for: Elements matching predicate 'identifier == "Connect" OR label == "Connect"'
    t =     7.64s Get number of matches for: Elements matching predicate 'identifier == "Connect" OR label == "Connect"'
    t =     7.66s Checking existence of `Button (Element at index 0)`
    t =     7.67s Find the Button (Element at index 0)
    t =     7.72s Tap "Connect" Button
    t =     7.72s     Wait for dev.meeterm.app to idle
    t =     7.72s     Find the "Connect" Button
    t =     7.74s     Check for interrupting elements affecting "Connect" Button
    t =     7.77s     Synthesize event
    t =     8.08s     Wait for dev.meeterm.app to idle
    t =     8.46s Checking existence of `"Host" TextField`
    t =     8.87s Waiting 15.0s for "Host" TextField to exist
    t =     9.93s     Checking `Expect predicate `existsNoRetry == 1` for object "Host" TextField`
    t =     9.93s         Checking existence of `"Host" TextField`
    t =     9.99s Checking existence of `"Host" TextField`
    t =    10.02s Waiting 10.0s for "Host" TextField to exist
    t =    11.07s     Checking `Expect predicate `existsNoRetry == 1` for object "Host" TextField`
    t =    11.07s         Checking existence of `"Host" TextField`
    t =    11.10s Checking existence of `"Host" TextField`
    t =    11.12s Find the "Host" TextField
    t =    11.16s Tap "ssh-host" TextField[0.95, 0.50]
    t =    11.16s     Wait for dev.meeterm.app to idle
    t =    11.16s     Find the "ssh-host" TextField
    t =    11.18s     Check for interrupting elements affecting "ssh-host" TextField
    t =    11.21s     Synthesize event
    t =    11.21s         Find the "ssh-host" TextField
    t =    11.24s         Find the "ssh-host" TextField
    t =    11.27s         Find the "ssh-host" TextField
    t =    11.59s     Wait for dev.meeterm.app to idle
    t =    11.76s Find the "ssh-host" TextField
    t =    11.84s Find the "ssh-host" TextField
    t =    11.92s Type '127.0.0.1' into "ssh-host" TextField
    t =    11.92s     Wait for dev.meeterm.app to idle
    t =    12.08s     Find the "ssh-host" TextField
    t =    12.15s     Check for interrupting elements affecting "ssh-host" TextField
    t =    12.20s     Synthesize event
    t =    12.55s     Wait for dev.meeterm.app to idle
    t =    13.60s Checking `Expect predicate `BLOCKPREDICATE(0x107ddef70)` for object "ssh-host" TextField`
    t =    13.60s     Find the "ssh-host" TextField
    t =    13.64s     Find the "ssh-host" TextField
    t =    13.68s Checking existence of `"Port" TextField`
    t =    13.71s Waiting 10.0s for "Port" TextField to exist
    t =    14.77s     Checking `Expect predicate `existsNoRetry == 1` for object "Port" TextField`
    t =    14.77s         Checking existence of `"Port" TextField`
    t =    14.81s Checking existence of `"Port" TextField`
    t =    14.85s Find the "Port" TextField
    t =    14.89s Tap "ssh-port" TextField[0.95, 0.50]
    t =    14.89s     Wait for dev.meeterm.app to idle
    t =    14.89s     Find the "ssh-port" TextField
    t =    14.92s     Check for interrupting elements affecting "ssh-port" TextField
    t =    14.96s     Synthesize event
    t =    14.96s         Find the "ssh-port" TextField
    t =    15.00s         Find the "ssh-port" TextField
    t =    15.04s         Find the "ssh-port" TextField
    t =    15.36s     Wait for dev.meeterm.app to idle
    t =    15.46s Find the "ssh-port" TextField
    t =    15.53s Find the "ssh-port" TextField
    t =    15.59s Type '' into "ssh-port" TextField
    t =    15.59s     Wait for dev.meeterm.app to idle
    t =    15.84s     Find the "ssh-port" TextField
    t =    15.87s     Check for interrupting elements affecting "ssh-port" TextField
    t =    15.91s     Synthesize event
    t =    16.16s     Wait for dev.meeterm.app to idle
    t =    16.16s Find the "ssh-port" TextField
    t =    16.19s Type '51494' into "ssh-port" TextField
    t =    16.19s     Wait for dev.meeterm.app to idle
    t =    16.19s     Find the "ssh-port" TextField
    t =    16.22s     Check for interrupting elements affecting "ssh-port" TextField
    t =    16.25s     Synthesize event
    t =    16.55s     Wait for dev.meeterm.app to idle
    t =    17.60s Checking `Expect predicate `BLOCKPREDICATE(0x107dc4ea0)` for object "ssh-port" TextField`
    t =    17.60s     Find the "ssh-port" TextField
    t =    17.65s     Find the "ssh-port" TextField
    t =    17.69s Checking existence of `"Username" TextField`
    t =    17.72s Waiting 10.0s for "Username" TextField to exist
    t =    18.77s     Checking `Expect predicate `existsNoRetry == 1` for object "Username" TextField`
    t =    18.77s         Checking existence of `"Username" TextField`
    t =    18.84s Checking existence of `"Username" TextField`
    t =    18.87s Find the "Username" TextField
    t =    18.91s Tap "ssh-username" TextField[0.95, 0.50]
    t =    18.91s     Wait for dev.meeterm.app to idle
    t =    18.91s     Find the "ssh-username" TextField
    t =    18.94s     Check for interrupting elements affecting "ssh-username" TextField
    t =    18.97s     Synthesize event
    t =    18.97s         Find the "ssh-username" TextField
    t =    19.02s         Find the "ssh-username" TextField
    t =    19.05s         Find the "ssh-username" TextField
    t =    19.37s     Wait for dev.meeterm.app to idle
    t =    19.74s Find the "ssh-username" TextField
    t =    19.77s Find the "ssh-username" TextField
    t =    19.81s Type 'd' into "ssh-username" TextField
    t =    19.81s     Wait for dev.meeterm.app to idle
    t =    19.81s     Find the "ssh-username" TextField
    t =    19.84s     Check for interrupting elements affecting "ssh-username" TextField
    t =    19.87s     Synthesize event
    t =    20.10s     Wait for dev.meeterm.app to idle
    t =    21.16s Checking `Expect predicate `BLOCKPREDICATE(0x107e7fb40)` for object "ssh-username" TextField`
    t =    21.17s     Find the "ssh-username" TextField
    t =    21.21s     Find the "ssh-username" TextField
    t =    21.24s Type 'e' into "ssh-username" TextField
    t =    21.24s     Wait for dev.meeterm.app to idle
    t =    21.25s     Find the "ssh-username" TextField
    t =    21.28s     Check for interrupting elements affecting "ssh-username" TextField
    t =    21.31s     Synthesize event
    t =    21.54s     Wait for dev.meeterm.app to idle
    t =    22.62s Checking `Expect predicate `BLOCKPREDICATE(0x104e65fb0)` for object "ssh-username" TextField`
    t =    22.62s     Find the "ssh-username" TextField
    t =    22.68s     Find the "ssh-username" TextField
    t =    22.71s Type 'v' into "ssh-username" TextField
    t =    22.71s     Wait for dev.meeterm.app to idle
    t =    22.72s     Find the "ssh-username" TextField
    t =    22.75s     Check for interrupting elements affecting "ssh-username" TextField
    t =    22.77s     Synthesize event
    t =    22.99s     Wait for dev.meeterm.app to idle
    t =    24.07s Checking `Expect predicate `BLOCKPREDICATE(0x107dc7c90)` for object "ssh-username" TextField`
    t =    24.07s     Find the "ssh-username" TextField
    t =    24.13s     Find the "ssh-username" TextField
    t =    24.17s Type 'i' into "ssh-username" TextField
    t =    24.17s     Wait for dev.meeterm.app to idle
    t =    24.17s     Find the "ssh-username" TextField
    t =    24.21s     Check for interrupting elements affecting "ssh-username" TextField
    t =    24.24s     Synthesize event
    t =    24.46s     Wait for dev.meeterm.app to idle
    t =    25.50s Checking `Expect predicate `BLOCKPREDICATE(0x107dc7540)` for object "ssh-username" TextField`
    t =    25.50s     Find the "ssh-username" TextField
    t =    25.56s     Find the "ssh-username" TextField
    t =    25.59s Type 'n' into "ssh-username" TextField
    t =    25.59s     Wait for dev.meeterm.app to idle
    t =    25.59s     Find the "ssh-username" TextField
    t =    25.62s     Check for interrupting elements affecting "ssh-username" TextField
    t =    25.66s     Synthesize event
    t =    25.87s     Wait for dev.meeterm.app to idle
    t =    26.93s Checking `Expect predicate `BLOCKPREDICATE(0x107dc7ae0)` for object "ssh-username" TextField`
    t =    26.93s     Find the "ssh-username" TextField
    t =    27.00s     Find the "ssh-username" TextField
    t =    28.08s Checking `Expect predicate `BLOCKPREDICATE(0x107dc5ce0)` for object "ssh-username" TextField`
    t =    28.08s     Find the "ssh-username" TextField
    t =    28.12s     Find the "ssh-username" TextField
    t =    28.16s Checking existence of `"Server name" TextField`
    t =    28.21s Checking existence of `"Server name" TextField`
    t =    28.25s Find the "Server name" TextField
    t =    28.29s Find the "server-profile-name" TextField
    t =    28.61s Checking existence of `"server-profile-name" TextField`
    t =    28.65s Find the "server-profile-name" TextField
    t =    28.69s Find the "server-profile-name" TextField
    t =    29.00s Checking existence of `"server-profile-name" TextField`
    t =    29.04s Find the "server-profile-name" TextField
    t =    29.07s Find the "server-profile-name" TextField
    t =    29.37s Checking existence of `"server-profile-name" TextField`
    t =    29.41s Find the "server-profile-name" TextField
    t =    29.44s Find the "server-profile-name" TextField
    t =    29.48s Find the "server-profile-name" TextField
    t =    29.53s Checking existence of `ScrollView (First Match)`
    t =    29.64s Find the ScrollView (First Match)
    t =    29.73s Checking existence of `Keyboard (First Match)`
    t =    29.75s Find the Keyboard (First Match)
    t =    29.77s Find the Target Application 'dev.meeterm.app'
    t =    29.81s Checking existence of `ScrollView at {{0.0, 122.0}, {440.0, 576.0}}`
    t =    29.89s Find the Target Application 'dev.meeterm.app'
    t =    29.91s Checking existence of `ScrollView at {{0.0, 122.0}, {440.0, 576.0}}`
    t =    30.00s Find the ScrollView at {{0.0, 122.0}, {440.0, 576.0}}
    t =    30.09s Find the Target Application 'dev.meeterm.app'
    t =    30.11s Checking existence of `Keyboard (First Match)`
    t =    30.13s Find the Keyboard (First Match)
    t =    30.16s Find the Keyboard at {{0.0, 653.0}, {440.0, 245.0}}
    t =    30.18s Checking existence of `"server-profile-name" TextField`
    t =    30.22s Find the "server-profile-name" TextField
    t =    30.26s Press Target Application 'dev.meeterm.app'[0.00, 0.00] -> (8.0, 520.2) for 0.1 seconds, then drag to Target Application 'dev.meeterm.app'[0.00, 0.00] -> (8.0, 254.8) with velocity of 250.00 pixels per second, and then hold for 0.2 seconds 
    t =    30.26s     Wait for dev.meeterm.app to idle
    t =    30.26s     Find the Target Application 'dev.meeterm.app'
    t =    30.29s     Check for interrupting elements affecting "meeterm" Application
    t =    30.32s     Synthesize event
    t =    30.32s         Find the Target Application 'dev.meeterm.app'
    t =    30.34s         Find the Target Application 'dev.meeterm.app'
    t =    30.37s         Find the Target Application 'dev.meeterm.app'
    t =    30.39s         Find the Target Application 'dev.meeterm.app'
    t =    30.42s         Find the Target Application 'dev.meeterm.app'
    t =    32.02s     Wait for dev.meeterm.app to idle
    t =    32.27s Checking existence of `"server-profile-name" TextField`
    t =    32.31s Find the "server-profile-name" TextField
    t =    32.36s Find the "server-profile-name" TextField
    t =    32.39s Find the "server-profile-name" TextField
    t =    32.44s Checking existence of `ScrollView at {{0.0, 122.0}, {440.0, 576.0}}`
    t =    32.53s Find the ScrollView at {{0.0, 122.0}, {440.0, 576.0}}
    t =    32.64s Checking existence of `Keyboard (First Match)`
    t =    32.66s Find the Keyboard (First Match)
    t =    32.68s Find the Target Application 'dev.meeterm.app'
    t =    32.71s Checking existence of `"server-profile-name" TextField`
    t =    32.75s Find the "server-profile-name" TextField
    t =    32.78s Find the "server-profile-name" TextField
    t =    33.08s Checking existence of `"server-profile-name" TextField`
    t =    33.12s Find the "server-profile-name" TextField
    t =    33.16s Find the "server-profile-name" TextField
    t =    33.45s Checking existence of `"server-profile-name" TextField`
    t =    33.48s Find the "server-profile-name" TextField
    t =    33.52s Find the "server-profile-name" TextField
    t =    33.83s Checking existence of `"server-profile-name" TextField`
    t =    33.87s Find the "server-profile-name" TextField
    t =    33.91s Find the "server-profile-name" TextField
    t =    33.95s Find the "server-profile-name" TextField
    t =    34.00s Checking existence of `ScrollView at {{0.0, 122.0}, {440.0, 576.0}}`
    t =    34.09s Find the ScrollView at {{0.0, 122.0}, {440.0, 576.0}}
    t =    34.18s Checking existence of `Keyboard (First Match)`
    t =    34.20s Find the Keyboard (First Match)
    t =    34.23s Find the Target Application 'dev.meeterm.app'
    t =    34.26s Checking existence of `ScrollView at {{0.0, 122.0}, {440.0, 576.0}}`
    t =    34.36s Find the Target Application 'dev.meeterm.app'
    t =    34.38s Checking existence of `ScrollView at {{0.0, 122.0}, {440.0, 576.0}}`
    t =    34.48s Find the ScrollView at {{0.0, 122.0}, {440.0, 576.0}}
    t =    34.58s Find the Target Application 'dev.meeterm.app'
    t =    34.60s Checking existence of `Keyboard (First Match)`
    t =    34.63s Find the Keyboard (First Match)
    t =    34.66s Find the Keyboard at {{0.0, 653.0}, {440.0, 245.0}}
    t =    34.68s Checking existence of `"server-profile-name" TextField`
    t =    34.72s Find the "server-profile-name" TextField
    t =    34.76s Press Target Application 'dev.meeterm.app'[0.00, 0.00] -> (8.0, 520.2) for 0.1 seconds, then drag to Target Application 'dev.meeterm.app'[0.00, 0.00] -> (8.0, 254.8) with velocity of 250.00 pixels per second, and then hold for 0.2 seconds 
    t =    34.76s     Wait for dev.meeterm.app to idle
    t =    34.77s     Find the Target Application 'dev.meeterm.app'
    t =    34.79s     Check for interrupting elements affecting "meeterm" Application
    t =    34.83s     Synthesize event
    t =    34.83s         Find the Target Application 'dev.meeterm.app'
    t =    34.85s         Find the Target Application 'dev.meeterm.app'
    t =    34.88s         Find the Target Application 'dev.meeterm.app'
    t =    34.90s         Find the Target Application 'dev.meeterm.app'
    t =    34.93s         Find the Target Application 'dev.meeterm.app'
    t =    36.52s     Wait for dev.meeterm.app to idle
    t =    36.77s Checking existence of `"server-profile-name" TextField`
    t =    36.81s Find the "server-profile-name" TextField
    t =    36.85s Find the "server-profile-name" TextField
    t =    36.88s Find the "server-profile-name" TextField
    t =    36.93s Checking existence of `ScrollView at {{0.0, 122.0}, {440.0, 576.0}}`
    t =    37.02s Find the ScrollView at {{0.0, 122.0}, {440.0, 576.0}}
    t =    37.11s Checking existence of `Keyboard (First Match)`
    t =    37.13s Find the Keyboard (First Match)
    t =    37.14s Find the Target Application 'dev.meeterm.app'
    t =    37.17s Checking existence of `"server-profile-name" TextField`
    t =    37.20s Find the "server-profile-name" TextField
    t =    37.24s Find the "server-profile-name" TextField
    t =    37.28s Checking existence of `"server-profile-name" TextField`
    t =    37.33s Checking existence of `ScrollView at {{0.0, 122.0}, {440.0, 576.0}}`
    t =    37.43s Find the ScrollView at {{0.0, 122.0}, {440.0, 576.0}}
    t =    37.53s Find the Target Application 'dev.meeterm.app'
    t =    37.56s Checking existence of `Keyboard (First Match)`
    t =    37.58s Find the Keyboard (First Match)
    t =    37.62s Find the Keyboard at {{0.0, 653.0}, {440.0, 245.0}}
    t =    37.64s Find the "server-profile-name" TextField
    t =    37.68s Checking existence of `"Server name" TextField`
    t =    37.71s Waiting 10.0s for "Server name" TextField to exist
    t =    38.76s     Checking `Expect predicate `existsNoRetry == 1` for object "Server name" TextField`
    t =    38.76s         Checking existence of `"Server name" TextField`
    t =    38.79s Checking existence of `"Server name" TextField`
    t =    38.83s Find the "Server name" TextField
    t =    38.88s Tap "server-profile-name" TextField[0.95, 0.50]
    t =    38.88s     Wait for dev.meeterm.app to idle
    t =    38.88s     Find the "server-profile-name" TextField
    t =    38.92s     Check for interrupting elements affecting "server-profile-name" TextField
    t =    38.95s     Synthesize event
    t =    38.95s         Find the "server-profile-name" TextField
    t =    38.99s         Find the "server-profile-name" TextField
    t =    39.02s         Find the "server-profile-name" TextField
    t =    39.35s     Wait for dev.meeterm.app to idle
    t =    39.75s Find the "server-profile-name" TextField
    t =    39.79s Find the "server-profile-name" TextField
    t =    39.83s Type 'Daily fixture' into "server-profile-name" TextField
    t =    39.83s     Wait for dev.meeterm.app to idle
    t =    39.83s     Find the "server-profile-name" TextField
    t =    39.87s     Check for interrupting elements affecting "server-profile-name" TextField
    t =    39.91s     Synthesize event
    t =    40.34s     Wait for dev.meeterm.app to idle
    t =    41.40s Checking `Expect predicate `BLOCKPREDICATE(0x1120f1470)` for object "server-profile-name" TextField`
    t =    41.40s     Find the "server-profile-name" TextField
    t =    41.44s     Find the "server-profile-name" TextField
    t =    41.47s Checking existence of `"save-credentials" Switch`
    t =    41.51s Find the "save-credentials" Switch
    t =    41.55s Find the "save-credentials" Switch
    t =    41.60s Checking existence of `"save-credentials" Switch`
    t =    41.63s Checking existence of `ScrollView (First Match)`
    t =    41.74s Find the ScrollView (First Match)
    t =    41.85s Find the Target Application 'dev.meeterm.app'
    t =    41.88s Checking existence of `Keyboard (First Match)`
    t =    41.90s Find the Keyboard (First Match)
    t =    41.93s Find the Keyboard at {{0.0, 653.0}, {440.0, 245.0}}
    t =    41.95s Find the "save-credentials" Switch
    t =    41.99s Find the "save-credentials" Switch
    t =    42.03s Tap "save-credentials" Switch
    t =    42.03s     Wait for dev.meeterm.app to idle
    t =    42.03s     Find the "save-credentials" Switch
    t =    42.07s     Check for interrupting elements affecting "save-credentials" Switch
    t =    42.11s     Synthesize event
    t =    42.41s     Wait for dev.meeterm.app to idle
    t =    43.63s Find the "save-credentials" Switch
    t =    43.68s Checking existence of `"Private OpenSSH key" TextField`
    t =    43.74s Checking existence of `"Private OpenSSH key" TextView`
    t =    43.79s Checking existence of `"Private OpenSSH key" TextView`
    t =    43.83s Find the "Private OpenSSH key" TextView
    t =    43.87s Find the "ssh-private-key" TextView
    t =    43.92s Checking existence of `"ssh-private-key" TextView`
    t =    43.95s Checking existence of `ScrollView (First Match)`
    t =    44.05s Find the ScrollView (First Match)
    t =    44.27s Find the Target Application 'dev.meeterm.app'
    t =    44.31s Checking existence of `Keyboard (First Match)`
    t =    44.33s Find the Keyboard (First Match)
    t =    44.36s Find the Keyboard at {{0.0, 653.0}, {440.0, 245.0}}
    t =    44.38s Find the "ssh-private-key" TextView
    t =    44.67s Checking existence of `"ssh-private-key" TextView`
    t =    44.72s Find the "ssh-private-key" TextView
    t =    44.76s Find the "ssh-private-key" TextView
    t =    44.82s Checking existence of `"ssh-private-key" TextView`
    t =    44.86s Checking existence of `ScrollView at {{0.0, 122.0}, {440.0, 549.0}}`
    t =    44.96s Find the ScrollView at {{0.0, 122.0}, {440.0, 549.0}}
    t =    45.07s Find the Target Application 'dev.meeterm.app'
    t =    45.09s Checking existence of `Keyboard (First Match)`
    t =    45.11s Find the Keyboard (First Match)
    t =    45.15s Find the Keyboard at {{0.0, 653.0}, {440.0, 245.0}}
    t =    45.18s Find the "ssh-private-key" TextView
    t =    45.46s Checking existence of `"ssh-private-key" TextView`
    t =    45.50s Find the "ssh-private-key" TextView
    t =    45.54s Find the "ssh-private-key" TextView
    t =    45.57s Find the "ssh-private-key" TextView
    t =    45.62s Checking existence of `ScrollView at {{0.0, 122.0}, {440.0, 549.0}}`
    t =    45.71s Find the ScrollView at {{0.0, 122.0}, {440.0, 549.0}}
    t =    45.81s Checking existence of `Keyboard (First Match)`
    t =    45.83s Find the Keyboard (First Match)
    t =    45.85s Find the Target Application 'dev.meeterm.app'
    t =    45.88s Checking existence of `ScrollView at {{0.0, 122.0}, {440.0, 549.0}}`
    t =    45.97s Find the Target Application 'dev.meeterm.app'
    t =    45.99s Checking existence of `ScrollView at {{0.0, 122.0}, {440.0, 549.0}}`
    t =    46.09s Find the ScrollView at {{0.0, 122.0}, {440.0, 549.0}}
    t =    46.18s Find the Target Application 'dev.meeterm.app'
    t =    46.20s Checking existence of `Keyboard (First Match)`
    t =    46.23s Find the Keyboard (First Match)
    t =    46.27s Find the Keyboard at {{0.0, 653.0}, {440.0, 245.0}}
    t =    46.29s Checking existence of `"ssh-private-key" TextView`
    t =    46.32s Find the "ssh-private-key" TextView
    t =    46.36s Press Target Application 'dev.meeterm.app'[0.00, 0.00] -> (8.0, 269.2) for 0.1 seconds, then drag to Target Application 'dev.meeterm.app'[0.00, 0.00] -> (8.0, 505.8) with velocity of 250.00 pixels per second, and then hold for 0.2 seconds 
    t =    46.36s     Wait for dev.meeterm.app to idle
    t =    46.36s     Find the Target Application 'dev.meeterm.app'
    t =    46.39s     Check for interrupting elements affecting "meeterm" Application
    t =    46.42s     Synthesize event
    t =    46.42s         Find the Target Application 'dev.meeterm.app'
    t =    46.44s         Find the Target Application 'dev.meeterm.app'
    t =    46.47s         Find the Target Application 'dev.meeterm.app'
    t =    46.49s         Find the Target Application 'dev.meeterm.app'
    t =    46.51s         Find the Target Application 'dev.meeterm.app'
    t =    48.00s     Wait for dev.meeterm.app to idle
    t =    48.27s Checking existence of `"ssh-private-key" TextView`
    t =    48.33s Find the "ssh-private-key" TextView
    t =    48.37s Find the "ssh-private-key" TextView
    t =    48.40s Find the "ssh-private-key" TextView
    t =    48.46s Checking existence of `ScrollView at {{0.0, 122.0}, {440.0, 549.0}}`
    t =    48.54s Find the ScrollView at {{0.0, 122.0}, {440.0, 549.0}}
    t =    48.64s Checking existence of `Keyboard (First Match)`
    t =    48.66s Find the Keyboard (First Match)
    t =    48.68s Find the Target Application 'dev.meeterm.app'
    t =    48.70s Checking existence of `"ssh-private-key" TextView`
    t =    48.75s Find the "ssh-private-key" TextView
    t =    48.78s Find the "ssh-private-key" TextView
    t =    48.83s Checking existence of `"ssh-private-key" TextView`
    t =    48.87s Checking existence of `ScrollView at {{0.0, 122.0}, {440.0, 549.0}}`
    t =    48.96s Find the ScrollView at {{0.0, 122.0}, {440.0, 549.0}}
    t =    49.06s Find the Target Application 'dev.meeterm.app'
    t =    49.09s Checking existence of `Keyboard (First Match)`
    t =    49.11s Find the Keyboard (First Match)
    t =    49.13s Find the Keyboard at {{0.0, 653.0}, {440.0, 245.0}}
    t =    49.16s Find the "ssh-private-key" TextView
    t =    49.20s Checking existence of `"Private OpenSSH key" TextField`
    t =    49.23s Checking existence of `"Private OpenSSH key" TextView`
    t =    49.26s Checking existence of `"Private OpenSSH key" TextView`
    t =    49.30s Find the "Private OpenSSH key" TextView
    t =    49.33s Find the "ssh-private-key" TextView
    t =    49.37s Checking existence of `"ssh-private-key" TextView`
    t =    49.41s Checking existence of `ScrollView (First Match)`
    t =    49.49s Find the ScrollView (First Match)
    t =    49.58s Find the Target Application 'dev.meeterm.app'
    t =    49.61s Checking existence of `Keyboard (First Match)`
    t =    49.62s Find the Keyboard (First Match)
    t =    49.65s Find the Keyboard at {{0.0, 653.0}, {440.0, 245.0}}
    t =    49.67s Find the "ssh-private-key" TextView
    t =    49.71s Checking existence of `"Private OpenSSH key" TextField`
    t =    49.74s Checking existence of `"Private OpenSSH key" TextView`
    t =    49.78s Find the "Private OpenSSH key" TextView
    t =    49.82s Find the "ssh-private-key" TextView
    t =    49.86s Find the "ssh-private-key" TextView
    t =    49.90s Find the "ssh-private-key" TextView
    t =    49.95s Find the "ssh-private-key" TextView
    t =    49.99s Find the "ssh-private-key" TextView
    t =    50.03s Find the "ssh-private-key" TextView
    t =    50.08s Find the "ssh-private-key" TextView
    t =    50.12s Waiting 15.0s for "ssh-private-key" TextView to exist
    t =    51.17s     Checking `Expect predicate `existsNoRetry == 1` for object "ssh-private-key" TextView`
    t =    51.17s         Checking existence of `"ssh-private-key" TextView`
    t =    51.22s Tap "ssh-private-key" TextView
    t =    51.22s     Wait for dev.meeterm.app to idle
    t =    51.22s     Find the "ssh-private-key" TextView
    t =    51.25s     Check for interrupting elements affecting "ssh-private-key" TextView
    t =    51.29s     Synthesize event
    t =    51.59s     Wait for dev.meeterm.app to idle
    t =    52.08s Type '-----BEGIN OPENSSH...' into "ssh-private-key" TextView
    t =    52.08s     Wait for dev.meeterm.app to idle
    t =    52.08s     Find the "ssh-private-key" TextView
    t =    52.13s     Check for interrupting elements affecting "ssh-private-key" TextView
    t =    52.18s     Synthesize event
    t =    52.97s     Wait for dev.meeterm.app to idle
    t =    52.97s Checking existence of `"return" Key`
    t =    53.01s Type '
' into "ssh-private-key" TextView
    t =    53.01s     Wait for dev.meeterm.app to idle
    t =    53.01s     Find the "ssh-private-key" TextView
    t =    53.05s     Check for interrupting elements affecting "ssh-private-key" TextView
    t =    53.08s     Synthesize event
    t =    53.30s     Wait for dev.meeterm.app to idle
    t =    53.31s Type 'b3BlbnNzaC1rZXktdj...' into "ssh-private-key" TextView
    t =    53.31s     Wait for dev.meeterm.app to idle
    t =    53.31s     Find the "ssh-private-key" TextView
    t =    53.35s     Check for interrupting elements affecting "ssh-private-key" TextView
    t =    53.39s     Synthesize event
    t =    54.77s     Wait for dev.meeterm.app to idle
    t =    54.77s Checking existence of `"return" Key`
    t =    54.82s Type '
' into "ssh-private-key" TextView
    t =    54.82s     Wait for dev.meeterm.app to idle
    t =    54.82s     Find the "ssh-private-key" TextView
    t =    54.86s     Check for interrupting elements affecting "ssh-private-key" TextView
    t =    54.90s     Synthesize event
    t =    55.13s     Wait for dev.meeterm.app to idle
    t =    55.13s Type 'QyNTUxOQAAACANOlqj...' into "ssh-private-key" TextView
    t =    55.13s     Wait for dev.meeterm.app to idle
    t =    55.14s     Find the "ssh-private-key" TextView
    t =    55.18s     Check for interrupting elements affecting "ssh-private-key" TextView
    t =    55.21s     Synthesize event
    t =    56.58s     Wait for dev.meeterm.app to idle
    t =    56.59s Checking existence of `"return" Key`
    t =    56.62s Type '
' into "ssh-private-key" TextView
    t =    56.63s     Wait for dev.meeterm.app to idle
    t =    56.73s     Find the "ssh-private-key" TextView
    t =    56.77s     Check for interrupting elements affecting "ssh-private-key" TextView
    t =    56.81s     Synthesize event
    t =    57.03s     Wait for dev.meeterm.app to idle
    t =    57.04s Type 'KwAAAAtzc2gtZWQyNT...' into "ssh-private-key" TextView
    t =    57.04s     Wait for dev.meeterm.app to idle
    t =    57.04s     Find the "ssh-private-key" TextView
    t =    57.08s     Check for interrupting elements affecting "ssh-private-key" TextView
    t =    57.11s     Synthesize event
    t =    58.48s     Wait for dev.meeterm.app to idle
    t =    58.49s Checking existence of `"return" Key`
    t =    58.52s Type '
' into "ssh-private-key" TextView
    t =    58.52s     Wait for dev.meeterm.app to idle
    t =    58.53s     Find the "ssh-private-key" TextView
    t =    58.57s     Check for interrupting elements affecting "ssh-private-key" TextView
    t =    58.60s     Synthesize event
    t =    58.82s     Wait for dev.meeterm.app to idle
    t =    58.82s Type 'AAAEAEY8kKJdraS0aC...' into "ssh-private-key" TextView
    t =    58.82s     Wait for dev.meeterm.app to idle
    t =    58.83s     Find the "ssh-private-key" TextView
    t =    58.87s     Check for interrupting elements affecting "ssh-private-key" TextView
    t =    58.91s     Synthesize event
    t =    60.29s     Wait for dev.meeterm.app to idle
    t =    60.29s Checking existence of `"return" Key`
    t =    60.33s Type '
' into "ssh-private-key" TextView
    t =    60.33s     Wait for dev.meeterm.app to idle
    t =    60.33s     Find the "ssh-private-key" TextView
    t =    60.37s     Check for interrupting elements affecting "ssh-private-key" TextView
    t =    60.40s     Synthesize event
    t =    60.62s     Wait for dev.meeterm.app to idle
    t =    60.62s Type 'WkGPSBbxVV4WU5tbnz...' into "ssh-private-key" TextView
    t =    60.62s     Wait for dev.meeterm.app to idle
    t =    60.63s     Find the "ssh-private-key" TextView
    t =    60.66s     Check for interrupting elements affecting "ssh-private-key" TextView
    t =    60.70s     Synthesize event
    t =    61.84s     Wait for dev.meeterm.app to idle
    t =    61.84s Checking existence of `"return" Key`
    t =    61.88s Type '
' into "ssh-private-key" TextView
    t =    61.88s     Wait for dev.meeterm.app to idle
    t =    61.88s     Find the "ssh-private-key" TextView
    t =    61.92s     Check for interrupting elements affecting "ssh-private-key" TextView
    t =    61.96s     Synthesize event
    t =    62.17s     Wait for dev.meeterm.app to idle
    t =    62.18s Type '-----END OPENSSH P...' into "ssh-private-key" TextView
    t =    62.18s     Wait for dev.meeterm.app to idle
    t =    62.18s     Find the "ssh-private-key" TextView
    t =    62.22s     Check for interrupting elements affecting "ssh-private-key" TextView
    t =    62.25s     Synthesize event
    t =    63.01s     Wait for dev.meeterm.app to idle
    t =    63.01s Waiting 10.0s for "ssh-submit" Button to exist
    t =    64.05s     Checking `Expect predicate `existsNoRetry == 1` for object "ssh-submit" Button`
    t =    64.05s         Checking existence of `"ssh-submit" Button`
    t =    64.09s Checking existence of `"ssh-submit" Button`
    t =    64.13s Find the "ssh-submit" Button
    t =    64.18s Tap "ssh-submit" Button
    t =    64.18s     Wait for dev.meeterm.app to idle
    t =    64.19s     Find the "ssh-submit" Button
    t =    64.22s     Check for interrupting elements affecting "ssh-submit" Button
    t =    64.26s     Synthesize event
    t =    64.56s     Wait for dev.meeterm.app to idle
    t =    65.09s Checking existence of `"ssh-submit" Button`
    t =    65.13s Waiting 60.0s for Alert (First Match) to exist
    t =    66.19s     Checking `Expect predicate `existsNoRetry == 1` for object Alert (First Match)`
    t =    66.19s         Checking existence of `Alert (First Match)`
    t =    66.20s Get all elements bound by index for: Descendants matching type StaticText
    t =    66.22s Find the StaticText (Element at index 0)
    t =    66.25s Find the StaticText (Element at index 1)
    t =    66.26s Waiting 10.0s for "Trust and connect" Button to exist
    t =    67.31s     Checking `Expect predicate `existsNoRetry == 1` for object "Trust and connect" Button`
    t =    67.31s         Checking existence of `"Trust and connect" Button`
    t =    67.33s Checking existence of `"Trust and connect" Button`
    t =    67.35s Find the "Trust and connect" Button
    t =    67.38s Tap "Trust and connect" Button
    t =    67.38s     Wait for dev.meeterm.app to idle
    t =    67.39s     Find the "Trust and connect" Button
    t =    67.41s     Check for interrupting elements affecting "Trust and connect" Button
    t =    67.45s     Synthesize event
    t =    67.74s     Wait for dev.meeterm.app to idle
    t =    68.00s Checking existence of `Alert (First Match)`
    t =    68.09s Waiting 60.0s for StaticText (First Match) to exist
    t =    69.14s     Checking `Expect predicate `existsNoRetry == 1` for object StaticText (First Match)`
    t =    69.14s         Checking existence of `StaticText (First Match)`
    t =    69.17s Get number of matches for: Elements matching predicate 'identifier == "tmux runtime meeterm" OR label == "tmux runtime meeterm"'
    t =    69.21s Get number of matches for: Elements matching predicate 'identifier == "tmux runtime meeterm" OR label == "tmux runtime meeterm"'
    t =    69.24s Checking existence of `Button (Element at index 0)`
    t =    69.27s Find the Button (Element at index 0)
    t =    69.32s Waiting 30.0s for "runtime-row-tmux-runtime-1-1-tmux-0" Button to exist
    t =    70.35s     Checking `Expect predicate `existsNoRetry == 1` for object "runtime-row-tmux-runtime-1-1-tmux-0" Button`
    t =    70.35s         Checking existence of `"runtime-row-tmux-runtime-1-1-tmux-0" Button`
    t =    70.37s Checking existence of `"runtime-row-tmux-runtime-1-1-tmux-0" Button`
    t =    70.39s Find the "runtime-row-tmux-runtime-1-1-tmux-0" Button
    t =    70.43s Tap "runtime-row-tmux-runtime-1-1-tmux-0" Button
    t =    70.43s     Wait for dev.meeterm.app to idle
    t =    70.43s     Find the "runtime-row-tmux-runtime-1-1-tmux-0" Button
    t =    70.45s     Check for interrupting elements affecting "runtime-row-tmux-runtime-1-1-tmux-0" Button
    t =    70.48s     Synthesize event
    t =    70.77s     Wait for dev.meeterm.app to idle
    t =    70.78s Waiting 90.0s for StaticText (First Match) to exist
    t =    71.80s     Checking `Expect predicate `existsNoRetry == 1` for object StaticText (First Match)`
    t =    71.80s         Checking existence of `StaticText (First Match)`
    t =    71.84s Get number of matches for: Elements matching predicate 'identifier BEGINSWITH "workspace-row-" AND label BEGINSWITH "Workspace "'
    t =    71.86s Find the Button (Element at index 0)
    t =    71.87s Find the Button (Element at index 1)
    t =    71.89s Get number of matches for: Elements matching predicate 'identifier == "Workspace ios-main" OR label == "Workspace ios-main"'
    t =    71.90s Get number of matches for: Elements matching predicate 'identifier == "Workspace ios-main" OR label == "Workspace ios-main"'
    t =    71.92s Checking existence of `Button (Element at index 0)`
    t =    71.93s Find the Button (Element at index 0)
    t =    71.96s Waiting 15.0s for "workspace-row-@0" Button to exist
    t =    73.00s     Checking `Expect predicate `existsNoRetry == 1` for object "workspace-row-@0" Button`
    t =    73.00s         Checking existence of `"workspace-row-@0" Button`
    t =    73.02s Checking existence of `"workspace-row-@0" Button`
    t =    73.04s Find the "workspace-row-@0" Button
    t =    73.06s Tap "workspace-row-@0" Button
    t =    73.06s     Wait for dev.meeterm.app to idle
    t =    73.06s     Find the "workspace-row-@0" Button
    t =    73.08s     Check for interrupting elements affecting "workspace-row-@0" Button
    t =    73.09s     Synthesize event
    t =    73.39s     Wait for dev.meeterm.app to idle
    t =    73.88s Get all elements bound by index for: Elements matching predicate 'identifier == "Terminal" OR label == "Terminal" OR label == "Terminal, cached output, read only"'
    t =    74.18s Get all elements bound by index for: Elements matching predicate 'identifier == "Terminal" OR label == "Terminal" OR label == "Terminal, cached output, read only"'
    t =    74.27s Checking existence of `Other (Element at index 0)`
    t =    74.30s Find the Other (Element at index 0)
    t =    74.33s Checking existence of `Other (Element at index 1)`
    t =    74.36s Find the Other (Element at index 1)
    t =    74.39s Find the "Terminal" Other
    t =    74.44s Get all elements bound by index for: Elements matching predicate 'identifier == "Terminal" OR label == "Terminal" OR label == "Terminal, cached output, read only"'
    t =    74.46s Checking existence of `Other (Element at index 0)`
    t =    74.47s Find the Other (Element at index 0)
    t =    74.48s Checking existence of `Other (Element at index 1)`
    t =    74.50s Find the Other (Element at index 1)
    t =    74.51s Find the "Terminal" Other
    t =    74.53s Get all elements bound by index for: Elements matching predicate 'identifier BEGINSWITH "terminal-tab-"'
    t =    74.54s Find the Any (Element at index 0)
    t =    74.56s Checking existence of `"terminal-tab-%0" Other`
    t =    74.56s Find the Any (Element at index 1)
    t =    74.59s Checking existence of `"terminal-tab-%1" Other`
    t =    74.60s Find the "terminal-tab-%1" Other
    t =    74.61s Find the "terminal-tab-%0" Other
    t =    74.63s Find the "terminal-tab-%0" Other
    t =    74.64s Find the "terminal-tab-%0" Other
    t =    74.65s Pressing Home button
    t =    75.88s Open dev.meeterm.app
    t =    75.88s     Activate dev.meeterm.app
    t =    75.93s         Wait for dev.meeterm.app to idle
    t =    75.94s Wait for dev.meeterm.app to become Running Foreground
    t =    75.94s Get all elements bound by index for: Elements matching predicate 'identifier BEGINSWITH "terminal-tab-"'
    t =    75.96s Find the Any (Element at index 0)
    t =    75.98s Checking existence of `"terminal-tab-%0" Other`
    t =    75.99s Find the Any (Element at index 1)
    t =    76.03s Checking existence of `"terminal-tab-%1" Other`
    t =    76.06s Find the "terminal-tab-%1" Other
    t =    76.08s Find the "terminal-tab-%0" Other
    t =    76.10s Find the "terminal-tab-%0" Other
    t =    76.13s Get all elements bound by index for: Elements matching predicate 'identifier == "Terminal" OR label == "Terminal" OR label == "Terminal, cached output, read only"'
    t =    76.40s Get all elements bound by index for: Elements matching predicate 'identifier BEGINSWITH "terminal-tab-"'
    t =    76.42s Find the Any (Element at index 0)
    t =    76.45s Checking existence of `"terminal-tab-%0" Other`
    t =    76.47s Find the Any (Element at index 1)
    t =    76.49s Checking existence of `"terminal-tab-%1" Other`
    t =    76.51s Find the "terminal-tab-%0" Other
    t =    76.52s Find the "terminal-tab-%1" Other
    t =    76.54s Find the "terminal-tab-%0" Other
    t =    76.55s Get all elements bound by index for: Elements matching predicate 'identifier == "Terminal" OR label == "Terminal" OR label == "Terminal, cached output, read only"'
    t =    76.57s Checking existence of `Other (Element at index 0)`
    t =    76.58s Find the Other (Element at index 0)
    t =    76.59s Checking existence of `Other (Element at index 1)`
    t =    76.60s Find the Other (Element at index 1)
    t =    76.62s Find the "Terminal" Other
    t =    76.64s Checking existence of `StaticText (First Match)`
    t =    76.66s Checking existence of `StaticText (First Match)`
    t =    76.69s Checking existence of `Button (First Match)`
    t =    76.73s Checking existence of `Any (First Match)`
    t =    76.77s Checking existence of `"terminal-tab-%0" Other`
    t =    76.78s Find the "terminal-tab-%0" Other
    t =    76.79s Checking existence of `"Terminal" Other`
    t =    76.80s Find the "Terminal" Other
    t =    76.82s Get all elements bound by index for: Elements matching predicate 'identifier == "Terminal" OR label == "Terminal" OR label == "Terminal, cached output, read only"'
    t =    76.83s Checking existence of `Other (Element at index 0)`
    t =    76.84s Find the Other (Element at index 0)
    t =    76.86s Checking existence of `Other (Element at index 1)`
    t =    76.87s Find the Other (Element at index 1)
    t =    76.89s Find the "Terminal" Other
    t =    76.91s Find the "Terminal" Other
    t =    76.92s Find the "Terminal" Other
    t =    76.94s Tap "Terminal" Other
    t =    76.94s     Wait for dev.meeterm.app to idle
    t =    76.94s     Find the "Terminal" Other
    t =    76.95s     Check for interrupting elements affecting "Terminal" Other
    t =    76.97s     Synthesize event
    t =    77.26s     Wait for dev.meeterm.app to idle
    t =    77.63s Checking existence of `"Speed up your typing by sliding your finger across the letters to compose a word." StaticText`
    t =    77.68s Waiting 10.0s for "p" Key to exist
    t =    78.72s     Checking `Expect predicate `existsNoRetry == 1` for object "p" Key`
    t =    78.72s         Checking existence of `"p" Key`
    t =    78.76s Tap "p" Key
    t =    78.76s     Wait for dev.meeterm.app to idle
    t =    78.77s     Find the "p" Key
    t =    78.80s     Check for interrupting elements affecting "p" Key
    t =    78.83s     Synthesize event
    t =    79.12s     Wait for dev.meeterm.app to idle
    t =    79.12s Waiting 10.0s for "r" Key to exist
    t =    80.13s     Checking `Expect predicate `existsNoRetry == 1` for object "r" Key`
    t =    80.13s         Checking existence of `"r" Key`
    t =    80.18s Tap "r" Key
    t =    80.18s     Wait for dev.meeterm.app to idle
    t =    80.18s     Find the "r" Key
    t =    80.21s     Check for interrupting elements affecting "r" Key
    t =    80.24s     Synthesize event
    t =    80.54s     Wait for dev.meeterm.app to idle
    t =    80.54s Waiting 10.0s for "i" Key to exist
    t =    81.60s     Checking `Expect predicate `existsNoRetry == 1` for object "i" Key`
    t =    81.60s         Checking existence of `"i" Key`
    t =    81.65s Tap "i" Key
    t =    81.65s     Wait for dev.meeterm.app to idle
    t =    81.65s     Find the "i" Key
    t =    81.68s     Check for interrupting elements affecting "i" Key
    t =    81.71s     Synthesize event
    t =    82.00s     Wait for dev.meeterm.app to idle
    t =    82.01s Waiting 10.0s for "n" Key to exist
    t =    83.04s     Checking `Expect predicate `existsNoRetry == 1` for object "n" Key`
    t =    83.04s         Checking existence of `"n" Key`
    t =    83.08s Tap "n" Key
    t =    83.08s     Wait for dev.meeterm.app to idle
    t =    83.08s     Find the "n" Key
    t =    83.11s     Check for interrupting elements affecting "n" Key
    t =    83.14s     Synthesize event
    t =    83.43s     Wait for dev.meeterm.app to idle
    t =    83.43s Waiting 10.0s for "t" Key to exist
    t =    84.47s     Checking `Expect predicate `existsNoRetry == 1` for object "t" Key`
    t =    84.47s         Checking existence of `"t" Key`
    t =    84.52s Tap "t" Key
    t =    84.52s     Wait for dev.meeterm.app to idle
    t =    84.52s     Find the "t" Key
    t =    84.55s     Check for interrupting elements affecting "t" Key
    t =    84.58s     Synthesize event
    t =    84.87s     Wait for dev.meeterm.app to idle
    t =    84.87s Waiting 10.0s for "f" Key to exist
    t =    85.92s     Checking `Expect predicate `existsNoRetry == 1` for object "f" Key`
    t =    85.92s         Checking existence of `"f" Key`
    t =    85.99s Tap "f" Key
    t =    85.99s     Wait for dev.meeterm.app to idle
    t =    85.99s     Find the "f" Key
    t =    86.03s     Check for interrupting elements affecting "f" Key
    t =    86.06s     Synthesize event
    t =    86.35s     Wait for dev.meeterm.app to idle
    t =    86.36s Waiting 10.0s for "terminal-paste" Any to exist
    t =    87.40s     Checking `Expect predicate `existsNoRetry == 1` for object "terminal-paste" Any`
    t =    87.41s         Checking existence of `"terminal-paste" Any`
    t =    87.48s Checking existence of `"terminal-paste" Any`
    t =    87.54s Find the "terminal-paste" Any
    t =    88.67s Checking `Expect predicate `enabled == 1` for object "terminal-paste" Button`
    t =    88.67s     Find the "terminal-paste" Button
    t =    88.73s Find the "terminal-paste" Button
    t =    88.79s Tap "terminal-paste" Button
    t =    88.79s     Wait for dev.meeterm.app to idle
    t =    88.79s     Find the "terminal-paste" Button
    t =    88.85s     Check for interrupting elements affecting "terminal-paste" Button
    t =    88.88s     Synthesize event
    t =    89.17s     Wait for dev.meeterm.app to idle
    t =    90.20s Checking `Expect predicate `value != "Ready 0" AND value BEGINSWITH "Ready "` for object "terminal-paste" Button`
    t =    90.20s     Find the "terminal-paste" Button
    t =    90.29s     Find the "terminal-paste" Button
    t =    90.35s Get number of matches for: Elements matching predicate 'identifier == "Paste" OR label == "Paste"'
    t =    90.37s Get number of matches for: Elements matching predicate 'identifier == "Paste" OR label == "Paste"'
    t =    90.40s Checking existence of `Button (Element at index 0)`
    t =    90.44s Find the Button (Element at index 0)
    t =    90.48s Get all elements bound by index for: Elements matching predicate 'identifier == "Terminal" OR label == "Terminal" OR label == "Terminal, cached output, read only"'
    t =    90.51s Checking existence of `Other (Element at index 0)`
    t =    90.53s Find the Other (Element at index 0)
    t =    90.56s Checking existence of `Other (Element at index 1)`
    t =    90.59s Find the Other (Element at index 1)
    t =    90.62s Find the "Terminal" Other
    t =    90.66s Checking existence of `"ssh-submit" Button`
    t =    90.69s Checking existence of `"Host" Any`
    t =    90.71s Checking existence of `"Private OpenSSH key" Any`
    t =    90.74s Checking existence of `"Terminal" Other`
    t =    90.78s Checking existence of `Keyboard (First Match)`
    t =    90.79s Checking existence of `"terminal-paste" Button`
    t =    90.85s Checking existence of `"terminal-paste" Button`
    t =    90.91s Find the "terminal-paste" Button
    t =    90.98s Checking existence of `"terminal-paste" Button`
    t =    91.04s Find the "terminal-paste" Button
    t =    91.10s Checking existence of `"terminal-paste" Button`
    t =    91.12s Find the "terminal-paste" Button
    t =    91.15s Checking existence of `"terminal-paste" Button`
    t =    91.18s Find the "terminal-paste" Button
    t =    91.21s Waiting 10.0s for Any (First Match) to exist
    t =    92.27s     Checking `Expect predicate `existsNoRetry == 1` for object Any (First Match)`
    t =    92.27s         Checking existence of `Any (First Match)`
    t =    92.32s Checking existence of `Any (First Match)`
    t =    92.36s Find the Any (First Match)
    t =    92.43s Tap "Return" Button
    t =    92.43s     Wait for dev.meeterm.app to idle
    t =    92.43s     Find the "Return" Button
    t =    92.48s     Check for interrupting elements affecting "Return" Button
    t =    92.51s     Synthesize event
    t =    92.81s     Wait for dev.meeterm.app to idle
    t =    92.90s Checking existence of `"Speed up your typing by sliding your finger across the letters to compose a word." StaticText`
    t =    92.92s Waiting 10.0s for "p" Key to exist
    t =    93.99s     Checking `Expect predicate `existsNoRetry == 1` for object "p" Key`
    t =    93.99s         Checking existence of `"p" Key`
    t =    94.04s Tap "p" Key
    t =    94.04s     Wait for dev.meeterm.app to idle
    t =    94.04s     Find the "p" Key
    t =    94.07s     Check for interrupting elements affecting "p" Key
    t =    94.10s     Synthesize event
    t =    94.40s     Wait for dev.meeterm.app to idle
    t =    94.41s Waiting 10.0s for "r" Key to exist
    t =    95.44s     Checking `Expect predicate `existsNoRetry == 1` for object "r" Key`
    t =    95.44s         Checking existence of `"r" Key`
    t =    95.48s Tap "r" Key
    t =    95.48s     Wait for dev.meeterm.app to idle
    t =    95.48s     Find the "r" Key
    t =    95.51s     Check for interrupting elements affecting "r" Key
    t =    95.54s     Synthesize event
    t =    95.84s     Wait for dev.meeterm.app to idle
    t =    95.84s Waiting 10.0s for "i" Key to exist
    t =    96.87s     Checking `Expect predicate `existsNoRetry == 1` for object "i" Key`
    t =    96.87s         Checking existence of `"i" Key`
    t =    96.90s Tap "i" Key
    t =    96.90s     Wait for dev.meeterm.app to idle
    t =    96.90s     Find the "i" Key
    t =    96.93s     Check for interrupting elements affecting "i" Key
    t =    96.96s     Synthesize event
    t =    97.24s     Wait for dev.meeterm.app to idle
    t =    97.24s Waiting 10.0s for "n" Key to exist
    t =    98.28s     Checking `Expect predicate `existsNoRetry == 1` for object "n" Key`
    t =    98.29s         Checking existence of `"n" Key`
    t =    98.35s Tap "n" Key
    t =    98.35s     Wait for dev.meeterm.app to idle
    t =    98.36s     Find the "n" Key
    t =    98.39s     Check for interrupting elements affecting "n" Key
    t =    98.41s     Synthesize event
    t =    98.70s     Wait for dev.meeterm.app to idle
    t =    98.70s Waiting 10.0s for "t" Key to exist
    t =    99.73s     Checking `Expect predicate `existsNoRetry == 1` for object "t" Key`
    t =    99.73s         Checking existence of `"t" Key`
    t =    99.76s Tap "t" Key
    t =    99.76s     Wait for dev.meeterm.app to idle
    t =    99.76s     Find the "t" Key
    t =    99.79s     Check for interrupting elements affecting "t" Key
    t =    99.82s     Synthesize event
    t =   100.12s     Wait for dev.meeterm.app to idle
    t =   100.13s Waiting 10.0s for "f" Key to exist
    t =   101.15s     Checking `Expect predicate `existsNoRetry == 1` for object "f" Key`
    t =   101.15s         Checking existence of `"f" Key`
    t =   101.18s Tap "f" Key
    t =   101.18s     Wait for dev.meeterm.app to idle
    t =   101.19s     Find the "f" Key
    t =   101.22s     Check for interrupting elements affecting "f" Key
    t =   101.25s     Synthesize event
    t =   101.54s     Wait for dev.meeterm.app to idle
    t =   101.54s Waiting 10.0s for "terminal-paste" Any to exist
    t =   102.57s     Checking `Expect predicate `existsNoRetry == 1` for object "terminal-paste" Any`
    t =   102.57s         Checking existence of `"terminal-paste" Any`
    t =   102.64s Checking existence of `"terminal-paste" Any`
    t =   102.70s Find the "terminal-paste" Any
    t =   103.80s Checking `Expect predicate `enabled == 1` for object "terminal-paste" Button`
    t =   103.80s     Find the "terminal-paste" Button
    t =   103.87s Find the "terminal-paste" Button
    t =   103.93s Tap "terminal-paste" Button
    t =   103.93s     Wait for dev.meeterm.app to idle
    t =   103.93s     Find the "terminal-paste" Button
    t =   103.99s     Check for interrupting elements affecting "terminal-paste" Button
    t =   104.03s     Synthesize event
    t =   104.33s     Wait for dev.meeterm.app to idle
    t =   105.35s Checking `Expect predicate `value != "Ready 1" AND value BEGINSWITH "Ready "` for object "terminal-paste" Button`
    t =   105.35s     Find the "terminal-paste" Button
    t =   105.42s     Find the "terminal-paste" Button
    t =   105.48s Get number of matches for: Elements matching predicate 'identifier == "Paste" OR label == "Paste"'
    t =   105.51s Get number of matches for: Elements matching predicate 'identifier == "Paste" OR label == "Paste"'
    t =   105.54s Checking existence of `Button (Element at index 0)`
    t =   105.57s Find the Button (Element at index 0)
    t =   105.60s Get all elements bound by index for: Elements matching predicate 'identifier == "Terminal" OR label == "Terminal" OR label == "Terminal, cached output, read only"'
    t =   105.63s Checking existence of `Other (Element at index 0)`
    t =   105.66s Find the Other (Element at index 0)
    t =   105.70s Checking existence of `Other (Element at index 1)`
    t =   105.73s Find the Other (Element at index 1)
    t =   105.76s Find the "Terminal" Other
    t =   105.80s Checking existence of `"ssh-submit" Button`
    t =   105.83s Checking existence of `"Host" Any`
    t =   105.86s Checking existence of `"Private OpenSSH key" Any`
    t =   105.89s Checking existence of `"Terminal" Other`
    t =   105.93s Checking existence of `Keyboard (First Match)`
    t =   105.94s Checking existence of `"terminal-paste" Button`
    t =   106.01s Checking existence of `"terminal-paste" Button`
    t =   106.07s Find the "terminal-paste" Button
    t =   106.14s Checking existence of `"terminal-paste" Button`
    t =   106.20s Find the "terminal-paste" Button
    t =   106.27s Checking existence of `"terminal-paste" Button`
    t =   106.30s Find the "terminal-paste" Button
    t =   106.33s Checking existence of `"terminal-paste" Button`
    t =   106.36s Find the "terminal-paste" Button
    t =   106.40s Waiting 10.0s for Any (First Match) to exist
    t =   107.42s     Checking `Expect predicate `existsNoRetry == 1` for object Any (First Match)`
    t =   107.42s         Checking existence of `Any (First Match)`
    t =   107.47s Checking existence of `Any (First Match)`
    t =   107.52s Find the Any (First Match)
    t =   107.58s Tap "Return" Button
    t =   107.58s     Wait for dev.meeterm.app to idle
    t =   107.58s     Find the "Return" Button
    t =   107.64s     Check for interrupting elements affecting "Return" Button
    t =   107.67s     Synthesize event
    t =   107.97s     Wait for dev.meeterm.app to idle
    t =   107.97s Get number of matches for: Elements matching predicate 'identifier == "Back to workspaces" OR label == "Back to workspaces"'
    t =   108.01s Get number of matches for: Elements matching predicate 'identifier == "Back to workspaces" OR label == "Back to workspaces"'
    t =   108.04s Checking existence of `Button (Element at index 0)`
    t =   108.07s Find the Button (Element at index 0)
    t =   108.11s Tap "Back to workspaces" Button
    t =   108.11s     Wait for dev.meeterm.app to idle
    t =   108.11s     Find the "Back to workspaces" Button
    t =   108.14s     Check for interrupting elements affecting "Back to workspaces" Button
    t =   108.17s     Synthesize event
    t =   108.47s     Wait for dev.meeterm.app to idle
    t =   108.82s Get number of matches for: Elements matching predicate 'identifier == "Switch server or session" OR label == "Switch server or session"'
    t =   108.84s Get number of matches for: Elements matching predicate 'identifier == "Switch server or session" OR label == "Switch server or session"'
    t =   108.86s Checking existence of `Button (Element at index 0)`
    t =   108.88s Find the Button (Element at index 0)
    t =   108.90s Checking existence of `"switch-server-session" Button`
    t =   108.92s Find the "switch-server-session" Button
    t =   108.95s Tap "switch-server-session" Button
    t =   108.95s     Wait for dev.meeterm.app to idle
    t =   108.95s     Find the "switch-server-session" Button
    t =   108.97s     Check for interrupting elements affecting "switch-server-session" Button
    t =   108.99s     Synthesize event
    t =   109.29s     Wait for dev.meeterm.app to idle
    t =   109.62s Get number of matches for: Elements matching predicate 'identifier == "Browse sessions on Daily fixture" OR label == "Browse sessions on Daily fixture"'
    t =   109.64s Get number of matches for: Elements matching predicate 'identifier == "Browse sessions on Daily fixture" OR label == "Browse sessions on Daily fixture"'
    t =   109.67s Checking existence of `Button (Element at index 0)`
    t =   109.69s Find the Button (Element at index 0)
    t =   109.72s Checking existence of `"switcher-server-3ad146a5-20c3-4e86-9c90-3efc7388f497" Button`
    t =   109.73s Find the "switcher-server-3ad146a5-20c3-4e86-9c90-3efc7388f497" Button
    t =   109.77s Tap "switcher-server-3ad146a5-20c3-4e86-9c90-3efc7388f497" Button
    t =   109.77s     Wait for dev.meeterm.app to idle
    t =   109.77s     Find the "switcher-server-3ad146a5-20c3-4e86-9c90-3efc7388f497" Button
    t =   109.79s     Check for interrupting elements affecting "switcher-server-3ad146a5-20c3-4e86-9c90-3efc7388f497" Button
    t =   109.81s     Synthesize event
    t =   110.10s     Wait for dev.meeterm.app to idle
    t =   110.10s Get number of matches for: Elements matching predicate 'identifier == "tmux session switcher-destination" OR label == "tmux session switcher-destination"'
    t =   110.12s Checking existence of `"tmux session switcher-destination" Any`
    t =   110.40s Checking existence of `"tmux session switcher-destination" Any`
    t =   110.42s Find the "tmux session switcher-destination" Any
    t =   110.45s Tap "runtime-row-tmux-runtime-2-1-tmux-1" Button
    t =   110.45s     Wait for dev.meeterm.app to idle
    t =   110.46s     Find the "runtime-row-tmux-runtime-2-1-tmux-1" Button
    t =   110.48s     Check for interrupting elements affecting "runtime-row-tmux-runtime-2-1-tmux-1" Button
    t =   110.50s     Synthesize event
    t =   110.80s     Wait for dev.meeterm.app to idle
    t =   110.80s Waiting 90.0s for StaticText (First Match) to exist
    t =   111.84s     Checking `Expect predicate `existsNoRetry == 1` for object StaticText (First Match)`
    t =   111.84s         Checking existence of `StaticText (First Match)`
    t =   111.88s Get number of matches for: Elements matching predicate 'identifier == "Workspace switcher-main" OR label == "Workspace switcher-main"'
    t =   111.90s Get number of matches for: Elements matching predicate 'identifier == "Workspace switcher-main" OR label == "Workspace switcher-main"'
    t =   111.91s Checking existence of `Button (Element at index 0)`
    t =   111.92s Find the Button (Element at index 0)
    t =   111.95s Checking existence of `"workspace-row-@2" Button`
    t =   111.96s Find the "workspace-row-@2" Button
    t =   111.99s Tap "workspace-row-@2" Button
    t =   111.99s     Wait for dev.meeterm.app to idle
    t =   111.99s     Find the "workspace-row-@2" Button
    t =   112.01s     Check for interrupting elements affecting "workspace-row-@2" Button
    t =   112.02s     Synthesize event
    t =   112.32s     Wait for dev.meeterm.app to idle
    t =   112.67s Get all elements bound by index for: Elements matching predicate 'identifier == "Terminal" OR label == "Terminal" OR label == "Terminal, cached output, read only"'
    t =   112.69s Checking existence of `Other (Element at index 0)`
    t =   112.71s Find the Other (Element at index 0)
    t =   112.73s Checking existence of `Other (Element at index 1)`
    t =   112.74s Find the Other (Element at index 1)
    t =   112.76s Find the "Terminal" Other
    t =   112.78s Get all elements bound by index for: Elements matching predicate 'identifier == "Terminal" OR label == "Terminal" OR label == "Terminal, cached output, read only"'
    t =   112.79s Checking existence of `Other (Element at index 0)`
    t =   112.81s Find the Other (Element at index 0)
    t =   112.82s Checking existence of `Other (Element at index 1)`
    t =   112.83s Find the Other (Element at index 1)
    t =   112.85s Find the "Terminal" Other
    t =   112.87s Tap "Terminal" Other
    t =   112.87s     Wait for dev.meeterm.app to idle
    t =   112.88s     Find the "Terminal" Other
    t =   112.89s     Check for interrupting elements affecting "Terminal" Other
    t =   112.91s     Synthesize event
    t =   113.20s     Wait for dev.meeterm.app to idle
    t =   113.49s Checking existence of `"Speed up your typing by sliding your finger across the letters to compose a word." StaticText`
    t =   113.54s Waiting 10.0s for "p" Key to exist
    t =   114.55s     Checking `Expect predicate `existsNoRetry == 1` for object "p" Key`
    t =   114.55s         Checking existence of `"p" Key`
    t =   114.60s Tap "p" Key
    t =   114.60s     Wait for dev.meeterm.app to idle
    t =   114.61s     Find the "p" Key
    t =   114.64s     Check for interrupting elements affecting "p" Key
    t =   114.67s     Synthesize event
    t =   114.96s     Wait for dev.meeterm.app to idle
    t =   114.97s Waiting 10.0s for "r" Key to exist
    t =   116.00s     Checking `Expect predicate `existsNoRetry == 1` for object "r" Key`
    t =   116.00s         Checking existence of `"r" Key`
    t =   116.05s Tap "r" Key
    t =   116.05s     Wait for dev.meeterm.app to idle
    t =   116.06s     Find the "r" Key
    t =   116.09s     Check for interrupting elements affecting "r" Key
    t =   116.12s     Synthesize event
    t =   116.41s     Wait for dev.meeterm.app to idle
    t =   116.41s Waiting 10.0s for "i" Key to exist
    t =   117.45s     Checking `Expect predicate `existsNoRetry == 1` for object "i" Key`
    t =   117.45s         Checking existence of `"i" Key`
    t =   117.49s Tap "i" Key
    t =   117.49s     Wait for dev.meeterm.app to idle
    t =   117.50s     Find the "i" Key
    t =   117.53s     Check for interrupting elements affecting "i" Key
    t =   117.56s     Synthesize event
    t =   117.85s     Wait for dev.meeterm.app to idle
    t =   117.86s Waiting 10.0s for "n" Key to exist
    t =   118.90s     Checking `Expect predicate `existsNoRetry == 1` for object "n" Key`
    t =   118.90s         Checking existence of `"n" Key`
    t =   118.96s Tap "n" Key
    t =   118.96s     Wait for dev.meeterm.app to idle
    t =   118.96s     Find the "n" Key
    t =   119.00s     Check for interrupting elements affecting "n" Key
    t =   119.03s     Synthesize event
    t =   119.32s     Wait for dev.meeterm.app to idle
    t =   119.33s Waiting 10.0s for "t" Key to exist
    t =   120.38s     Checking `Expect predicate `existsNoRetry == 1` for object "t" Key`
    t =   120.38s         Checking existence of `"t" Key`
    t =   120.44s Tap "t" Key
    t =   120.44s     Wait for dev.meeterm.app to idle
    t =   120.44s     Find the "t" Key
    t =   120.48s     Check for interrupting elements affecting "t" Key
    t =   120.50s     Synthesize event
    t =   120.80s     Wait for dev.meeterm.app to idle
    t =   120.81s Waiting 10.0s for "f" Key to exist
    t =   121.85s     Checking `Expect predicate `existsNoRetry == 1` for object "f" Key`
    t =   121.85s         Checking existence of `"f" Key`
    t =   121.92s Tap "f" Key
    t =   121.92s     Wait for dev.meeterm.app to idle
    t =   121.93s     Find the "f" Key
    t =   121.96s     Check for interrupting elements affecting "f" Key
    t =   121.99s     Synthesize event
    t =   122.29s     Wait for dev.meeterm.app to idle
    t =   122.29s Waiting 10.0s for "terminal-paste" Any to exist
    t =   123.32s     Checking `Expect predicate `existsNoRetry == 1` for object "terminal-paste" Any`
    t =   123.32s         Checking existence of `"terminal-paste" Any`
    t =   123.40s Checking existence of `"terminal-paste" Any`
    t =   123.46s Find the "terminal-paste" Any
    t =   124.57s Checking `Expect predicate `enabled == 1` for object "terminal-paste" Button`
    t =   124.57s     Find the "terminal-paste" Button
    t =   124.66s Find the "terminal-paste" Button
    t =   124.71s Tap "terminal-paste" Button
    t =   124.71s     Wait for dev.meeterm.app to idle
    t =   124.72s     Find the "terminal-paste" Button
    t =   124.78s     Check for interrupting elements affecting "terminal-paste" Button
    t =   124.81s     Synthesize event
    t =   125.10s     Wait for dev.meeterm.app to idle
    t =   126.14s Checking `Expect predicate `value != "Ready 0" AND value BEGINSWITH "Ready "` for object "terminal-paste" Button`
    t =   126.14s     Find the "terminal-paste" Button
    t =   126.20s     Find the "terminal-paste" Button
    t =   126.27s Get number of matches for: Elements matching predicate 'identifier == "Paste" OR label == "Paste"'
    t =   126.30s Get number of matches for: Elements matching predicate 'identifier == "Paste" OR label == "Paste"'
    t =   126.33s Checking existence of `Button (Element at index 0)`
    t =   126.36s Find the Button (Element at index 0)
    t =   126.40s Get all elements bound by index for: Elements matching predicate 'identifier == "Terminal" OR label == "Terminal" OR label == "Terminal, cached output, read only"'
    t =   126.43s Checking existence of `Other (Element at index 0)`
    t =   126.46s Find the Other (Element at index 0)
    t =   126.49s Checking existence of `Other (Element at index 1)`
    t =   126.52s Find the Other (Element at index 1)
    t =   126.56s Find the "Terminal" Other
    t =   126.60s Checking existence of `"ssh-submit" Button`
    t =   126.63s Checking existence of `"Host" Any`
    t =   126.66s Checking existence of `"Private OpenSSH key" Any`
    t =   126.70s Checking existence of `"Terminal" Other`
    t =   126.73s Checking existence of `Keyboard (First Match)`
    t =   126.75s Checking existence of `"terminal-paste" Button`
    t =   126.82s Checking existence of `"terminal-paste" Button`
    t =   126.88s Find the "terminal-paste" Button
    t =   126.95s Checking existence of `"terminal-paste" Button`
    t =   127.02s Find the "terminal-paste" Button
    t =   127.07s Checking existence of `"terminal-paste" Button`
    t =   127.10s Find the "terminal-paste" Button
    t =   127.14s Checking existence of `"terminal-paste" Button`
    t =   127.17s Find the "terminal-paste" Button
    t =   127.20s Waiting 10.0s for Any (First Match) to exist
    t =   128.22s     Checking `Expect predicate `existsNoRetry == 1` for object Any (First Match)`
    t =   128.22s         Checking existence of `Any (First Match)`
    t =   128.26s Checking existence of `Any (First Match)`
    t =   128.32s Find the Any (First Match)
    t =   128.38s Tap "Return" Button
    t =   128.38s     Wait for dev.meeterm.app to idle
    t =   128.38s     Find the "Return" Button
    t =   128.44s     Check for interrupting elements affecting "Return" Button
    t =   128.47s     Synthesize event
    t =   128.77s     Wait for dev.meeterm.app to idle
    t =   128.77s Get number of matches for: Elements matching predicate 'identifier == "Back to workspaces" OR label == "Back to workspaces"'
    t =   128.80s Get number of matches for: Elements matching predicate 'identifier == "Back to workspaces" OR label == "Back to workspaces"'
    t =   128.83s Checking existence of `Button (Element at index 0)`
    t =   128.86s Find the Button (Element at index 0)
    t =   128.91s Tap "Back to workspaces" Button
    t =   128.91s     Wait for dev.meeterm.app to idle
    t =   128.91s     Find the "Back to workspaces" Button
    t =   128.94s     Check for interrupting elements affecting "Back to workspaces" Button
    t =   128.97s     Synthesize event
    t =   129.27s     Wait for dev.meeterm.app to idle
    t =   129.60s Get number of matches for: Elements matching predicate 'identifier == "Switch server or session" OR label == "Switch server or session"'
    t =   129.63s Get number of matches for: Elements matching predicate 'identifier == "Switch server or session" OR label == "Switch server or session"'
    t =   129.65s Checking existence of `Button (Element at index 0)`
    t =   129.66s Find the Button (Element at index 0)
    t =   129.69s Checking existence of `"switch-server-session" Button`
    t =   129.71s Find the "switch-server-session" Button
    t =   129.74s Tap "switch-server-session" Button
    t =   129.74s     Wait for dev.meeterm.app to idle
    t =   129.74s     Find the "switch-server-session" Button
    t =   129.76s     Check for interrupting elements affecting "switch-server-session" Button
    t =   129.78s     Synthesize event
    t =   130.08s     Wait for dev.meeterm.app to idle
    t =   130.41s Get number of matches for: Elements matching predicate 'identifier == "Browse sessions on Daily fixture" OR label == "Browse sessions on Daily fixture"'
    t =   130.44s Get number of matches for: Elements matching predicate 'identifier == "Browse sessions on Daily fixture" OR label == "Browse sessions on Daily fixture"'
    t =   130.47s Checking existence of `Button (Element at index 0)`
    t =   130.49s Find the Button (Element at index 0)
    t =   130.52s Checking existence of `"switcher-server-3ad146a5-20c3-4e86-9c90-3efc7388f497" Button`
    t =   130.54s Find the "switcher-server-3ad146a5-20c3-4e86-9c90-3efc7388f497" Button
    t =   130.57s Tap "switcher-server-3ad146a5-20c3-4e86-9c90-3efc7388f497" Button
    t =   130.57s     Wait for dev.meeterm.app to idle
    t =   130.57s     Find the "switcher-server-3ad146a5-20c3-4e86-9c90-3efc7388f497" Button
    t =   130.60s     Check for interrupting elements affecting "switcher-server-3ad146a5-20c3-4e86-9c90-3efc7388f497" Button
    t =   130.63s     Synthesize event
    t =   130.92s     Wait for dev.meeterm.app to idle
    t =   130.92s Get number of matches for: Elements matching predicate 'identifier == "tmux session meeterm" OR label == "tmux session meeterm"'
    t =   130.94s Checking existence of `"tmux session meeterm" Any`
    t =   131.22s Checking existence of `"tmux session meeterm" Any`
    t =   131.50s Checking existence of `"tmux session meeterm" Any`
    t =   131.53s Find the "tmux session meeterm" Any
    t =   131.57s Tap "runtime-row-tmux-runtime-3-1-tmux-0" Button
    t =   131.57s     Wait for dev.meeterm.app to idle
    t =   131.57s     Find the "runtime-row-tmux-runtime-3-1-tmux-0" Button
    t =   131.60s     Check for interrupting elements affecting "runtime-row-tmux-runtime-3-1-tmux-0" Button
    t =   131.63s     Synthesize event
    t =   131.93s     Wait for dev.meeterm.app to idle
    t =   131.93s Waiting 90.0s for StaticText (First Match) to exist
    t =   132.97s     Checking `Expect predicate `existsNoRetry == 1` for object StaticText (First Match)`
    t =   132.97s         Checking existence of `StaticText (First Match)`
    t =   133.03s Get number of matches for: Elements matching predicate 'identifier == "Workspace ios-main" OR label == "Workspace ios-main"'
    t =   133.06s Get number of matches for: Elements matching predicate 'identifier == "Workspace ios-main" OR label == "Workspace ios-main"'
    t =   133.08s Checking existence of `Button (Element at index 0)`
    t =   133.10s Find the Button (Element at index 0)
    t =   133.13s Checking existence of `"workspace-row-@0" Button`
    t =   133.15s Find the "workspace-row-@0" Button
    t =   133.18s Tap "workspace-row-@0" Button
    t =   133.18s     Wait for dev.meeterm.app to idle
    t =   133.18s     Find the "workspace-row-@0" Button
    t =   133.20s     Check for interrupting elements affecting "workspace-row-@0" Button
    t =   133.22s     Synthesize event
    t =   133.52s     Wait for dev.meeterm.app to idle
    t =   133.89s Get all elements bound by index for: Elements matching predicate 'identifier == "Terminal" OR label == "Terminal" OR label == "Terminal, cached output, read only"'
    t =   133.91s Checking existence of `Other (Element at index 0)`
    t =   133.93s Find the Other (Element at index 0)
    t =   133.95s Checking existence of `Other (Element at index 1)`
    t =   133.96s Find the Other (Element at index 1)
    t =   133.99s Find the "Terminal" Other
    t =   134.01s Get all elements bound by index for: Elements matching predicate 'identifier == "Terminal" OR label == "Terminal" OR label == "Terminal, cached output, read only"'
    t =   134.03s Checking existence of `Other (Element at index 0)`
    t =   134.04s Find the Other (Element at index 0)
    t =   134.06s Checking existence of `Other (Element at index 1)`
    t =   134.07s Find the Other (Element at index 1)
    t =   134.09s Find the "Terminal" Other
    t =   134.13s Tap "Terminal" Other
    t =   134.13s     Wait for dev.meeterm.app to idle
    t =   134.13s     Find the "Terminal" Other
    t =   134.19s     Check for interrupting elements affecting "Terminal" Other
    t =   134.25s     Synthesize event
    t =   134.55s     Wait for dev.meeterm.app to idle
    t =   134.86s Checking existence of `"Speed up your typing by sliding your finger across the letters to compose a word." StaticText`
    t =   134.90s Waiting 10.0s for "t" Key to exist
    t =   135.94s     Checking `Expect predicate `existsNoRetry == 1` for object "t" Key`
    t =   135.94s         Checking existence of `"t" Key`
    t =   135.97s Tap "t" Key
    t =   135.97s     Wait for dev.meeterm.app to idle
    t =   135.98s     Find the "t" Key
    t =   136.01s     Check for interrupting elements affecting "t" Key
    t =   136.05s     Synthesize event
    t =   136.35s     Wait for dev.meeterm.app to idle
    t =   136.35s Waiting 10.0s for "e" Key to exist
    t =   137.39s     Checking `Expect predicate `existsNoRetry == 1` for object "e" Key`
    t =   137.39s         Checking existence of `"e" Key`
    t =   137.43s Tap "e" Key
    t =   137.43s     Wait for dev.meeterm.app to idle
    t =   137.43s     Find the "e" Key
    t =   137.46s     Check for interrupting elements affecting "e" Key
    t =   137.49s     Synthesize event
    t =   137.80s     Wait for dev.meeterm.app to idle
    t =   137.81s Waiting 10.0s for "s" Key to exist
    t =   138.83s     Checking `Expect predicate `existsNoRetry == 1` for object "s" Key`
    t =   138.83s         Checking existence of `"s" Key`
    t =   138.86s Tap "s" Key
    t =   138.86s     Wait for dev.meeterm.app to idle
    t =   138.87s     Find the "s" Key
    t =   138.91s     Check for interrupting elements affecting "s" Key
    t =   138.93s     Synthesize event
    t =   139.22s     Wait for dev.meeterm.app to idle
    t =   139.22s Waiting 10.0s for "t" Key to exist
    t =   140.24s     Checking `Expect predicate `existsNoRetry == 1` for object "t" Key`
    t =   140.24s         Checking existence of `"t" Key`
    t =   140.27s Tap "t" Key
    t =   140.27s     Wait for dev.meeterm.app to idle
    t =   140.27s     Find the "t" Key
    t =   140.31s     Check for interrupting elements affecting "t" Key
    t =   140.34s     Synthesize event
    t =   140.64s     Wait for dev.meeterm.app to idle
    t =   140.64s Waiting 10.0s for "terminal-paste" Any to exist
    t =   141.69s     Checking `Expect predicate `existsNoRetry == 1` for object "terminal-paste" Any`
    t =   141.69s         Checking existence of `"terminal-paste" Any`
    t =   141.76s Checking existence of `"terminal-paste" Any`
    t =   141.82s Find the "terminal-paste" Any
    t =   142.93s Checking `Expect predicate `enabled == 1` for object "terminal-paste" Button`
    t =   142.93s     Find the "terminal-paste" Button
    t =   143.00s Find the "terminal-paste" Button
    t =   143.07s Tap "terminal-paste" Button
    t =   143.07s     Wait for dev.meeterm.app to idle
    t =   143.07s     Find the "terminal-paste" Button
    t =   143.13s     Check for interrupting elements affecting "terminal-paste" Button
    t =   143.17s     Synthesize event
    t =   143.47s     Wait for dev.meeterm.app to idle
    t =   144.52s Checking `Expect predicate `value != "Ready 0" AND value BEGINSWITH "Ready "` for object "terminal-paste" Button`
    t =   144.52s     Find the "terminal-paste" Button
    t =   144.59s     Find the "terminal-paste" Button
    t =   144.65s Get number of matches for: Elements matching predicate 'identifier == "Paste" OR label == "Paste"'
    t =   144.68s Get number of matches for: Elements matching predicate 'identifier == "Paste" OR label == "Paste"'
    t =   144.72s Checking existence of `Button (Element at index 0)`
    t =   144.75s Find the Button (Element at index 0)
    t =   144.79s Get all elements bound by index for: Elements matching predicate 'identifier == "Terminal" OR label == "Terminal" OR label == "Terminal, cached output, read only"'
    t =   144.82s Checking existence of `Other (Element at index 0)`
    t =   144.85s Find the Other (Element at index 0)
    t =   144.89s Checking existence of `Other (Element at index 1)`
    t =   144.92s Find the Other (Element at index 1)
    t =   144.96s Find the "Terminal" Other
    t =   145.00s Checking existence of `"ssh-submit" Button`
    t =   145.03s Checking existence of `"Host" Any`
    t =   145.06s Checking existence of `"Private OpenSSH key" Any`
    t =   145.10s Checking existence of `"Terminal" Other`
    t =   145.13s Checking existence of `Keyboard (First Match)`
    t =   145.14s Checking existence of `"terminal-paste" Button`
    t =   145.21s Checking existence of `"terminal-paste" Button`
    t =   145.27s Find the "terminal-paste" Button
    t =   145.34s Checking existence of `"terminal-paste" Button`
    t =   145.41s Find the "terminal-paste" Button
    t =   145.47s Checking existence of `"terminal-paste" Button`
    t =   145.50s Find the "terminal-paste" Button
    t =   145.54s Checking existence of `"terminal-paste" Button`
    t =   145.57s Find the "terminal-paste" Button
    t =   145.60s Waiting 10.0s for Any (First Match) to exist
    t =   146.65s     Checking `Expect predicate `existsNoRetry == 1` for object Any (First Match)`
    t =   146.65s         Checking existence of `Any (First Match)`
    t =   146.70s Checking existence of `Any (First Match)`
    t =   146.75s Find the Any (First Match)
    t =   146.81s Tap "Return" Button
    t =   146.81s     Wait for dev.meeterm.app to idle
    t =   146.81s     Find the "Return" Button
    t =   146.87s     Check for interrupting elements affecting "Return" Button
    t =   146.90s     Synthesize event
    t =   147.20s     Wait for dev.meeterm.app to idle
    t =   147.20s Get number of matches for: Elements matching predicate 'identifier == "Back to workspaces" OR label == "Back to workspaces"'
    t =   147.24s Get number of matches for: Elements matching predicate 'identifier == "Back to workspaces" OR label == "Back to workspaces"'
    t =   147.27s Checking existence of `Button (Element at index 0)`
    t =   147.30s Find the Button (Element at index 0)
    t =   147.34s Tap "Back to workspaces" Button
    t =   147.34s     Wait for dev.meeterm.app to idle
    t =   147.35s     Find the "Back to workspaces" Button
    t =   147.38s     Check for interrupting elements affecting "Back to workspaces" Button
    t =   147.41s     Synthesize event
    t =   147.71s     Wait for dev.meeterm.app to idle
    t =   148.07s Get number of matches for: Elements matching predicate 'identifier == "Switch server or session" OR label == "Switch server or session"'
    t =   148.10s Get number of matches for: Elements matching predicate 'identifier == "Switch server or session" OR label == "Switch server or session"'
    t =   148.13s Checking existence of `Button (Element at index 0)`
    t =   148.14s Find the Button (Element at index 0)
    t =   148.18s Tap "switch-server-session" Button
    t =   148.18s     Wait for dev.meeterm.app to idle
    t =   148.18s     Find the "switch-server-session" Button
    t =   148.20s     Check for interrupting elements affecting "switch-server-session" Button
    t =   148.22s     Synthesize event
    t =   148.52s     Wait for dev.meeterm.app to idle
    t =   148.85s Get number of matches for: Elements matching predicate 'identifier == "Manage servers" OR label == "Manage servers"'
    t =   148.88s Get number of matches for: Elements matching predicate 'identifier == "Manage servers" OR label == "Manage servers"'
    t =   148.91s Checking existence of `Button (Element at index 0)`
    t =   148.93s Find the Button (Element at index 0)
    t =   148.96s Waiting 10.0s for "switcher-manage-servers" Button to exist
    t =   150.00s     Checking `Expect predicate `existsNoRetry == 1` for object "switcher-manage-servers" Button`
    t =   150.00s         Checking existence of `"switcher-manage-servers" Button`
    t =   150.03s Get number of matches for: Elements matching predicate 'identifier == "Manage servers" OR label == "Manage servers"'
    t =   150.05s Get number of matches for: Elements matching predicate 'identifier == "Manage servers" OR label == "Manage servers"'
    t =   150.07s Checking existence of `Button (Element at index 0)`
    t =   150.10s Find the Button (Element at index 0)
    t =   150.14s Tap "switcher-manage-servers" Button
    t =   150.14s     Wait for dev.meeterm.app to idle
    t =   150.14s     Find the "switcher-manage-servers" Button
    t =   150.17s     Check for interrupting elements affecting "switcher-manage-servers" Button
    t =   150.20s     Synthesize event
    t =   150.50s     Wait for dev.meeterm.app to idle
    t =   150.83s Waiting 15.0s for "Saved servers" StaticText to exist
    t =   151.87s     Checking `Expect predicate `existsNoRetry == 1` for object "Saved servers" StaticText`
    t =   151.87s         Checking existence of `"Saved servers" StaticText`
    t =   151.90s Get number of matches for: Elements matching predicate 'identifier == "Add server" OR label == "Add server"'
    t =   151.92s Get number of matches for: Elements matching predicate 'identifier == "Add server" OR label == "Add server"'
    t =   151.94s Checking existence of `Button (Element at index 0)`
    t =   151.97s Find the Button (Element at index 0)
    t =   152.00s Waiting 15.0s for "Add server" Button to exist
    t =   153.04s     Checking `Expect predicate `existsNoRetry == 1` for object "Add server" Button`
    t =   153.04s         Checking existence of `"Add server" Button`
    t =   153.06s Get number of matches for: Elements matching predicate 'identifier == "Add server" OR label == "Add server"'
    t =   153.09s Get number of matches for: Elements matching predicate 'identifier == "Add server" OR label == "Add server"'
    t =   153.11s Checking existence of `Button (Element at index 0)`
    t =   153.14s Find the Button (Element at index 0)
    t =   153.17s Tap "Add server" Button
    t =   153.17s     Wait for dev.meeterm.app to idle
    t =   153.18s     Find the "Add server" Button
    t =   153.20s     Check for interrupting elements affecting "Add server" Button
    t =   153.23s     Synthesize event
    t =   153.53s     Wait for dev.meeterm.app to idle
    t =   153.86s Checking existence of `"Host" TextField`
    t =   153.89s Checking existence of `"Host" TextView`
    t =   153.95s Checking existence of `"Host" SecureTextField`
    t =   154.00s Checking existence of `"Host" Any`
    t =   154.05s Waiting 10.0s for "Host" Any to exist
    t =   155.09s     Checking `Expect predicate `existsNoRetry == 1` for object "Host" Any`
    t =   155.09s         Checking existence of `"Host" Any`
    t =   155.13s Checking existence of `"Host" Any`
    t =   155.16s Find the "Host" Any
    t =   155.45s Checking existence of `"Host" Any`
    t =   155.50s Find the "Host" Any
    t =   155.79s Checking existence of `"Host" Any`
    t =   155.83s Find the "Host" Any
    t =   156.11s Checking existence of `"Host" Any`
    t =   156.15s Find the "Host" Any
    t =   156.44s Checking existence of `"Host" Any`
    t =   156.47s Find the "Host" Any
    t =   156.76s Checking existence of `"Host" Any`
    t =   156.79s Find the "Host" Any
    t =   157.08s Checking existence of `"Host" Any`
    t =   157.12s Find the "Host" Any
    t =   157.41s Checking existence of `"Host" Any`
    t =   157.44s Find the "Host" Any
    t =   157.73s Checking existence of `"Host" Any`
    t =   157.78s Find the "Host" Any
    t =   158.07s Checking existence of `"Host" Any`
    t =   158.11s Find the "Host" Any
    t =   158.40s Checking existence of `"Host" Any`
    t =   158.44s Find the "Host" Any
    t =   158.72s Checking existence of `"Host" Any`
    t =   158.76s Find the "Host" Any
    t =   159.05s Checking existence of `"Host" Any`
    t =   159.09s Find the "Host" Any
    t =   159.38s Checking existence of `"Host" Any`
    t =   159.42s Find the "Host" Any
    t =   159.70s Checking existence of `"Host" Any`
    t =   159.74s Find the "Host" Any
    t =   160.04s Checking existence of `"Host" Any`
    t =   160.08s Find the "Host" Any
    t =   160.37s Checking existence of `"Host" Any`
    t =   160.41s Find the "Host" Any
    t =   160.70s Checking existence of `"Host" Any`
    t =   160.73s Find the "Host" Any
    t =   161.02s Checking existence of `"Host" Any`
    t =   161.06s Find the "Host" Any
    t =   161.34s Checking existence of `"Host" Any`
    t =   161.38s Find the "Host" Any
    t =   161.67s Checking existence of `"Host" Any`
    t =   161.71s Find the "Host" Any
    t =   161.99s Checking existence of `"Host" Any`
    t =   162.03s Find the "Host" Any
    t =   162.32s Checking existence of `"Host" Any`
    t =   162.35s Find the "Host" Any
    t =   162.65s Checking existence of `"Host" Any`
    t =   162.69s Find the "Host" Any
    t =   162.98s Checking existence of `"Host" Any`
    t =   163.03s Find the "Host" Any
    t =   163.31s Checking existence of `"Host" Any`
    t =   163.35s Find the "Host" Any
    t =   163.64s Checking existence of `"Host" Any`
    t =   163.68s Find the "Host" Any
    t =   163.97s Checking existence of `"Host" Any`
    t =   164.01s Find the "Host" Any
    t =   164.31s Checking existence of `"Host" Any`
    t =   164.35s Find the "Host" Any
    t =   164.63s Checking existence of `"Host" Any`
    t =   164.67s Find the "Host" Any
    t =   164.96s Checking existence of `"Host" Any`
    t =   164.99s Find the "Host" Any
    t =   165.28s Checking existence of `"Host" Any`
    t =   165.32s Find the "Host" Any
/Users/devin/repos/meeterm/ios/meetermTests/MeetermSmokeUITests.swift:2453: error: -[meetermTests.MeetermSmokeUITests testShortSshInputAndDisconnect] : failed - The short field is not hittable.
    t =   165.39s Tear Down
Test Case '-[meetermTests.MeetermSmokeUITests testShortSshInputAndDisconnect]' failed (165.753 seconds).
Test Suite 'MeetermSmokeUITests' failed at 2026-09-24 20:52:53.630.
	 Executed 1 test, with 1 failure (0 unexpected) in 165.753 (165.757) seconds
Test Suite 'meetermTests.xctest' failed at 2026-09-24 20:52:53.630.
	 Executed 1 test, with 1 failure (0 unexpected) in 165.753 (165.758) seconds
Test Suite 'Selected tests' failed at 2026-09-24 20:52:53.631.
	 Executed 1 test, with 1 failure (0 unexpected) in 165.753 (165.759) seconds
** BUILD INTERRUPTED **
